93.97.197.15 - - [20/Jun/2011:07:11:55 -0700] "GET /client/5076/images/config/ HTTP/1.1" 200 45 "-" "5076-Laidback_Luke_/3.0.0 CFNetwork/485.2 Darwin/10.3.1"
93.97.197.15 - - [20/Jun/2011:07:11:56 -0700] "GET /client/5076/music/ HTTP/1.1" 200 1328 "-" "Mozilla/5.0 (iPhone; iPhone OS 4.0.1; a285913434934abc0d2ec3d3fa9d22b844984015) phizuu:connect"
10.112.61.195 - - [20/Jun/2011:07:12:16 -0700] "GET /static-api/5198 HTTP/1.0" 301 364 "-" "-"
10.112.61.195 - - [20/Jun/2011:07:12:16 -0700] "GET /static-api/5198/ HTTP/1.0" 200 840 "-" "-"
99.36.23.83 - - [20/Jun/2011:07:12:16 -0700] "GET /client/5198/ HTTP/1.1" 200 296 "-" "Mozilla/5.0 (iPhone; iPhone OS 4.2.1; 26a09b8579cc6698e6fabbd0db00296db06386cc) phizuu:connect"
204.51.96.200 - - [20/Jun/2011:07:12:18 -0700] "GET /static-api/5198/images/config HTTP/1.0" 301 388 "-" "-"
204.51.96.200 - - [20/Jun/2011:07:12:18 -0700] "GET /static-api/5198/images/config/ HTTP/1.0" 200 25 "-" "-"
99.36.23.83 - - [20/Jun/2011:07:12:17 -0700] "GET /client/5198/images/config/ HTTP/1.1" 200 45 "-" "5198-Blake_Jarrell/3.0.0 CFNetwork/485.12.7 Darwin/10.4.0"
99.36.23.83 - - [20/Jun/2011:07:12:18 -0700] "GET /client/5198/music/ HTTP/1.1" 200 523 "-" "Mozilla/5.0 (iPhone; iPhone OS 4.2.1; 26a09b8579cc6698e6fabbd0db00296db06386cc) phizuu:connect"
10.112.61.195 - - [20/Jun/2011:07:12:31 -0700] "GET /static-api/24 HTTP/1.0" 301 362 "-" "-"
10.112.61.195 - - [20/Jun/2011:07:12:31 -0700] "GET /static-api/24/ HTTP/1.0" 200 803 "-" "-"
46.115.18.60 - - [20/Jun/2011:07:12:31 -0700] "GET /client/24/ HTTP/1.1" 200 245 "-" "Mozilla/5.0 (iPhone; iPhone OS 3.1.3; 52717ebf158e18323ed8aa06ae954b66e43fc389) phizuu:connect"
204.51.96.200 - - [20/Jun/2011:07:12:31 -0700] "GET /static-api/24/images/config HTTP/1.0" 301 386 "-" "-"
204.51.96.200 - - [20/Jun/2011:07:12:31 -0700] "GET /static-api/24/images/config/ HTTP/1.0" 200 23 "-" "-"
46.115.18.60 - - [20/Jun/2011:07:12:31 -0700] "GET /client/24/images/config/ HTTP/1.1" 200 43 "-" "24-Roger_Sanchez/3.0.0 CFNetwork/459 Darwin/10.0.0d3"
10.112.61.195 - - [20/Jun/2011:07:12:32 -0700] "GET /static-api/5198 HTTP/1.0" 301 364 "-" "-"
10.112.61.195 - - [20/Jun/2011:07:12:32 -0700] "GET /static-api/5198/ HTTP/1.0" 200 840 "-" "-"
99.36.23.83 - - [20/Jun/2011:07:12:32 -0700] "GET /client/5198/ HTTP/1.1" 200 296 "-" "Mozilla/5.0 (iPhone; iPhone OS 4.2.1; 26a09b8579cc6698e6fabbd0db00296db06386cc) phizuu:connect"
204.51.96.200 - - [20/Jun/2011:07:12:32 -0700] "GET /static-api/24/images/albums/ HTTP/1.0" 200 1225 "-" "-"
46.115.18.60 - - [20/Jun/2011:07:12:32 -0700] "GET /client/24/images/albums/ HTTP/1.1" 200 302 "-" "Mozilla/5.0 (iPhone; iPhone OS 3.1.3; 52717ebf158e18323ed8aa06ae954b66e43fc389) phizuu:connect"
46.115.18.60 - - [20/Jun/2011:07:12:32 -0700] "GET /client/24/music/ HTTP/1.1" 200 1223 "-" "Mozilla/5.0 (iPhone; iPhone OS 3.1.3; 52717ebf158e18323ed8aa06ae954b66e43fc389) phizuu:connect"
204.51.96.200 - - [20/Jun/2011:07:12:32 -0700] "GET /static-api/5198/images/config HTTP/1.0" 301 388 "-" "-"
204.51.96.200 - - [20/Jun/2011:07:12:33 -0700] "GET /static-api/5198/images/config/ HTTP/1.0" 200 25 "-" "-"
99.36.23.83 - - [20/Jun/2011:07:12:32 -0700] "GET /client/5198/images/config/ HTTP/1.1" 200 45 "-" "5198-Blake_Jarrell/3.0.0 CFNetwork/485.12.7 Darwin/10.4.0"
99.36.23.83 - - [20/Jun/2011:07:12:33 -0700] "GET /client/5198/music/ HTTP/1.1" 200 523 "-" "Mozilla/5.0 (iPhone; iPhone OS 4.2.1; 26a09b8579cc6698e6fabbd0db00296db06386cc) phizuu:connect"
193.35.132.5 - - [20/Jun/2011:07:12:34 -0700] "GET /client/5315/videos/ HTTP/1.1" 200 902 "-" "Mozilla/5.0 (iPhone; iPhone OS 4.3.1; 2479ddff78585c447565b2f33b3032cdaf8b4e8b) phizuu:connect"
193.35.132.6 - - [20/Jun/2011:07:12:41 -0700] "GET /client/5315/events/ HTTP/1.1" 200 5587 "-" "Mozilla/5.0 (iPhone; iPhone OS 4.3.1; 2479ddff78585c447565b2f33b3032cdaf8b4e8b) phizuu:connect"
204.51.96.200 - - [20/Jun/2011:07:12:42 -0700] "GET /static-api/24/images/albums/126 HTTP/1.0" 301 390 "-" "-"
204.51.96.200 - - [20/Jun/2011:07:12:42 -0700] "GET /static-api/24/images/albums/126/ HTTP/1.0" 200 22158 "-" "-"
46.115.18.60 - - [20/Jun/2011:07:12:42 -0700] "GET /client/24/images/albums/126 HTTP/1.1" 200 2095 "-" "Mozilla/5.0 (iPhone; iPhone OS 3.1.3; 52717ebf158e18323ed8aa06ae954b66e43fc389) phizuu:connect"
93.97.197.15 - - [20/Jun/2011:07:12:43 -0700] "GET /client/5076/events/ HTTP/1.1" 200 5648 "-" "Mozilla/5.0 (iPhone; iPhone OS 4.0.1; a285913434934abc0d2ec3d3fa9d22b844984015) phizuu:connect"
46.115.18.60 - - [20/Jun/2011:07:13:07 -0700] "GET /client/24/music/ HTTP/1.1" 200 1223 "-" "Mozilla/5.0 (iPhone; iPhone OS 3.1.3; 52717ebf158e18323ed8aa06ae954b66e43fc389) phizuu:connect"
10.112.61.195 - - [20/Jun/2011:07:13:19 -0700] "GET /static-api/5198 HTTP/1.0" 301 364 "-" "-"
10.112.61.195 - - [20/Jun/2011:07:13:19 -0700] "GET /static-api/5198/ HTTP/1.0" 200 840 "-" "-"
99.36.23.83 - - [20/Jun/2011:07:13:19 -0700] "GET /client/5198/ HTTP/1.1" 200 296 "-" "Mozilla/5.0 (iPhone; iPhone OS 4.2.1; 26a09b8579cc6698e6fabbd0db00296db06386cc) phizuu:connect"
204.51.96.200 - - [20/Jun/2011:07:13:20 -0700] "GET /static-api/5198/images/config HTTP/1.0" 301 388 "-" "-"
204.51.96.200 - - [20/Jun/2011:07:13:20 -0700] "GET /static-api/5198/images/config/ HTTP/1.0" 200 25 "-" "-"
99.36.23.83 - - [20/Jun/2011:07:13:20 -0700] "GET /client/5198/images/config/ HTTP/1.1" 200 45 "-" "5198-Blake_Jarrell/3.0.0 CFNetwork/485.12.7 Darwin/10.4.0"
99.36.23.83 - - [20/Jun/2011:07:13:20 -0700] "GET /client/5198/music/ HTTP/1.1" 200 523 "-" "Mozilla/5.0 (iPhone; iPhone OS 4.2.1; 26a09b8579cc6698e6fabbd0db00296db06386cc) phizuu:connect"
93.97.197.15 - - [20/Jun/2011:07:13:26 -0700] "GET /client/5076/images/ HTTP/1.1" 200 3880 "-" "Mozilla/5.0 (iPhone; iPhone OS 4.0.1; a285913434934abc0d2ec3d3fa9d22b844984015) phizuu:connect"
10.112.61.195 - - [20/Jun/2011:07:14:25 -0700] "GET /static-api/5198 HTTP/1.0" 301 364 "-" "-"
10.112.61.195 - - [20/Jun/2011:07:14:25 -0700] "GET /static-api/5198/ HTTP/1.0" 200 840 "-" "-"
99.36.23.83 - - [20/Jun/2011:07:14:25 -0700] "GET /client/5198/ HTTP/1.1" 200 296 "-" "Mozilla/5.0 (iPhone; iPhone OS 4.2.1; 26a09b8579cc6698e6fabbd0db00296db06386cc) phizuu:connect"
204.51.96.200 - - [20/Jun/2011:07:14:25 -0700] "GET /static-api/5198/images/config HTTP/1.0" 301 388 "-" "-"
204.51.96.200 - - [20/Jun/2011:07:14:25 -0700] "GET /static-api/5198/images/config/ HTTP/1.0" 200 25 "-" "-"
99.36.23.83 - - [20/Jun/2011:07:14:25 -0700] "GET /client/5198/images/config/ HTTP/1.1" 200 45 "-" "5198-Blake_Jarrell/3.0.0 CFNetwork/485.12.7 Darwin/10.4.0"
99.36.23.83 - - [20/Jun/2011:07:14:26 -0700] "GET /client/5198/music/ HTTP/1.1" 200 523 "-" "Mozilla/5.0 (iPhone; iPhone OS 4.2.1; 26a09b8579cc6698e6fabbd0db00296db06386cc) phizuu:connect"
10.112.61.195 - - [20/Jun/2011:07:15:15 -0700] "GET /static-api/5186 HTTP/1.0" 301 364 "-" "-"
10.112.61.195 - - [20/Jun/2011:07:15:15 -0700] "GET /static-api/5186/ HTTP/1.0" 200 816 "-" "-"
94.157.118.72 - - [20/Jun/2011:07:15:15 -0700] "GET /client/5186/ HTTP/1.1" 200 264 "-" "Mozilla/5.0 (iPhone; iPhone OS 4.2.1; db8a414b6b16d3bb3d6caef27614be22cf0ad05a) phizuu:connect"
204.51.96.200 - - [20/Jun/2011:07:15:16 -0700] "GET /static-api/5186/images/config HTTP/1.0" 301 388 "-" "-"
204.51.96.200 - - [20/Jun/2011:07:15:16 -0700] "GET /static-api/5186/images/config/ HTTP/1.0" 200 25 "-" "-"
94.157.118.72 - - [20/Jun/2011:07:15:16 -0700] "GET /client/5186/images/config/ HTTP/1.1" 200 45 "-" "5186-Adam_Beyer/3.0.1 CFNetwork/485.12.7 Darwin/10.4.0"
94.157.118.72 - - [20/Jun/2011:07:15:17 -0700] "GET /client/5186/music/ HTTP/1.1" 200 1335 "-" "Mozilla/5.0 (iPhone; iPhone OS 4.2.1; db8a414b6b16d3bb3d6caef27614be22cf0ad05a) phizuu:connect"
10.112.61.195 - - [20/Jun/2011:07:18:43 -0700] "GET /static-api/10 HTTP/1.0" 301 362 "-" "-"
10.112.61.195 - - [20/Jun/2011:07:18:43 -0700] "GET /static-api/10/ HTTP/1.0" 200 801 "-" "-"
41.114.231.204 - - [20/Jun/2011:07:18:43 -0700] "GET /client/10/ HTTP/1.1" 200 244 "-" "Mozilla/5.0 (iPhone; iPhone OS 3.1.3; 980f74a718397103b08a6573fe8c92502dbbd4bb) phizuu:connect"
204.51.96.200 - - [20/Jun/2011:07:18:46 -0700] "GET /static-api/10/images/config HTTP/1.0" 301 386 "-" "-"
204.51.96.200 - - [20/Jun/2011:07:18:46 -0700] "GET /static-api/10/images/config/ HTTP/1.0" 200 25 "-" "-"
41.114.231.204 - - [20/Jun/2011:07:18:45 -0700] "GET /client/10/images/config/ HTTP/1.1" 200 45 "-" "10-Erick_Morillo/3.0.0 CFNetwork/459 Darwin/10.0.0d3"
41.114.231.204 - - [20/Jun/2011:07:18:47 -0700] "GET /client/10/music/ HTTP/1.1" 200 1042 "-" "Mozilla/5.0 (iPhone; iPhone OS 3.1.3; 980f74a718397103b08a6573fe8c92502dbbd4bb) phizuu:connect"
41.114.231.204 - - [20/Jun/2011:07:19:39 -0700] "GET /client/10/images/ HTTP/1.1" 200 804 "-" "Mozilla/5.0 (iPhone; iPhone OS 3.1.3; 980f74a718397103b08a6573fe8c92502dbbd4bb) phizuu:connect"
10.112.61.195 - - [20/Jun/2011:07:19:56 -0700] "GET /static-api/10 HTTP/1.0" 301 362 "-" "-"
10.112.61.195 - - [20/Jun/2011:07:19:56 -0700] "GET /static-api/10/ HTTP/1.0" 200 801 "-" "-"
41.114.231.204 - - [20/Jun/2011:07:19:56 -0700] "GET /client/10/ HTTP/1.1" 200 244 "-" "Mozilla/5.0 (iPhone; iPhone OS 3.1.3; 980f74a718397103b08a6573fe8c92502dbbd4bb) phizuu:connect"
204.51.96.200 - - [20/Jun/2011:07:19:58 -0700] "GET /static-api/10/images/config HTTP/1.0" 301 386 "-" "-"
204.51.96.200 - - [20/Jun/2011:07:19:58 -0700] "GET /static-api/10/images/config/ HTTP/1.0" 200 25 "-" "-"
41.114.231.204 - - [20/Jun/2011:07:19:57 -0700] "GET /client/10/images/config/ HTTP/1.1" 200 45 "-" "10-Erick_Morillo/3.0.0 CFNetwork/459 Darwin/10.0.0d3"
41.114.231.204 - - [20/Jun/2011:07:19:59 -0700] "GET /client/10/music/ HTTP/1.1" 200 1042 "-" "Mozilla/5.0 (iPhone; iPhone OS 3.1.3; 980f74a718397103b08a6573fe8c92502dbbd4bb) phizuu:connect"
41.114.231.204 - - [20/Jun/2011:07:20:05 -0700] "GET /client/10/images/ HTTP/1.1" 200 804 "-" "Mozilla/5.0 (iPhone; iPhone OS 3.1.3; 980f74a718397103b08a6573fe8c92502dbbd4bb) phizuu:connect"
41.114.231.204 - - [20/Jun/2011:07:20:15 -0700] "GET /client/10/events/ HTTP/1.1" 200 3810 "-" "Mozilla/5.0 (iPhone; iPhone OS 3.1.3; 980f74a718397103b08a6573fe8c92502dbbd4bb) phizuu:connect"
10.112.61.195 - - [20/Jun/2011:07:21:38 -0700] "GET /static-api/5254 HTTP/1.0" 301 364 "-" "-"
10.112.61.195 - - [20/Jun/2011:07:21:38 -0700] "GET /static-api/5254/ HTTP/1.0" 200 754 "-" "-"
178.200.5.213 - - [20/Jun/2011:07:21:38 -0700] "GET /client/5254/ HTTP/1.1" 200 233 "-" "Mozilla/5.0 (iPhone; iPhone OS 4.2.1; 02bb2ac7108f7666b2548b5e96b475aeb9fafd69) phizuu:connect"
204.51.96.200 - - [20/Jun/2011:07:21:38 -0700] "GET /static-api/5254/images/config HTTP/1.0" 301 388 "-" "-"
204.51.96.200 - - [20/Jun/2011:07:21:38 -0700] "GET /static-api/5254/images/config/ HTTP/1.0" 200 25 "-" "-"
178.200.5.213 - - [20/Jun/2011:07:21:38 -0700] "GET /client/5254/images/config/ HTTP/1.1" 200 45 "-" "5254-BunkerTV/3.0.0 CFNetwork/485.12.7 Darwin/10.4.0"
178.200.5.213 - - [20/Jun/2011:07:21:39 -0700] "GET /client/5254/music/ HTTP/1.1" 200 821 "-" "Mozilla/5.0 (iPhone; iPhone OS 4.2.1; 02bb2ac7108f7666b2548b5e96b475aeb9fafd69) phizuu:connect"
178.200.5.213 - - [20/Jun/2011:07:21:57 -0700] "GET /client/5254/events/ HTTP/1.1" 200 265 "-" "Mozilla/5.0 (iPhone; iPhone OS 4.2.1; 02bb2ac7108f7666b2548b5e96b475aeb9fafd69) phizuu:connect"
178.200.5.213 - - [20/Jun/2011:07:22:05 -0700] "GET /client/5254/discography/ HTTP/1.1" 200 267 "-" "Mozilla/5.0 (iPhone; iPhone OS 4.2.1; 02bb2ac7108f7666b2548b5e96b475aeb9fafd69) phizuu:connect"
10.112.61.195 - - [20/Jun/2011:07:22:06 -0700] "GET /static-api/18 HTTP/1.0" 301 362 "-" "-"
10.112.61.195 - - [20/Jun/2011:07:22:06 -0700] "GET /static-api/18/ HTTP/1.0" 200 803 "-" "-"
96.52.3.248 - - [20/Jun/2011:07:22:06 -0700] "GET /client/18/ HTTP/1.1" 200 243 "-" "Mozilla/5.0 (iPhone; iPhone OS 3.1.3; f2a9a12d4b957ddd3663c591d4edd542179a03ba) phizuu:connect"
204.51.96.200 - - [20/Jun/2011:07:22:06 -0700] "GET /static-api/18/images/config HTTP/1.0" 301 386 "-" "-"
204.51.96.200 - - [20/Jun/2011:07:22:06 -0700] "GET /static-api/18/images/config/ HTTP/1.0" 200 23 "-" "-"
96.52.3.248 - - [20/Jun/2011:07:22:06 -0700] "GET /client/18/images/config/ HTTP/1.1" 200 43 "-" "18-Steve_Angello/3.0.0 CFNetwork/459 Darwin/10.0.0d3"
96.52.3.248 - - [20/Jun/2011:07:22:06 -0700] "GET /client/18/music/ HTTP/1.1" 200 2504 "-" "Mozilla/5.0 (iPhone; iPhone OS 3.1.3; f2a9a12d4b957ddd3663c591d4edd542179a03ba) phizuu:connect"
178.200.5.213 - - [20/Jun/2011:07:22:22 -0700] "GET /client/5254/buy_stuff/ HTTP/1.1" 200 167 "-" "Mozilla/5.0 (iPhone; iPhone OS 4.2.1; 02bb2ac7108f7666b2548b5e96b475aeb9fafd69) phizuu:connect"
10.112.61.195 - - [20/Jun/2011:07:22:55 -0700] "GET /static-api/18 HTTP/1.0" 301 362 "-" "-"
10.112.61.195 - - [20/Jun/2011:07:22:55 -0700] "GET /static-api/18/ HTTP/1.0" 200 803 "-" "-"
96.52.3.248 - - [20/Jun/2011:07:22:55 -0700] "GET /client/18/ HTTP/1.1" 200 243 "-" "Mozilla/5.0 (iPhone; iPhone OS 3.1.3; f2a9a12d4b957ddd3663c591d4edd542179a03ba) phizuu:connect"
204.51.96.200 - - [20/Jun/2011:07:22:55 -0700] "GET /static-api/18/images/config HTTP/1.0" 301 386 "-" "-"
204.51.96.200 - - [20/Jun/2011:07:22:55 -0700] "GET /static-api/18/images/config/ HTTP/1.0" 200 23 "-" "-"
96.52.3.248 - - [20/Jun/2011:07:22:55 -0700] "GET /client/18/images/config/ HTTP/1.1" 200 43 "-" "18-Steve_Angello/3.0.0 CFNetwork/459 Darwin/10.0.0d3"
96.52.3.248 - - [20/Jun/2011:07:22:56 -0700] "GET /client/18/music/ HTTP/1.1" 200 2504 "-" "Mozilla/5.0 (iPhone; iPhone OS 3.1.3; f2a9a12d4b957ddd3663c591d4edd542179a03ba) phizuu:connect"
10.112.61.195 - - [20/Jun/2011:07:28:20 -0700] "GET /static-api/5254 HTTP/1.0" 301 364 "-" "-"
10.112.61.195 - - [20/Jun/2011:07:28:20 -0700] "GET /static-api/5254/ HTTP/1.0" 200 754 "-" "-"
91.10.125.230 - - [20/Jun/2011:07:28:20 -0700] "GET /client/5254/ HTTP/1.1" 200 233 "-" "Mozilla/5.0 (iPhone; iPhone OS 4.3.3; 38ab0102822b6a77215822c0f265983507509b6f) phizuu:connect"
204.51.96.200 - - [20/Jun/2011:07:28:21 -0700] "GET /static-api/5254/images/config HTTP/1.0" 301 388 "-" "-"
204.51.96.200 - - [20/Jun/2011:07:28:21 -0700] "GET /static-api/5254/images/config/ HTTP/1.0" 200 25 "-" "-"
91.10.125.230 - - [20/Jun/2011:07:28:21 -0700] "GET /client/5254/images/config/ HTTP/1.1" 200 45 "-" "5254-BunkerTV/3.0.0 CFNetwork/485.13.9 Darwin/11.0.0"
91.10.125.230 - - [20/Jun/2011:07:28:21 -0700] "GET /client/5254/music/ HTTP/1.1" 200 821 "-" "Mozilla/5.0 (iPhone; iPhone OS 4.3.3; 38ab0102822b6a77215822c0f265983507509b6f) phizuu:connect"
10.112.61.195 - - [20/Jun/2011:07:28:39 -0700] "GET /static-api/5186 HTTP/1.0" 301 364 "-" "-"
10.112.61.195 - - [20/Jun/2011:07:28:39 -0700] "GET /static-api/5186/ HTTP/1.0" 200 816 "-" "-"
190.126.109.134 - - [20/Jun/2011:07:28:39 -0700] "GET /client/5186/ HTTP/1.1" 200 264 "-" "Mozilla/5.0 (iPhone; iPhone OS 4.2.1; 02ead040ebfcf02a036e5499b33f59e68b7e9be9) phizuu:connect"
204.51.96.200 - - [20/Jun/2011:07:28:41 -0700] "GET /static-api/5186/images/config HTTP/1.0" 301 388 "-" "-"
204.51.96.200 - - [20/Jun/2011:07:28:41 -0700] "GET /static-api/5186/images/config/ HTTP/1.0" 200 25 "-" "-"
190.126.109.134 - - [20/Jun/2011:07:28:41 -0700] "GET /client/5186/images/config/ HTTP/1.1" 200 45 "-" "5186-Adam_Beyer/3.0.1 CFNetwork/485.12.7 Darwin/10.4.0"
190.126.109.134 - - [20/Jun/2011:07:28:42 -0700] "GET /client/5186/music/ HTTP/1.1" 200 1335 "-" "Mozilla/5.0 (iPhone; iPhone OS 4.2.1; 02ead040ebfcf02a036e5499b33f59e68b7e9be9) phizuu:connect"
91.10.125.230 - - [20/Jun/2011:07:28:55 -0700] "GET /client/5254/events/ HTTP/1.1" 200 265 "-" "Mozilla/5.0 (iPhone; iPhone OS 4.3.3; 38ab0102822b6a77215822c0f265983507509b6f) phizuu:connect"
91.10.125.230 - - [20/Jun/2011:07:29:04 -0700] "GET /client/5254/discography/ HTTP/1.1" 200 267 "-" "Mozilla/5.0 (iPhone; iPhone OS 4.3.3; 38ab0102822b6a77215822c0f265983507509b6f) phizuu:connect"
91.10.125.230 - - [20/Jun/2011:07:29:10 -0700] "GET /client/5254/comments/discography/item/121/ HTTP/1.1" 200 255 "-" "Mozilla/5.0 (iPhone; iPhone OS 4.3.3; 38ab0102822b6a77215822c0f265983507509b6f) phizuu:connect"
10.112.61.195 - - [20/Jun/2011:07:33:50 -0700] "GET /static-api/24 HTTP/1.0" 301 362 "-" "-"
10.112.61.195 - - [20/Jun/2011:07:33:50 -0700] "GET /static-api/24/ HTTP/1.0" 200 803 "-" "-"
24.67.98.225 - - [20/Jun/2011:07:33:50 -0700] "GET /client/24/ HTTP/1.1" 200 245 "-" "Mozilla/5.0 (iPhone; iPhone OS 4.2.1; c66e29db9cb08448f8746ee3df9272c650eaa88b) phizuu:connect"
204.51.96.200 - - [20/Jun/2011:07:33:50 -0700] "GET /static-api/24/images/config HTTP/1.0" 301 386 "-" "-"
204.51.96.200 - - [20/Jun/2011:07:33:51 -0700] "GET /static-api/24/images/config/ HTTP/1.0" 200 23 "-" "-"
24.67.98.225 - - [20/Jun/2011:07:33:50 -0700] "GET /client/24/images/config/ HTTP/1.1" 200 43 "-" "24-Roger_Sanchez/3.0.0 CFNetwork/485.12.7 Darwin/10.4.0"
24.67.98.225 - - [20/Jun/2011:07:33:51 -0700] "GET /client/24/music/ HTTP/1.1" 200 1223 "-" "Mozilla/5.0 (iPhone; iPhone OS 4.2.1; c66e29db9cb08448f8746ee3df9272c650eaa88b) phizuu:connect"
24.67.98.225 - - [20/Jun/2011:07:33:59 -0700] "GET /client/24/events/ HTTP/1.1" 200 3205 "-" "Mozilla/5.0 (iPhone; iPhone OS 4.2.1; c66e29db9cb08448f8746ee3df9272c650eaa88b) phizuu:connect"
10.112.61.195 - - [20/Jun/2011:07:35:26 -0700] "GET /static-api/123 HTTP/1.0" 301 363 "-" "-"
10.112.61.195 - - [20/Jun/2011:07:35:26 -0700] "GET /static-api/123/ HTTP/1.0" 200 818 "-" "-"
109.204.85.178 - - [20/Jun/2011:07:35:26 -0700] "GET /client/123/ HTTP/1.1" 200 264 "-" "Mozilla/5.0 (iPhone; iPhone OS 4.3.1; dbdcd80a5b5c7e300473087a085b63be11d61d8c) phizuu:connect"
204.51.96.200 - - [20/Jun/2011:07:35:27 -0700] "GET /static-api/123/images/config HTTP/1.0" 301 387 "-" "-"
204.51.96.200 - - [20/Jun/2011:07:35:27 -0700] "GET /static-api/123/images/config/ HTTP/1.0" 200 25 "-" "-"
109.204.85.178 - - [20/Jun/2011:07:35:26 -0700] "GET /client/123/images/config/ HTTP/1.1" 200 45 "-" "123-ActionReplayy/3.0.0 CFNetwork/485.13.9 Darwin/11.0.0"
109.204.85.178 - - [20/Jun/2011:07:35:27 -0700] "GET /client/123/music/ HTTP/1.1" 200 1101 "-" "Mozilla/5.0 (iPhone; iPhone OS 4.3.1; dbdcd80a5b5c7e300473087a085b63be11d61d8c) phizuu:connect"
109.204.85.178 - - [20/Jun/2011:07:35:52 -0700] "GET /client/123/links/ HTTP/1.1" 200 200 "-" "Mozilla/5.0 (iPhone; iPhone OS 4.3.1; dbdcd80a5b5c7e300473087a085b63be11d61d8c) phizuu:connect"
24.67.98.225 - - [20/Jun/2011:07:36:01 -0700] "GET /client/24/event_images/2998 HTTP/1.1" 200 33 "-" "24-Roger_Sanchez/3.0.0 CFNetwork/485.12.7 Darwin/10.4.0"
109.204.85.178 - - [20/Jun/2011:07:36:06 -0700] "GET /client/123/discography/ HTTP/1.1" 200 1258 "-" "Mozilla/5.0 (iPhone; iPhone OS 4.3.1; dbdcd80a5b5c7e300473087a085b63be11d61d8c) phizuu:connect"
109.204.85.178 - - [20/Jun/2011:07:36:18 -0700] "GET /client/123/comments/discography/item/38/ HTTP/1.1" 200 264 "-" "Mozilla/5.0 (iPhone; iPhone OS 4.3.1; dbdcd80a5b5c7e300473087a085b63be11d61d8c) phizuu:connect"
10.112.61.195 - - [20/Jun/2011:07:36:27 -0700] "GET /static-api/5078 HTTP/1.0" 301 364 "-" "-"
10.112.61.195 - - [20/Jun/2011:07:36:27 -0700] "GET /static-api/5078/ HTTP/1.0" 200 838 "-" "-"
88.164.211.130 - - [20/Jun/2011:07:36:27 -0700] "GET /client/5078/ HTTP/1.1" 200 294 "-" "Mozilla/5.0 (iPhone; iPhone OS 4.3.3; 56012e239f6b7a9e004b22d708b08b244f43e8f5) phizuu:connect"
204.51.96.200 - - [20/Jun/2011:07:36:28 -0700] "GET /static-api/5078/images/config HTTP/1.0" 301 388 "-" "-"
204.51.96.200 - - [20/Jun/2011:07:36:28 -0700] "GET /static-api/5078/images/config/ HTTP/1.0" 200 25 "-" "-"
88.164.211.130 - - [20/Jun/2011:07:36:28 -0700] "GET /client/5078/images/config/ HTTP/1.1" 200 45 "-" "5078-Bellyhouse/3.0.0 CFNetwork/485.13.9 Darwin/11.0.0"
88.164.211.130 - - [20/Jun/2011:07:36:28 -0700] "GET /client/5078/music/ HTTP/1.1" 200 5360 "-" "Mozilla/5.0 (iPhone; iPhone OS 4.3.3; 56012e239f6b7a9e004b22d708b08b244f43e8f5) phizuu:connect"
109.204.85.178 - - [20/Jun/2011:07:36:57 -0700] "GET /static-api/123/news/ HTTP/1.1" 200 275 "-" "Mozilla/5.0 (iPhone; iPhone OS 4.3.1; dbdcd80a5b5c7e300473087a085b63be11d61d8c) phizuu:connect"
204.51.96.200 - - [20/Jun/2011:07:37:54 -0700] "GET /static-api/5315/images/config HTTP/1.0" 301 388 "-" "-"
204.51.96.200 - - [20/Jun/2011:07:37:54 -0700] "GET /static-api/5315/images/config/ HTTP/1.0" 200 23 "-" "-"
82.132.249.118 - - [20/Jun/2011:07:37:54 -0700] "GET /client/5315/images/config/ HTTP/1.1" 200 43 "-" "Template/4.0.1 CFNetwork/485.10.2 Darwin/10.3.1"
10.112.61.195 - - [20/Jun/2011:07:37:55 -0700] "GET /static-api/5315 HTTP/1.0" 301 364 "-" "-"
10.112.61.195 - - [20/Jun/2011:07:37:55 -0700] "GET /static-api/5315/ HTTP/1.0" 200 820 "-" "-"
82.132.249.118 - - [20/Jun/2011:07:37:55 -0700] "GET /client/5315/ HTTP/1.1" 200 263 "-" "Mozilla/5.0 (iPhone; iPhone OS 4.1; f4547c5d33aca36ff52b0586f702c6b7c75159d3) phizuu:connect"
82.132.249.118 - - [20/Jun/2011:07:37:55 -0700] "POST /client/5315/updates HTTP/1.1" 200 135 "-" "Template/4.0.1 CFNetwork/485.10.2 Darwin/10.3.1"
82.132.249.118 - - [20/Jun/2011:07:37:56 -0700] "GET /client/5315/events/ HTTP/1.1" 200 5587 "-" "Mozilla/5.0 (iPhone; iPhone OS 4.1; f4547c5d33aca36ff52b0586f702c6b7c75159d3) phizuu:connect"
82.132.249.118 - - [20/Jun/2011:07:37:56 -0700] "GET /client/5315/music/ HTTP/1.1" 200 2486 "-" "Mozilla/5.0 (iPhone; iPhone OS 4.1; f4547c5d33aca36ff52b0586f702c6b7c75159d3) phizuu:connect"
82.132.249.118 - - [20/Jun/2011:07:37:57 -0700] "POST /client/5315/updates HTTP/1.1" 200 135 "-" "Template/4.0.1 CFNetwork/485.10.2 Darwin/10.3.1"
10.112.61.195 - - [20/Jun/2011:07:38:04 -0700] "GET /static-api/18 HTTP/1.0" 301 362 "-" "-"
10.112.61.195 - - [20/Jun/2011:07:38:04 -0700] "GET /static-api/18/ HTTP/1.0" 200 803 "-" "-"
83.233.137.253 - - [20/Jun/2011:07:38:04 -0700] "GET /client/18/ HTTP/1.1" 200 243 "-" "Mozilla/5.0 (iPhone; iPhone OS 4.3.3; be92029ad7d0c42991f974fa9fe93c0f4f7cac41) phizuu:connect"
204.51.96.200 - - [20/Jun/2011:07:38:04 -0700] "GET /static-api/18/images/config HTTP/1.0" 301 386 "-" "-"
204.51.96.200 - - [20/Jun/2011:07:38:05 -0700] "GET /static-api/18/images/config/ HTTP/1.0" 200 23 "-" "-"
83.233.137.253 - - [20/Jun/2011:07:38:04 -0700] "GET /client/18/images/config/ HTTP/1.1" 200 43 "-" "18-Steve_Angello/3.0.1 CFNetwork/485.13.9 Darwin/11.0.0"
83.233.137.253 - - [20/Jun/2011:07:38:05 -0700] "GET /client/18/music/ HTTP/1.1" 200 2504 "-" "Mozilla/5.0 (iPhone; iPhone OS 4.3.3; be92029ad7d0c42991f974fa9fe93c0f4f7cac41) phizuu:connect"
10.112.61.195 - - [20/Jun/2011:07:38:06 -0700] "GET /static-api/5186 HTTP/1.0" 301 364 "-" "-"
10.112.61.195 - - [20/Jun/2011:07:38:06 -0700] "GET /static-api/5186/ HTTP/1.0" 200 816 "-" "-"
190.126.109.134 - - [20/Jun/2011:07:38:06 -0700] "GET /client/5186/ HTTP/1.1" 200 264 "-" "Mozilla/5.0 (iPhone; iPhone OS 4.2.1; 02ead040ebfcf02a036e5499b33f59e68b7e9be9) phizuu:connect"
204.51.96.200 - - [20/Jun/2011:07:38:06 -0700] "GET /static-api/5315/images/config HTTP/1.0" 301 388 "-" "-"
204.51.96.200 - - [20/Jun/2011:07:38:06 -0700] "GET /static-api/5315/images/config/ HTTP/1.0" 200 23 "-" "-"
82.132.249.118 - - [20/Jun/2011:07:38:06 -0700] "GET /client/5315/images/config/ HTTP/1.1" 200 43 "-" "Template/4.0.1 CFNetwork/485.10.2 Darwin/10.3.1"
204.51.96.200 - - [20/Jun/2011:07:38:07 -0700] "GET /static-api/5186/images/config HTTP/1.0" 301 388 "-" "-"
204.51.96.200 - - [20/Jun/2011:07:38:07 -0700] "GET /static-api/5186/images/config/ HTTP/1.0" 200 25 "-" "-"
190.126.109.134 - - [20/Jun/2011:07:38:07 -0700] "GET /client/5186/images/config/ HTTP/1.1" 200 45 "-" "5186-Adam_Beyer/3.0.1 CFNetwork/485.12.7 Darwin/10.4.0"
10.112.61.195 - - [20/Jun/2011:07:38:07 -0700] "GET /static-api/5315 HTTP/1.0" 301 364 "-" "-"
10.112.61.195 - - [20/Jun/2011:07:38:07 -0700] "GET /static-api/5315/ HTTP/1.0" 200 820 "-" "-"
82.132.249.118 - - [20/Jun/2011:07:38:07 -0700] "GET /client/5315/ HTTP/1.1" 200 263 "-" "Mozilla/5.0 (iPhone; iPhone OS 4.1; f4547c5d33aca36ff52b0586f702c6b7c75159d3) phizuu:connect"
82.132.249.118 - - [20/Jun/2011:07:38:08 -0700] "POST /client/5315/updates HTTP/1.1" 200 135 "-" "Template/4.0.1 CFNetwork/485.10.2 Darwin/10.3.1"
190.126.109.134 - - [20/Jun/2011:07:38:08 -0700] "GET /client/5186/music/ HTTP/1.1" 200 1335 "-" "Mozilla/5.0 (iPhone; iPhone OS 4.2.1; 02ead040ebfcf02a036e5499b33f59e68b7e9be9) phizuu:connect"
82.132.249.118 - - [20/Jun/2011:07:38:08 -0700] "GET /client/5315/events/ HTTP/1.1" 200 5587 "-" "Mozilla/5.0 (iPhone; iPhone OS 4.1; f4547c5d33aca36ff52b0586f702c6b7c75159d3) phizuu:connect"
82.132.249.118 - - [20/Jun/2011:07:38:09 -0700] "GET /client/5315/music/ HTTP/1.1" 200 2486 "-" "Mozilla/5.0 (iPhone; iPhone OS 4.1; f4547c5d33aca36ff52b0586f702c6b7c75159d3) phizuu:connect"
204.51.96.200 - - [20/Jun/2011:07:38:14 -0700] "GET /static-api/5315/images/config HTTP/1.0" 301 388 "-" "-"
204.51.96.200 - - [20/Jun/2011:07:38:14 -0700] "GET /static-api/5315/images/config/ HTTP/1.0" 200 23 "-" "-"
82.132.249.118 - - [20/Jun/2011:07:38:14 -0700] "GET /client/5315/images/config/ HTTP/1.1" 200 43 "-" "Template/4.0.1 CFNetwork/485.10.2 Darwin/10.3.1"
10.112.61.195 - - [20/Jun/2011:07:38:15 -0700] "GET /static-api/5315 HTTP/1.0" 301 364 "-" "-"
10.112.61.195 - - [20/Jun/2011:07:38:15 -0700] "GET /static-api/5315/ HTTP/1.0" 200 820 "-" "-"
82.132.249.118 - - [20/Jun/2011:07:38:15 -0700] "GET /client/5315/ HTTP/1.1" 200 263 "-" "Mozilla/5.0 (iPhone; iPhone OS 4.1; f4547c5d33aca36ff52b0586f702c6b7c75159d3) phizuu:connect"
82.132.249.118 - - [20/Jun/2011:07:38:17 -0700] "POST /client/5315/updates HTTP/1.1" 200 135 "-" "Template/4.0.1 CFNetwork/485.10.2 Darwin/10.3.1"
82.132.249.118 - - [20/Jun/2011:07:38:18 -0700] "GET /client/5315/events/ HTTP/1.1" 200 5587 "-" "Mozilla/5.0 (iPhone; iPhone OS 4.1; f4547c5d33aca36ff52b0586f702c6b7c75159d3) phizuu:connect"
82.132.249.118 - - [20/Jun/2011:07:38:18 -0700] "GET /client/5315/music/ HTTP/1.1" 200 2486 "-" "Mozilla/5.0 (iPhone; iPhone OS 4.1; f4547c5d33aca36ff52b0586f702c6b7c75159d3) phizuu:connect"
82.132.249.118 - - [20/Jun/2011:07:38:22 -0700] "POST /client/5315/updates HTTP/1.1" 200 135 "-" "Template/4.0.1 CFNetwork/485.10.2 Darwin/10.3.1"
204.51.96.200 - - [20/Jun/2011:07:38:35 -0700] "GET /static-api/18/images/albums/ HTTP/1.0" 200 3573 "-" "-"
83.233.137.253 - - [20/Jun/2011:07:38:35 -0700] "GET /client/18/images/albums/ HTTP/1.1" 200 526 "-" "Mozilla/5.0 (iPhone; iPhone OS 4.3.3; be92029ad7d0c42991f974fa9fe93c0f4f7cac41) phizuu:connect"
204.51.96.200 - - [20/Jun/2011:07:38:39 -0700] "GET /static-api/18/images/albums/115 HTTP/1.0" 301 390 "-" "-"
204.51.96.200 - - [20/Jun/2011:07:38:39 -0700] "GET /static-api/18/images/albums/115/ HTTP/1.0" 200 6066 "-" "-"
83.233.137.253 - - [20/Jun/2011:07:38:39 -0700] "GET /client/18/images/albums/115 HTTP/1.1" 200 748 "-" "Mozilla/5.0 (iPhone; iPhone OS 4.3.3; be92029ad7d0c42991f974fa9fe93c0f4f7cac41) phizuu:connect"
10.112.61.195 - - [20/Jun/2011:07:38:52 -0700] "GET /static-api/5254 HTTP/1.0" 301 364 "-" "-"
10.112.61.195 - - [20/Jun/2011:07:38:52 -0700] "GET /static-api/5254/ HTTP/1.0" 200 754 "-" "-"
80.187.106.203 - - [20/Jun/2011:07:38:52 -0700] "GET /client/5254/ HTTP/1.1" 200 233 "-" "Mozilla/5.0 (iPhone; iPhone OS 4.3.1; 00e93dd6be579134690dbe47a5b057f2c9ac7b13) phizuu:connect"
204.51.96.200 - - [20/Jun/2011:07:38:54 -0700] "GET /static-api/5254/images/config HTTP/1.0" 301 388 "-" "-"
204.51.96.200 - - [20/Jun/2011:07:38:54 -0700] "GET /static-api/5254/images/config/ HTTP/1.0" 200 25 "-" "-"
80.187.106.203 - - [20/Jun/2011:07:38:53 -0700] "GET /client/5254/images/config/ HTTP/1.1" 200 45 "-" "5254-BunkerTV/3.0.0 CFNetwork/485.13.9 Darwin/11.0.0"
80.187.106.203 - - [20/Jun/2011:07:38:55 -0700] "GET /client/5254/music/ HTTP/1.1" 200 821 "-" "Mozilla/5.0 (iPhone; iPhone OS 4.3.1; 00e93dd6be579134690dbe47a5b057f2c9ac7b13) phizuu:connect"
10.112.61.195 - - [20/Jun/2011:07:38:59 -0700] "GET /static-api/5229 HTTP/1.0" 301 364 "-" "-"
10.112.61.195 - - [20/Jun/2011:07:38:59 -0700] "GET /static-api/5229/ HTTP/1.0" 200 816 "-" "-"
213.87.128.27 - - [20/Jun/2011:07:38:59 -0700] "GET /client/5229/ HTTP/1.1" 200 260 "-" "Mozilla/5.0 (iPhone; iPhone OS 4.3; ac21615f95b8cd7acf77a9d2f78f9f3af9edb795) phizuu:connect"
204.51.96.200 - - [20/Jun/2011:07:38:59 -0700] "GET /static-api/5229/images/config HTTP/1.0" 301 388 "-" "-"
204.51.96.200 - - [20/Jun/2011:07:38:59 -0700] "GET /static-api/5229/images/config/ HTTP/1.0" 200 25 "-" "-"
213.87.128.27 - - [20/Jun/2011:07:38:59 -0700] "GET /client/5229/images/config/ HTTP/1.1" 200 45 "-" "5229-CAROL_RIOS/3.0.0 CFNetwork/485.13.8 Darwin/11.0.0"
213.87.128.27 - - [20/Jun/2011:07:39:00 -0700] "GET /client/5229/music/ HTTP/1.1" 200 712 "-" "Mozilla/5.0 (iPhone; iPhone OS 4.3; ac21615f95b8cd7acf77a9d2f78f9f3af9edb795) phizuu:connect"
80.187.106.203 - - [20/Jun/2011:07:39:45 -0700] "GET /client/5254/events/ HTTP/1.1" 200 265 "-" "Mozilla/5.0 (iPhone; iPhone OS 4.3.1; 00e93dd6be579134690dbe47a5b057f2c9ac7b13) phizuu:connect"
80.187.106.203 - - [20/Jun/2011:07:39:51 -0700] "GET /client/5254/discography/ HTTP/1.1" 200 267 "-" "Mozilla/5.0 (iPhone; iPhone OS 4.3.1; 00e93dd6be579134690dbe47a5b057f2c9ac7b13) phizuu:connect"
204.51.96.200 - - [20/Jun/2011:07:39:52 -0700] "GET /static-api/5315/images/config HTTP/1.0" 301 388 "-" "-"
204.51.96.200 - - [20/Jun/2011:07:39:52 -0700] "GET /static-api/5315/images/config/ HTTP/1.0" 200 23 "-" "-"
82.132.248.67 - - [20/Jun/2011:07:39:52 -0700] "GET /client/5315/images/config/ HTTP/1.1" 200 43 "-" "Template/4.0.1 CFNetwork/485.13.9 Darwin/11.0.0"
10.112.61.195 - - [20/Jun/2011:07:39:55 -0700] "GET /static-api/5315 HTTP/1.0" 301 364 "-" "-"
10.112.61.195 - - [20/Jun/2011:07:39:55 -0700] "GET /static-api/5315/ HTTP/1.0" 200 820 "-" "-"
82.132.248.67 - - [20/Jun/2011:07:39:55 -0700] "GET /client/5315/ HTTP/1.1" 200 263 "-" "Mozilla/5.0 (iPhone; iPhone OS 4.3.3; 873379e39c13121cb52502965f2ec49bc5920119) phizuu:connect"
82.132.248.67 - - [20/Jun/2011:07:39:55 -0700] "POST /client/5315/updates HTTP/1.1" 200 135 "-" "Template/4.0.1 CFNetwork/485.13.9 Darwin/11.0.0"
82.132.248.67 - - [20/Jun/2011:07:39:57 -0700] "GET /client/5315/events/ HTTP/1.1" 200 5587 "-" "Mozilla/5.0 (iPhone; iPhone OS 4.3.3; 873379e39c13121cb52502965f2ec49bc5920119) phizuu:connect"
82.132.248.67 - - [20/Jun/2011:07:39:57 -0700] "GET /client/5315/music/ HTTP/1.1" 200 2486 "-" "Mozilla/5.0 (iPhone; iPhone OS 4.3.3; 873379e39c13121cb52502965f2ec49bc5920119) phizuu:connect"
10.112.61.195 - - [20/Jun/2011:07:39:58 -0700] "GET /static-api/5078 HTTP/1.0" 301 364 "-" "-"
10.112.61.195 - - [20/Jun/2011:07:39:58 -0700] "GET /static-api/5078/ HTTP/1.0" 200 838 "-" "-"
213.89.98.159 - - [20/Jun/2011:07:39:58 -0700] "GET /client/5078/ HTTP/1.1" 200 294 "-" "Mozilla/5.0 (iPhone; iPhone OS 4.3.3; 80decfc465bc3891140a0d9a8398323a75266431) phizuu:connect"
204.51.96.200 - - [20/Jun/2011:07:39:58 -0700] "GET /static-api/5315/images/albums/ HTTP/1.0" 200 2012 "-" "-"
82.132.248.67 - - [20/Jun/2011:07:39:58 -0700] "GET /client/5315/images/albums/ HTTP/1.1" 200 373 "-" "Mozilla/5.0 (iPhone; iPhone OS 4.3.3; 873379e39c13121cb52502965f2ec49bc5920119) phizuu:connect"
204.51.96.200 - - [20/Jun/2011:07:39:58 -0700] "GET /static-api/5078/images/config HTTP/1.0" 301 388 "-" "-"
204.51.96.200 - - [20/Jun/2011:07:39:58 -0700] "GET /static-api/5078/images/config/ HTTP/1.0" 200 25 "-" "-"
213.89.98.159 - - [20/Jun/2011:07:39:58 -0700] "GET /client/5078/images/config/ HTTP/1.1" 200 45 "-" "5078-Bellyhouse/3.0.0 CFNetwork/485.13.9 Darwin/11.0.0"
213.89.98.159 - - [20/Jun/2011:07:39:59 -0700] "GET /client/5078/music/ HTTP/1.1" 200 5360 "-" "Mozilla/5.0 (iPhone; iPhone OS 4.3.3; 80decfc465bc3891140a0d9a8398323a75266431) phizuu:connect"
82.132.248.67 - - [20/Jun/2011:07:40:00 -0700] "POST /client/5315/updates HTTP/1.1" 200 135 "-" "Template/4.0.1 CFNetwork/485.13.9 Darwin/11.0.0"
190.126.109.134 - - [20/Jun/2011:07:40:04 -0700] "GET /client/5186/events/ HTTP/1.1" 200 1602 "-" "Mozilla/5.0 (iPhone; iPhone OS 4.2.1; 02ead040ebfcf02a036e5499b33f59e68b7e9be9) phizuu:connect"
82.132.248.67 - - [20/Jun/2011:07:41:08 -0700] "GET /client/5315/videos/ HTTP/1.1" 200 902 "-" "Mozilla/5.0 (iPhone; iPhone OS 4.3.3; 873379e39c13121cb52502965f2ec49bc5920119) phizuu:connect"
82.132.248.67 - - [20/Jun/2011:07:43:48 -0700] "GET /client/5315/event_images/3468 HTTP/1.1" 200 33 "-" "Template/4.0.1 CFNetwork/485.13.9 Darwin/11.0.0"
82.132.248.67 - - [20/Jun/2011:07:44:50 -0700] "GET /client/5315/event_images/3461 HTTP/1.1" 200 176 "-" "Template/4.0.1 CFNetwork/485.13.9 Darwin/11.0.0"
82.132.248.67 - - [20/Jun/2011:07:44:53 -0700] "GET /client/5315/event_images/3461 HTTP/1.1" 200 176 "-" "Mozilla/5.0 (iPhone; iPhone OS 4.3.3; 873379e39c13121cb52502965f2ec49bc5920119) phizuu:connect"
82.132.248.67 - - [20/Jun/2011:07:45:03 -0700] "GET /client/5315/event_images/3461 HTTP/1.1" 200 176 "-" "Template/4.0.1 CFNetwork/485.13.9 Darwin/11.0.0"
82.132.248.67 - - [20/Jun/2011:07:45:06 -0700] "GET /client/5315/event_images/3461 HTTP/1.1" 200 176 "-" "Mozilla/5.0 (iPhone; iPhone OS 4.3.3; 873379e39c13121cb52502965f2ec49bc5920119) phizuu:connect"
204.51.96.200 - - [20/Jun/2011:07:45:49 -0700] "GET /static-api/5315/images/albums/187 HTTP/1.0" 301 392 "-" "-"
204.51.96.200 - - [20/Jun/2011:07:45:49 -0700] "GET /static-api/5315/images/albums/187/ HTTP/1.0" 200 6098 "-" "-"
82.132.248.67 - - [20/Jun/2011:07:45:49 -0700] "GET /client/5315/images/albums/187 HTTP/1.1" 200 899 "-" "Mozilla/5.0 (iPhone; iPhone OS 4.3.3; 873379e39c13121cb52502965f2ec49bc5920119) phizuu:connect"
10.112.61.195 - - [20/Jun/2011:07:48:48 -0700] "GET /static-api/13 HTTP/1.0" 301 362 "-" "-"
10.112.61.195 - - [20/Jun/2011:07:48:48 -0700] "GET /static-api/13/ HTTP/1.0" 200 818 "-" "-"
12.130.119.128 - - [20/Jun/2011:07:48:48 -0700] "GET /client/13/ HTTP/1.0" 200 248 "-" "Mozilla/5.0 (iPad; iPhone OS 4.3.1; f2589cf3329e09fc9ccb21330c1beb89b56b4e9b) phizuu:connect"
204.51.96.200 - - [20/Jun/2011:07:48:49 -0700] "GET /static-api/13/images/config HTTP/1.0" 301 386 "-" "-"
204.51.96.200 - - [20/Jun/2011:07:48:49 -0700] "GET /static-api/13/images/config/ HTTP/1.0" 200 25 "-" "-"
12.130.119.128 - - [20/Jun/2011:07:48:48 -0700] "GET /client/13/images/config/ HTTP/1.0" 200 45 "-" "13-Markus_Schulz/3.0.0 CFNetwork/485.13.9 Darwin/11.0.0"
12.130.119.128 - - [20/Jun/2011:07:48:49 -0700] "GET /client/13/music/ HTTP/1.0" 200 1875 "-" "Mozilla/5.0 (iPad; iPhone OS 4.3.1; f2589cf3329e09fc9ccb21330c1beb89b56b4e9b) phizuu:connect"
12.130.119.128 - - [20/Jun/2011:07:49:34 -0700] "GET /client/13/events/ HTTP/1.0" 200 4352 "-" "Mozilla/5.0 (iPad; iPhone OS 4.3.1; f2589cf3329e09fc9ccb21330c1beb89b56b4e9b) phizuu:connect"
149.254.186.118 - - [20/Jun/2011:07:51:18 -0700] "GET /client/5315/events/ HTTP/1.1" 200 5587 "-" "Mozilla/5.0 (iPhone; iPhone OS 4.3.3; 07cbf9a372c58d4c2dbff85b5bb4fdff687e2236) phizuu:connect"
149.254.186.118 - - [20/Jun/2011:07:51:20 -0700] "GET /client/5315/videos/ HTTP/1.1" 200 902 "-" "Mozilla/5.0 (iPhone; iPhone OS 4.3.3; 07cbf9a372c58d4c2dbff85b5bb4fdff687e2236) phizuu:connect"
88.164.211.130 - - [20/Jun/2011:07:53:41 -0700] "GET /client/5078/images/ HTTP/1.1" 200 2541 "-" "Mozilla/5.0 (iPhone; iPhone OS 4.3.3; 56012e239f6b7a9e004b22d708b08b244f43e8f5) phizuu:connect"
10.112.61.195 - - [20/Jun/2011:07:54:09 -0700] "GET /static-api/24 HTTP/1.0" 301 362 "-" "-"
10.112.61.195 - - [20/Jun/2011:07:54:09 -0700] "GET /static-api/24/ HTTP/1.0" 200 803 "-" "-"
212.166.128.116 - - [20/Jun/2011:07:54:09 -0700] "GET /client/24/ HTTP/1.1" 200 245 "-" "Mozilla/5.0 (iPhone; iPhone OS 4.2.1; ed79a1e3dd287b0074465b803533323c28658fbf) phizuu:connect"
204.51.96.200 - - [20/Jun/2011:07:54:11 -0700] "GET /static-api/24/images/config HTTP/1.0" 301 386 "-" "-"
204.51.96.200 - - [20/Jun/2011:07:54:11 -0700] "GET /static-api/24/images/config/ HTTP/1.0" 200 23 "-" "-"
212.166.237.48 - - [20/Jun/2011:07:54:11 -0700] "GET /client/24/images/config/ HTTP/1.1" 200 43 "-" "24-Roger_Sanchez/3.0.0 CFNetwork/485.12.7 Darwin/10.4.0"
212.166.237.48 - - [20/Jun/2011:07:54:12 -0700] "GET /client/24/music/ HTTP/1.1" 200 1223 "-" "Mozilla/5.0 (iPhone; iPhone OS 4.2.1; ed79a1e3dd287b0074465b803533323c28658fbf) phizuu:connect"
204.51.96.200 - - [20/Jun/2011:07:54:26 -0700] "GET /static-api/24/images/albums/ HTTP/1.0" 200 1225 "-" "-"
212.166.237.48 - - [20/Jun/2011:07:54:26 -0700] "GET /client/24/images/albums/ HTTP/1.1" 200 302 "-" "Mozilla/5.0 (iPhone; iPhone OS 4.2.1; ed79a1e3dd287b0074465b803533323c28658fbf) phizuu:connect"
212.166.167.79 - - [20/Jun/2011:07:55:05 -0700] "GET /client/24/music/ HTTP/1.1" 200 1223 "-" "Mozilla/5.0 (iPhone; iPhone OS 4.2.1; ed79a1e3dd287b0074465b803533323c28658fbf) phizuu:connect"
212.166.167.79 - - [20/Jun/2011:07:55:10 -0700] "GET /client/24/events/ HTTP/1.1" 200 3205 "-" "Mozilla/5.0 (iPhone; iPhone OS 4.2.1; ed79a1e3dd287b0074465b803533323c28658fbf) phizuu:connect"
10.112.61.195 - - [20/Jun/2011:07:55:12 -0700] "GET /static-api/5078 HTTP/1.0" 301 364 "-" "-"
10.112.61.195 - - [20/Jun/2011:07:55:12 -0700] "GET /static-api/5078/ HTTP/1.0" 200 838 "-" "-"
188.64.200.199 - - [20/Jun/2011:07:55:12 -0700] "GET /client/5078/ HTTP/1.1" 200 294 "-" "Mozilla/5.0 (iPhone; iPhone OS 4.1; 062fe97e44ceba9fa297ed8cd299e5efd9c956c1) phizuu:connect"
204.51.96.200 - - [20/Jun/2011:07:55:14 -0700] "GET /static-api/5078/images/config HTTP/1.0" 301 388 "-" "-"
204.51.96.200 - - [20/Jun/2011:07:55:14 -0700] "GET /static-api/5078/images/config/ HTTP/1.0" 200 25 "-" "-"
188.64.200.199 - - [20/Jun/2011:07:55:14 -0700] "GET /client/5078/images/config/ HTTP/1.1" 200 45 "-" "5078-Bellyhouse/3.0.0 CFNetwork/485.10.2 Darwin/10.3.1"
188.64.200.199 - - [20/Jun/2011:07:55:14 -0700] "GET /client/5078/music/ HTTP/1.1" 200 5360 "-" "Mozilla/5.0 (iPhone; iPhone OS 4.1; 062fe97e44ceba9fa297ed8cd299e5efd9c956c1) phizuu:connect"
82.132.249.120 - - [20/Jun/2011:07:55:30 -0700] "GET /client/5315/videos/ HTTP/1.1" 200 902 "-" "Mozilla/5.0 (iPhone; iPhone OS 4.1; f4547c5d33aca36ff52b0586f702c6b7c75159d3) phizuu:connect"
10.112.61.195 - - [20/Jun/2011:07:56:22 -0700] "GET /static-api/5078 HTTP/1.0" 301 364 "-" "-"
10.112.61.195 - - [20/Jun/2011:07:56:22 -0700] "GET /static-api/5078/ HTTP/1.0" 200 838 "-" "-"
74.73.25.150 - - [20/Jun/2011:07:56:22 -0700] "GET /client/5078/ HTTP/1.1" 200 294 "-" "Mozilla/5.0 (iPod touch; iPhone OS 4.2.1; 9ed391e742b01802999f13914ef41c878353e0c1) phizuu:connect"
204.51.96.200 - - [20/Jun/2011:07:56:23 -0700] "GET /static-api/5078/images/config HTTP/1.0" 301 388 "-" "-"
204.51.96.200 - - [20/Jun/2011:07:56:23 -0700] "GET /static-api/5078/images/config/ HTTP/1.0" 200 25 "-" "-"
74.73.25.150 - - [20/Jun/2011:07:56:23 -0700] "GET /client/5078/images/config/ HTTP/1.1" 200 45 "-" "5078-Bellyhouse/3.0.0 CFNetwork/485.12.7 Darwin/10.4.0"
74.73.25.150 - - [20/Jun/2011:07:56:23 -0700] "GET /client/5078/music/ HTTP/1.1" 200 5360 "-" "Mozilla/5.0 (iPod touch; iPhone OS 4.2.1; 9ed391e742b01802999f13914ef41c878353e0c1) phizuu:connect"
74.73.25.150 - - [20/Jun/2011:07:57:09 -0700] "GET /client/5078/events/ HTTP/1.1" 200 248 "-" "Mozilla/5.0 (iPod touch; iPhone OS 4.2.1; 9ed391e742b01802999f13914ef41c878353e0c1) phizuu:connect"
190.126.109.134 - - [20/Jun/2011:07:57:29 -0700] "POST /client/5186/3255 HTTP/1.1" 200 33 "-" "5186-Adam_Beyer/3.0.1 CFNetwork/485.12.7 Darwin/10.4.0"
10.112.61.195 - - [20/Jun/2011:07:58:03 -0700] "GET /static-api/5036 HTTP/1.0" 301 364 "-" "-"
10.112.61.195 - - [20/Jun/2011:07:58:03 -0700] "GET /static-api/5036/ HTTP/1.0" 200 790 "-" "-"
71.253.194.232 - - [20/Jun/2011:07:58:03 -0700] "GET /client/5036/ HTTP/1.1" 200 243 "-" "Mozilla/5.0 (iPhone; iPhone OS 4.2.8; 00c23af9bfd6c2520821f2ea9e9ad678b65fd3cb) phizuu:connect"
204.51.96.200 - - [20/Jun/2011:07:58:04 -0700] "GET /static-api/5036/images/config HTTP/1.0" 301 388 "-" "-"
204.51.96.200 - - [20/Jun/2011:07:58:04 -0700] "GET /static-api/5036/images/config/ HTTP/1.0" 200 25 "-" "-"
71.253.194.232 - - [20/Jun/2011:07:58:03 -0700] "GET /client/5036/images/config/ HTTP/1.1" 200 45 "-" "5036-HM_Magazine/3.0.0 CFNetwork/485.12.30 Darwin/10.4.0"
71.253.194.232 - - [20/Jun/2011:07:58:04 -0700] "GET /client/5036/music/ HTTP/1.1" 200 645 "-" "Mozilla/5.0 (iPhone; iPhone OS 4.2.8; 00c23af9bfd6c2520821f2ea9e9ad678b65fd3cb) phizuu:connect"
10.112.61.195 - - [20/Jun/2011:07:58:39 -0700] "GET /static-api/11 HTTP/1.0" 301 362 "-" "-"
10.112.61.195 - - [20/Jun/2011:07:58:39 -0700] "GET /static-api/11/ HTTP/1.0" 200 787 "-" "-"
124.149.173.143 - - [20/Jun/2011:07:58:39 -0700] "GET /client/11/ HTTP/1.1" 200 237 "-" "Mozilla/5.0 (iPhone; iPhone OS 4.3.3; b5e12a52a5acc27784434bb934ff861d2f9bee79) phizuu:connect"
204.51.96.200 - - [20/Jun/2011:07:58:39 -0700] "GET /static-api/11/images/config HTTP/1.0" 301 386 "-" "-"
204.51.96.200 - - [20/Jun/2011:07:58:40 -0700] "GET /static-api/11/images/config/ HTTP/1.0" 200 25 "-" "-"
124.149.173.143 - - [20/Jun/2011:07:58:39 -0700] "GET /client/11/images/config/ HTTP/1.1" 200 45 "-" "11-Ranidu/3.0.0 CFNetwork/485.13.9 Darwin/11.0.0"
124.149.173.143 - - [20/Jun/2011:07:58:40 -0700] "GET /client/11/music/ HTTP/1.1" 200 880 "-" "Mozilla/5.0 (iPhone; iPhone OS 4.3.3; b5e12a52a5acc27784434bb934ff861d2f9bee79) phizuu:connect"
124.149.173.143 - - [20/Jun/2011:08:00:04 -0700] "GET /client/11/images/ HTTP/1.1" 200 697 "-" "Mozilla/5.0 (iPhone; iPhone OS 4.3.3; b5e12a52a5acc27784434bb934ff861d2f9bee79) phizuu:connect"
124.149.173.143 - - [20/Jun/2011:08:01:10 -0700] "GET /client/11/events/ HTTP/1.1" 200 234 "-" "Mozilla/5.0 (iPhone; iPhone OS 4.3.3; b5e12a52a5acc27784434bb934ff861d2f9bee79) phizuu:connect"
10.112.61.195 - - [20/Jun/2011:08:03:37 -0700] "GET /static-api/6 HTTP/1.0" 301 361 "-" "-"
10.112.61.195 - - [20/Jun/2011:08:03:37 -0700] "GET /static-api/6/ HTTP/1.0" 200 811 "-" "-"
124.149.173.143 - - [20/Jun/2011:08:03:37 -0700] "GET /client/6/ HTTP/1.1" 200 253 "-" "Mozilla/5.0 (iPhone; iPhone OS 4.3.3; b5e12a52a5acc27784434bb934ff861d2f9bee79) phizuu:connect"
204.51.96.200 - - [20/Jun/2011:08:03:37 -0700] "GET /static-api/6/images/config HTTP/1.0" 301 385 "-" "-"
204.51.96.200 - - [20/Jun/2011:08:03:37 -0700] "GET /static-api/6/images/config/ HTTP/1.0" 200 23 "-" "-"
124.149.173.143 - - [20/Jun/2011:08:03:37 -0700] "GET /client/6/images/config/ HTTP/1.1" 200 43 "-" "6-DeLon/3.0.0 CFNetwork/485.13.9 Darwin/11.0.0"
124.149.173.143 - - [20/Jun/2011:08:03:38 -0700] "GET /client/6/music/ HTTP/1.1" 200 288 "-" "Mozilla/5.0 (iPhone; iPhone OS 4.3.3; b5e12a52a5acc27784434bb934ff861d2f9bee79) phizuu:connect"
204.51.96.200 - - [20/Jun/2011:08:04:01 -0700] "GET /static-api/6/images/albums/ HTTP/1.0" 200 476 "-" "-"
124.149.173.143 - - [20/Jun/2011:08:04:01 -0700] "GET /client/6/images/albums/ HTTP/1.1" 200 197 "-" "Mozilla/5.0 (iPhone; iPhone OS 4.3.3; b5e12a52a5acc27784434bb934ff861d2f9bee79) phizuu:connect"
204.51.96.200 - - [20/Jun/2011:08:04:09 -0700] "GET /static-api/6/images/albums/132 HTTP/1.0" 301 389 "-" "-"
204.51.96.200 - - [20/Jun/2011:08:04:10 -0700] "GET /static-api/6/images/albums/132/ HTTP/1.0" 200 2027 "-" "-"
124.149.173.143 - - [20/Jun/2011:08:04:09 -0700] "GET /client/6/images/albums/132 HTTP/1.1" 200 393 "-" "Mozilla/5.0 (iPhone; iPhone OS 4.3.3; b5e12a52a5acc27784434bb934ff861d2f9bee79) phizuu:connect"
10.112.61.195 - - [20/Jun/2011:08:05:19 -0700] "GET /static-api/5078 HTTP/1.0" 301 364 "-" "-"
10.112.61.195 - - [20/Jun/2011:08:05:19 -0700] "GET /static-api/5078/ HTTP/1.0" 200 838 "-" "-"
86.153.126.196 - - [20/Jun/2011:08:05:19 -0700] "GET /client/5078/ HTTP/1.1" 200 294 "-" "Mozilla/5.0 (iPod touch; iPhone OS 4.1; 30f2389901cd650e9e596131beafbcb01e1f7f23) phizuu:connect"
204.51.96.200 - - [20/Jun/2011:08:05:20 -0700] "GET /static-api/5078/images/config HTTP/1.0" 301 388 "-" "-"
204.51.96.200 - - [20/Jun/2011:08:05:20 -0700] "GET /static-api/5078/images/config/ HTTP/1.0" 200 25 "-" "-"
86.153.126.196 - - [20/Jun/2011:08:05:20 -0700] "GET /client/5078/images/config/ HTTP/1.1" 200 45 "-" "5078-Bellyhouse/3.0.0 CFNetwork/485.10.2 Darwin/10.3.1"
124.149.173.143 - - [20/Jun/2011:08:05:20 -0700] "GET /client/6/music/ HTTP/1.1" 200 288 "-" "Mozilla/5.0 (iPhone; iPhone OS 4.3.3; b5e12a52a5acc27784434bb934ff861d2f9bee79) phizuu:connect"
86.153.126.196 - - [20/Jun/2011:08:05:20 -0700] "GET /client/5078/music/ HTTP/1.1" 200 5360 "-" "Mozilla/5.0 (iPod touch; iPhone OS 4.1; 30f2389901cd650e9e596131beafbcb01e1f7f23) phizuu:connect"
10.112.61.195 - - [20/Jun/2011:08:05:27 -0700] "GET /static-api/13 HTTP/1.0" 301 362 "-" "-"
10.112.61.195 - - [20/Jun/2011:08:05:27 -0700] "GET /static-api/13/ HTTP/1.0" 200 818 "-" "-"
77.228.200.201 - - [20/Jun/2011:08:05:27 -0700] "GET /client/13/ HTTP/1.1" 200 248 "-" "Mozilla/5.0 (iPod touch; iPhone OS 4.1; c104882e871a62eccb324041a4777e19bab64433) phizuu:connect"
204.51.96.200 - - [20/Jun/2011:08:05:28 -0700] "GET /static-api/13/images/config HTTP/1.0" 301 386 "-" "-"
204.51.96.200 - - [20/Jun/2011:08:05:28 -0700] "GET /static-api/13/images/config/ HTTP/1.0" 200 25 "-" "-"
77.228.200.201 - - [20/Jun/2011:08:05:27 -0700] "GET /client/13/images/config/ HTTP/1.1" 200 45 "-" "13-Markus_Schulz/3.0.0 CFNetwork/485.10.2 Darwin/10.3.1"
77.228.200.201 - - [20/Jun/2011:08:05:29 -0700] "GET /client/13/music/ HTTP/1.1" 200 1875 "-" "Mozilla/5.0 (iPod touch; iPhone OS 4.1; c104882e871a62eccb324041a4777e19bab64433) phizuu:connect"
10.112.61.195 - - [20/Jun/2011:08:07:19 -0700] "GET /static-api/5153 HTTP/1.0" 301 364 "-" "-"
10.112.61.195 - - [20/Jun/2011:08:07:19 -0700] "GET /static-api/5153/ HTTP/1.0" 200 815 "-" "-"
124.149.173.143 - - [20/Jun/2011:08:07:19 -0700] "GET /client/5153/ HTTP/1.1" 200 271 "-" "Mozilla/5.0 (iPhone; iPhone OS 4.3.3; b5e12a52a5acc27784434bb934ff861d2f9bee79) phizuu:connect"
204.51.96.200 - - [20/Jun/2011:08:07:20 -0700] "GET /static-api/5153/images/config HTTP/1.0" 301 388 "-" "-"
204.51.96.200 - - [20/Jun/2011:08:07:20 -0700] "GET /static-api/5153/images/config/ HTTP/1.0" 200 25 "-" "-"
124.149.173.143 - - [20/Jun/2011:08:07:20 -0700] "GET /client/5153/images/config/ HTTP/1.1" 200 45 "-" "5153-Gajan_Music/3.0.0 CFNetwork/485.13.9 Darwin/11.0.0"
124.149.173.143 - - [20/Jun/2011:08:07:21 -0700] "GET /client/5153/music/ HTTP/1.1" 200 540 "-" "Mozilla/5.0 (iPhone; iPhone OS 4.3.3; b5e12a52a5acc27784434bb934ff861d2f9bee79) phizuu:connect"
10.112.61.195 - - [20/Jun/2011:08:07:24 -0700] "GET /static-api/10 HTTP/1.0" 301 362 "-" "-"
10.112.61.195 - - [20/Jun/2011:08:07:24 -0700] "GET /static-api/10/ HTTP/1.0" 200 801 "-" "-"
192.167.140.20 - - [20/Jun/2011:08:07:24 -0700] "GET /client/10/ HTTP/1.1" 200 244 "-" "Mozilla/5.0 (iPhone; iPhone OS 4.3.3; af6e82b9c82415227f3b0871b87da26d6fe6087a) phizuu:connect"
204.51.96.200 - - [20/Jun/2011:08:07:24 -0700] "GET /static-api/10/images/config HTTP/1.0" 301 386 "-" "-"
204.51.96.200 - - [20/Jun/2011:08:07:24 -0700] "GET /static-api/10/images/config/ HTTP/1.0" 200 25 "-" "-"
192.167.140.20 - - [20/Jun/2011:08:07:24 -0700] "GET /client/10/images/config/ HTTP/1.1" 200 45 "-" "10-Erick_Morillo/3.0.0 CFNetwork/485.13.9 Darwin/11.0.0"
192.167.140.20 - - [20/Jun/2011:08:07:25 -0700] "GET /client/10/music/ HTTP/1.1" 200 1042 "-" "Mozilla/5.0 (iPhone; iPhone OS 4.3.3; af6e82b9c82415227f3b0871b87da26d6fe6087a) phizuu:connect"
192.167.140.20 - - [20/Jun/2011:08:07:25 -0700] "GET /client/10/events/ HTTP/1.1" 200 3810 "-" "Mozilla/5.0 (iPhone; iPhone OS 4.3.3; af6e82b9c82415227f3b0871b87da26d6fe6087a) phizuu:connect"
124.149.173.143 - - [20/Jun/2011:08:07:33 -0700] "GET /client/5153/images/ HTTP/1.1" 200 558 "-" "Mozilla/5.0 (iPhone; iPhone OS 4.3.3; b5e12a52a5acc27784434bb934ff861d2f9bee79) phizuu:connect"
124.149.173.143 - - [20/Jun/2011:08:08:11 -0700] "GET /client/5153/events/ HTTP/1.1" 200 312 "-" "Mozilla/5.0 (iPhone; iPhone OS 4.3.3; b5e12a52a5acc27784434bb934ff861d2f9bee79) phizuu:connect"
10.112.61.195 - - [20/Jun/2011:08:08:16 -0700] "GET /static-api/5042 HTTP/1.0" 301 364 "-" "-"
10.112.61.195 - - [20/Jun/2011:08:08:16 -0700] "GET /static-api/5042/ HTTP/1.0" 200 812 "-" "-"
124.149.173.143 - - [20/Jun/2011:08:08:16 -0700] "GET /client/5042/ HTTP/1.1" 200 257 "-" "Mozilla/5.0 (iPhone; iPhone OS 4.3.3; b5e12a52a5acc27784434bb934ff861d2f9bee79) phizuu:connect"
204.51.96.200 - - [20/Jun/2011:08:08:16 -0700] "GET /static-api/5042/images/config HTTP/1.0" 301 388 "-" "-"
204.51.96.200 - - [20/Jun/2011:08:08:16 -0700] "GET /static-api/5042/images/config/ HTTP/1.0" 200 25 "-" "-"
124.149.173.143 - - [20/Jun/2011:08:08:16 -0700] "GET /client/5042/images/config/ HTTP/1.1" 200 45 "-" "5042-Van_Luup/3.0.0 CFNetwork/485.13.9 Darwin/11.0.0"
124.149.173.143 - - [20/Jun/2011:08:08:17 -0700] "GET /client/5042/music/ HTTP/1.1" 200 630 "-" "Mozilla/5.0 (iPhone; iPhone OS 4.3.3; b5e12a52a5acc27784434bb934ff861d2f9bee79) phizuu:connect"
124.149.173.143 - - [20/Jun/2011:08:08:31 -0700] "GET /client/5042/images/ HTTP/1.1" 200 544 "-" "Mozilla/5.0 (iPhone; iPhone OS 4.3.3; b5e12a52a5acc27784434bb934ff861d2f9bee79) phizuu:connect"
10.112.61.195 - - [20/Jun/2011:08:09:44 -0700] "GET /static-api/24 HTTP/1.0" 301 362 "-" "-"
10.112.61.195 - - [20/Jun/2011:08:09:44 -0700] "GET /static-api/24/ HTTP/1.0" 200 803 "-" "-"
190.157.52.203 - - [20/Jun/2011:08:09:44 -0700] "GET /client/24/ HTTP/1.1" 200 245 "-" "Mozilla/5.0 (iPod touch; iPhone OS 4.3.3; 3dfc29aa63013d1cff9cc547e64746f058813b85) phizuu:connect"
204.51.96.200 - - [20/Jun/2011:08:09:44 -0700] "GET /static-api/24/images/config HTTP/1.0" 301 386 "-" "-"
204.51.96.200 - - [20/Jun/2011:08:09:44 -0700] "GET /static-api/24/images/config/ HTTP/1.0" 200 23 "-" "-"
190.157.52.203 - - [20/Jun/2011:08:09:44 -0700] "GET /client/24/images/config/ HTTP/1.1" 200 43 "-" "24-Roger_Sanchez/3.0.0 CFNetwork/485.13.9 Darwin/11.0.0"
190.157.52.203 - - [20/Jun/2011:08:09:44 -0700] "GET /client/24/music/ HTTP/1.1" 200 1223 "-" "Mozilla/5.0 (iPod touch; iPhone OS 4.3.3; 3dfc29aa63013d1cff9cc547e64746f058813b85) phizuu:connect"
190.157.52.203 - - [20/Jun/2011:08:09:56 -0700] "GET /client/24/events/ HTTP/1.1" 200 3205 "-" "Mozilla/5.0 (iPod touch; iPhone OS 4.3.3; 3dfc29aa63013d1cff9cc547e64746f058813b85) phizuu:connect"
10.112.61.195 - - [20/Jun/2011:08:09:57 -0700] "GET /static-api/5078 HTTP/1.0" 301 364 "-" "-"
10.112.61.195 - - [20/Jun/2011:08:09:57 -0700] "GET /static-api/5078/ HTTP/1.0" 200 838 "-" "-"
