193.35.132.32 - - [20/Jun/2011:10:54:37 -0700] "GET /client/5315/events/ HTTP/1.1" 200 5587 "-" "Mozilla/5.0 (iPhone; iPhone OS 4.1; a4d05a800075279bc9462b866dce9209da5e36e8) phizuu:connect"
193.35.132.22 - - [20/Jun/2011:10:54:38 -0700] "GET /client/5315/music/ HTTP/1.1" 200 2486 "-" "Mozilla/5.0 (iPhone; iPhone OS 4.1; a4d05a800075279bc9462b866dce9209da5e36e8) phizuu:connect"
204.51.96.200 - - [20/Jun/2011:10:54:48 -0700] "GET /static-api/5315/images/albums/167 HTTP/1.0" 301 392 "-" "-"
204.51.96.200 - - [20/Jun/2011:10:54:48 -0700] "GET /static-api/5315/images/albums/167/ HTTP/1.0" 200 609 "-" "-"
123.186.242.90 - - [20/Jun/2011:10:54:47 -0700] "GET /client/5315/images/albums/167 HTTP/1.1" 200 161 "-" "Mozilla/5.0 (iPod touch; iPhone OS 4.2.1; bfc52476cfef4abf6682693cb8656c0551b535a3) phizuu:connect"
204.51.96.200 - - [20/Jun/2011:10:54:51 -0700] "GET /static-api/5315/images/config HTTP/1.0" 301 388 "-" "-"
204.51.96.200 - - [20/Jun/2011:10:54:51 -0700] "GET /static-api/5315/images/config/ HTTP/1.0" 200 23 "-" "-"
193.35.132.13 - - [20/Jun/2011:10:54:50 -0700] "GET /client/5315/images/config/ HTTP/1.1" 200 43 "-" "Template/4.0.1 CFNetwork/485.10.2 Darwin/10.3.1"
10.112.61.195 - - [20/Jun/2011:10:54:53 -0700] "GET /static-api/5315 HTTP/1.0" 301 364 "-" "-"
10.112.61.195 - - [20/Jun/2011:10:54:53 -0700] "GET /static-api/5315/ HTTP/1.0" 200 820 "-" "-"
193.35.132.39 - - [20/Jun/2011:10:54:53 -0700] "GET /client/5315/ HTTP/1.1" 200 263 "-" "Mozilla/5.0 (iPhone; iPhone OS 4.1; a4d05a800075279bc9462b866dce9209da5e36e8) phizuu:connect"
193.35.132.56 - - [20/Jun/2011:10:54:54 -0700] "GET /client/5315/events/ HTTP/1.1" 200 5587 "-" "Mozilla/5.0 (iPhone; iPhone OS 4.1; a4d05a800075279bc9462b866dce9209da5e36e8) phizuu:connect"
193.35.132.32 - - [20/Jun/2011:10:54:54 -0700] "GET /client/5315/music/ HTTP/1.1" 200 2486 "-" "Mozilla/5.0 (iPhone; iPhone OS 4.1; a4d05a800075279bc9462b866dce9209da5e36e8) phizuu:connect"
204.51.96.200 - - [20/Jun/2011:10:55:04 -0700] "GET /static-api/5315/images/config HTTP/1.0" 301 388 "-" "-"
204.51.96.200 - - [20/Jun/2011:10:55:04 -0700] "GET /static-api/5315/images/config/ HTTP/1.0" 200 23 "-" "-"
193.35.132.8 - - [20/Jun/2011:10:55:04 -0700] "GET /client/5315/images/config/ HTTP/1.1" 200 43 "-" "Template/4.0.1 CFNetwork/485.10.2 Darwin/10.3.1"
10.112.61.195 - - [20/Jun/2011:10:55:07 -0700] "GET /static-api/5315 HTTP/1.0" 301 364 "-" "-"
10.112.61.195 - - [20/Jun/2011:10:55:07 -0700] "GET /static-api/5315/ HTTP/1.0" 200 820 "-" "-"
193.35.132.13 - - [20/Jun/2011:10:55:07 -0700] "GET /client/5315/ HTTP/1.1" 200 263 "-" "Mozilla/5.0 (iPhone; iPhone OS 4.1; a4d05a800075279bc9462b866dce9209da5e36e8) phizuu:connect"
204.51.96.200 - - [20/Jun/2011:10:55:09 -0700] "GET /static-api/5315/images/albums/183 HTTP/1.0" 301 392 "-" "-"
193.35.132.16 - - [20/Jun/2011:10:55:09 -0700] "GET /client/5315/music/ HTTP/1.1" 200 2486 "-" "Mozilla/5.0 (iPhone; iPhone OS 4.1; a4d05a800075279bc9462b866dce9209da5e36e8) phizuu:connect"
204.51.96.200 - - [20/Jun/2011:10:55:09 -0700] "GET /static-api/5315/images/albums/183/ HTTP/1.0" 200 8105 "-" "-"
123.186.242.90 - - [20/Jun/2011:10:55:09 -0700] "GET /client/5315/images/albums/183 HTTP/1.1" 200 993 "-" "Mozilla/5.0 (iPod touch; iPhone OS 4.2.1; bfc52476cfef4abf6682693cb8656c0551b535a3) phizuu:connect"
193.35.132.6 - - [20/Jun/2011:10:55:13 -0700] "GET /client/5315/events/ HTTP/1.1" 200 5587 "-" "Mozilla/5.0 (iPhone; iPhone OS 4.1; a4d05a800075279bc9462b866dce9209da5e36e8) phizuu:connect"
10.112.61.195 - - [20/Jun/2011:10:55:25 -0700] "GET /static-api/18 HTTP/1.0" 301 362 "-" "-"
10.112.61.195 - - [20/Jun/2011:10:55:25 -0700] "GET /static-api/18/ HTTP/1.0" 200 803 "-" "-"
83.108.167.48 - - [20/Jun/2011:10:55:25 -0700] "GET /client/18/ HTTP/1.1" 200 243 "-" "Mozilla/5.0 (iPad; iPhone OS 4.3.3; f8ff78fb9cb0cd8362366cd740a1406317be756f) phizuu:connect"
204.51.96.200 - - [20/Jun/2011:10:55:26 -0700] "GET /static-api/18/images/config HTTP/1.0" 301 386 "-" "-"
204.51.96.200 - - [20/Jun/2011:10:55:26 -0700] "GET /static-api/18/images/config/ HTTP/1.0" 200 23 "-" "-"
83.108.167.48 - - [20/Jun/2011:10:55:26 -0700] "GET /client/18/images/config/ HTTP/1.1" 200 43 "-" "18-Steve_Angello/3.0.1 CFNetwork/485.13.9 Darwin/11.0.0"
204.51.96.200 - - [20/Jun/2011:10:55:26 -0700] "GET /static-api/5315/images/albums/184 HTTP/1.0" 301 392 "-" "-"
204.51.96.200 - - [20/Jun/2011:10:55:26 -0700] "GET /static-api/5315/images/albums/184/ HTTP/1.0" 200 2870 "-" "-"
123.186.242.90 - - [20/Jun/2011:10:55:26 -0700] "GET /client/5315/images/albums/184 HTTP/1.1" 200 374 "-" "Mozilla/5.0 (iPod touch; iPhone OS 4.2.1; bfc52476cfef4abf6682693cb8656c0551b535a3) phizuu:connect"
83.108.167.48 - - [20/Jun/2011:10:55:26 -0700] "GET /client/18/music/ HTTP/1.1" 200 2504 "-" "Mozilla/5.0 (iPad; iPhone OS 4.3.3; f8ff78fb9cb0cd8362366cd740a1406317be756f) phizuu:connect"
204.51.96.200 - - [20/Jun/2011:10:55:39 -0700] "GET /static-api/5315/images/albums/168 HTTP/1.0" 301 392 "-" "-"
204.51.96.200 - - [20/Jun/2011:10:55:39 -0700] "GET /static-api/5315/images/albums/168/ HTTP/1.0" 200 1604 "-" "-"
123.186.242.90 - - [20/Jun/2011:10:55:38 -0700] "GET /client/5315/images/albums/168 HTTP/1.1" 200 209 "-" "Mozilla/5.0 (iPod touch; iPhone OS 4.2.1; bfc52476cfef4abf6682693cb8656c0551b535a3) phizuu:connect"
10.112.61.195 - - [20/Jun/2011:10:55:43 -0700] "GET /static-api/5076 HTTP/1.0" 301 364 "-" "-"
10.112.61.195 - - [20/Jun/2011:10:55:43 -0700] "GET /static-api/5076/ HTTP/1.0" 200 817 "-" "-"
83.108.167.48 - - [20/Jun/2011:10:55:43 -0700] "GET /client/5076/ HTTP/1.1" 200 261 "-" "Mozilla/5.0 (iPad; iPhone OS 4.3.3; f8ff78fb9cb0cd8362366cd740a1406317be756f) phizuu:connect"
204.51.96.200 - - [20/Jun/2011:10:55:43 -0700] "GET /static-api/5076/images/config HTTP/1.0" 301 388 "-" "-"
204.51.96.200 - - [20/Jun/2011:10:55:43 -0700] "GET /static-api/5076/images/config/ HTTP/1.0" 200 25 "-" "-"
83.108.167.48 - - [20/Jun/2011:10:55:43 -0700] "GET /client/5076/images/config/ HTTP/1.1" 200 45 "-" "5076-Laidback_Luke_/3.0.0 CFNetwork/485.13.9 Darwin/11.0.0"
83.108.167.48 - - [20/Jun/2011:10:55:44 -0700] "GET /client/5076/music/ HTTP/1.1" 200 1328 "-" "Mozilla/5.0 (iPad; iPhone OS 4.3.3; f8ff78fb9cb0cd8362366cd740a1406317be756f) phizuu:connect"
90.57.146.251 - - [20/Jun/2011:10:55:46 -0700] "GET /client/5078/videos/ HTTP/1.1" 200 1879 "-" "Mozilla/5.0 (iPhone; iPhone OS 4.2.1; 6883610dc6b5270998c901d16efea94d7d34e21a) phizuu:connect"
204.51.96.200 - - [20/Jun/2011:10:55:49 -0700] "GET /static-api/5315/images/albums/182 HTTP/1.0" 301 392 "-" "-"
204.51.96.200 - - [20/Jun/2011:10:55:49 -0700] "GET /static-api/5315/images/albums/182/ HTTP/1.0" 200 5740 "-" "-"
123.186.242.90 - - [20/Jun/2011:10:55:49 -0700] "GET /client/5315/images/albums/182 HTTP/1.1" 200 811 "-" "Mozilla/5.0 (iPod touch; iPhone OS 4.2.1; bfc52476cfef4abf6682693cb8656c0551b535a3) phizuu:connect"
10.112.61.195 - - [20/Jun/2011:10:55:58 -0700] "GET /static-api/24 HTTP/1.0" 301 362 "-" "-"
10.112.61.195 - - [20/Jun/2011:10:55:58 -0700] "GET /static-api/24/ HTTP/1.0" 200 803 "-" "-"
80.187.106.130 - - [20/Jun/2011:10:55:58 -0700] "GET /client/24/ HTTP/1.1" 200 245 "-" "Mozilla/5.0 (iPhone; iPhone OS 4.3.3; f3cae03601c4305fe9cef7b2cf9d572e0bc4e399) phizuu:connect"
204.51.96.200 - - [20/Jun/2011:10:56:03 -0700] "GET /static-api/24/images/config HTTP/1.0" 301 386 "-" "-"
204.51.96.200 - - [20/Jun/2011:10:56:03 -0700] "GET /static-api/24/images/config/ HTTP/1.0" 200 23 "-" "-"
80.187.106.130 - - [20/Jun/2011:10:56:03 -0700] "GET /client/24/images/config/ HTTP/1.1" 200 43 "-" "24-Roger_Sanchez/3.0.0 CFNetwork/485.13.9 Darwin/11.0.0"
80.187.106.130 - - [20/Jun/2011:10:56:08 -0700] "GET /client/24/music/ HTTP/1.1" 200 1223 "-" "Mozilla/5.0 (iPhone; iPhone OS 4.3.3; f3cae03601c4305fe9cef7b2cf9d572e0bc4e399) phizuu:connect"
204.51.96.200 - - [20/Jun/2011:10:56:29 -0700] "GET /static-api/5315/images/albums/186 HTTP/1.0" 301 392 "-" "-"
204.51.96.200 - - [20/Jun/2011:10:56:29 -0700] "GET /static-api/5315/images/albums/186/ HTTP/1.0" 200 7709 "-" "-"
123.186.242.90 - - [20/Jun/2011:10:56:29 -0700] "GET /client/5315/images/albums/186 HTTP/1.1" 200 1107 "-" "Mozilla/5.0 (iPod touch; iPhone OS 4.2.1; bfc52476cfef4abf6682693cb8656c0551b535a3) phizuu:connect"
10.112.61.195 - - [20/Jun/2011:10:57:00 -0700] "GET /static-api/13 HTTP/1.0" 301 362 "-" "-"
10.112.61.195 - - [20/Jun/2011:10:57:00 -0700] "GET /static-api/13/ HTTP/1.0" 200 818 "-" "-"
212.235.80.86 - - [20/Jun/2011:10:57:00 -0700] "GET /client/13/ HTTP/1.1" 200 248 "-" "Mozilla/5.0 (iPhone; iPhone OS 4.3.3; 9e6216b7a89b9d1bb9b599bdecd8e11d49be9b97) phizuu:connect"
204.51.96.200 - - [20/Jun/2011:10:57:01 -0700] "GET /static-api/13/images/config HTTP/1.0" 301 386 "-" "-"
204.51.96.200 - - [20/Jun/2011:10:57:01 -0700] "GET /static-api/13/images/config/ HTTP/1.0" 200 25 "-" "-"
212.235.80.86 - - [20/Jun/2011:10:57:01 -0700] "GET /client/13/images/config/ HTTP/1.1" 200 45 "-" "13-Markus_Schulz/3.0.0 CFNetwork/485.13.9 Darwin/11.0.0"
212.235.80.86 - - [20/Jun/2011:10:57:01 -0700] "GET /client/13/music/ HTTP/1.1" 200 1875 "-" "Mozilla/5.0 (iPhone; iPhone OS 4.3.3; 9e6216b7a89b9d1bb9b599bdecd8e11d49be9b97) phizuu:connect"
204.51.96.200 - - [20/Jun/2011:10:57:11 -0700] "GET /static-api/5315/images/albums/187 HTTP/1.0" 301 392 "-" "-"
204.51.96.200 - - [20/Jun/2011:10:57:11 -0700] "GET /static-api/5315/images/albums/187/ HTTP/1.0" 200 6098 "-" "-"
123.186.242.90 - - [20/Jun/2011:10:57:11 -0700] "GET /client/5315/images/albums/187 HTTP/1.1" 200 899 "-" "Mozilla/5.0 (iPod touch; iPhone OS 4.2.1; bfc52476cfef4abf6682693cb8656c0551b535a3) phizuu:connect"
204.51.96.200 - - [20/Jun/2011:10:58:26 -0700] "GET /static-api/5315/images/albums/167 HTTP/1.0" 301 392 "-" "-"
204.51.96.200 - - [20/Jun/2011:10:58:26 -0700] "GET /static-api/5315/images/albums/167/ HTTP/1.0" 200 609 "-" "-"
123.186.242.90 - - [20/Jun/2011:10:58:26 -0700] "GET /client/5315/images/albums/167 HTTP/1.1" 200 161 "-" "Mozilla/5.0 (iPod touch; iPhone OS 4.2.1; bfc52476cfef4abf6682693cb8656c0551b535a3) phizuu:connect"
204.51.96.200 - - [20/Jun/2011:10:58:38 -0700] "GET /static-api/5315/images/albums/184 HTTP/1.0" 301 392 "-" "-"
204.51.96.200 - - [20/Jun/2011:10:58:38 -0700] "GET /static-api/5315/images/albums/184/ HTTP/1.0" 200 2870 "-" "-"
123.186.242.90 - - [20/Jun/2011:10:58:38 -0700] "GET /client/5315/images/albums/184 HTTP/1.1" 200 374 "-" "Mozilla/5.0 (iPod touch; iPhone OS 4.2.1; bfc52476cfef4abf6682693cb8656c0551b535a3) phizuu:connect"
204.51.96.200 - - [20/Jun/2011:10:58:48 -0700] "GET /static-api/5315/images/albums/183 HTTP/1.0" 301 392 "-" "-"
204.51.96.200 - - [20/Jun/2011:10:58:48 -0700] "GET /static-api/5315/images/albums/183/ HTTP/1.0" 200 8105 "-" "-"
123.186.242.90 - - [20/Jun/2011:10:58:48 -0700] "GET /client/5315/images/albums/183 HTTP/1.1" 200 993 "-" "Mozilla/5.0 (iPod touch; iPhone OS 4.2.1; bfc52476cfef4abf6682693cb8656c0551b535a3) phizuu:connect"
204.51.96.200 - - [20/Jun/2011:10:59:35 -0700] "GET /static-api/5315/images/albums/168 HTTP/1.0" 301 392 "-" "-"
204.51.96.200 - - [20/Jun/2011:10:59:35 -0700] "GET /static-api/5315/images/albums/168/ HTTP/1.0" 200 1604 "-" "-"
123.186.242.90 - - [20/Jun/2011:10:59:35 -0700] "GET /client/5315/images/albums/168 HTTP/1.1" 200 209 "-" "Mozilla/5.0 (iPod touch; iPhone OS 4.2.1; bfc52476cfef4abf6682693cb8656c0551b535a3) phizuu:connect"
123.186.242.90 - - [20/Jun/2011:11:00:11 -0700] "GET /client/5315/event_images/3469 HTTP/1.1" 200 33 "-" "Template/4.0.1 CFNetwork/485.12.7 Darwin/10.4.0"
204.51.96.200 - - [20/Jun/2011:11:01:08 -0700] "GET /static-api/5315/images/albums/182 HTTP/1.0" 301 392 "-" "-"
204.51.96.200 - - [20/Jun/2011:11:01:09 -0700] "GET /static-api/5315/images/albums/182/ HTTP/1.0" 200 5740 "-" "-"
123.186.242.90 - - [20/Jun/2011:11:01:08 -0700] "GET /client/5315/images/albums/182 HTTP/1.1" 200 811 "-" "Mozilla/5.0 (iPod touch; iPhone OS 4.2.1; bfc52476cfef4abf6682693cb8656c0551b535a3) phizuu:connect"
10.112.61.195 - - [20/Jun/2011:11:01:43 -0700] "GET /static-api/5254 HTTP/1.0" 301 364 "-" "-"
10.112.61.195 - - [20/Jun/2011:11:01:43 -0700] "GET /static-api/5254/ HTTP/1.0" 200 754 "-" "-"
2.206.0.18 - - [20/Jun/2011:11:01:43 -0700] "GET /client/5254/ HTTP/1.1" 200 233 "-" "Mozilla/5.0 (iPhone; iPhone OS 4.2.1; f96ac02fdc9620c6db1ca7a40ac8f657e0b5dc04) phizuu:connect"
204.51.96.200 - - [20/Jun/2011:11:01:43 -0700] "GET /static-api/5254/images/config HTTP/1.0" 301 388 "-" "-"
204.51.96.200 - - [20/Jun/2011:11:01:44 -0700] "GET /static-api/5254/images/config/ HTTP/1.0" 200 25 "-" "-"
2.206.0.18 - - [20/Jun/2011:11:01:43 -0700] "GET /client/5254/images/config/ HTTP/1.1" 200 45 "-" "5254-BunkerTV/3.0.0 CFNetwork/485.12.7 Darwin/10.4.0"
2.206.0.18 - - [20/Jun/2011:11:01:44 -0700] "GET /client/5254/music/ HTTP/1.1" 200 821 "-" "Mozilla/5.0 (iPhone; iPhone OS 4.2.1; f96ac02fdc9620c6db1ca7a40ac8f657e0b5dc04) phizuu:connect"
204.51.96.200 - - [20/Jun/2011:11:01:50 -0700] "GET /static-api/5315/images/albums/185 HTTP/1.0" 301 392 "-" "-"
204.51.96.200 - - [20/Jun/2011:11:01:50 -0700] "GET /static-api/5315/images/albums/185/ HTTP/1.0" 200 8962 "-" "-"
123.186.242.90 - - [20/Jun/2011:11:01:50 -0700] "GET /client/5315/images/albums/185 HTTP/1.1" 200 1257 "-" "Mozilla/5.0 (iPod touch; iPhone OS 4.2.1; bfc52476cfef4abf6682693cb8656c0551b535a3) phizuu:connect"
10.112.61.195 - - [20/Jun/2011:11:02:58 -0700] "GET /static-api/5036 HTTP/1.0" 301 364 "-" "-"
10.112.61.195 - - [20/Jun/2011:11:02:58 -0700] "GET /static-api/5036/ HTTP/1.0" 200 790 "-" "-"
173.173.2.8 - - [20/Jun/2011:11:02:58 -0700] "GET /client/5036/ HTTP/1.1" 200 243 "-" "Mozilla/5.0 (iPod touch; iPhone OS 4.2.1; b6b5d5d1e3c3f21040d495e338b39b79628558d7) phizuu:connect"
204.51.96.200 - - [20/Jun/2011:11:02:58 -0700] "GET /static-api/5036/images/config HTTP/1.0" 301 388 "-" "-"
204.51.96.200 - - [20/Jun/2011:11:03:01 -0700] "GET /static-api/5315/images/albums/187 HTTP/1.0" 301 392 "-" "-"
204.51.96.200 - - [20/Jun/2011:11:03:01 -0700] "GET /static-api/5315/images/albums/187/ HTTP/1.0" 200 6098 "-" "-"
123.186.242.90 - - [20/Jun/2011:11:03:01 -0700] "GET /client/5315/images/albums/187 HTTP/1.1" 200 899 "-" "Mozilla/5.0 (iPod touch; iPhone OS 4.2.1; bfc52476cfef4abf6682693cb8656c0551b535a3) phizuu:connect"
204.51.96.200 - - [20/Jun/2011:11:03:04 -0700] "GET /static-api/5036/images/config/ HTTP/1.0" 200 25 "-" "-"
173.173.2.8 - - [20/Jun/2011:11:02:58 -0700] "GET /client/5036/images/config/ HTTP/1.1" 200 45 "-" "5036-HM_Magazine/3.0.0 CFNetwork/485.12.7 Darwin/10.4.0"
173.173.2.8 - - [20/Jun/2011:11:03:04 -0700] "GET /client/5036/music/ HTTP/1.1" 200 645 "-" "Mozilla/5.0 (iPod touch; iPhone OS 4.2.1; b6b5d5d1e3c3f21040d495e338b39b79628558d7) phizuu:connect"
173.173.2.8 - - [20/Jun/2011:11:03:51 -0700] "GET /client/5036/images/ HTTP/1.1" 200 457 "-" "Mozilla/5.0 (iPod touch; iPhone OS 4.2.1; b6b5d5d1e3c3f21040d495e338b39b79628558d7) phizuu:connect"
10.112.61.195 - - [20/Jun/2011:11:04:12 -0700] "GET /static-api/5076 HTTP/1.0" 301 364 "-" "-"
10.112.61.195 - - [20/Jun/2011:11:04:12 -0700] "GET /static-api/5076/ HTTP/1.0" 200 817 "-" "-"
166.205.142.34 - - [20/Jun/2011:11:04:12 -0700] "GET /client/5076/ HTTP/1.1" 200 261 "-" "Mozilla/5.0 (iPhone; iPhone OS 4.2.1; 8d8d61cb0bc209a7087ea6acdacd769fd580541d) phizuu:connect"
204.51.96.200 - - [20/Jun/2011:11:04:13 -0700] "GET /static-api/5076/images/config HTTP/1.0" 301 388 "-" "-"
123.186.242.90 - - [20/Jun/2011:11:04:13 -0700] "GET /client/5315/wall/ HTTP/1.1" 200 294 "-" "Mozilla/5.0 (iPod touch; iPhone OS 4.2.1; bfc52476cfef4abf6682693cb8656c0551b535a3) phizuu:connect"
204.51.96.200 - - [20/Jun/2011:11:04:13 -0700] "GET /static-api/5076/images/config/ HTTP/1.0" 200 25 "-" "-"
166.205.142.34 - - [20/Jun/2011:11:04:13 -0700] "GET /client/5076/images/config/ HTTP/1.1" 200 45 "-" "5076-Laidback_Luke_/3.0.0 CFNetwork/485.12.7 Darwin/10.4.0"
166.205.142.34 - - [20/Jun/2011:11:04:14 -0700] "GET /client/5076/music/ HTTP/1.1" 200 1328 "-" "Mozilla/5.0 (iPhone; iPhone OS 4.2.1; 8d8d61cb0bc209a7087ea6acdacd769fd580541d) phizuu:connect"
10.112.61.195 - - [20/Jun/2011:11:04:17 -0700] "GET /static-api/5254 HTTP/1.0" 301 364 "-" "-"
10.112.61.195 - - [20/Jun/2011:11:04:17 -0700] "GET /static-api/5254/ HTTP/1.0" 200 754 "-" "-"
91.3.203.7 - - [20/Jun/2011:11:04:17 -0700] "GET /client/5254/ HTTP/1.1" 200 233 "-" "Mozilla/5.0 (iPod touch; iPhone OS 4.2.1; 136acf3054f57e428ef82bea9a4c2d5ca629492d) phizuu:connect"
204.51.96.200 - - [20/Jun/2011:11:04:17 -0700] "GET /static-api/5254/images/config HTTP/1.0" 301 388 "-" "-"
204.51.96.200 - - [20/Jun/2011:11:04:18 -0700] "GET /static-api/5254/images/config/ HTTP/1.0" 200 25 "-" "-"
91.3.203.7 - - [20/Jun/2011:11:04:17 -0700] "GET /client/5254/images/config/ HTTP/1.1" 200 45 "-" "5254-BunkerTV/3.0.0 CFNetwork/485.12.7 Darwin/10.4.0"
91.3.203.7 - - [20/Jun/2011:11:04:18 -0700] "GET /client/5254/music/ HTTP/1.1" 200 821 "-" "Mozilla/5.0 (iPod touch; iPhone OS 4.2.1; 136acf3054f57e428ef82bea9a4c2d5ca629492d) phizuu:connect"
123.186.242.90 - - [20/Jun/2011:11:04:28 -0700] "GET /client/5315/links/ HTTP/1.1" 200 258 "-" "Mozilla/5.0 (iPod touch; iPhone OS 4.2.1; bfc52476cfef4abf6682693cb8656c0551b535a3) phizuu:connect"
166.205.142.34 - - [20/Jun/2011:11:04:29 -0700] "GET /client/5076/images/ HTTP/1.1" 200 3880 "-" "Mozilla/5.0 (iPhone; iPhone OS 4.2.1; 8d8d61cb0bc209a7087ea6acdacd769fd580541d) phizuu:connect"
166.205.142.34 - - [20/Jun/2011:11:04:34 -0700] "GET /client/5076/events/ HTTP/1.1" 200 5648 "-" "Mozilla/5.0 (iPhone; iPhone OS 4.2.1; 8d8d61cb0bc209a7087ea6acdacd769fd580541d) phizuu:connect"
91.3.203.7 - - [20/Jun/2011:11:04:41 -0700] "GET /client/5254/events/ HTTP/1.1" 200 265 "-" "Mozilla/5.0 (iPod touch; iPhone OS 4.2.1; 136acf3054f57e428ef82bea9a4c2d5ca629492d) phizuu:connect"
173.173.2.8 - - [20/Jun/2011:11:05:15 -0700] "GET /client/5036/videos/ HTTP/1.1" 200 377 "-" "Mozilla/5.0 (iPod touch; iPhone OS 4.2.1; b6b5d5d1e3c3f21040d495e338b39b79628558d7) phizuu:connect"
10.112.61.195 - - [20/Jun/2011:11:05:23 -0700] "GET /static-api/11 HTTP/1.0" 301 362 "-" "-"
10.112.61.195 - - [20/Jun/2011:11:05:23 -0700] "GET /static-api/11/ HTTP/1.0" 200 787 "-" "-"
124.43.231.93 - - [20/Jun/2011:11:05:23 -0700] "GET /client/11/ HTTP/1.1" 200 237 "-" "Mozilla/5.0 (iPhone; iPhone OS 4.3.3; fb7ec12165b4f0402477b879f9acacb7219b51f0) phizuu:connect"
204.51.96.200 - - [20/Jun/2011:11:05:24 -0700] "GET /static-api/11/images/config HTTP/1.0" 301 386 "-" "-"
204.51.96.200 - - [20/Jun/2011:11:05:24 -0700] "GET /static-api/11/images/config/ HTTP/1.0" 200 25 "-" "-"
124.43.231.93 - - [20/Jun/2011:11:05:24 -0700] "GET /client/11/images/config/ HTTP/1.1" 200 45 "-" "11-Ranidu/3.0.0 CFNetwork/485.13.9 Darwin/11.0.0"
124.43.231.93 - - [20/Jun/2011:11:05:25 -0700] "GET /client/11/music/ HTTP/1.1" 200 880 "-" "Mozilla/5.0 (iPhone; iPhone OS 4.3.3; fb7ec12165b4f0402477b879f9acacb7219b51f0) phizuu:connect"
124.43.231.93 - - [20/Jun/2011:11:05:26 -0700] "GET /client/11/images/ HTTP/1.1" 200 697 "-" "Mozilla/5.0 (iPhone; iPhone OS 4.3.3; fb7ec12165b4f0402477b879f9acacb7219b51f0) phizuu:connect"
10.112.61.195 - - [20/Jun/2011:11:06:06 -0700] "GET /static-api/18 HTTP/1.0" 301 362 "-" "-"
10.112.61.195 - - [20/Jun/2011:11:06:06 -0700] "GET /static-api/18/ HTTP/1.0" 200 803 "-" "-"
82.132.248.36 - - [20/Jun/2011:11:06:06 -0700] "GET /client/18/ HTTP/1.1" 200 243 "-" "Mozilla/5.0 (iPhone; iPhone OS 3.1.3; d03b0d9569d612172c04f72fb5b1afd214bebb04) phizuu:connect"
204.51.96.200 - - [20/Jun/2011:11:06:06 -0700] "GET /static-api/18/images/config HTTP/1.0" 301 386 "-" "-"
204.51.96.200 - - [20/Jun/2011:11:06:06 -0700] "GET /static-api/18/images/config/ HTTP/1.0" 200 23 "-" "-"
82.132.248.36 - - [20/Jun/2011:11:06:06 -0700] "GET /client/18/images/config/ HTTP/1.1" 200 43 "-" "18-Steve_Angello/3.0.0 CFNetwork/459 Darwin/10.0.0d3"
82.132.248.36 - - [20/Jun/2011:11:06:06 -0700] "GET /client/18/music/ HTTP/1.1" 200 2504 "-" "Mozilla/5.0 (iPhone; iPhone OS 3.1.3; d03b0d9569d612172c04f72fb5b1afd214bebb04) phizuu:connect"
204.51.96.200 - - [20/Jun/2011:11:06:48 -0700] "GET /static-api/5315/images/config HTTP/1.0" 301 388 "-" "-"
204.51.96.200 - - [20/Jun/2011:11:06:48 -0700] "GET /static-api/5315/images/config/ HTTP/1.0" 200 23 "-" "-"
123.186.242.90 - - [20/Jun/2011:11:06:48 -0700] "GET /client/5315/images/config/ HTTP/1.1" 200 43 "-" "Template/4.0.1 CFNetwork/485.12.7 Darwin/10.4.0"
123.186.242.90 - - [20/Jun/2011:11:06:51 -0700] "POST /client/5315/updates HTTP/1.1" 200 135 "-" "Template/4.0.1 CFNetwork/485.12.7 Darwin/10.4.0"
10.112.61.195 - - [20/Jun/2011:11:06:52 -0700] "GET /static-api/5315 HTTP/1.0" 301 364 "-" "-"
10.112.61.195 - - [20/Jun/2011:11:06:52 -0700] "GET /static-api/5315/ HTTP/1.0" 200 820 "-" "-"
123.186.242.90 - - [20/Jun/2011:11:06:52 -0700] "GET /client/5315/ HTTP/1.1" 200 263 "-" "Mozilla/5.0 (iPod touch; iPhone OS 4.2.1; bfc52476cfef4abf6682693cb8656c0551b535a3) phizuu:connect"
123.186.242.90 - - [20/Jun/2011:11:06:52 -0700] "GET /client/5315/events/ HTTP/1.1" 200 5587 "-" "Mozilla/5.0 (iPod touch; iPhone OS 4.2.1; bfc52476cfef4abf6682693cb8656c0551b535a3) phizuu:connect"
123.186.242.90 - - [20/Jun/2011:11:06:52 -0700] "GET /client/5315/music/ HTTP/1.1" 200 2486 "-" "Mozilla/5.0 (iPod touch; iPhone OS 4.2.1; bfc52476cfef4abf6682693cb8656c0551b535a3) phizuu:connect"
123.186.242.90 - - [20/Jun/2011:11:06:55 -0700] "POST /client/5315/updates HTTP/1.1" 200 135 "-" "Template/4.0.1 CFNetwork/485.12.7 Darwin/10.4.0"
10.112.61.195 - - [20/Jun/2011:11:07:17 -0700] "GET /static-api/18 HTTP/1.0" 301 362 "-" "-"
10.112.61.195 - - [20/Jun/2011:11:07:17 -0700] "GET /static-api/18/ HTTP/1.0" 200 803 "-" "-"
72.130.13.62 - - [20/Jun/2011:11:07:17 -0700] "GET /client/18/ HTTP/1.1" 200 243 "-" "Mozilla/5.0 (iPhone; iPhone OS 4.3.3; 18076281fb47aa9edf0e6e524623e27fe09847a6) phizuu:connect"
204.51.96.200 - - [20/Jun/2011:11:07:17 -0700] "GET /static-api/18/images/config HTTP/1.0" 301 386 "-" "-"
204.51.96.200 - - [20/Jun/2011:11:07:17 -0700] "GET /static-api/18/images/config/ HTTP/1.0" 200 23 "-" "-"
72.130.13.62 - - [20/Jun/2011:11:07:17 -0700] "GET /client/18/images/config/ HTTP/1.1" 200 43 "-" "18-Steve_Angello/3.0.1 CFNetwork/485.13.9 Darwin/11.0.0"
72.130.13.62 - - [20/Jun/2011:11:07:17 -0700] "GET /client/18/music/ HTTP/1.1" 200 2504 "-" "Mozilla/5.0 (iPhone; iPhone OS 4.3.3; 18076281fb47aa9edf0e6e524623e27fe09847a6) phizuu:connect"
72.130.13.62 - - [20/Jun/2011:11:07:25 -0700] "GET /client/18/events/ HTTP/1.1" 200 1540 "-" "Mozilla/5.0 (iPhone; iPhone OS 4.3.3; 18076281fb47aa9edf0e6e524623e27fe09847a6) phizuu:connect"
124.43.231.93 - - [20/Jun/2011:11:08:57 -0700] "GET /client/11/wall/ HTTP/1.1" 200 251 "-" "Mozilla/5.0 (iPhone; iPhone OS 4.3.3; fb7ec12165b4f0402477b879f9acacb7219b51f0) phizuu:connect"
124.43.231.93 - - [20/Jun/2011:11:09:04 -0700] "GET /client/comment/replies/425 HTTP/1.1" 200 570 "-" "Mozilla/5.0 (iPhone; iPhone OS 4.3.3; fb7ec12165b4f0402477b879f9acacb7219b51f0) phizuu:connect"
10.112.61.195 - - [20/Jun/2011:11:09:17 -0700] "GET /static-api/11 HTTP/1.0" 301 362 "-" "-"
10.112.61.195 - - [20/Jun/2011:11:09:17 -0700] "GET /static-api/11/ HTTP/1.0" 200 787 "-" "-"
131.247.33.236 - - [20/Jun/2011:11:09:17 -0700] "GET /client/11/ HTTP/1.1" 200 237 "-" "Mozilla/5.0 (iPod touch; iPhone OS 4.3.3; 51cb497a41c4f7431e89ca36719bd2439f42b61f) phizuu:connect"
204.51.96.200 - - [20/Jun/2011:11:09:17 -0700] "GET /static-api/11/images/config HTTP/1.0" 301 386 "-" "-"
204.51.96.200 - - [20/Jun/2011:11:09:17 -0700] "GET /static-api/11/images/config/ HTTP/1.0" 200 25 "-" "-"
131.247.33.236 - - [20/Jun/2011:11:09:17 -0700] "GET /client/11/images/config/ HTTP/1.1" 200 45 "-" "11-Ranidu/3.0.0 CFNetwork/485.13.9 Darwin/11.0.0"
131.247.33.236 - - [20/Jun/2011:11:09:17 -0700] "GET /client/11/music/ HTTP/1.1" 200 880 "-" "Mozilla/5.0 (iPod touch; iPhone OS 4.3.3; 51cb497a41c4f7431e89ca36719bd2439f42b61f) phizuu:connect"
124.43.231.93 - - [20/Jun/2011:11:09:27 -0700] "GET /client/comment/replies/425 HTTP/1.1" 200 570 "-" "Mozilla/5.0 (iPhone; iPhone OS 4.3.3; fb7ec12165b4f0402477b879f9acacb7219b51f0) phizuu:connect"
131.247.33.236 - - [20/Jun/2011:11:09:32 -0700] "GET /client/11/images/ HTTP/1.1" 200 697 "-" "Mozilla/5.0 (iPod touch; iPhone OS 4.3.3; 51cb497a41c4f7431e89ca36719bd2439f42b61f) phizuu:connect"
131.247.33.236 - - [20/Jun/2011:11:09:47 -0700] "GET /client/11/videos/ HTTP/1.1" 200 1680 "-" "Mozilla/5.0 (iPod touch; iPhone OS 4.3.3; 51cb497a41c4f7431e89ca36719bd2439f42b61f) phizuu:connect"
217.164.63.104 - - [20/Jun/2011:11:09:51 -0700] "GET /client/5078/events/ HTTP/1.1" 200 248 "-" "Mozilla/5.0 (iPhone; iPhone OS 4.3.3; 03068de13f194cd82e5a34f713cf0c3355093efb) phizuu:connect"
124.43.231.93 - - [20/Jun/2011:11:10:18 -0700] "GET /client/11/events/ HTTP/1.1" 200 234 "-" "Mozilla/5.0 (iPhone; iPhone OS 4.3.3; fb7ec12165b4f0402477b879f9acacb7219b51f0) phizuu:connect"
124.43.231.93 - - [20/Jun/2011:11:10:20 -0700] "GET /client/11/music/ HTTP/1.1" 200 880 "-" "Mozilla/5.0 (iPhone; iPhone OS 4.3.3; fb7ec12165b4f0402477b879f9acacb7219b51f0) phizuu:connect"
217.164.63.104 - - [20/Jun/2011:11:10:40 -0700] "GET /client/5078/videos/ HTTP/1.1" 200 1879 "-" "Mozilla/5.0 (iPhone; iPhone OS 4.3.3; 03068de13f194cd82e5a34f713cf0c3355093efb) phizuu:connect"
10.112.61.195 - - [20/Jun/2011:11:11:03 -0700] "GET /static-api/16 HTTP/1.0" 301 362 "-" "-"
10.112.61.195 - - [20/Jun/2011:11:11:03 -0700] "GET /static-api/16/ HTTP/1.0" 200 838 "-" "-"
199.19.249.196 - - [20/Jun/2011:11:11:03 -0700] "GET /client/16 HTTP/1.1" 200 570 "-" "Mozilla/4.0 (compatible; MSIE 7.0; Windows NT 5.1; InfoPath.1; .NET CLR 2.0.50727; .NET CLR 1.1.4322; MS-RTC LM 8; .NET CLR 3.0.4506.2152; .NET CLR 3.5.30729)"
10.112.61.195 - - [20/Jun/2011:11:11:03 -0700] "GET /static-api/16 HTTP/1.0" 301 362 "-" "-"
10.112.61.195 - - [20/Jun/2011:11:11:03 -0700] "GET /static-api/16/ HTTP/1.0" 200 838 "-" "-"
212.183.128.108 - - [20/Jun/2011:11:11:03 -0700] "GET /client/16/ HTTP/1.1" 200 294 "-" "Mozilla/5.0 (iPhone; iPhone OS 4.3.3; b674a597ae56abfc3e92d5d672d8a1d72ae34295) phizuu:connect"
204.51.96.200 - - [20/Jun/2011:11:11:05 -0700] "GET /static-api/16/images/config HTTP/1.0" 301 386 "-" "-"
204.51.96.200 - - [20/Jun/2011:11:11:05 -0700] "GET /static-api/16/images/config/ HTTP/1.0" 200 23 "-" "-"
199.19.249.196 - - [20/Jun/2011:11:11:05 -0700] "GET /client/16/images/config HTTP/1.1" 200 23 "-" "Mozilla/4.0 (compatible; MSIE 7.0; Windows NT 5.1; InfoPath.1; .NET CLR 2.0.50727; .NET CLR 1.1.4322; MS-RTC LM 8; .NET CLR 3.0.4506.2152; .NET CLR 3.5.30729)"
204.51.96.200 - - [20/Jun/2011:11:11:06 -0700] "GET /static-api/16/images/config HTTP/1.0" 301 386 "-" "-"
204.51.96.200 - - [20/Jun/2011:11:11:06 -0700] "GET /static-api/16/images/config/ HTTP/1.0" 200 23 "-" "-"
212.183.128.108 - - [20/Jun/2011:11:11:05 -0700] "GET /client/16/images/config/ HTTP/1.1" 200 43 "-" "16-Andy_Moor/3.0.0 CFNetwork/485.13.9 Darwin/11.0.0"
212.183.128.108 - - [20/Jun/2011:11:11:07 -0700] "GET /client/16/music/ HTTP/1.1" 200 1071 "-" "Mozilla/5.0 (iPhone; iPhone OS 4.3.3; b674a597ae56abfc3e92d5d672d8a1d72ae34295) phizuu:connect"
212.183.128.108 - - [20/Jun/2011:11:11:12 -0700] "GET /client/16/events/ HTTP/1.1" 200 832 "-" "Mozilla/5.0 (iPhone; iPhone OS 4.3.3; b674a597ae56abfc3e92d5d672d8a1d72ae34295) phizuu:connect"
10.112.61.195 - - [20/Jun/2011:11:15:03 -0700] "GET /static-api/107 HTTP/1.0" 301 363 "-" "-"
10.112.61.195 - - [20/Jun/2011:11:15:03 -0700] "GET /static-api/107/ HTTP/1.0" 200 812 "-" "-"
166.205.136.72 - - [20/Jun/2011:11:15:03 -0700] "GET /client/107/ HTTP/1.1" 200 257 "-" "Mozilla/5.0 (iPhone; iPhone OS 4.2.1; 6bbbef5945b2f5352f30bece020bd58940e3756c) phizuu:connect"
204.51.96.200 - - [20/Jun/2011:11:15:03 -0700] "GET /static-api/107/images/config HTTP/1.0" 301 387 "-" "-"
204.51.96.200 - - [20/Jun/2011:11:15:04 -0700] "GET /static-api/107/images/config/ HTTP/1.0" 200 23 "-" "-"
166.205.136.72 - - [20/Jun/2011:11:15:03 -0700] "GET /client/107/images/config/ HTTP/1.1" 200 43 "-" "107-Eddie_Halliwell/3.0.1 CFNetwork/485.12.7 Darwin/10.4.0"
166.205.136.72 - - [20/Jun/2011:11:15:04 -0700] "GET /client/107/music/ HTTP/1.1" 200 2195 "-" "Mozilla/5.0 (iPhone; iPhone OS 4.2.1; 6bbbef5945b2f5352f30bece020bd58940e3756c) phizuu:connect"
178.96.224.185 - - [20/Jun/2011:11:15:09 -0700] "POST /client/5315/updates HTTP/1.1" 200 135 "-" "Template/4.0.1 CFNetwork/485.13.9 Darwin/11.0.0"
178.96.224.185 - - [20/Jun/2011:11:15:14 -0700] "POST /client/5315/updates HTTP/1.1" 200 135 "-" "Template/4.0.1 CFNetwork/485.13.9 Darwin/11.0.0"
178.96.224.185 - - [20/Jun/2011:11:15:21 -0700] "POST /client/5315/updates HTTP/1.1" 200 135 "-" "Template/4.0.1 CFNetwork/485.13.9 Darwin/11.0.0"
10.112.61.195 - - [20/Jun/2011:11:16:16 -0700] "GET /static-api/18 HTTP/1.0" 301 362 "-" "-"
10.112.61.195 - - [20/Jun/2011:11:16:16 -0700] "GET /static-api/18/ HTTP/1.0" 200 803 "-" "-"
186.20.126.174 - - [20/Jun/2011:11:16:16 -0700] "GET /client/18/ HTTP/1.1" 200 243 "-" "Mozilla/5.0 (iPhone; iPhone OS 4.2.1; 3842776562cd5d1ebec3096564a6acc2e139f5a3) phizuu:connect"
204.51.96.200 - - [20/Jun/2011:11:16:17 -0700] "GET /static-api/18/images/config HTTP/1.0" 301 386 "-" "-"
204.51.96.200 - - [20/Jun/2011:11:16:17 -0700] "GET /static-api/18/images/config/ HTTP/1.0" 200 23 "-" "-"
186.20.126.174 - - [20/Jun/2011:11:16:17 -0700] "GET /client/18/images/config/ HTTP/1.1" 200 43 "-" "18-Steve_Angello/3.0.1 CFNetwork/485.12.7 Darwin/10.4.0"
186.20.126.174 - - [20/Jun/2011:11:16:18 -0700] "GET /client/18/music/ HTTP/1.1" 200 2504 "-" "Mozilla/5.0 (iPhone; iPhone OS 4.2.1; 3842776562cd5d1ebec3096564a6acc2e139f5a3) phizuu:connect"
10.112.61.195 - - [20/Jun/2011:11:17:22 -0700] "GET /static-api/5186 HTTP/1.0" 301 364 "-" "-"
10.112.61.195 - - [20/Jun/2011:11:17:22 -0700] "GET /static-api/5186/ HTTP/1.0" 200 816 "-" "-"
87.172.244.24 - - [20/Jun/2011:11:17:22 -0700] "GET /client/5186/ HTTP/1.1" 200 264 "-" "Mozilla/5.0 (iPhone; iPhone OS 4.2.1; d7accf3280d98fb6ae5c5589f50efeeb609fa15d) phizuu:connect"
204.51.96.200 - - [20/Jun/2011:11:17:22 -0700] "GET /static-api/5186/images/config HTTP/1.0" 301 388 "-" "-"
204.51.96.200 - - [20/Jun/2011:11:17:22 -0700] "GET /static-api/5186/images/config/ HTTP/1.0" 200 25 "-" "-"
87.172.244.24 - - [20/Jun/2011:11:17:22 -0700] "GET /client/5186/images/config/ HTTP/1.1" 200 45 "-" "5186-Adam_Beyer/3.0.1 CFNetwork/485.12.7 Darwin/10.4.0"
87.172.244.24 - - [20/Jun/2011:11:17:23 -0700] "GET /client/5186/music/ HTTP/1.1" 200 1335 "-" "Mozilla/5.0 (iPhone; iPhone OS 4.2.1; d7accf3280d98fb6ae5c5589f50efeeb609fa15d) phizuu:connect"
10.112.61.195 - - [20/Jun/2011:11:17:29 -0700] "GET /static-api/10 HTTP/1.0" 301 362 "-" "-"
10.112.61.195 - - [20/Jun/2011:11:17:29 -0700] "GET /static-api/10/ HTTP/1.0" 200 801 "-" "-"
81.81.91.43 - - [20/Jun/2011:11:17:29 -0700] "GET /client/10/ HTTP/1.1" 200 244 "-" "Mozilla/5.0 (iPhone; iPhone OS 3.1.3; c1b4beb0b475cc73c7737a2ff314b6d2e7bf64ee) phizuu:connect"
204.51.96.200 - - [20/Jun/2011:11:17:29 -0700] "GET /static-api/10/images/config HTTP/1.0" 301 386 "-" "-"
204.51.96.200 - - [20/Jun/2011:11:17:29 -0700] "GET /static-api/10/images/config/ HTTP/1.0" 200 25 "-" "-"
81.81.91.43 - - [20/Jun/2011:11:17:29 -0700] "GET /client/10/images/config/ HTTP/1.1" 200 45 "-" "10-Erick_Morillo/3.0.0 CFNetwork/459 Darwin/10.0.0d3"
81.81.91.43 - - [20/Jun/2011:11:17:30 -0700] "GET /client/10/music/ HTTP/1.1" 200 1042 "-" "Mozilla/5.0 (iPhone; iPhone OS 3.1.3; c1b4beb0b475cc73c7737a2ff314b6d2e7bf64ee) phizuu:connect"
81.81.91.43 - - [20/Jun/2011:11:17:41 -0700] "GET /client/10/videos/ HTTP/1.1" 200 3064 "-" "Mozilla/5.0 (iPhone; iPhone OS 3.1.3; c1b4beb0b475cc73c7737a2ff314b6d2e7bf64ee) phizuu:connect"
10.112.61.195 - - [20/Jun/2011:11:17:57 -0700] "GET /static-api/5186 HTTP/1.0" 301 364 "-" "-"
10.112.61.195 - - [20/Jun/2011:11:17:57 -0700] "GET /static-api/5186/ HTTP/1.0" 200 816 "-" "-"
77.225.117.11 - - [20/Jun/2011:11:17:57 -0700] "GET /client/5186/ HTTP/1.1" 200 264 "-" "Mozilla/5.0 (iPhone; iPhone OS 4.2.1; 81ae45e5c5b69192c5a7a581a150522da1cbf3f8) phizuu:connect"
204.51.96.200 - - [20/Jun/2011:11:17:58 -0700] "GET /static-api/5186/images/config HTTP/1.0" 301 388 "-" "-"
204.51.96.200 - - [20/Jun/2011:11:17:58 -0700] "GET /static-api/5186/images/config/ HTTP/1.0" 200 25 "-" "-"
77.225.117.11 - - [20/Jun/2011:11:17:58 -0700] "GET /client/5186/images/config/ HTTP/1.1" 200 45 "-" "5186-Adam_Beyer/3.0.1 CFNetwork/485.12.7 Darwin/10.4.0"
77.225.117.11 - - [20/Jun/2011:11:17:59 -0700] "GET /client/5186/music/ HTTP/1.1" 200 1335 "-" "Mozilla/5.0 (iPhone; iPhone OS 4.2.1; 81ae45e5c5b69192c5a7a581a150522da1cbf3f8) phizuu:connect"
131.247.33.236 - - [20/Jun/2011:11:18:14 -0700] "GET /client/11/events/ HTTP/1.1" 200 234 "-" "Mozilla/5.0 (iPod touch; iPhone OS 4.3.3; 51cb497a41c4f7431e89ca36719bd2439f42b61f) phizuu:connect"
204.51.96.200 - - [20/Jun/2011:11:18:19 -0700] "GET /static-api/5315/images/config HTTP/1.0" 301 388 "-" "-"
204.51.96.200 - - [20/Jun/2011:11:18:19 -0700] "GET /static-api/5315/images/config/ HTTP/1.0" 200 23 "-" "-"
178.104.255.146 - - [20/Jun/2011:11:18:19 -0700] "GET /client/5315/images/config/ HTTP/1.1" 200 43 "-" "Template/4.0.1 CFNetwork/485.13.9 Darwin/11.0.0"
10.112.61.195 - - [20/Jun/2011:11:18:20 -0700] "GET /static-api/5315 HTTP/1.0" 301 364 "-" "-"
10.112.61.195 - - [20/Jun/2011:11:18:20 -0700] "GET /static-api/5315/ HTTP/1.0" 200 820 "-" "-"
178.104.255.146 - - [20/Jun/2011:11:18:20 -0700] "GET /client/5315/ HTTP/1.1" 200 263 "-" "Mozilla/5.0 (iPhone; iPhone OS 4.3.2; af024da2781ae3345709850edc10376441663448) phizuu:connect"
178.104.255.146 - - [20/Jun/2011:11:18:20 -0700] "POST /client/5315/updates HTTP/1.1" 200 135 "-" "Template/4.0.1 CFNetwork/485.13.9 Darwin/11.0.0"
178.104.255.146 - - [20/Jun/2011:11:18:21 -0700] "POST /client/5315/updates HTTP/1.1" 200 135 "-" "Template/4.0.1 CFNetwork/485.13.9 Darwin/11.0.0"
178.104.255.146 - - [20/Jun/2011:11:18:21 -0700] "GET /client/5315/events/ HTTP/1.1" 200 5587 "-" "Mozilla/5.0 (iPhone; iPhone OS 4.3.2; af024da2781ae3345709850edc10376441663448) phizuu:connect"
178.104.255.146 - - [20/Jun/2011:11:18:21 -0700] "GET /client/5315/music/ HTTP/1.1" 200 2486 "-" "Mozilla/5.0 (iPhone; iPhone OS 4.3.2; af024da2781ae3345709850edc10376441663448) phizuu:connect"
178.104.255.146 - - [20/Jun/2011:11:18:21 -0700] "POST /client/5315/updates HTTP/1.1" 200 135 "-" "Template/4.0.1 CFNetwork/485.13.9 Darwin/11.0.0"
166.205.136.72 - - [20/Jun/2011:11:18:28 -0700] "GET /client/107/events/ HTTP/1.1" 200 8245 "-" "Mozilla/5.0 (iPhone; iPhone OS 4.2.1; 6bbbef5945b2f5352f30bece020bd58940e3756c) phizuu:connect"
10.112.61.195 - - [20/Jun/2011:11:19:20 -0700] "GET /static-api/107 HTTP/1.0" 301 363 "-" "-"
10.112.61.195 - - [20/Jun/2011:11:19:20 -0700] "GET /static-api/107/ HTTP/1.0" 200 812 "-" "-"
94.194.217.14 - - [20/Jun/2011:11:19:20 -0700] "GET /client/107/ HTTP/1.1" 200 257 "-" "Mozilla/5.0 (iPhone; iPhone OS 4.2.1; ccba6ced601612fcbb7a85791d09837815d117c6) phizuu:connect"
204.51.96.200 - - [20/Jun/2011:11:19:20 -0700] "GET /static-api/107/images/config HTTP/1.0" 301 387 "-" "-"
204.51.96.200 - - [20/Jun/2011:11:19:20 -0700] "GET /static-api/107/images/config/ HTTP/1.0" 200 23 "-" "-"
94.194.217.14 - - [20/Jun/2011:11:19:20 -0700] "GET /client/107/images/config/ HTTP/1.1" 200 43 "-" "107-Eddie_Halliwell/3.0.1 CFNetwork/485.12.7 Darwin/10.4.0"
94.194.217.14 - - [20/Jun/2011:11:19:21 -0700] "GET /client/107/music/ HTTP/1.1" 200 2195 "-" "Mozilla/5.0 (iPhone; iPhone OS 4.2.1; ccba6ced601612fcbb7a85791d09837815d117c6) phizuu:connect"
94.194.217.14 - - [20/Jun/2011:11:20:27 -0700] "GET /client/107/videos/ HTTP/1.1" 200 2715 "-" "Mozilla/5.0 (iPhone; iPhone OS 4.2.1; ccba6ced601612fcbb7a85791d09837815d117c6) phizuu:connect"
204.51.96.200 - - [20/Jun/2011:11:20:40 -0700] "GET /static-api/5315/images/config HTTP/1.0" 301 388 "-" "-"
204.51.96.200 - - [20/Jun/2011:11:20:40 -0700] "GET /static-api/5315/images/config/ HTTP/1.0" 200 23 "-" "-"
82.132.139.138 - - [20/Jun/2011:11:20:40 -0700] "GET /client/5315/images/config/ HTTP/1.1" 200 43 "-" "Template/4.0.1 CFNetwork/485.2 Darwin/10.3.1"
10.112.61.195 - - [20/Jun/2011:11:20:41 -0700] "GET /static-api/5315 HTTP/1.0" 301 364 "-" "-"
10.112.61.195 - - [20/Jun/2011:11:20:41 -0700] "GET /static-api/5315/ HTTP/1.0" 200 820 "-" "-"
82.132.139.138 - - [20/Jun/2011:11:20:41 -0700] "GET /client/5315/ HTTP/1.1" 200 263 "-" "Mozilla/5.0 (iPhone; iPhone OS 4.0; 3b2fe8cce7bd6966fdfa297c12cf224fb0bc1ccc) phizuu:connect"
82.132.139.138 - - [20/Jun/2011:11:20:41 -0700] "POST /client/5315/updates HTTP/1.1" 200 135 "-" "Template/4.0.1 CFNetwork/485.2 Darwin/10.3.1"
82.132.139.138 - - [20/Jun/2011:11:20:42 -0700] "GET /client/5315/events/ HTTP/1.1" 200 5587 "-" "Mozilla/5.0 (iPhone; iPhone OS 4.0; 3b2fe8cce7bd6966fdfa297c12cf224fb0bc1ccc) phizuu:connect"
82.132.139.138 - - [20/Jun/2011:11:20:42 -0700] "GET /client/5315/music/ HTTP/1.1" 200 2486 "-" "Mozilla/5.0 (iPhone; iPhone OS 4.0; 3b2fe8cce7bd6966fdfa297c12cf224fb0bc1ccc) phizuu:connect"
204.51.96.200 - - [20/Jun/2011:11:20:48 -0700] "GET /static-api/5315/images/config HTTP/1.0" 301 388 "-" "-"
204.51.96.200 - - [20/Jun/2011:11:20:48 -0700] "GET /static-api/5315/images/config/ HTTP/1.0" 200 23 "-" "-"
82.132.139.138 - - [20/Jun/2011:11:20:47 -0700] "GET /client/5315/images/config/ HTTP/1.1" 200 43 "-" "Template/4.0.1 CFNetwork/485.2 Darwin/10.3.1"
10.112.61.195 - - [20/Jun/2011:11:20:48 -0700] "GET /static-api/5315 HTTP/1.0" 301 364 "-" "-"
10.112.61.195 - - [20/Jun/2011:11:20:48 -0700] "GET /static-api/5315/ HTTP/1.0" 200 820 "-" "-"
82.132.139.138 - - [20/Jun/2011:11:20:48 -0700] "GET /client/5315/ HTTP/1.1" 200 263 "-" "Mozilla/5.0 (iPhone; iPhone OS 4.0; 3b2fe8cce7bd6966fdfa297c12cf224fb0bc1ccc) phizuu:connect"
82.132.139.138 - - [20/Jun/2011:11:20:49 -0700] "POST /client/5315/updates HTTP/1.1" 200 135 "-" "Template/4.0.1 CFNetwork/485.2 Darwin/10.3.1"
82.132.139.138 - - [20/Jun/2011:11:20:49 -0700] "GET /client/5315/events/ HTTP/1.1" 200 5587 "-" "Mozilla/5.0 (iPhone; iPhone OS 4.0; 3b2fe8cce7bd6966fdfa297c12cf224fb0bc1ccc) phizuu:connect"
82.132.139.138 - - [20/Jun/2011:11:20:49 -0700] "GET /client/5315/music/ HTTP/1.1" 200 2486 "-" "Mozilla/5.0 (iPhone; iPhone OS 4.0; 3b2fe8cce7bd6966fdfa297c12cf224fb0bc1ccc) phizuu:connect"
204.51.96.200 - - [20/Jun/2011:11:20:53 -0700] "GET /static-api/5315/images/config HTTP/1.0" 301 388 "-" "-"
204.51.96.200 - - [20/Jun/2011:11:20:53 -0700] "GET /static-api/5315/images/config/ HTTP/1.0" 200 23 "-" "-"
82.132.139.138 - - [20/Jun/2011:11:20:53 -0700] "GET /client/5315/images/config/ HTTP/1.1" 200 43 "-" "Template/4.0.1 CFNetwork/485.2 Darwin/10.3.1"
10.112.61.195 - - [20/Jun/2011:11:20:54 -0700] "GET /static-api/5315 HTTP/1.0" 301 364 "-" "-"
10.112.61.195 - - [20/Jun/2011:11:20:54 -0700] "GET /static-api/5315/ HTTP/1.0" 200 820 "-" "-"
82.132.139.138 - - [20/Jun/2011:11:20:54 -0700] "GET /client/5315/ HTTP/1.1" 200 263 "-" "Mozilla/5.0 (iPhone; iPhone OS 4.0; 3b2fe8cce7bd6966fdfa297c12cf224fb0bc1ccc) phizuu:connect"
82.132.139.138 - - [20/Jun/2011:11:20:54 -0700] "POST /client/5315/updates HTTP/1.1" 200 135 "-" "Template/4.0.1 CFNetwork/485.2 Darwin/10.3.1"
82.132.139.138 - - [20/Jun/2011:11:20:55 -0700] "GET /client/5315/events/ HTTP/1.1" 200 5587 "-" "Mozilla/5.0 (iPhone; iPhone OS 4.0; 3b2fe8cce7bd6966fdfa297c12cf224fb0bc1ccc) phizuu:connect"
82.132.139.138 - - [20/Jun/2011:11:20:55 -0700] "GET /client/5315/music/ HTTP/1.1" 200 2486 "-" "Mozilla/5.0 (iPhone; iPhone OS 4.0; 3b2fe8cce7bd6966fdfa297c12cf224fb0bc1ccc) phizuu:connect"
204.51.96.200 - - [20/Jun/2011:11:20:58 -0700] "GET /static-api/5315/images/config HTTP/1.0" 301 388 "-" "-"
204.51.96.200 - - [20/Jun/2011:11:20:58 -0700] "GET /static-api/5315/images/config/ HTTP/1.0" 200 23 "-" "-"
82.132.139.138 - - [20/Jun/2011:11:20:58 -0700] "GET /client/5315/images/config/ HTTP/1.1" 200 43 "-" "Template/4.0.1 CFNetwork/485.2 Darwin/10.3.1"
10.112.61.195 - - [20/Jun/2011:11:20:59 -0700] "GET /static-api/5315 HTTP/1.0" 301 364 "-" "-"
10.112.61.195 - - [20/Jun/2011:11:20:59 -0700] "GET /static-api/5315/ HTTP/1.0" 200 820 "-" "-"
82.132.139.138 - - [20/Jun/2011:11:20:59 -0700] "GET /client/5315/ HTTP/1.1" 200 263 "-" "Mozilla/5.0 (iPhone; iPhone OS 4.0; 3b2fe8cce7bd6966fdfa297c12cf224fb0bc1ccc) phizuu:connect"
82.132.139.138 - - [20/Jun/2011:11:20:59 -0700] "POST /client/5315/updates HTTP/1.1" 200 135 "-" "Template/4.0.1 CFNetwork/485.2 Darwin/10.3.1"
82.132.139.138 - - [20/Jun/2011:11:21:00 -0700] "GET /client/5315/events/ HTTP/1.1" 200 5587 "-" "Mozilla/5.0 (iPhone; iPhone OS 4.0; 3b2fe8cce7bd6966fdfa297c12cf224fb0bc1ccc) phizuu:connect"
82.132.139.138 - - [20/Jun/2011:11:21:00 -0700] "GET /client/5315/music/ HTTP/1.1" 200 2486 "-" "Mozilla/5.0 (iPhone; iPhone OS 4.0; 3b2fe8cce7bd6966fdfa297c12cf224fb0bc1ccc) phizuu:connect"
204.51.96.200 - - [20/Jun/2011:11:21:05 -0700] "GET /static-api/5315/images/config HTTP/1.0" 301 388 "-" "-"
204.51.96.200 - - [20/Jun/2011:11:21:05 -0700] "GET /static-api/5315/images/config/ HTTP/1.0" 200 23 "-" "-"
82.132.139.138 - - [20/Jun/2011:11:21:05 -0700] "GET /client/5315/images/config/ HTTP/1.1" 200 43 "-" "Template/4.0.1 CFNetwork/485.2 Darwin/10.3.1"
10.112.61.195 - - [20/Jun/2011:11:21:06 -0700] "GET /static-api/5315 HTTP/1.0" 301 364 "-" "-"
10.112.61.195 - - [20/Jun/2011:11:21:06 -0700] "GET /static-api/5315/ HTTP/1.0" 200 820 "-" "-"
82.132.139.138 - - [20/Jun/2011:11:21:06 -0700] "GET /client/5315/ HTTP/1.1" 200 263 "-" "Mozilla/5.0 (iPhone; iPhone OS 4.0; 3b2fe8cce7bd6966fdfa297c12cf224fb0bc1ccc) phizuu:connect"
82.132.139.138 - - [20/Jun/2011:11:21:06 -0700] "POST /client/5315/updates HTTP/1.1" 200 135 "-" "Template/4.0.1 CFNetwork/485.2 Darwin/10.3.1"
82.132.139.138 - - [20/Jun/2011:11:21:06 -0700] "GET /client/5315/events/ HTTP/1.1" 200 5587 "-" "Mozilla/5.0 (iPhone; iPhone OS 4.0; 3b2fe8cce7bd6966fdfa297c12cf224fb0bc1ccc) phizuu:connect"
82.132.139.138 - - [20/Jun/2011:11:21:06 -0700] "GET /client/5315/music/ HTTP/1.1" 200 2486 "-" "Mozilla/5.0 (iPhone; iPhone OS 4.0; 3b2fe8cce7bd6966fdfa297c12cf224fb0bc1ccc) phizuu:connect"
94.194.217.14 - - [20/Jun/2011:11:21:37 -0700] "GET /client/107/events/ HTTP/1.1" 200 8245 "-" "Mozilla/5.0 (iPhone; iPhone OS 4.2.1; ccba6ced601612fcbb7a85791d09837815d117c6) phizuu:connect"
178.96.224.185 - - [20/Jun/2011:11:21:40 -0700] "POST /client/5315/updates HTTP/1.1" 200 135 "-" "Template/4.0.1 CFNetwork/485.13.9 Darwin/11.0.0"
178.96.224.185 - - [20/Jun/2011:11:21:41 -0700] "POST /client/5315/updates HTTP/1.1" 200 135 "-" "Template/4.0.1 CFNetwork/485.13.9 Darwin/11.0.0"
10.112.61.195 - - [20/Jun/2011:11:22:22 -0700] "GET /static-api/11 HTTP/1.0" 301 362 "-" "-"
10.112.61.195 - - [20/Jun/2011:11:22:22 -0700] "GET /static-api/11/ HTTP/1.0" 200 787 "-" "-"
151.41.3.22 - - [20/Jun/2011:11:22:22 -0700] "GET /client/11/ HTTP/1.1" 200 237 "-" "Mozilla/5.0 (iPhone; iPhone OS 4.0.1; 7c5c2b2eacc196c84e50c08e8f31a556a1c9d808) phizuu:connect"
10.112.61.195 - - [20/Jun/2011:11:22:30 -0700] "GET /static-api/18 HTTP/1.0" 301 362 "-" "-"
10.112.61.195 - - [20/Jun/2011:11:22:30 -0700] "GET /static-api/18/ HTTP/1.0" 200 803 "-" "-"
95.193.61.225 - - [20/Jun/2011:11:22:30 -0700] "GET /client/18/ HTTP/1.1" 200 243 "-" "Mozilla/5.0 (iPhone; iPhone OS 4.2.1; 56ec25f0e6adfd06b91520fa97c1fa54e0fcbc4d) phizuu:connect"
204.51.96.200 - - [20/Jun/2011:11:22:30 -0700] "GET /static-api/18/images/config HTTP/1.0" 301 386 "-" "-"
204.51.96.200 - - [20/Jun/2011:11:22:31 -0700] "GET /static-api/18/images/config/ HTTP/1.0" 200 23 "-" "-"
95.193.61.225 - - [20/Jun/2011:11:22:30 -0700] "GET /client/18/images/config/ HTTP/1.1" 200 43 "-" "18-Steve_Angello/3.0.1 CFNetwork/485.12.7 Darwin/10.4.0"
95.193.61.225 - - [20/Jun/2011:11:22:31 -0700] "GET /client/18/music/ HTTP/1.1" 200 2504 "-" "Mozilla/5.0 (iPhone; iPhone OS 4.2.1; 56ec25f0e6adfd06b91520fa97c1fa54e0fcbc4d) phizuu:connect"
10.112.61.195 - - [20/Jun/2011:11:22:53 -0700] "GET /static-api/5254 HTTP/1.0" 301 364 "-" "-"
10.112.61.195 - - [20/Jun/2011:11:22:53 -0700] "GET /static-api/5254/ HTTP/1.0" 200 754 "-" "-"
80.187.106.53 - - [20/Jun/2011:11:22:53 -0700] "GET /client/5254/ HTTP/1.1" 200 233 "-" "Mozilla/5.0 (iPhone; iPhone OS 4.3.3; 8db5d4ee6c155f5ce9cc099973189405af2b7da3) phizuu:connect"
204.51.96.200 - - [20/Jun/2011:11:22:54 -0700] "GET /static-api/5254/images/config HTTP/1.0" 301 388 "-" "-"
204.51.96.200 - - [20/Jun/2011:11:22:54 -0700] "GET /static-api/5254/images/config/ HTTP/1.0" 200 25 "-" "-"
80.187.106.53 - - [20/Jun/2011:11:22:54 -0700] "GET /client/5254/images/config/ HTTP/1.1" 200 45 "-" "5254-BunkerTV/3.0.0 CFNetwork/485.13.9 Darwin/11.0.0"
80.187.106.53 - - [20/Jun/2011:11:22:54 -0700] "GET /client/5254/music/ HTTP/1.1" 200 821 "-" "Mozilla/5.0 (iPhone; iPhone OS 4.3.3; 8db5d4ee6c155f5ce9cc099973189405af2b7da3) phizuu:connect"
204.51.96.200 - - [20/Jun/2011:11:23:01 -0700] "GET /static-api/5315/images/config HTTP/1.0" 301 388 "-" "-"
204.51.96.200 - - [20/Jun/2011:11:23:01 -0700] "GET /static-api/5315/images/config/ HTTP/1.0" 200 23 "-" "-"
193.35.132.32 - - [20/Jun/2011:11:23:01 -0700] "GET /client/5315/images/config/ HTTP/1.1" 200 43 "-" "Template/4.0.1 CFNetwork/485.10.2 Darwin/10.3.1"
10.112.61.195 - - [20/Jun/2011:11:23:07 -0700] "GET /static-api/5315 HTTP/1.0" 301 364 "-" "-"
10.112.61.195 - - [20/Jun/2011:11:23:07 -0700] "GET /static-api/5315/ HTTP/1.0" 200 820 "-" "-"
193.35.132.4 - - [20/Jun/2011:11:23:07 -0700] "GET /client/5315/ HTTP/1.1" 200 263 "-" "Mozilla/5.0 (iPhone; iPhone OS 4.1; a4d05a800075279bc9462b866dce9209da5e36e8) phizuu:connect"
193.35.132.15 - - [20/Jun/2011:11:23:09 -0700] "GET /client/5315/events/ HTTP/1.1" 200 5587 "-" "Mozilla/5.0 (iPhone; iPhone OS 4.1; a4d05a800075279bc9462b866dce9209da5e36e8) phizuu:connect"
193.35.132.31 - - [20/Jun/2011:11:23:10 -0700] "GET /client/5315/music/ HTTP/1.1" 200 2486 "-" "Mozilla/5.0 (iPhone; iPhone OS 4.1; a4d05a800075279bc9462b866dce9209da5e36e8) phizuu:connect"
10.112.61.195 - - [20/Jun/2011:11:23:21 -0700] "GET /static-api/6 HTTP/1.0" 301 361 "-" "-"
10.112.61.195 - - [20/Jun/2011:11:23:21 -0700] "GET /static-api/6/ HTTP/1.0" 200 811 "-" "-"
131.247.33.236 - - [20/Jun/2011:11:23:21 -0700] "GET /client/6/ HTTP/1.1" 200 253 "-" "Mozilla/5.0 (iPod touch; iPhone OS 4.3.3; 51cb497a41c4f7431e89ca36719bd2439f42b61f) phizuu:connect"
204.51.96.200 - - [20/Jun/2011:11:23:21 -0700] "GET /static-api/6/images/config HTTP/1.0" 301 385 "-" "-"
204.51.96.200 - - [20/Jun/2011:11:23:21 -0700] "GET /static-api/6/images/config/ HTTP/1.0" 200 23 "-" "-"
131.247.33.236 - - [20/Jun/2011:11:23:21 -0700] "GET /client/6/images/config/ HTTP/1.1" 200 43 "-" "6-DeLon/3.0.0 CFNetwork/485.13.9 Darwin/11.0.0"
131.247.33.236 - - [20/Jun/2011:11:23:21 -0700] "GET /client/6/music/ HTTP/1.1" 200 288 "-" "Mozilla/5.0 (iPod touch; iPhone OS 4.3.3; 51cb497a41c4f7431e89ca36719bd2439f42b61f) phizuu:connect"
204.51.96.200 - - [20/Jun/2011:11:23:34 -0700] "GET /static-api/5315/images/config HTTP/1.0" 301 388 "-" "-"
204.51.96.200 - - [20/Jun/2011:11:23:34 -0700] "GET /static-api/5315/images/config/ HTTP/1.0" 200 23 "-" "-"
193.35.132.4 - - [20/Jun/2011:11:23:34 -0700] "GET /client/5315/images/config/ HTTP/1.1" 200 43 "-" "Template/4.0.1 CFNetwork/485.10.2 Darwin/10.3.1"
95.193.61.225 - - [20/Jun/2011:11:23:34 -0700] "GET /client/18/events/ HTTP/1.1" 200 1540 "-" "Mozilla/5.0 (iPhone; iPhone OS 4.2.1; 56ec25f0e6adfd06b91520fa97c1fa54e0fcbc4d) phizuu:connect"
10.112.61.195 - - [20/Jun/2011:11:23:36 -0700] "GET /static-api/5315 HTTP/1.0" 301 364 "-" "-"
10.112.61.195 - - [20/Jun/2011:11:23:36 -0700] "GET /static-api/5315/ HTTP/1.0" 200 820 "-" "-"
193.35.132.13 - - [20/Jun/2011:11:23:36 -0700] "GET /client/5315/ HTTP/1.1" 200 263 "-" "Mozilla/5.0 (iPhone; iPhone OS 4.1; a4d05a800075279bc9462b866dce9209da5e36e8) phizuu:connect"
193.35.132.52 - - [20/Jun/2011:11:23:37 -0700] "GET /client/5315/events/ HTTP/1.1" 200 5587 "-" "Mozilla/5.0 (iPhone; iPhone OS 4.1; a4d05a800075279bc9462b866dce9209da5e36e8) phizuu:connect"
193.35.132.42 - - [20/Jun/2011:11:23:38 -0700] "GET /client/5315/music/ HTTP/1.1" 200 2486 "-" "Mozilla/5.0 (iPhone; iPhone OS 4.1; a4d05a800075279bc9462b866dce9209da5e36e8) phizuu:connect"
80.187.106.53 - - [20/Jun/2011:11:23:38 -0700] "GET /client/5254/events/ HTTP/1.1" 200 265 "-" "Mozilla/5.0 (iPhone; iPhone OS 4.3.3; 8db5d4ee6c155f5ce9cc099973189405af2b7da3) phizuu:connect"
80.187.106.53 - - [20/Jun/2011:11:23:41 -0700] "GET /client/5254/discography/ HTTP/1.1" 200 267 "-" "Mozilla/5.0 (iPhone; iPhone OS 4.3.3; 8db5d4ee6c155f5ce9cc099973189405af2b7da3) phizuu:connect"
204.51.96.200 - - [20/Jun/2011:11:23:41 -0700] "GET /static-api/6/images/albums/ HTTP/1.0" 200 476 "-" "-"
131.247.33.236 - - [20/Jun/2011:11:23:41 -0700] "GET /client/6/images/albums/ HTTP/1.1" 200 197 "-" "Mozilla/5.0 (iPod touch; iPhone OS 4.3.3; 51cb497a41c4f7431e89ca36719bd2439f42b61f) phizuu:connect"
131.247.33.236 - - [20/Jun/2011:11:23:44 -0700] "GET /client/6/events/ HTTP/1.1" 200 33 "-" "Mozilla/5.0 (iPod touch; iPhone OS 4.3.3; 51cb497a41c4f7431e89ca36719bd2439f42b61f) phizuu:connect"
131.247.33.236 - - [20/Jun/2011:11:23:46 -0700] "GET /client/6/videos/ HTTP/1.1" 200 2568 "-" "Mozilla/5.0 (iPod touch; iPhone OS 4.3.3; 51cb497a41c4f7431e89ca36719bd2439f42b61f) phizuu:connect"
127.0.0.1 - - [20/Jun/2011:11:23:53 -0700] "OPTIONS * HTTP/1.0" 200 - "-" "Apache/2.2.11 (Ubuntu) PHP/5.2.6-3ubuntu4.5 with Suhosin-Patch (internal dummy connection)"
127.0.0.1 - - [20/Jun/2011:11:23:54 -0700] "OPTIONS * HTTP/1.0" 200 - "-" "Apache/2.2.11 (Ubuntu) PHP/5.2.6-3ubuntu4.5 with Suhosin-Patch (internal dummy connection)"
10.112.61.195 - - [20/Jun/2011:11:24:52 -0700] "GET /static-api/18 HTTP/1.0" 301 362 "-" "-"
10.112.61.195 - - [20/Jun/2011:11:24:52 -0700] "GET /static-api/18/ HTTP/1.0" 200 803 "-" "-"
85.74.202.182 - - [20/Jun/2011:11:24:52 -0700] "GET /client/18/ HTTP/1.1" 200 243 "-" "Mozilla/5.0 (iPhone; iPhone OS 4.2.1; 39f187acadd05317b3cf632b01d45886e2acd696) phizuu:connect"
204.51.96.200 - - [20/Jun/2011:11:24:52 -0700] "GET /static-api/18/images/config HTTP/1.0" 301 386 "-" "-"
