174.252.35.203 - - [20/Jun/2011:10:03:37 -0700] "GET /client/5078/music/ HTTP/1.1" 200 5360 "-" "Mozilla/5.0 (iPhone; iPhone OS 4.2.6; 9d1c59282923a3d72d60bde4d7e98c0654924c59) phizuu:connect"
174.252.35.203 - - [20/Jun/2011:10:04:20 -0700] "GET /client/5078/images/ HTTP/1.1" 200 2541 "-" "Mozilla/5.0 (iPhone; iPhone OS 4.2.6; 9d1c59282923a3d72d60bde4d7e98c0654924c59) phizuu:connect"
174.252.35.203 - - [20/Jun/2011:10:04:22 -0700] "GET /client/5078/events/ HTTP/1.1" 200 248 "-" "Mozilla/5.0 (iPhone; iPhone OS 4.2.6; 9d1c59282923a3d72d60bde4d7e98c0654924c59) phizuu:connect"
204.51.96.200 - - [20/Jun/2011:10:04:27 -0700] "GET /static-api/5315/images/config HTTP/1.0" 301 388 "-" "-"
204.51.96.200 - - [20/Jun/2011:10:04:27 -0700] "GET /static-api/5315/images/config/ HTTP/1.0" 200 23 "-" "-"
82.132.248.76 - - [20/Jun/2011:10:04:26 -0700] "GET /client/5315/images/config/ HTTP/1.1" 200 43 "-" "Template/4.0.1 CFNetwork/485.13.9 Darwin/11.0.0"
174.252.35.203 - - [20/Jun/2011:10:04:34 -0700] "GET /client/5078/videos/ HTTP/1.1" 200 1879 "-" "Mozilla/5.0 (iPhone; iPhone OS 4.2.6; 9d1c59282923a3d72d60bde4d7e98c0654924c59) phizuu:connect"
82.132.136.211 - - [20/Jun/2011:10:04:45 -0700] "POST /client/5315/updates HTTP/1.1" 200 135 "-" "Template/4.0.1 CFNetwork/485.13.9 Darwin/11.0.0"
10.112.61.195 - - [20/Jun/2011:10:04:46 -0700] "GET /static-api/5315 HTTP/1.0" 301 364 "-" "-"
10.112.61.195 - - [20/Jun/2011:10:04:46 -0700] "GET /static-api/5315/ HTTP/1.0" 200 820 "-" "-"
82.132.136.211 - - [20/Jun/2011:10:04:46 -0700] "GET /client/5315/ HTTP/1.1" 200 263 "-" "Mozilla/5.0 (iPhone; iPhone OS 4.3.3; 68fe3d41452d354e76935bcfe796983534285d10) phizuu:connect"
82.132.136.211 - - [20/Jun/2011:10:04:50 -0700] "POST /client/5315/updates HTTP/1.1" 200 135 "-" "Template/4.0.1 CFNetwork/485.13.9 Darwin/11.0.0"
82.132.136.211 - - [20/Jun/2011:10:04:54 -0700] "POST /client/5315/updates HTTP/1.1" 200 135 "-" "Template/4.0.1 CFNetwork/485.13.9 Darwin/11.0.0"
173.166.217.137 - - [20/Jun/2011:10:04:56 -0700] "GET /client/5186/events/ HTTP/1.1" 200 1604 "-" "Mozilla/5.0 (iPhone; iPhone OS 4.1; c3feaf9249c1a09af203a90aae5ec7e0532a3bba) phizuu:connect"
82.132.136.211 - - [20/Jun/2011:10:05:01 -0700] "GET /client/5315/events/ HTTP/1.1" 200 5587 "-" "Mozilla/5.0 (iPhone; iPhone OS 4.3.3; 68fe3d41452d354e76935bcfe796983534285d10) phizuu:connect"
82.132.136.211 - - [20/Jun/2011:10:05:02 -0700] "POST /client/5315/updates HTTP/1.1" 200 135 "-" "Template/4.0.1 CFNetwork/485.13.9 Darwin/11.0.0"
82.132.136.211 - - [20/Jun/2011:10:05:02 -0700] "GET /client/5315/music/ HTTP/1.1" 200 2486 "-" "Mozilla/5.0 (iPhone; iPhone OS 4.3.3; 68fe3d41452d354e76935bcfe796983534285d10) phizuu:connect"
204.51.96.200 - - [20/Jun/2011:10:05:07 -0700] "GET /static-api/5315/images/config HTTP/1.0" 301 388 "-" "-"
204.51.96.200 - - [20/Jun/2011:10:05:07 -0700] "GET /static-api/5315/images/config/ HTTP/1.0" 200 23 "-" "-"
90.204.176.54 - - [20/Jun/2011:10:05:07 -0700] "GET /client/5315/images/config/ HTTP/1.1" 200 43 "-" "Template/4.0.1 CFNetwork/485.13.9 Darwin/11.0.0"
10.112.61.195 - - [20/Jun/2011:10:05:08 -0700] "GET /static-api/5315 HTTP/1.0" 301 364 "-" "-"
10.112.61.195 - - [20/Jun/2011:10:05:08 -0700] "GET /static-api/5315/ HTTP/1.0" 200 820 "-" "-"
90.204.176.54 - - [20/Jun/2011:10:05:08 -0700] "GET /client/5315/ HTTP/1.1" 200 263 "-" "Mozilla/5.0 (iPhone; iPhone OS 4.3.3; f3195c1efd02963ad89a0ffb514fb413e2473018) phizuu:connect"
90.204.176.54 - - [20/Jun/2011:10:05:09 -0700] "POST /client/5315/updates HTTP/1.1" 200 135 "-" "Template/4.0.1 CFNetwork/485.13.9 Darwin/11.0.0"
90.204.176.54 - - [20/Jun/2011:10:05:09 -0700] "POST /client/5315/updates HTTP/1.1" 200 135 "-" "Template/4.0.1 CFNetwork/485.13.9 Darwin/11.0.0"
90.204.176.54 - - [20/Jun/2011:10:05:09 -0700] "GET /client/5315/events/ HTTP/1.1" 200 5587 "-" "Mozilla/5.0 (iPhone; iPhone OS 4.3.3; f3195c1efd02963ad89a0ffb514fb413e2473018) phizuu:connect"
90.204.176.54 - - [20/Jun/2011:10:05:09 -0700] "GET /client/5315/music/ HTTP/1.1" 200 2486 "-" "Mozilla/5.0 (iPhone; iPhone OS 4.3.3; f3195c1efd02963ad89a0ffb514fb413e2473018) phizuu:connect"
90.204.176.54 - - [20/Jun/2011:10:05:10 -0700] "POST /client/5315/updates HTTP/1.1" 200 135 "-" "Template/4.0.1 CFNetwork/485.13.9 Darwin/11.0.0"
90.204.176.54 - - [20/Jun/2011:10:05:10 -0700] "POST /client/5315/updates HTTP/1.1" 200 135 "-" "Template/4.0.1 CFNetwork/485.13.9 Darwin/11.0.0"
82.132.136.211 - - [20/Jun/2011:10:05:13 -0700] "POST /client/5315/updates HTTP/1.1" 200 135 "-" "Template/4.0.1 CFNetwork/485.13.9 Darwin/11.0.0"
86.9.98.158 - - [20/Jun/2011:10:05:41 -0700] "GET /client/10/images/ HTTP/1.1" 200 804 "-" "Mozilla/5.0 (iPhone; iPhone OS 4.3.3; e18f5720e17d9aaa55c7e65710ff2c79c6c2adf9) phizuu:connect"
86.9.98.158 - - [20/Jun/2011:10:05:44 -0700] "GET /client/10/events/ HTTP/1.1" 200 3810 "-" "Mozilla/5.0 (iPhone; iPhone OS 4.3.3; e18f5720e17d9aaa55c7e65710ff2c79c6c2adf9) phizuu:connect"
82.132.248.75 - - [20/Jun/2011:10:05:52 -0700] "POST /client/5315/updates HTTP/1.1" 200 135 "-" "Template/4.0.1 CFNetwork/485.13.9 Darwin/11.0.0"
86.9.98.158 - - [20/Jun/2011:10:06:15 -0700] "GET /client/10/wall/ HTTP/1.1" 200 1241 "-" "Mozilla/5.0 (iPhone; iPhone OS 4.3.3; e18f5720e17d9aaa55c7e65710ff2c79c6c2adf9) phizuu:connect"
86.9.98.158 - - [20/Jun/2011:10:07:11 -0700] "GET /client/10/videos/ HTTP/1.1" 200 3064 "-" "Mozilla/5.0 (iPhone; iPhone OS 4.3.3; e18f5720e17d9aaa55c7e65710ff2c79c6c2adf9) phizuu:connect"
10.112.61.195 - - [20/Jun/2011:10:07:29 -0700] "GET /static-api/5186 HTTP/1.0" 301 364 "-" "-"
10.112.61.195 - - [20/Jun/2011:10:07:29 -0700] "GET /static-api/5186/ HTTP/1.0" 200 816 "-" "-"
174.252.84.236 - - [20/Jun/2011:10:07:29 -0700] "GET /client/5186/ HTTP/1.1" 200 264 "-" "Mozilla/5.0 (iPhone; iPhone OS 4.2.8; 83def0e754b937f8a7e13ace2ef6f9f0f597e28b) phizuu:connect"
204.51.96.200 - - [20/Jun/2011:10:07:29 -0700] "GET /static-api/5186/images/config HTTP/1.0" 301 388 "-" "-"
204.51.96.200 - - [20/Jun/2011:10:07:29 -0700] "GET /static-api/5186/images/config/ HTTP/1.0" 200 25 "-" "-"
174.252.84.236 - - [20/Jun/2011:10:07:29 -0700] "GET /client/5186/images/config/ HTTP/1.1" 200 45 "-" "5186-Adam_Beyer/3.0.1 CFNetwork/485.12.30 Darwin/10.4.0"
174.252.84.236 - - [20/Jun/2011:10:07:30 -0700] "GET /client/5186/music/ HTTP/1.1" 200 1335 "-" "Mozilla/5.0 (iPhone; iPhone OS 4.2.8; 83def0e754b937f8a7e13ace2ef6f9f0f597e28b) phizuu:connect"
90.204.176.54 - - [20/Jun/2011:10:08:11 -0700] "POST /client/5315/updates HTTP/1.1" 200 135 "-" "Template/4.0.1 CFNetwork/485.13.9 Darwin/11.0.0"
90.204.176.54 - - [20/Jun/2011:10:08:11 -0700] "POST /client/5315/updates HTTP/1.1" 200 135 "-" "Template/4.0.1 CFNetwork/485.13.9 Darwin/11.0.0"
82.132.136.211 - - [20/Jun/2011:10:09:19 -0700] "GET /client/5315/event_images/3446 HTTP/1.1" 200 33 "-" "Template/4.0.1 CFNetwork/485.10.2 Darwin/10.3.1"
82.132.248.75 - - [20/Jun/2011:10:09:59 -0700] "POST /client/5315/updates HTTP/1.1" 200 135 "-" "Template/4.0.1 CFNetwork/485.13.9 Darwin/11.0.0"
82.132.248.75 - - [20/Jun/2011:10:10:45 -0700] "POST /client/5315/updates HTTP/1.1" 200 135 "-" "Template/4.0.1 CFNetwork/485.13.9 Darwin/11.0.0"
10.112.61.195 - - [20/Jun/2011:10:10:55 -0700] "GET /static-api/10 HTTP/1.0" 301 362 "-" "-"
10.112.61.195 - - [20/Jun/2011:10:10:55 -0700] "GET /static-api/10/ HTTP/1.0" 200 801 "-" "-"
81.81.91.43 - - [20/Jun/2011:10:10:55 -0700] "GET /client/10/ HTTP/1.1" 200 244 "-" "Mozilla/5.0 (iPhone; iPhone OS 3.1.3; c1b4beb0b475cc73c7737a2ff314b6d2e7bf64ee) phizuu:connect"
204.51.96.200 - - [20/Jun/2011:10:10:55 -0700] "GET /static-api/10/images/config HTTP/1.0" 301 386 "-" "-"
204.51.96.200 - - [20/Jun/2011:10:10:56 -0700] "GET /static-api/10/images/config/ HTTP/1.0" 200 25 "-" "-"
81.81.91.43 - - [20/Jun/2011:10:10:55 -0700] "GET /client/10/images/config/ HTTP/1.1" 200 45 "-" "10-Erick_Morillo/3.0.0 CFNetwork/459 Darwin/10.0.0d3"
81.81.91.43 - - [20/Jun/2011:10:10:56 -0700] "GET /client/10/music/ HTTP/1.1" 200 1042 "-" "Mozilla/5.0 (iPhone; iPhone OS 3.1.3; c1b4beb0b475cc73c7737a2ff314b6d2e7bf64ee) phizuu:connect"
81.81.91.43 - - [20/Jun/2011:10:11:01 -0700] "GET /client/10/events/ HTTP/1.1" 200 3810 "-" "Mozilla/5.0 (iPhone; iPhone OS 3.1.3; c1b4beb0b475cc73c7737a2ff314b6d2e7bf64ee) phizuu:connect"
81.81.91.43 - - [20/Jun/2011:10:11:19 -0700] "GET /client/10/videos/ HTTP/1.1" 200 3064 "-" "Mozilla/5.0 (iPhone; iPhone OS 3.1.3; c1b4beb0b475cc73c7737a2ff314b6d2e7bf64ee) phizuu:connect"
204.51.96.200 - - [20/Jun/2011:10:11:43 -0700] "GET /static-api/5315/images/albums/ HTTP/1.0" 200 2012 "-" "-"
90.204.176.54 - - [20/Jun/2011:10:11:42 -0700] "GET /client/5315/images/albums/ HTTP/1.1" 200 373 "-" "Mozilla/5.0 (iPhone; iPhone OS 4.3.3; f3195c1efd02963ad89a0ffb514fb413e2473018) phizuu:connect"
82.132.248.75 - - [20/Jun/2011:10:11:54 -0700] "POST /client/5315/updates HTTP/1.1" 200 135 "-" "Template/4.0.1 CFNetwork/485.13.9 Darwin/11.0.0"
82.132.248.75 - - [20/Jun/2011:10:11:55 -0700] "POST /client/5315/updates HTTP/1.1" 200 135 "-" "Template/4.0.1 CFNetwork/485.13.9 Darwin/11.0.0"
204.51.96.200 - - [20/Jun/2011:10:12:36 -0700] "GET /static-api/5315/images/albums/184 HTTP/1.0" 301 392 "-" "-"
204.51.96.200 - - [20/Jun/2011:10:12:36 -0700] "GET /static-api/5315/images/albums/184/ HTTP/1.0" 200 2870 "-" "-"
90.204.176.54 - - [20/Jun/2011:10:12:36 -0700] "GET /client/5315/images/albums/184 HTTP/1.1" 200 374 "-" "Mozilla/5.0 (iPhone; iPhone OS 4.3.3; f3195c1efd02963ad89a0ffb514fb413e2473018) phizuu:connect"
90.204.176.54 - - [20/Jun/2011:10:13:30 -0700] "GET /client/5315/events/ HTTP/1.1" 200 5587 "-" "Mozilla/5.0 (iPhone; iPhone OS 4.3.3; f3195c1efd02963ad89a0ffb514fb413e2473018) phizuu:connect"
82.132.248.75 - - [20/Jun/2011:10:14:00 -0700] "POST /client/5315/updates HTTP/1.1" 200 135 "-" "Template/4.0.1 CFNetwork/485.13.9 Darwin/11.0.0"
82.132.248.75 - - [20/Jun/2011:10:14:47 -0700] "POST /client/5315/updates HTTP/1.1" 200 135 "-" "Template/4.0.1 CFNetwork/485.13.9 Darwin/11.0.0"
82.132.248.75 - - [20/Jun/2011:10:17:12 -0700] "POST /client/5315/updates HTTP/1.1" 200 135 "-" "Template/4.0.1 CFNetwork/485.13.9 Darwin/11.0.0"
82.132.248.75 - - [20/Jun/2011:10:17:58 -0700] "POST /client/5315/updates HTTP/1.1" 200 135 "-" "Template/4.0.1 CFNetwork/485.13.9 Darwin/11.0.0"
82.132.248.76 - - [20/Jun/2011:10:18:51 -0700] "POST /client/5315/updates HTTP/1.1" 200 135 "-" "Template/4.0.1 CFNetwork/485.13.9 Darwin/11.0.0"
10.112.61.195 - - [20/Jun/2011:10:19:08 -0700] "GET /static-api/5254 HTTP/1.0" 301 364 "-" "-"
10.112.61.195 - - [20/Jun/2011:10:19:08 -0700] "GET /static-api/5254/ HTTP/1.0" 200 754 "-" "-"
77.24.0.24 - - [20/Jun/2011:10:19:08 -0700] "GET /client/5254/ HTTP/1.1" 200 233 "-" "Mozilla/5.0 (iPhone; iPhone OS 4.3.3; 22bebc7295fba053d6d5c5aa50932654e9cb89bd) phizuu:connect"
204.51.96.200 - - [20/Jun/2011:10:19:10 -0700] "GET /static-api/5254/images/config HTTP/1.0" 301 388 "-" "-"
204.51.96.200 - - [20/Jun/2011:10:19:10 -0700] "GET /static-api/5254/images/config/ HTTP/1.0" 200 25 "-" "-"
77.24.0.24 - - [20/Jun/2011:10:19:10 -0700] "GET /client/5254/images/config/ HTTP/1.1" 200 45 "-" "5254-BunkerTV/3.0.0 CFNetwork/485.13.9 Darwin/11.0.0"
77.24.0.24 - - [20/Jun/2011:10:19:11 -0700] "GET /client/5254/music/ HTTP/1.1" 200 821 "-" "Mozilla/5.0 (iPhone; iPhone OS 4.3.3; 22bebc7295fba053d6d5c5aa50932654e9cb89bd) phizuu:connect"
10.112.61.195 - - [20/Jun/2011:10:20:04 -0700] "GET /static-api/5078 HTTP/1.0" 301 364 "-" "-"
10.112.61.195 - - [20/Jun/2011:10:20:04 -0700] "GET /static-api/5078/ HTTP/1.0" 200 838 "-" "-"
90.57.146.251 - - [20/Jun/2011:10:20:04 -0700] "GET /client/5078/ HTTP/1.1" 200 294 "-" "Mozilla/5.0 (iPhone; iPhone OS 4.2.1; 6883610dc6b5270998c901d16efea94d7d34e21a) phizuu:connect"
204.51.96.200 - - [20/Jun/2011:10:20:05 -0700] "GET /static-api/5078/images/config HTTP/1.0" 301 388 "-" "-"
204.51.96.200 - - [20/Jun/2011:10:20:05 -0700] "GET /static-api/5078/images/config/ HTTP/1.0" 200 25 "-" "-"
90.57.146.251 - - [20/Jun/2011:10:20:04 -0700] "GET /client/5078/images/config/ HTTP/1.1" 200 45 "-" "5078-Bellyhouse/3.0.0 CFNetwork/485.12.7 Darwin/10.4.0"
90.57.146.251 - - [20/Jun/2011:10:20:05 -0700] "GET /client/5078/music/ HTTP/1.1" 200 5360 "-" "Mozilla/5.0 (iPhone; iPhone OS 4.2.1; 6883610dc6b5270998c901d16efea94d7d34e21a) phizuu:connect"
10.112.61.195 - - [20/Jun/2011:10:20:15 -0700] "GET /static-api/5254 HTTP/1.0" 301 364 "-" "-"
10.112.61.195 - - [20/Jun/2011:10:20:15 -0700] "GET /static-api/5254/ HTTP/1.0" 200 754 "-" "-"
77.22.104.164 - - [20/Jun/2011:10:20:15 -0700] "GET /client/5254/ HTTP/1.1" 200 233 "-" "Mozilla/5.0 (iPhone; iPhone OS 4.2.1; 1724d6ecdfad13b375ca8e5788e7f3b46e2a8888) phizuu:connect"
204.51.96.200 - - [20/Jun/2011:10:20:16 -0700] "GET /static-api/5254/images/config HTTP/1.0" 301 388 "-" "-"
204.51.96.200 - - [20/Jun/2011:10:20:16 -0700] "GET /static-api/5254/images/config/ HTTP/1.0" 200 25 "-" "-"
77.22.104.164 - - [20/Jun/2011:10:20:16 -0700] "GET /client/5254/images/config/ HTTP/1.1" 200 45 "-" "5254-BunkerTV/3.0.0 CFNetwork/485.12.7 Darwin/10.4.0"
77.22.104.164 - - [20/Jun/2011:10:20:16 -0700] "GET /client/5254/music/ HTTP/1.1" 200 821 "-" "Mozilla/5.0 (iPhone; iPhone OS 4.2.1; 1724d6ecdfad13b375ca8e5788e7f3b46e2a8888) phizuu:connect"
204.51.96.200 - - [20/Jun/2011:10:20:34 -0700] "GET /static-api/5315/images/config HTTP/1.0" 301 388 "-" "-"
204.51.96.200 - - [20/Jun/2011:10:20:34 -0700] "GET /static-api/5315/images/config/ HTTP/1.0" 200 23 "-" "-"
90.215.179.48 - - [20/Jun/2011:10:20:34 -0700] "GET /client/5315/images/config/ HTTP/1.1" 200 43 "-" "Template/4.0.1 CFNetwork/485.13.9 Darwin/11.0.0"
77.22.104.164 - - [20/Jun/2011:10:20:34 -0700] "GET /client/5254/events/ HTTP/1.1" 200 265 "-" "Mozilla/5.0 (iPhone; iPhone OS 4.2.1; 1724d6ecdfad13b375ca8e5788e7f3b46e2a8888) phizuu:connect"
77.22.104.164 - - [20/Jun/2011:10:20:35 -0700] "GET /client/5254/discography/ HTTP/1.1" 200 267 "-" "Mozilla/5.0 (iPhone; iPhone OS 4.2.1; 1724d6ecdfad13b375ca8e5788e7f3b46e2a8888) phizuu:connect"
10.112.61.195 - - [20/Jun/2011:10:20:36 -0700] "GET /static-api/5315 HTTP/1.0" 301 364 "-" "-"
10.112.61.195 - - [20/Jun/2011:10:20:36 -0700] "GET /static-api/5315/ HTTP/1.0" 200 820 "-" "-"
90.215.179.48 - - [20/Jun/2011:10:20:36 -0700] "GET /client/5315/ HTTP/1.1" 200 263 "-" "Mozilla/5.0 (iPhone; iPhone OS 4.3.1; 37482c4dd61389633c27035f60dc4a69eafa707c) phizuu:connect"
90.215.179.48 - - [20/Jun/2011:10:20:36 -0700] "POST /client/5315/updates HTTP/1.1" 200 135 "-" "Template/4.0.1 CFNetwork/485.13.9 Darwin/11.0.0"
90.215.179.48 - - [20/Jun/2011:10:20:38 -0700] "POST /client/5315/updates HTTP/1.1" 200 135 "-" "Template/4.0.1 CFNetwork/485.13.9 Darwin/11.0.0"
90.215.179.48 - - [20/Jun/2011:10:20:37 -0700] "GET /client/5315/events/ HTTP/1.1" 200 5587 "-" "Mozilla/5.0 (iPhone; iPhone OS 4.3.1; 37482c4dd61389633c27035f60dc4a69eafa707c) phizuu:connect"
90.215.179.48 - - [20/Jun/2011:10:20:37 -0700] "GET /client/5315/music/ HTTP/1.1" 200 2486 "-" "Mozilla/5.0 (iPhone; iPhone OS 4.3.1; 37482c4dd61389633c27035f60dc4a69eafa707c) phizuu:connect"
204.51.96.200 - - [20/Jun/2011:10:20:40 -0700] "GET /static-api/5315/images/albums/ HTTP/1.0" 200 2012 "-" "-"
90.215.179.48 - - [20/Jun/2011:10:20:40 -0700] "GET /client/5315/images/albums/ HTTP/1.1" 200 373 "-" "Mozilla/5.0 (iPhone; iPhone OS 4.3.1; 37482c4dd61389633c27035f60dc4a69eafa707c) phizuu:connect"
90.215.179.48 - - [20/Jun/2011:10:20:43 -0700] "POST /client/5315/updates HTTP/1.1" 200 135 "-" "Template/4.0.1 CFNetwork/485.13.9 Darwin/11.0.0"
90.215.179.48 - - [20/Jun/2011:10:20:49 -0700] "POST /client/5315/updates HTTP/1.1" 200 135 "-" "Template/4.0.1 CFNetwork/485.13.9 Darwin/11.0.0"
90.57.146.251 - - [20/Jun/2011:10:21:06 -0700] "GET /client/5078/images/ HTTP/1.1" 200 2541 "-" "Mozilla/5.0 (iPhone; iPhone OS 4.2.1; 6883610dc6b5270998c901d16efea94d7d34e21a) phizuu:connect"
87.101.245.41 - - [20/Jun/2011:10:21:14 -0700] "GET /client/5078/events/ HTTP/1.1" 200 248 "-" "Mozilla/4.0 (compatible;)"
90.57.146.251 - - [20/Jun/2011:10:21:20 -0700] "GET /client/5078/events/ HTTP/1.1" 200 248 "-" "Mozilla/5.0 (iPhone; iPhone OS 4.2.1; 6883610dc6b5270998c901d16efea94d7d34e21a) phizuu:connect"
204.51.96.200 - - [20/Jun/2011:10:21:25 -0700] "GET /static-api/5315/images/albums/168 HTTP/1.0" 301 392 "-" "-"
204.51.96.200 - - [20/Jun/2011:10:21:25 -0700] "GET /static-api/5315/images/albums/168/ HTTP/1.0" 200 1604 "-" "-"
90.215.179.48 - - [20/Jun/2011:10:21:24 -0700] "GET /client/5315/images/albums/168 HTTP/1.1" 200 209 "-" "Mozilla/5.0 (iPhone; iPhone OS 4.3.1; 37482c4dd61389633c27035f60dc4a69eafa707c) phizuu:connect"
204.51.96.200 - - [20/Jun/2011:10:21:32 -0700] "GET /static-api/5315/images/config HTTP/1.0" 301 388 "-" "-"
204.51.96.200 - - [20/Jun/2011:10:21:32 -0700] "GET /static-api/5315/images/config/ HTTP/1.0" 200 23 "-" "-"
90.215.179.48 - - [20/Jun/2011:10:21:32 -0700] "GET /client/5315/images/config/ HTTP/1.1" 200 43 "-" "Template/4.0.1 CFNetwork/485.13.9 Darwin/11.0.0"
10.112.61.195 - - [20/Jun/2011:10:21:34 -0700] "GET /static-api/5315 HTTP/1.0" 301 364 "-" "-"
10.112.61.195 - - [20/Jun/2011:10:21:34 -0700] "GET /static-api/5315/ HTTP/1.0" 200 820 "-" "-"
90.215.179.48 - - [20/Jun/2011:10:21:34 -0700] "GET /client/5315/ HTTP/1.1" 200 263 "-" "Mozilla/5.0 (iPhone; iPhone OS 4.3.1; 37482c4dd61389633c27035f60dc4a69eafa707c) phizuu:connect"
90.215.179.48 - - [20/Jun/2011:10:21:34 -0700] "POST /client/5315/updates HTTP/1.1" 200 135 "-" "Template/4.0.1 CFNetwork/485.13.9 Darwin/11.0.0"
90.215.179.48 - - [20/Jun/2011:10:21:42 -0700] "GET /client/5315/events/ HTTP/1.1" 200 5587 "-" "Mozilla/5.0 (iPhone; iPhone OS 4.3.1; 37482c4dd61389633c27035f60dc4a69eafa707c) phizuu:connect"
90.215.179.48 - - [20/Jun/2011:10:21:42 -0700] "GET /client/5315/music/ HTTP/1.1" 200 2486 "-" "Mozilla/5.0 (iPhone; iPhone OS 4.3.1; 37482c4dd61389633c27035f60dc4a69eafa707c) phizuu:connect"
10.112.61.195 - - [20/Jun/2011:10:22:24 -0700] "GET /static-api/5292 HTTP/1.0" 301 364 "-" "-"
10.112.61.195 - - [20/Jun/2011:10:22:24 -0700] "GET /static-api/5292/ HTTP/1.0" 200 808 "-" "-"
178.229.134.206 - - [20/Jun/2011:10:22:24 -0700] "GET /client/5292/ HTTP/1.1" 200 266 "-" "Mozilla/5.0 (iPhone; iPhone OS 4.3.3; 1e173cff631e3a192dcc34233fdf4fb06e7390e0) phizuu:connect"
204.51.96.200 - - [20/Jun/2011:10:22:25 -0700] "GET /static-api/5292/images/config HTTP/1.0" 301 388 "-" "-"
204.51.96.200 - - [20/Jun/2011:10:22:25 -0700] "GET /static-api/5292/images/config/ HTTP/1.0" 200 25 "-" "-"
178.229.134.206 - - [20/Jun/2011:10:22:25 -0700] "GET /client/5292/images/config/ HTTP/1.1" 200 45 "-" "5292-Mauro_Picotto/3.0.0 CFNetwork/485.13.9 Darwin/11.0.0"
178.229.134.206 - - [20/Jun/2011:10:22:25 -0700] "GET /client/5292/music/ HTTP/1.1" 200 923 "-" "Mozilla/5.0 (iPhone; iPhone OS 4.3.3; 1e173cff631e3a192dcc34233fdf4fb06e7390e0) phizuu:connect"
10.112.61.195 - - [20/Jun/2011:10:22:26 -0700] "GET /static-api/16 HTTP/1.0" 301 362 "-" "-"
10.112.61.195 - - [20/Jun/2011:10:22:26 -0700] "GET /static-api/16/ HTTP/1.0" 200 838 "-" "-"
201.141.226.113 - - [20/Jun/2011:10:22:26 -0700] "GET /client/16/ HTTP/1.1" 200 294 "-" "Mozilla/5.0 (iPhone; iPhone OS 4.3.3; 0eed254c62937a98919b31fa55f099f175887a82) phizuu:connect"
204.51.96.200 - - [20/Jun/2011:10:22:26 -0700] "GET /static-api/16/images/config HTTP/1.0" 301 386 "-" "-"
204.51.96.200 - - [20/Jun/2011:10:22:26 -0700] "GET /static-api/16/images/config/ HTTP/1.0" 200 23 "-" "-"
201.141.226.113 - - [20/Jun/2011:10:22:26 -0700] "GET /client/16/images/config/ HTTP/1.1" 200 43 "-" "16-Andy_Moor/3.0.0 CFNetwork/485.13.9 Darwin/11.0.0"
201.141.226.113 - - [20/Jun/2011:10:22:26 -0700] "GET /client/16/music/ HTTP/1.1" 200 1071 "-" "Mozilla/5.0 (iPhone; iPhone OS 4.3.3; 0eed254c62937a98919b31fa55f099f175887a82) phizuu:connect"
204.51.96.200 - - [20/Jun/2011:10:22:34 -0700] "GET /static-api/107/images/config HTTP/1.0" 301 387 "-" "-"
204.51.96.200 - - [20/Jun/2011:10:22:34 -0700] "GET /static-api/107/images/config/ HTTP/1.0" 200 23 "-" "-"
2.127.5.130 - - [20/Jun/2011:10:22:34 -0700] "GET /client/107/images/config/ HTTP/1.1" 200 23 "-" "Apache-HttpClient/UNAVAILABLE (java 1.4)"
10.112.61.195 - - [20/Jun/2011:10:22:34 -0700] "GET /static-api/107 HTTP/1.0" 301 363 "-" "-"
10.112.61.195 - - [20/Jun/2011:10:22:34 -0700] "GET /static-api/107/ HTTP/1.0" 200 812 "-" "-"
2.127.5.130 - - [20/Jun/2011:10:22:34 -0700] "GET /client/107/ HTTP/1.1" 200 541 "-" "Apache-HttpClient/UNAVAILABLE (java 1.4)"
204.51.96.200 - - [20/Jun/2011:10:22:35 -0700] "GET /static-api/107/images/config HTTP/1.0" 301 387 "-" "-"
204.51.96.200 - - [20/Jun/2011:10:22:35 -0700] "GET /static-api/107/images/config/ HTTP/1.0" 200 23 "-" "-"
2.127.5.130 - - [20/Jun/2011:10:22:35 -0700] "GET /client/107/images/config/ HTTP/1.1" 200 23 "-" "Apache-HttpClient/UNAVAILABLE (java 1.4)"
2.127.5.130 - - [20/Jun/2011:10:22:37 -0700] "GET /client/107/music/ HTTP/1.1" 200 5088 "-" "Apache-HttpClient/UNAVAILABLE (java 1.4)"
2.127.5.130 - - [20/Jun/2011:10:22:39 -0700] "GET /client/107/music/ HTTP/1.1" 200 5088 "-" "Apache-HttpClient/UNAVAILABLE (java 1.4)"
2.127.5.130 - - [20/Jun/2011:10:22:41 -0700] "GET /client/107/music/ HTTP/1.1" 200 5088 "-" "Apache-HttpClient/UNAVAILABLE (java 1.4)"
10.112.61.195 - - [20/Jun/2011:10:22:50 -0700] "GET /static-api/5292 HTTP/1.0" 301 364 "-" "-"
10.112.61.195 - - [20/Jun/2011:10:22:50 -0700] "GET /static-api/5292/ HTTP/1.0" 200 808 "-" "-"
178.229.134.206 - - [20/Jun/2011:10:22:50 -0700] "GET /client/5292/ HTTP/1.1" 200 266 "-" "Mozilla/5.0 (iPhone; iPhone OS 4.3.3; 1e173cff631e3a192dcc34233fdf4fb06e7390e0) phizuu:connect"
204.51.96.200 - - [20/Jun/2011:10:22:50 -0700] "GET /static-api/5292/images/config HTTP/1.0" 301 388 "-" "-"
204.51.96.200 - - [20/Jun/2011:10:22:50 -0700] "GET /static-api/5292/images/config/ HTTP/1.0" 200 25 "-" "-"
178.229.134.206 - - [20/Jun/2011:10:22:50 -0700] "GET /client/5292/images/config/ HTTP/1.1" 200 45 "-" "5292-Mauro_Picotto/3.0.0 CFNetwork/485.13.9 Darwin/11.0.0"
178.229.134.206 - - [20/Jun/2011:10:22:51 -0700] "GET /client/5292/music/ HTTP/1.1" 200 923 "-" "Mozilla/5.0 (iPhone; iPhone OS 4.3.3; 1e173cff631e3a192dcc34233fdf4fb06e7390e0) phizuu:connect"
2.127.5.130 - - [20/Jun/2011:10:23:12 -0700] "GET /client/107/music/ HTTP/1.1" 200 5088 "-" "Apache-HttpClient/UNAVAILABLE (java 1.4)"
2.127.5.130 - - [20/Jun/2011:10:23:16 -0700] "GET /client/107/music/ HTTP/1.1" 200 5088 "-" "Apache-HttpClient/UNAVAILABLE (java 1.4)"
2.127.5.130 - - [20/Jun/2011:10:23:28 -0700] "GET /client/107/music/ HTTP/1.1" 200 5088 "-" "Apache-HttpClient/UNAVAILABLE (java 1.4)"
2.127.5.130 - - [20/Jun/2011:10:23:32 -0700] "GET /client/107/music/ HTTP/1.1" 200 5088 "-" "Apache-HttpClient/UNAVAILABLE (java 1.4)"
2.127.5.130 - - [20/Jun/2011:10:23:33 -0700] "GET /client/107/music/ HTTP/1.1" 200 5088 "-" "Apache-HttpClient/UNAVAILABLE (java 1.4)"
204.51.96.200 - - [20/Jun/2011:10:23:39 -0700] "GET /static-api/107/images/config HTTP/1.0" 301 387 "-" "-"
204.51.96.200 - - [20/Jun/2011:10:23:39 -0700] "GET /static-api/107/images/config/ HTTP/1.0" 200 23 "-" "-"
2.127.5.130 - - [20/Jun/2011:10:23:38 -0700] "GET /client/107/images/config/ HTTP/1.1" 200 23 "-" "Apache-HttpClient/UNAVAILABLE (java 1.4)"
10.112.61.195 - - [20/Jun/2011:10:23:39 -0700] "GET /static-api/107 HTTP/1.0" 301 363 "-" "-"
10.112.61.195 - - [20/Jun/2011:10:23:39 -0700] "GET /static-api/107/ HTTP/1.0" 200 812 "-" "-"
2.127.5.130 - - [20/Jun/2011:10:23:39 -0700] "GET /client/107/ HTTP/1.1" 200 541 "-" "Apache-HttpClient/UNAVAILABLE (java 1.4)"
204.51.96.200 - - [20/Jun/2011:10:23:40 -0700] "GET /static-api/107/images/config HTTP/1.0" 301 387 "-" "-"
204.51.96.200 - - [20/Jun/2011:10:23:40 -0700] "GET /static-api/107/images/config/ HTTP/1.0" 200 23 "-" "-"
2.127.5.130 - - [20/Jun/2011:10:23:40 -0700] "GET /client/107/images/config/ HTTP/1.1" 200 23 "-" "Apache-HttpClient/UNAVAILABLE (java 1.4)"
2.127.5.130 - - [20/Jun/2011:10:23:46 -0700] "GET /client/107/videos/ HTTP/1.1" 200 9689 "-" "Apache-HttpClient/UNAVAILABLE (java 1.4)"
204.51.96.200 - - [20/Jun/2011:10:24:43 -0700] "GET /static-api/107/images/config HTTP/1.0" 301 387 "-" "-"
204.51.96.200 - - [20/Jun/2011:10:24:43 -0700] "GET /static-api/107/images/config/ HTTP/1.0" 200 23 "-" "-"
2.127.5.130 - - [20/Jun/2011:10:24:43 -0700] "GET /client/107/images/config/ HTTP/1.1" 200 23 "-" "Apache-HttpClient/UNAVAILABLE (java 1.4)"
10.112.61.195 - - [20/Jun/2011:10:24:43 -0700] "GET /static-api/107 HTTP/1.0" 301 363 "-" "-"
10.112.61.195 - - [20/Jun/2011:10:24:43 -0700] "GET /static-api/107/ HTTP/1.0" 200 812 "-" "-"
2.127.5.130 - - [20/Jun/2011:10:24:43 -0700] "GET /client/107/ HTTP/1.1" 200 541 "-" "Apache-HttpClient/UNAVAILABLE (java 1.4)"
204.51.96.200 - - [20/Jun/2011:10:24:44 -0700] "GET /static-api/107/images/config HTTP/1.0" 301 387 "-" "-"
204.51.96.200 - - [20/Jun/2011:10:24:44 -0700] "GET /static-api/107/images/config/ HTTP/1.0" 200 23 "-" "-"
2.127.5.130 - - [20/Jun/2011:10:24:44 -0700] "GET /client/107/images/config/ HTTP/1.1" 200 23 "-" "Apache-HttpClient/UNAVAILABLE (java 1.4)"
2.127.5.130 - - [20/Jun/2011:10:24:45 -0700] "GET /client/107/videos/ HTTP/1.1" 200 9689 "-" "Apache-HttpClient/UNAVAILABLE (java 1.4)"
95.245.211.43 - - [20/Jun/2011:10:27:28 -0700] "GET /client/24/videos/ HTTP/1.1" 200 2557 "-" "Mozilla/5.0 (iPhone; iPhone OS 4.2.1; 553faafd886f4cb5d6cd27fcd590e8a3d4a6c354) phizuu:connect"
10.112.61.195 - - [20/Jun/2011:10:28:41 -0700] "GET /static-api/5076 HTTP/1.0" 301 364 "-" "-"
10.112.61.195 - - [20/Jun/2011:10:28:41 -0700] "GET /static-api/5076/ HTTP/1.0" 200 817 "-" "-"
212.183.128.69 - - [20/Jun/2011:10:28:41 -0700] "GET /client/5076/ HTTP/1.1" 200 261 "-" "Mozilla/5.0 (iPhone; iPhone OS 4.3.3; b2980145c89785b5e97c95f0231a7fea4df6f36b) phizuu:connect"
204.51.96.200 - - [20/Jun/2011:10:28:42 -0700] "GET /static-api/5076/images/config HTTP/1.0" 301 388 "-" "-"
204.51.96.200 - - [20/Jun/2011:10:28:42 -0700] "GET /static-api/5076/images/config/ HTTP/1.0" 200 25 "-" "-"
212.183.128.69 - - [20/Jun/2011:10:28:41 -0700] "GET /client/5076/images/config/ HTTP/1.1" 200 45 "-" "5076-Laidback_Luke_/3.0.0 CFNetwork/485.13.9 Darwin/11.0.0"
212.183.128.69 - - [20/Jun/2011:10:28:42 -0700] "GET /client/5076/music/ HTTP/1.1" 200 1328 "-" "Mozilla/5.0 (iPhone; iPhone OS 4.3.3; b2980145c89785b5e97c95f0231a7fea4df6f36b) phizuu:connect"
10.112.61.195 - - [20/Jun/2011:10:29:51 -0700] "GET /static-api/5078 HTTP/1.0" 301 364 "-" "-"
10.112.61.195 - - [20/Jun/2011:10:29:51 -0700] "GET /static-api/5078/ HTTP/1.0" 200 838 "-" "-"
217.164.63.104 - - [20/Jun/2011:10:29:51 -0700] "GET /client/5078/ HTTP/1.1" 200 294 "-" "Mozilla/5.0 (iPhone; iPhone OS 4.3.3; 03068de13f194cd82e5a34f713cf0c3355093efb) phizuu:connect"
204.51.96.200 - - [20/Jun/2011:10:29:52 -0700] "GET /static-api/5078/images/config HTTP/1.0" 301 388 "-" "-"
204.51.96.200 - - [20/Jun/2011:10:29:52 -0700] "GET /static-api/5078/images/config/ HTTP/1.0" 200 25 "-" "-"
217.164.63.104 - - [20/Jun/2011:10:29:52 -0700] "GET /client/5078/images/config/ HTTP/1.1" 200 45 "-" "5078-Bellyhouse/3.0.0 CFNetwork/485.13.9 Darwin/11.0.0"
217.164.63.104 - - [20/Jun/2011:10:29:53 -0700] "GET /client/5078/music/ HTTP/1.1" 200 5360 "-" "Mozilla/5.0 (iPhone; iPhone OS 4.3.3; 03068de13f194cd82e5a34f713cf0c3355093efb) phizuu:connect"
10.112.61.195 - - [20/Jun/2011:10:30:11 -0700] "GET /static-api/5110 HTTP/1.0" 301 364 "-" "-"
10.112.61.195 - - [20/Jun/2011:10:30:11 -0700] "GET /static-api/5110/ HTTP/1.0" 200 818 "-" "-"
86.131.231.150 - - [20/Jun/2011:10:30:11 -0700] "GET /client/5110/ HTTP/1.1" 200 262 "-" "Mozilla/5.0 (iPod touch; iPhone OS 4.3.3; e1f06cff683eba340ded9118c3ed62401121c697) phizuu:connect"
204.51.96.200 - - [20/Jun/2011:10:30:11 -0700] "GET /static-api/5110/images/config HTTP/1.0" 301 388 "-" "-"
204.51.96.200 - - [20/Jun/2011:10:30:12 -0700] "GET /static-api/5110/images/config/ HTTP/1.0" 200 25 "-" "-"
86.131.231.150 - - [20/Jun/2011:10:30:11 -0700] "GET /client/5110/images/config/ HTTP/1.1" 200 45 "-" "5110-DJ_Mog/3.0.0 CFNetwork/485.13.9 Darwin/11.0.0"
86.131.231.150 - - [20/Jun/2011:10:30:12 -0700] "GET /client/5110/music/ HTTP/1.1" 200 1123 "-" "Mozilla/5.0 (iPod touch; iPhone OS 4.3.3; e1f06cff683eba340ded9118c3ed62401121c697) phizuu:connect"
217.164.63.104 - - [20/Jun/2011:10:30:14 -0700] "GET /client/5078/images/ HTTP/1.1" 200 2541 "-" "Mozilla/5.0 (iPhone; iPhone OS 4.3.3; 03068de13f194cd82e5a34f713cf0c3355093efb) phizuu:connect"
10.112.61.195 - - [20/Jun/2011:10:30:31 -0700] "GET /static-api/107 HTTP/1.0" 301 363 "-" "-"
10.112.61.195 - - [20/Jun/2011:10:30:31 -0700] "GET /static-api/107/ HTTP/1.0" 200 812 "-" "-"
90.219.197.66 - - [20/Jun/2011:10:30:31 -0700] "GET /client/107/ HTTP/1.1" 200 257 "-" "Mozilla/5.0 (iPhone; iPhone OS 4.3.3; d6b601f4535028c09d43cfc62b01de07502ba8c8) phizuu:connect"
204.51.96.200 - - [20/Jun/2011:10:30:31 -0700] "GET /static-api/107/images/config HTTP/1.0" 301 387 "-" "-"
204.51.96.200 - - [20/Jun/2011:10:30:31 -0700] "GET /static-api/107/images/config/ HTTP/1.0" 200 23 "-" "-"
90.219.197.66 - - [20/Jun/2011:10:30:31 -0700] "GET /client/107/images/config/ HTTP/1.1" 200 43 "-" "107-Eddie_Halliwell/3.0.1 CFNetwork/485.13.9 Darwin/11.0.0"
90.219.197.66 - - [20/Jun/2011:10:30:32 -0700] "GET /client/107/music/ HTTP/1.1" 200 2195 "-" "Mozilla/5.0 (iPhone; iPhone OS 4.3.3; d6b601f4535028c09d43cfc62b01de07502ba8c8) phizuu:connect"
90.219.197.66 - - [20/Jun/2011:10:30:42 -0700] "GET /client/107/events/ HTTP/1.1" 200 8245 "-" "Mozilla/5.0 (iPhone; iPhone OS 4.3.3; d6b601f4535028c09d43cfc62b01de07502ba8c8) phizuu:connect"
204.51.96.200 - - [20/Jun/2011:10:31:23 -0700] "GET /static-api/5315/images/config HTTP/1.0" 301 388 "-" "-"
204.51.96.200 - - [20/Jun/2011:10:31:23 -0700] "GET /static-api/5315/images/config/ HTTP/1.0" 200 23 "-" "-"
90.219.197.66 - - [20/Jun/2011:10:31:23 -0700] "GET /client/5315/images/config/ HTTP/1.1" 200 43 "-" "Template/4.0.1 CFNetwork/485.13.9 Darwin/11.0.0"
10.112.61.195 - - [20/Jun/2011:10:31:24 -0700] "GET /static-api/5315 HTTP/1.0" 301 364 "-" "-"
10.112.61.195 - - [20/Jun/2011:10:31:24 -0700] "GET /static-api/5315/ HTTP/1.0" 200 820 "-" "-"
90.219.197.66 - - [20/Jun/2011:10:31:24 -0700] "GET /client/5315/ HTTP/1.1" 200 263 "-" "Mozilla/5.0 (iPhone; iPhone OS 4.3.3; d6b601f4535028c09d43cfc62b01de07502ba8c8) phizuu:connect"
90.219.197.66 - - [20/Jun/2011:10:31:24 -0700] "POST /client/5315/updates HTTP/1.1" 200 135 "-" "Template/4.0.1 CFNetwork/485.13.9 Darwin/11.0.0"
90.219.197.66 - - [20/Jun/2011:10:31:24 -0700] "GET /client/5315/events/ HTTP/1.1" 200 5587 "-" "Mozilla/5.0 (iPhone; iPhone OS 4.3.3; d6b601f4535028c09d43cfc62b01de07502ba8c8) phizuu:connect"
90.219.197.66 - - [20/Jun/2011:10:31:24 -0700] "GET /client/5315/music/ HTTP/1.1" 200 2486 "-" "Mozilla/5.0 (iPhone; iPhone OS 4.3.3; d6b601f4535028c09d43cfc62b01de07502ba8c8) phizuu:connect"
90.219.197.66 - - [20/Jun/2011:10:31:29 -0700] "POST /client/5315/updates HTTP/1.1" 200 135 "-" "Template/4.0.1 CFNetwork/485.13.9 Darwin/11.0.0"
10.112.61.195 - - [20/Jun/2011:10:31:40 -0700] "GET /static-api/10 HTTP/1.0" 301 362 "-" "-"
10.112.61.195 - - [20/Jun/2011:10:31:40 -0700] "GET /static-api/10/ HTTP/1.0" 200 801 "-" "-"
81.81.91.43 - - [20/Jun/2011:10:31:40 -0700] "GET /client/10/ HTTP/1.1" 200 244 "-" "Mozilla/5.0 (iPhone; iPhone OS 3.1.3; c1b4beb0b475cc73c7737a2ff314b6d2e7bf64ee) phizuu:connect"
204.51.96.200 - - [20/Jun/2011:10:31:40 -0700] "GET /static-api/10/images/config HTTP/1.0" 301 386 "-" "-"
204.51.96.200 - - [20/Jun/2011:10:31:41 -0700] "GET /static-api/10/images/config/ HTTP/1.0" 200 25 "-" "-"
81.81.91.43 - - [20/Jun/2011:10:31:40 -0700] "GET /client/10/images/config/ HTTP/1.1" 200 45 "-" "10-Erick_Morillo/3.0.0 CFNetwork/459 Darwin/10.0.0d3"
81.81.91.43 - - [20/Jun/2011:10:31:41 -0700] "GET /client/10/music/ HTTP/1.1" 200 1042 "-" "Mozilla/5.0 (iPhone; iPhone OS 3.1.3; c1b4beb0b475cc73c7737a2ff314b6d2e7bf64ee) phizuu:connect"
81.81.91.43 - - [20/Jun/2011:10:32:01 -0700] "GET /client/10/videos/ HTTP/1.1" 200 3064 "-" "Mozilla/5.0 (iPhone; iPhone OS 3.1.3; c1b4beb0b475cc73c7737a2ff314b6d2e7bf64ee) phizuu:connect"
10.112.61.195 - - [20/Jun/2011:10:32:22 -0700] "GET /static-api/10 HTTP/1.0" 301 362 "-" "-"
10.112.61.195 - - [20/Jun/2011:10:32:22 -0700] "GET /static-api/10/ HTTP/1.0" 200 801 "-" "-"
109.0.229.12 - - [20/Jun/2011:10:32:22 -0700] "GET /client/10/ HTTP/1.1" 200 244 "-" "Mozilla/5.0 (iPhone; iPhone OS 4.0.1; 0c09a3dba7deea41acd4fc82915e5deab9c080f3) phizuu:connect"
204.51.96.200 - - [20/Jun/2011:10:32:23 -0700] "GET /static-api/10/images/config HTTP/1.0" 301 386 "-" "-"
204.51.96.200 - - [20/Jun/2011:10:32:23 -0700] "GET /static-api/10/images/config/ HTTP/1.0" 200 25 "-" "-"
109.0.229.12 - - [20/Jun/2011:10:32:23 -0700] "GET /client/10/images/config/ HTTP/1.1" 200 45 "-" "10-Erick_Morillo/3.0.0 CFNetwork/485.2 Darwin/10.3.1"
109.0.229.12 - - [20/Jun/2011:10:32:23 -0700] "GET /client/10/music/ HTTP/1.1" 200 1042 "-" "Mozilla/5.0 (iPhone; iPhone OS 4.0.1; 0c09a3dba7deea41acd4fc82915e5deab9c080f3) phizuu:connect"
204.51.96.200 - - [20/Jun/2011:10:32:25 -0700] "GET /static-api/107/images/albums/ HTTP/1.0" 200 729 "-" "-"
2.127.5.130 - - [20/Jun/2011:10:32:25 -0700] "GET /client/107/images/albums HTTP/1.1" 200 729 "-" "Apache-HttpClient/UNAVAILABLE (java 1.4)"
109.0.229.12 - - [20/Jun/2011:10:32:38 -0700] "GET /client/10/images/ HTTP/1.1" 200 804 "-" "Mozilla/5.0 (iPhone; iPhone OS 4.0.1; 0c09a3dba7deea41acd4fc82915e5deab9c080f3) phizuu:connect"
10.112.61.195 - - [20/Jun/2011:10:34:20 -0700] "GET /static-api/5186 HTTP/1.0" 301 364 "-" "-"
10.112.61.195 - - [20/Jun/2011:10:34:20 -0700] "GET /static-api/5186/ HTTP/1.0" 200 816 "-" "-"
199.19.249.196 - - [20/Jun/2011:10:34:20 -0700] "GET /client/5186 HTTP/1.1" 200 547 "-" "Mozilla/4.0 (compatible; MSIE 7.0; Windows NT 5.1; InfoPath.1; .NET CLR 2.0.50727; .NET CLR 1.1.4322; MS-RTC LM 8; .NET CLR 3.0.4506.2152; .NET CLR 3.5.30729)"
10.112.61.195 - - [20/Jun/2011:10:34:20 -0700] "GET /static-api/5186 HTTP/1.0" 301 364 "-" "-"
10.112.61.195 - - [20/Jun/2011:10:34:20 -0700] "GET /static-api/5186/ HTTP/1.0" 200 816 "-" "-"
212.183.128.43 - - [20/Jun/2011:10:34:20 -0700] "GET /client/5186/ HTTP/1.1" 200 264 "-" "Mozilla/5.0 (iPhone; iPhone OS 4.3; 4ae1bd8d7e2cdfc3419b9cdc9a3d8d27bea811c4) phizuu:connect"
204.51.96.200 - - [20/Jun/2011:10:34:21 -0700] "GET /static-api/5186/images/config HTTP/1.0" 301 388 "-" "-"
204.51.96.200 - - [20/Jun/2011:10:34:21 -0700] "GET /static-api/5186/images/config/ HTTP/1.0" 200 25 "-" "-"
199.19.249.196 - - [20/Jun/2011:10:34:21 -0700] "GET /client/5186/images/config HTTP/1.1" 200 25 "-" "Mozilla/4.0 (compatible; MSIE 7.0; Windows NT 5.1; InfoPath.1; .NET CLR 2.0.50727; .NET CLR 1.1.4322; MS-RTC LM 8; .NET CLR 3.0.4506.2152; .NET CLR 3.5.30729)"
204.51.96.200 - - [20/Jun/2011:10:34:21 -0700] "GET /static-api/5186/images/config HTTP/1.0" 301 388 "-" "-"
204.51.96.200 - - [20/Jun/2011:10:34:21 -0700] "GET /static-api/5186/images/config/ HTTP/1.0" 200 25 "-" "-"
212.183.128.43 - - [20/Jun/2011:10:34:21 -0700] "GET /client/5186/images/config/ HTTP/1.1" 200 45 "-" "5186-Adam_Beyer/3.0.1 CFNetwork/485.13.8 Darwin/11.0.0"
199.19.249.196 - - [20/Jun/2011:10:34:22 -0700] "GET /client/5186/music HTTP/1.1" 200 7299 "-" "Mozilla/4.0 (compatible; MSIE 7.0; Windows NT 5.1; InfoPath.1; .NET CLR 2.0.50727; .NET CLR 1.1.4322; MS-RTC LM 8; .NET CLR 3.0.4506.2152; .NET CLR 3.5.30729)"
212.183.128.43 - - [20/Jun/2011:10:34:23 -0700] "GET /client/5186/music/ HTTP/1.1" 200 1335 "-" "Mozilla/5.0 (iPhone; iPhone OS 4.3; 4ae1bd8d7e2cdfc3419b9cdc9a3d8d27bea811c4) phizuu:connect"
10.112.61.195 - - [20/Jun/2011:10:36:07 -0700] "GET /static-api/16 HTTP/1.0" 301 362 "-" "-"
10.112.61.195 - - [20/Jun/2011:10:36:07 -0700] "GET /static-api/16/ HTTP/1.0" 200 838 "-" "-"
117.224.246.166 - - [20/Jun/2011:10:36:07 -0700] "GET /client/16/ HTTP/1.1" 200 294 "-" "Mozilla/5.0 (iPad; iPhone OS 4.3.3; 07c231305e32f9f85711aa10a17ed183efeaaa4f) phizuu:connect"
204.51.96.200 - - [20/Jun/2011:10:36:08 -0700] "GET /static-api/16/images/config HTTP/1.0" 301 386 "-" "-"
204.51.96.200 - - [20/Jun/2011:10:36:08 -0700] "GET /static-api/16/images/config/ HTTP/1.0" 200 23 "-" "-"
117.224.246.166 - - [20/Jun/2011:10:36:08 -0700] "GET /client/16/images/config/ HTTP/1.1" 200 43 "-" "16-Andy_Moor/3.0.0 CFNetwork/485.13.9 Darwin/11.0.0"
117.224.246.166 - - [20/Jun/2011:10:36:08 -0700] "GET /client/16/music/ HTTP/1.1" 200 1071 "-" "Mozilla/5.0 (iPad; iPhone OS 4.3.3; 07c231305e32f9f85711aa10a17ed183efeaaa4f) phizuu:connect"
10.112.61.195 - - [20/Jun/2011:10:37:27 -0700] "GET /static-api/5186 HTTP/1.0" 301 364 "-" "-"
10.112.61.195 - - [20/Jun/2011:10:37:27 -0700] "GET /static-api/5186/ HTTP/1.0" 200 816 "-" "-"
173.166.217.137 - - [20/Jun/2011:10:37:27 -0700] "GET /client/5186/ HTTP/1.1" 200 264 "-" "Mozilla/5.0 (iPhone; iPhone OS 4.1; c3feaf9249c1a09af203a90aae5ec7e0532a3bba) phizuu:connect"
204.51.96.200 - - [20/Jun/2011:10:37:27 -0700] "GET /static-api/5186/images/config HTTP/1.0" 301 388 "-" "-"
204.51.96.200 - - [20/Jun/2011:10:37:27 -0700] "GET /static-api/5186/images/config/ HTTP/1.0" 200 25 "-" "-"
173.166.217.137 - - [20/Jun/2011:10:37:27 -0700] "GET /client/5186/images/config/ HTTP/1.1" 200 45 "-" "5186-Adam_Beyer/3.0.1 CFNetwork/485.10.2 Darwin/10.3.1"
173.166.217.137 - - [20/Jun/2011:10:37:27 -0700] "GET /client/5186/music/ HTTP/1.1" 200 1335 "-" "Mozilla/5.0 (iPhone; iPhone OS 4.1; c3feaf9249c1a09af203a90aae5ec7e0532a3bba) phizuu:connect"
10.112.61.195 - - [20/Jun/2011:10:37:56 -0700] "GET /static-api/5078 HTTP/1.0" 301 364 "-" "-"
10.112.61.195 - - [20/Jun/2011:10:37:56 -0700] "GET /static-api/5078/ HTTP/1.0" 200 838 "-" "-"
46.104.134.140 - - [20/Jun/2011:10:37:56 -0700] "GET /client/5078/ HTTP/1.1" 200 294 "-" "Mozilla/5.0 (iPhone; iPhone OS 4.3.3; 7e58142fecb4b422806e33ac53bab72cd9baafb9) phizuu:connect"
204.51.96.200 - - [20/Jun/2011:10:37:56 -0700] "GET /static-api/5078/images/config HTTP/1.0" 301 388 "-" "-"
204.51.96.200 - - [20/Jun/2011:10:37:56 -0700] "GET /static-api/5078/images/config/ HTTP/1.0" 200 25 "-" "-"
46.104.134.140 - - [20/Jun/2011:10:37:56 -0700] "GET /client/5078/images/config/ HTTP/1.1" 200 45 "-" "5078-Bellyhouse/3.0.0 CFNetwork/485.13.9 Darwin/11.0.0"
46.104.134.140 - - [20/Jun/2011:10:37:57 -0700] "GET /client/5078/music/ HTTP/1.1" 200 5360 "-" "Mozilla/5.0 (iPhone; iPhone OS 4.3.3; 7e58142fecb4b422806e33ac53bab72cd9baafb9) phizuu:connect"
10.112.61.195 - - [20/Jun/2011:10:38:46 -0700] "GET /static-api/10 HTTP/1.0" 301 362 "-" "-"
10.112.61.195 - - [20/Jun/2011:10:38:46 -0700] "GET /static-api/10/ HTTP/1.0" 200 801 "-" "-"
151.80.108.58 - - [20/Jun/2011:10:38:46 -0700] "GET /client/10/ HTTP/1.1" 200 244 "-" "Mozilla/5.0 (iPhone; iPhone OS 4.3.3; 54d45252549223417709dd069f232fc729821bcc) phizuu:connect"
204.51.96.200 - - [20/Jun/2011:10:38:47 -0700] "GET /static-api/10/images/config HTTP/1.0" 301 386 "-" "-"
204.51.96.200 - - [20/Jun/2011:10:38:47 -0700] "GET /static-api/10/images/config/ HTTP/1.0" 200 25 "-" "-"
151.80.108.58 - - [20/Jun/2011:10:38:47 -0700] "GET /client/10/images/config/ HTTP/1.1" 200 45 "-" "10-Erick_Morillo/3.0.0 CFNetwork/485.13.9 Darwin/11.0.0"
151.80.108.58 - - [20/Jun/2011:10:38:48 -0700] "GET /client/10/music/ HTTP/1.1" 200 1042 "-" "Mozilla/5.0 (iPhone; iPhone OS 4.3.3; 54d45252549223417709dd069f232fc729821bcc) phizuu:connect"
10.112.61.195 - - [20/Jun/2011:10:43:16 -0700] "GET /static-api/18 HTTP/1.0" 301 362 "-" "-"
10.112.61.195 - - [20/Jun/2011:10:43:16 -0700] "GET /static-api/18/ HTTP/1.0" 200 803 "-" "-"
193.247.250.31 - - [20/Jun/2011:10:43:16 -0700] "GET /client/18/ HTTP/1.1" 200 243 "-" "Mozilla/5.0 (iPhone; iPhone OS 4.3.3; 60de3d8007d5f319cf3a36ffe88292fd71a13a69) phizuu:connect"
10.112.61.195 - - [20/Jun/2011:10:44:28 -0700] "GET /static-api/5110 HTTP/1.0" 301 364 "-" "-"
10.112.61.195 - - [20/Jun/2011:10:44:28 -0700] "GET /static-api/5110/ HTTP/1.0" 200 818 "-" "-"
2.125.196.116 - - [20/Jun/2011:10:44:28 -0700] "GET /client/5110/ HTTP/1.1" 200 262 "-" "Mozilla/5.0 (iPod touch; iPhone OS 4.2.1; b84b2f76b8d077a96c91f9196a9d60f9675d3b2b) phizuu:connect"
204.51.96.200 - - [20/Jun/2011:10:44:29 -0700] "GET /static-api/5110/images/config HTTP/1.0" 301 388 "-" "-"
204.51.96.200 - - [20/Jun/2011:10:44:29 -0700] "GET /static-api/5110/images/config/ HTTP/1.0" 200 25 "-" "-"
2.125.196.116 - - [20/Jun/2011:10:44:28 -0700] "GET /client/5110/images/config/ HTTP/1.1" 200 45 "-" "5110-DJ_Mog/3.0.0 CFNetwork/485.12.7 Darwin/10.4.0"
2.125.196.116 - - [20/Jun/2011:10:44:29 -0700] "GET /client/5110/music/ HTTP/1.1" 200 1123 "-" "Mozilla/5.0 (iPod touch; iPhone OS 4.2.1; b84b2f76b8d077a96c91f9196a9d60f9675d3b2b) phizuu:connect"
2.125.196.116 - - [20/Jun/2011:10:44:32 -0700] "GET /client/5110/events/ HTTP/1.1" 200 1660 "-" "Mozilla/5.0 (iPod touch; iPhone OS 4.2.1; b84b2f76b8d077a96c91f9196a9d60f9675d3b2b) phizuu:connect"
10.112.61.195 - - [20/Jun/2011:10:44:38 -0700] "GET /static-api/123 HTTP/1.0" 301 363 "-" "-"
10.112.61.195 - - [20/Jun/2011:10:44:38 -0700] "GET /static-api/123/ HTTP/1.0" 200 818 "-" "-"
117.96.26.23 - - [20/Jun/2011:10:44:38 -0700] "GET /client/123/ HTTP/1.1" 200 264 "-" "Mozilla/5.0 (iPad; iPhone OS 4.3; ffa98be5262e9e1d9ff6f3502e0576bdddd49eee) phizuu:connect"
204.51.96.200 - - [20/Jun/2011:10:44:39 -0700] "GET /static-api/123/images/config HTTP/1.0" 301 387 "-" "-"
204.51.96.200 - - [20/Jun/2011:10:44:39 -0700] "GET /static-api/123/images/config/ HTTP/1.0" 200 25 "-" "-"
117.96.26.23 - - [20/Jun/2011:10:44:39 -0700] "GET /client/123/images/config/ HTTP/1.1" 200 45 "-" "123-ActionReplayy/3.0.0 CFNetwork/485.13.8 Darwin/11.0.0"
117.96.26.23 - - [20/Jun/2011:10:44:39 -0700] "GET /client/123/music/ HTTP/1.1" 200 1101 "-" "Mozilla/5.0 (iPad; iPhone OS 4.3; ffa98be5262e9e1d9ff6f3502e0576bdddd49eee) phizuu:connect"
117.96.26.23 - - [20/Jun/2011:10:45:54 -0700] "GET /client/123/videos/ HTTP/1.1" 200 571 "-" "Mozilla/5.0 (iPad; iPhone OS 4.3; ffa98be5262e9e1d9ff6f3502e0576bdddd49eee) phizuu:connect"
10.112.61.195 - - [20/Jun/2011:10:46:30 -0700] "GET /static-api/5186 HTTP/1.0" 301 364 "-" "-"
10.112.61.195 - - [20/Jun/2011:10:46:30 -0700] "GET /static-api/5186/ HTTP/1.0" 200 816 "-" "-"
80.250.146.55 - - [20/Jun/2011:10:46:30 -0700] "GET /client/5186/ HTTP/1.1" 200 264 "-" "Mozilla/5.0 (iPhone; iPhone OS 4.3.3; 849f58c096cfc325f7b7b47af31c9cb59d05cb6f) phizuu:connect"
204.51.96.200 - - [20/Jun/2011:10:46:31 -0700] "GET /static-api/5186/images/config HTTP/1.0" 301 388 "-" "-"
204.51.96.200 - - [20/Jun/2011:10:46:31 -0700] "GET /static-api/5186/images/config/ HTTP/1.0" 200 25 "-" "-"
80.250.146.55 - - [20/Jun/2011:10:46:31 -0700] "GET /client/5186/images/config/ HTTP/1.1" 200 45 "-" "5186-Adam_Beyer/3.0.1 CFNetwork/485.13.9 Darwin/11.0.0"
80.250.146.55 - - [20/Jun/2011:10:46:31 -0700] "GET /client/5186/music/ HTTP/1.1" 200 1335 "-" "Mozilla/5.0 (iPhone; iPhone OS 4.3.3; 849f58c096cfc325f7b7b47af31c9cb59d05cb6f) phizuu:connect"
204.51.96.200 - - [20/Jun/2011:10:49:46 -0700] "GET /static-api/5315/images/config HTTP/1.0" 301 388 "-" "-"
204.51.96.200 - - [20/Jun/2011:10:49:46 -0700] "GET /static-api/5315/images/config/ HTTP/1.0" 200 23 "-" "-"
123.186.242.90 - - [20/Jun/2011:10:49:46 -0700] "GET /client/5315/images/config/ HTTP/1.1" 200 43 "-" "Template/4.0.1 CFNetwork/485.12.7 Darwin/10.4.0"
10.112.61.195 - - [20/Jun/2011:10:49:48 -0700] "GET /static-api/5315 HTTP/1.0" 301 364 "-" "-"
10.112.61.195 - - [20/Jun/2011:10:49:48 -0700] "GET /static-api/5315/ HTTP/1.0" 200 820 "-" "-"
123.186.242.90 - - [20/Jun/2011:10:49:48 -0700] "GET /client/5315/ HTTP/1.1" 200 263 "-" "Mozilla/5.0 (iPod touch; iPhone OS 4.2.1; bfc52476cfef4abf6682693cb8656c0551b535a3) phizuu:connect"
123.186.242.90 - - [20/Jun/2011:10:49:48 -0700] "POST /client/5315/updates HTTP/1.1" 200 135 "-" "Template/4.0.1 CFNetwork/485.12.7 Darwin/10.4.0"
123.186.242.90 - - [20/Jun/2011:10:49:49 -0700] "GET /client/5315/events/ HTTP/1.1" 200 5587 "-" "Mozilla/5.0 (iPod touch; iPhone OS 4.2.1; bfc52476cfef4abf6682693cb8656c0551b535a3) phizuu:connect"
123.186.242.90 - - [20/Jun/2011:10:49:49 -0700] "GET /client/5315/music/ HTTP/1.1" 200 2486 "-" "Mozilla/5.0 (iPod touch; iPhone OS 4.2.1; bfc52476cfef4abf6682693cb8656c0551b535a3) phizuu:connect"
123.186.242.90 - - [20/Jun/2011:10:49:51 -0700] "POST /client/5315/updates HTTP/1.1" 200 135 "-" "Template/4.0.1 CFNetwork/485.12.7 Darwin/10.4.0"
10.112.61.195 - - [20/Jun/2011:10:50:19 -0700] "GET /static-api/5186 HTTP/1.0" 301 364 "-" "-"
10.112.61.195 - - [20/Jun/2011:10:50:19 -0700] "GET /static-api/5186/ HTTP/1.0" 200 816 "-" "-"
80.187.97.69 - - [20/Jun/2011:10:50:19 -0700] "GET /client/5186/ HTTP/1.1" 200 264 "-" "Mozilla/5.0 (iPhone; iPhone OS 4.3.1; 3b3db82a0c34c47a890c95d916719dfbcfa26a50) phizuu:connect"
204.51.96.200 - - [20/Jun/2011:10:50:20 -0700] "GET /static-api/5186/images/config HTTP/1.0" 301 388 "-" "-"
204.51.96.200 - - [20/Jun/2011:10:50:20 -0700] "GET /static-api/5186/images/config/ HTTP/1.0" 200 25 "-" "-"
80.187.97.69 - - [20/Jun/2011:10:50:20 -0700] "GET /client/5186/images/config/ HTTP/1.1" 200 45 "-" "5186-Adam_Beyer/3.0.1 CFNetwork/485.13.9 Darwin/11.0.0"
80.187.97.69 - - [20/Jun/2011:10:50:20 -0700] "GET /client/5186/music/ HTTP/1.1" 200 1335 "-" "Mozilla/5.0 (iPhone; iPhone OS 4.3.1; 3b3db82a0c34c47a890c95d916719dfbcfa26a50) phizuu:connect"
123.186.242.90 - - [20/Jun/2011:10:50:22 -0700] "GET /client/5315/videos/ HTTP/1.1" 200 902 "-" "Mozilla/5.0 (iPod touch; iPhone OS 4.2.1; bfc52476cfef4abf6682693cb8656c0551b535a3) phizuu:connect"
80.187.97.69 - - [20/Jun/2011:10:50:34 -0700] "GET /client/5186/events/ HTTP/1.1" 200 1604 "-" "Mozilla/5.0 (iPhone; iPhone OS 4.3.1; 3b3db82a0c34c47a890c95d916719dfbcfa26a50) phizuu:connect"
204.51.96.200 - - [20/Jun/2011:10:51:55 -0700] "GET /static-api/5315/images/albums/ HTTP/1.0" 200 2012 "-" "-"
123.186.242.90 - - [20/Jun/2011:10:51:55 -0700] "GET /client/5315/images/albums/ HTTP/1.1" 200 373 "-" "Mozilla/5.0 (iPod touch; iPhone OS 4.2.1; bfc52476cfef4abf6682693cb8656c0551b535a3) phizuu:connect"
10.112.61.195 - - [20/Jun/2011:10:52:03 -0700] "GET /static-api/10 HTTP/1.0" 301 362 "-" "-"
10.112.61.195 - - [20/Jun/2011:10:52:03 -0700] "GET /static-api/10/ HTTP/1.0" 200 801 "-" "-"
166.205.143.131 - - [20/Jun/2011:10:52:03 -0700] "GET /client/10/ HTTP/1.1" 200 244 "-" "Mozilla/5.0 (iPhone; iPhone OS 4.3.3; 84c1a69fcf637bc2a36e6579cfda8f215c21ddd7) phizuu:connect"
204.51.96.200 - - [20/Jun/2011:10:52:03 -0700] "GET /static-api/10/images/config HTTP/1.0" 301 386 "-" "-"
204.51.96.200 - - [20/Jun/2011:10:52:03 -0700] "GET /static-api/10/images/config/ HTTP/1.0" 200 25 "-" "-"
166.205.143.131 - - [20/Jun/2011:10:52:03 -0700] "GET /client/10/images/config/ HTTP/1.1" 200 45 "-" "10-Erick_Morillo/3.0.0 CFNetwork/485.13.9 Darwin/11.0.0"
166.205.143.131 - - [20/Jun/2011:10:52:04 -0700] "GET /client/10/music/ HTTP/1.1" 200 1042 "-" "Mozilla/5.0 (iPhone; iPhone OS 4.3.3; 84c1a69fcf637bc2a36e6579cfda8f215c21ddd7) phizuu:connect"
166.205.143.131 - - [20/Jun/2011:10:52:04 -0700] "GET /client/10/events/ HTTP/1.1" 200 3810 "-" "Mozilla/5.0 (iPhone; iPhone OS 4.3.3; 84c1a69fcf637bc2a36e6579cfda8f215c21ddd7) phizuu:connect"
123.186.242.90 - - [20/Jun/2011:10:52:33 -0700] "GET /client/5315/event_images/3467 HTTP/1.1" 200 33 "-" "Template/4.0.1 CFNetwork/485.12.7 Darwin/10.4.0"
123.186.242.90 - - [20/Jun/2011:10:52:38 -0700] "GET /client/5315/event_images/3467 HTTP/1.1" 200 33 "-" "Template/4.0.1 CFNetwork/485.12.7 Darwin/10.4.0"
123.186.242.90 - - [20/Jun/2011:10:52:47 -0700] "GET /client/5315/event_images/3447 HTTP/1.1" 200 33 "-" "Template/4.0.1 CFNetwork/485.12.7 Darwin/10.4.0"
10.112.61.195 - - [20/Jun/2011:10:52:52 -0700] "GET /static-api/5076 HTTP/1.0" 301 364 "-" "-"
10.112.61.195 - - [20/Jun/2011:10:52:52 -0700] "GET /static-api/5076/ HTTP/1.0" 200 817 "-" "-"
2.120.47.15 - - [20/Jun/2011:10:52:52 -0700] "GET /client/5076/ HTTP/1.1" 200 261 "-" "Mozilla/5.0 (iPhone; iPhone OS 4.0.1; 286976eb4174390a8b0967ca193d7ad890e3e848) phizuu:connect"
123.186.242.90 - - [20/Jun/2011:10:52:52 -0700] "GET /client/5315/event_images/3447 HTTP/1.1" 200 33 "-" "Template/4.0.1 CFNetwork/485.12.7 Darwin/10.4.0"
204.51.96.200 - - [20/Jun/2011:10:52:52 -0700] "GET /static-api/5076/images/config HTTP/1.0" 301 388 "-" "-"
204.51.96.200 - - [20/Jun/2011:10:52:52 -0700] "GET /static-api/5076/images/config/ HTTP/1.0" 200 25 "-" "-"
2.120.47.15 - - [20/Jun/2011:10:52:52 -0700] "GET /client/5076/images/config/ HTTP/1.1" 200 45 "-" "5076-Laidback_Luke_/3.0.0 CFNetwork/485.2 Darwin/10.3.1"
2.120.47.15 - - [20/Jun/2011:10:52:53 -0700] "GET /client/5076/music/ HTTP/1.1" 200 1328 "-" "Mozilla/5.0 (iPhone; iPhone OS 4.0.1; 286976eb4174390a8b0967ca193d7ad890e3e848) phizuu:connect"
123.186.242.90 - - [20/Jun/2011:10:53:01 -0700] "GET /client/5315/event_images/3462 HTTP/1.1" 200 33 "-" "Template/4.0.1 CFNetwork/485.12.7 Darwin/10.4.0"
123.186.242.90 - - [20/Jun/2011:10:53:15 -0700] "GET /client/5315/event_images/3468 HTTP/1.1" 200 33 "-" "Template/4.0.1 CFNetwork/485.12.7 Darwin/10.4.0"
94.197.127.52 - - [20/Jun/2011:10:53:15 -0700] "GET /client/5076/events/ HTTP/1.1" 200 5648 "-" "Mozilla/5.0 (iPhone; iPhone OS 4.3.2; 3010a99b25140b34e41e6a927df620005e364411) phizuu:connect"
204.51.96.200 - - [20/Jun/2011:10:54:30 -0700] "GET /static-api/5315/images/config HTTP/1.0" 301 388 "-" "-"
204.51.96.200 - - [20/Jun/2011:10:54:30 -0700] "GET /static-api/5315/images/config/ HTTP/1.0" 200 23 "-" "-"
193.35.132.36 - - [20/Jun/2011:10:54:25 -0700] "GET /client/5315/images/config/ HTTP/1.1" 200 43 "-" "Template/4.0.1 CFNetwork/485.10.2 Darwin/10.3.1"
10.112.61.195 - - [20/Jun/2011:10:54:37 -0700] "GET /static-api/5315 HTTP/1.0" 301 364 "-" "-"
10.112.61.195 - - [20/Jun/2011:10:54:37 -0700] "GET /static-api/5315/ HTTP/1.0" 200 820 "-" "-"
193.35.132.33 - - [20/Jun/2011:10:54:37 -0700] "GET /client/5315/ HTTP/1.1" 200 263 "-" "Mozilla/5.0 (iPhone; iPhone OS 4.1; a4d05a800075279bc9462b866dce9209da5e36e8) phizuu:connect"
