
10.112.61.195 - - [20/Jun/2011:02:29:27 -0700] "GET /static-api/99 HTTP/1.0" 301 362 "-" "-"
10.112.61.195 - - [20/Jun/2011:02:29:27 -0700] "GET /static-api/99/ HTTP/1.0" 200 815 "-" "-"
131.181.251.18 - - [20/Jun/2011:02:29:27 -0700] "GET /client/99 HTTP/1.0" 200 256 "-" "Mozilla/5.0 (X11; Linux i686; rv:2.0.1) Gecko/20100101 Firefox/4.0.1"
131.181.251.18 - - [20/Jun/2011:02:29:28 -0700] "GET /favicon.ico HTTP/1.0" 404 270 "-" "Mozilla/5.0 (X11; Linux i686; rv:2.0.1) Gecko/20100101 Firefox/4.0.1"
131.181.251.18 - - [20/Jun/2011:02:29:28 -0700] "GET /favicon.ico HTTP/1.0" 404 270 "-" "Mozilla/5.0 (X11; Linux i686; rv:2.0.1) Gecko/20100101 Firefox/4.0.1"
10.112.61.195 - - [20/Jun/2011:02:30:14 -0700] "GET /static-api/5078 HTTP/1.0" 301 364 "-" "-"
10.112.61.195 - - [20/Jun/2011:02:30:14 -0700] "GET /static-api/5078/ HTTP/1.0" 200 838 "-" "-"
126.233.216.106 - - [20/Jun/2011:02:30:14 -0700] "GET /client/5078/ HTTP/1.1" 200 294 "-" "Mozilla/5.0 (iPhone; iPhone OS 4.1; 6d6f9cb772cfebbac35bb60c773f1fcac48639b4) phizuu:connect"
204.51.96.200 - - [20/Jun/2011:02:30:15 -0700] "GET /static-api/5078/images/config HTTP/1.0" 301 388 "-" "-"
204.51.96.200 - - [20/Jun/2011:02:30:15 -0700] "GET /static-api/5078/images/config/ HTTP/1.0" 200 25 "-" "-"
126.233.216.106 - - [20/Jun/2011:02:30:14 -0700] "GET /client/5078/images/config/ HTTP/1.1" 200 45 "-" "5078-Bellyhouse/3.0.0 CFNetwork/485.10.2 Darwin/10.3.1"
126.233.216.106 - - [20/Jun/2011:02:30:15 -0700] "GET /client/5078/music/ HTTP/1.1" 200 5360 "-" "Mozilla/5.0 (iPhone; iPhone OS 4.1; 6d6f9cb772cfebbac35bb60c773f1fcac48639b4) phizuu:connect"
10.112.61.195 - - [20/Jun/2011:02:31:35 -0700] "GET /static-api/5078 HTTP/1.0" 301 364 "-" "-"
10.112.61.195 - - [20/Jun/2011:02:31:35 -0700] "GET /static-api/5078/ HTTP/1.0" 200 838 "-" "-"
109.130.19.235 - - [20/Jun/2011:02:31:35 -0700] "GET /client/5078/ HTTP/1.1" 200 294 "-" "Mozilla/5.0 (iPhone; iPhone OS 4.3.3; a5c3dcdbaff02966e00d001642acafc0700b7888) phizuu:connect"
204.51.96.200 - - [20/Jun/2011:02:31:35 -0700] "GET /static-api/5078/images/config HTTP/1.0" 301 388 "-" "-"
204.51.96.200 - - [20/Jun/2011:02:31:35 -0700] "GET /static-api/5078/images/config/ HTTP/1.0" 200 25 "-" "-"
109.130.19.235 - - [20/Jun/2011:02:31:35 -0700] "GET /client/5078/images/config/ HTTP/1.1" 200 45 "-" "5078-Bellyhouse/3.0.0 CFNetwork/485.13.9 Darwin/11.0.0"
109.130.19.235 - - [20/Jun/2011:02:31:36 -0700] "GET /client/5078/music/ HTTP/1.1" 200 5360 "-" "Mozilla/5.0 (iPhone; iPhone OS 4.3.3; a5c3dcdbaff02966e00d001642acafc0700b7888) phizuu:connect"
204.51.96.200 - - [20/Jun/2011:02:32:24 -0700] "GET /static-api/5315/images/config HTTP/1.0" 301 388 "-" "-"
204.51.96.200 - - [20/Jun/2011:02:32:24 -0700] "GET /static-api/5315/images/config/ HTTP/1.0" 200 23 "-" "-"
123.186.247.95 - - [20/Jun/2011:02:32:23 -0700] "GET /client/5315/images/config/ HTTP/1.1" 200 43 "-" "Template/4.0.1 CFNetwork/485.12.7 Darwin/10.4.0"
109.130.19.235 - - [20/Jun/2011:02:32:23 -0700] "GET /client/5078/images/ HTTP/1.1" 200 2541 "-" "Mozilla/5.0 (iPhone; iPhone OS 4.3.3; a5c3dcdbaff02966e00d001642acafc0700b7888) phizuu:connect"
10.112.61.195 - - [20/Jun/2011:02:32:26 -0700] "GET /static-api/5315 HTTP/1.0" 301 364 "-" "-"
10.112.61.195 - - [20/Jun/2011:02:32:26 -0700] "GET /static-api/5315/ HTTP/1.0" 200 820 "-" "-"
123.186.247.95 - - [20/Jun/2011:02:32:26 -0700] "GET /client/5315/ HTTP/1.1" 200 263 "-" "Mozilla/5.0 (iPod touch; iPhone OS 4.2.1; c1d57f592d6781b487254ba858779c92f9b3309e) phizuu:connect"
123.186.247.95 - - [20/Jun/2011:02:32:26 -0700] "POST /client/5315/updates HTTP/1.1" 200 135 "-" "Template/4.0.1 CFNetwork/485.12.7 Darwin/10.4.0"
123.186.247.95 - - [20/Jun/2011:02:32:27 -0700] "GET /client/5315/music/ HTTP/1.1" 200 2542 "-" "Mozilla/5.0 (iPod touch; iPhone OS 4.2.1; c1d57f592d6781b487254ba858779c92f9b3309e) phizuu:connect"
123.186.247.95 - - [20/Jun/2011:02:32:27 -0700] "GET /client/5315/events/ HTTP/1.1" 200 5587 "-" "Mozilla/5.0 (iPod touch; iPhone OS 4.2.1; c1d57f592d6781b487254ba858779c92f9b3309e) phizuu:connect"
123.186.247.95 - - [20/Jun/2011:02:32:28 -0700] "POST /client/5315/updates HTTP/1.1" 200 135 "-" "Template/4.0.1 CFNetwork/485.12.7 Darwin/10.4.0"
123.186.247.95 - - [20/Jun/2011:02:32:29 -0700] "POST /client/5315/updates HTTP/1.1" 200 135 "-" "Template/4.0.1 CFNetwork/485.12.7 Darwin/10.4.0"
10.112.61.195 - - [20/Jun/2011:02:33:06 -0700] "GET /static-api/123 HTTP/1.0" 301 363 "-" "-"
10.112.61.195 - - [20/Jun/2011:02:33:06 -0700] "GET /static-api/123/ HTTP/1.0" 200 818 "-" "-"
217.69.176.38 - - [20/Jun/2011:02:33:06 -0700] "GET /client/123/ HTTP/1.1" 200 544 "-" "Mozilla/4.0 (compatible;)"
123.186.247.95 - - [20/Jun/2011:02:33:18 -0700] "GET /client/5315/links/ HTTP/1.1" 200 258 "-" "Mozilla/5.0 (iPod touch; iPhone OS 4.2.1; c1d57f592d6781b487254ba858779c92f9b3309e) phizuu:connect"
123.186.247.95 - - [20/Jun/2011:02:33:49 -0700] "GET /client/5315/wall/ HTTP/1.1" 200 294 "-" "Mozilla/5.0 (iPod touch; iPhone OS 4.2.1; c1d57f592d6781b487254ba858779c92f9b3309e) phizuu:connect"
204.51.96.200 - - [20/Jun/2011:02:34:09 -0700] "GET /static-api/5315/images/albums/ HTTP/1.0" 200 2012 "-" "-"
123.186.247.95 - - [20/Jun/2011:02:34:09 -0700] "GET /client/5315/images/albums/ HTTP/1.1" 200 373 "-" "Mozilla/5.0 (iPod touch; iPhone OS 4.2.1; c1d57f592d6781b487254ba858779c92f9b3309e) phizuu:connect"
204.51.96.200 - - [20/Jun/2011:02:34:22 -0700] "GET /static-api/5315/images/albums/185 HTTP/1.0" 301 392 "-" "-"
204.51.96.200 - - [20/Jun/2011:02:34:23 -0700] "GET /static-api/5315/images/albums/185/ HTTP/1.0" 200 8962 "-" "-"
123.186.247.95 - - [20/Jun/2011:02:34:22 -0700] "GET /client/5315/images/albums/185 HTTP/1.1" 200 1257 "-" "Mozilla/5.0 (iPod touch; iPhone OS 4.2.1; c1d57f592d6781b487254ba858779c92f9b3309e) phizuu:connect"
204.51.96.200 - - [20/Jun/2011:02:34:45 -0700] "GET /static-api/107/images/config HTTP/1.0" 301 387 "-" "-"
204.51.96.200 - - [20/Jun/2011:02:34:45 -0700] "GET /static-api/107/images/config/ HTTP/1.0" 200 23 "-" "-"
82.132.248.179 - - [20/Jun/2011:02:34:45 -0700] "GET /client/107/images/config/ HTTP/1.1" 200 23 "-" "Apache-HttpClient/UNAVAILABLE (java 1.4)"
10.112.61.195 - - [20/Jun/2011:02:34:47 -0700] "GET /static-api/107 HTTP/1.0" 301 363 "-" "-"
10.112.61.195 - - [20/Jun/2011:02:34:47 -0700] "GET /static-api/107/ HTTP/1.0" 200 812 "-" "-"
82.132.248.179 - - [20/Jun/2011:02:34:47 -0700] "GET /client/107/ HTTP/1.1" 200 541 "-" "Apache-HttpClient/UNAVAILABLE (java 1.4)"
204.51.96.200 - - [20/Jun/2011:02:34:47 -0700] "GET /static-api/107/images/config HTTP/1.0" 301 387 "-" "-"
204.51.96.200 - - [20/Jun/2011:02:34:47 -0700] "GET /static-api/107/images/config/ HTTP/1.0" 200 23 "-" "-"
82.132.248.179 - - [20/Jun/2011:02:34:47 -0700] "GET /client/107/images/config/ HTTP/1.1" 200 23 "-" "Apache-HttpClient/UNAVAILABLE (java 1.4)"
82.132.248.179 - - [20/Jun/2011:02:34:50 -0700] "GET /client/107/music/ HTTP/1.1" 200 4940 "-" "Apache-HttpClient/UNAVAILABLE (java 1.4)"
82.132.248.179 - - [20/Jun/2011:02:34:51 -0700] "GET /client/107/music/ HTTP/1.1" 200 4940 "-" "Apache-HttpClient/UNAVAILABLE (java 1.4)"
82.132.248.179 - - [20/Jun/2011:02:34:54 -0700] "GET /client/107/music/ HTTP/1.1" 200 4940 "-" "Apache-HttpClient/UNAVAILABLE (java 1.4)"
10.112.61.195 - - [20/Jun/2011:02:35:16 -0700] "GET /static-api/5198 HTTP/1.0" 301 364 "-" "-"
10.112.61.195 - - [20/Jun/2011:02:35:16 -0700] "GET /static-api/5198/ HTTP/1.0" 200 840 "-" "-"
76.0.203.22 - - [20/Jun/2011:02:35:16 -0700] "GET /client/5198/ HTTP/1.1" 200 296 "-" "Mozilla/5.0 (iPhone; iPhone OS 4.1; 075f606a6b39e644139e48a08e35c9f085bea81d) phizuu:connect"
204.51.96.200 - - [20/Jun/2011:02:35:17 -0700] "GET /static-api/5198/images/config HTTP/1.0" 301 388 "-" "-"
204.51.96.200 - - [20/Jun/2011:02:35:17 -0700] "GET /static-api/5198/images/config/ HTTP/1.0" 200 25 "-" "-"
76.0.203.22 - - [20/Jun/2011:02:35:17 -0700] "GET /client/5198/images/config/ HTTP/1.1" 200 45 "-" "5198-Blake_Jarrell/3.0.0 CFNetwork/485.10.2 Darwin/10.3.1"
76.0.203.22 - - [20/Jun/2011:02:35:18 -0700] "GET /client/5198/music/ HTTP/1.1" 200 523 "-" "Mozilla/5.0 (iPhone; iPhone OS 4.1; 075f606a6b39e644139e48a08e35c9f085bea81d) phizuu:connect"
76.0.203.22 - - [20/Jun/2011:02:35:32 -0700] "GET /client/5198/events/ HTTP/1.1" 200 290 "-" "Mozilla/5.0 (iPhone; iPhone OS 4.1; 075f606a6b39e644139e48a08e35c9f085bea81d) phizuu:connect"
10.112.61.195 - - [20/Jun/2011:02:38:07 -0700] "GET /static-api/5254 HTTP/1.0" 301 364 "-" "-"
10.112.61.195 - - [20/Jun/2011:02:38:07 -0700] "GET /static-api/5254/ HTTP/1.0" 200 754 "-" "-"
109.45.0.17 - - [20/Jun/2011:02:38:07 -0700] "GET /client/5254/ HTTP/1.1" 200 233 "-" "Mozilla/5.0 (iPhone; iPhone OS 4.3.3; 58f8ba2c8b743eeda0a8ea5b85108b097106d2a7) phizuu:connect"
204.51.96.200 - - [20/Jun/2011:02:38:07 -0700] "GET /static-api/5254/images/config HTTP/1.0" 301 388 "-" "-"
204.51.96.200 - - [20/Jun/2011:02:38:07 -0700] "GET /static-api/5254/images/config/ HTTP/1.0" 200 25 "-" "-"
109.45.0.17 - - [20/Jun/2011:02:38:07 -0700] "GET /client/5254/images/config/ HTTP/1.1" 200 45 "-" "5254-BunkerTV/3.0.0 CFNetwork/485.13.9 Darwin/11.0.0"
109.45.0.17 - - [20/Jun/2011:02:38:07 -0700] "GET /client/5254/music/ HTTP/1.1" 200 821 "-" "Mozilla/5.0 (iPhone; iPhone OS 4.3.3; 58f8ba2c8b743eeda0a8ea5b85108b097106d2a7) phizuu:connect"
82.132.248.179 - - [20/Jun/2011:02:38:55 -0700] "GET /client/107/music/ HTTP/1.1" 200 4940 "-" "Apache-HttpClient/UNAVAILABLE (java 1.4)"
10.112.61.195 - - [20/Jun/2011:02:39:00 -0700] "GET /static-api/18 HTTP/1.0" 301 362 "-" "-"
10.112.61.195 - - [20/Jun/2011:02:39:00 -0700] "GET /static-api/18/ HTTP/1.0" 200 803 "-" "-"
83.67.75.186 - - [20/Jun/2011:02:39:00 -0700] "GET /client/18/ HTTP/1.1" 200 243 "-" "Mozilla/5.0 (iPhone; iPhone OS 4.3.2; 783b5ab5adeb728dc13b7501aa37300bc7d4e942) phizuu:connect"
204.51.96.200 - - [20/Jun/2011:02:39:01 -0700] "GET /static-api/18/images/config HTTP/1.0" 301 386 "-" "-"
204.51.96.200 - - [20/Jun/2011:02:39:02 -0700] "GET /static-api/18/images/config/ HTTP/1.0" 200 23 "-" "-"
83.67.75.186 - - [20/Jun/2011:02:39:01 -0700] "GET /client/18/images/config/ HTTP/1.1" 200 43 "-" "18-Steve_Angello/3.0.1 CFNetwork/485.13.9 Darwin/11.0.0"
82.132.248.179 - - [20/Jun/2011:02:39:03 -0700] "GET /client/107/music/ HTTP/1.1" 200 4940 "-" "Apache-HttpClient/UNAVAILABLE (java 1.4)"
80.40.134.103 - - [20/Jun/2011:02:39:30 -0700] "GET /robots.txt HTTP/1.0" 404 332 "http://connect.phizuu.com/robots.txt" "(TalkTalk Virus Alerts Scanning Engine)"
10.112.61.195 - - [20/Jun/2011:02:39:30 -0700] "GET /static-api/18 HTTP/1.0" 301 362 "-" "-"
10.112.61.195 - - [20/Jun/2011:02:39:30 -0700] "GET /static-api/18/ HTTP/1.0" 200 803 "-" "-"
80.40.134.103 - - [20/Jun/2011:02:39:30 -0700] "GET /client/18/ HTTP/1.0" 200 533 "http://connect.phizuu.com/client/18/" "(TalkTalk Virus Alerts Scanning Engine)"
204.51.96.200 - - [20/Jun/2011:02:39:32 -0700] "GET /static-api/18/images/config HTTP/1.0" 301 386 "-" "-"
204.51.96.200 - - [20/Jun/2011:02:39:32 -0700] "GET /static-api/18/images/config/ HTTP/1.0" 200 23 "-" "-"
80.40.134.104 - - [20/Jun/2011:02:39:32 -0700] "GET /client/18/images/config/ HTTP/1.0" 200 23 "http://connect.phizuu.com/client/18/images/config/" "(TalkTalk Virus Alerts Scanning Engine)"
10.112.61.195 - - [20/Jun/2011:02:40:51 -0700] "GET /static-api/5076 HTTP/1.0" 301 364 "-" "-"
10.112.61.195 - - [20/Jun/2011:02:40:51 -0700] "GET /static-api/5076/ HTTP/1.0" 200 817 "-" "-"
207.151.90.219 - - [20/Jun/2011:02:40:51 -0700] "GET /client/5076/ HTTP/1.1" 200 261 "-" "Mozilla/5.0 (iPhone; iPhone OS 4.2.6; 2f27d083695f30ae97416e5674b8aa1adac7fce8) phizuu:connect"
204.51.96.200 - - [20/Jun/2011:02:40:52 -0700] "GET /static-api/5076/images/config HTTP/1.0" 301 388 "-" "-"
204.51.96.200 - - [20/Jun/2011:02:40:52 -0700] "GET /static-api/5076/images/config/ HTTP/1.0" 200 25 "-" "-"
207.151.90.219 - - [20/Jun/2011:02:40:51 -0700] "GET /client/5076/images/config/ HTTP/1.1" 200 45 "-" "5076-Laidback_Luke_/3.0.0 CFNetwork/485.12.30 Darwin/10.4.0"
207.151.90.219 - - [20/Jun/2011:02:40:52 -0700] "GET /client/5076/music/ HTTP/1.1" 200 1328 "-" "Mozilla/5.0 (iPhone; iPhone OS 4.2.6; 2f27d083695f30ae97416e5674b8aa1adac7fce8) phizuu:connect"
10.112.61.195 - - [20/Jun/2011:02:40:54 -0700] "GET /static-api/5078 HTTP/1.0" 301 364 "-" "-"
10.112.61.195 - - [20/Jun/2011:02:40:54 -0700] "GET /static-api/5078/ HTTP/1.0" 200 838 "-" "-"
92.42.55.184 - - [20/Jun/2011:02:40:54 -0700] "GET /client/5078/ HTTP/1.1" 200 294 "-" "Mozilla/5.0 (iPad; iPhone OS 4.3.3; 327a992b6f668052cf3d742938cc553416799211) phizuu:connect"
204.51.96.200 - - [20/Jun/2011:02:40:54 -0700] "GET /static-api/5078/images/config HTTP/1.0" 301 388 "-" "-"
204.51.96.200 - - [20/Jun/2011:02:40:55 -0700] "GET /static-api/5078/images/config/ HTTP/1.0" 200 25 "-" "-"
92.42.55.184 - - [20/Jun/2011:02:40:54 -0700] "GET /client/5078/images/config/ HTTP/1.1" 200 45 "-" "5078-Bellyhouse/3.0.0 CFNetwork/485.13.9 Darwin/11.0.0"
92.42.55.184 - - [20/Jun/2011:02:40:55 -0700] "GET /client/5078/music/ HTTP/1.1" 200 5360 "-" "Mozilla/5.0 (iPad; iPhone OS 4.3.3; 327a992b6f668052cf3d742938cc553416799211) phizuu:connect"
92.42.55.184 - - [20/Jun/2011:02:40:56 -0700] "GET /client/5078/images/ HTTP/1.1" 200 2541 "-" "Mozilla/5.0 (iPad; iPhone OS 4.3.3; 327a992b6f668052cf3d742938cc553416799211) phizuu:connect"
92.42.55.184 - - [20/Jun/2011:02:40:57 -0700] "GET /client/5078/events/ HTTP/1.1" 200 249 "-" "Mozilla/5.0 (iPad; iPhone OS 4.3.3; 327a992b6f668052cf3d742938cc553416799211) phizuu:connect"
207.151.90.219 - - [20/Jun/2011:02:41:12 -0700] "GET /client/5076/events/ HTTP/1.1" 200 5648 "-" "Mozilla/5.0 (iPhone; iPhone OS 4.2.6; 2f27d083695f30ae97416e5674b8aa1adac7fce8) phizuu:connect"
207.151.90.219 - - [20/Jun/2011:02:42:02 -0700] "GET /client/5076/images/ HTTP/1.1" 200 3880 "-" "Mozilla/5.0 (iPhone; iPhone OS 4.2.6; 2f27d083695f30ae97416e5674b8aa1adac7fce8) phizuu:connect"
10.112.61.195 - - [20/Jun/2011:02:42:33 -0700] "GET /static-api/5186 HTTP/1.0" 301 364 "-" "-"
10.112.61.195 - - [20/Jun/2011:02:42:33 -0700] "GET /static-api/5186/ HTTP/1.0" 200 816 "-" "-"
178.230.203.25 - - [20/Jun/2011:02:42:33 -0700] "GET /client/5186/ HTTP/1.1" 200 264 "-" "Mozilla/5.0 (iPhone; iPhone OS 4.3.1; a720e50fbf208c821c579bebf3809593e37f587e) phizuu:connect"
10.112.61.195 - - [20/Jun/2011:02:43:33 -0700] "GET /static-api/10 HTTP/1.0" 301 362 "-" "-"
10.112.61.195 - - [20/Jun/2011:02:43:33 -0700] "GET /static-api/10/ HTTP/1.0" 200 801 "-" "-"
213.55.131.181 - - [20/Jun/2011:02:43:33 -0700] "GET /client/10/ HTTP/1.1" 200 244 "-" "Mozilla/5.0 (iPhone; iPhone OS 4.2.1; c117ddb58328c2c0e1d01e5e14004732a7aea18c) phizuu:connect"
204.51.96.200 - - [20/Jun/2011:02:43:34 -0700] "GET /static-api/10/images/config HTTP/1.0" 301 386 "-" "-"
204.51.96.200 - - [20/Jun/2011:02:43:35 -0700] "GET /static-api/10/images/config/ HTTP/1.0" 200 25 "-" "-"
213.55.131.181 - - [20/Jun/2011:02:43:34 -0700] "GET /client/10/images/config/ HTTP/1.1" 200 45 "-" "10-Erick_Morillo/3.0.0 CFNetwork/485.12.7 Darwin/10.4.0"
213.55.131.181 - - [20/Jun/2011:02:43:35 -0700] "GET /client/10/music/ HTTP/1.1" 200 1042 "-" "Mozilla/5.0 (iPhone; iPhone OS 4.2.1; c117ddb58328c2c0e1d01e5e14004732a7aea18c) phizuu:connect"
10.112.61.195 - - [20/Jun/2011:02:44:20 -0700] "GET /static-api/5078 HTTP/1.0" 301 364 "-" "-"
10.112.61.195 - - [20/Jun/2011:02:44:20 -0700] "GET /static-api/5078/ HTTP/1.0" 200 838 "-" "-"
84.12.10.18 - - [20/Jun/2011:02:44:20 -0700] "GET /client/5078/ HTTP/1.1" 200 294 "-" "Mozilla/5.0 (iPhone; iPhone OS 4.3; 9f3eb39fe17c642d1b20283894e922dcbf60eff9) phizuu:connect"
204.51.96.200 - - [20/Jun/2011:02:44:21 -0700] "GET /static-api/5078/images/config HTTP/1.0" 301 388 "-" "-"
204.51.96.200 - - [20/Jun/2011:02:44:21 -0700] "GET /static-api/5078/images/config/ HTTP/1.0" 200 25 "-" "-"
84.12.10.18 - - [20/Jun/2011:02:44:20 -0700] "GET /client/5078/images/config/ HTTP/1.1" 200 45 "-" "5078-Bellyhouse/3.0.0 CFNetwork/485.13.8 Darwin/11.0.0"
84.12.10.18 - - [20/Jun/2011:02:44:21 -0700] "GET /client/5078/music/ HTTP/1.1" 200 5360 "-" "Mozilla/5.0 (iPhone; iPhone OS 4.3; 9f3eb39fe17c642d1b20283894e922dcbf60eff9) phizuu:connect"
84.12.10.18 - - [20/Jun/2011:02:44:36 -0700] "GET /client/5078/events/ HTTP/1.1" 200 249 "-" "Mozilla/5.0 (iPhone; iPhone OS 4.3; 9f3eb39fe17c642d1b20283894e922dcbf60eff9) phizuu:connect"
10.112.61.195 - - [20/Jun/2011:02:44:51 -0700] "GET /static-api/5078 HTTP/1.0" 301 364 "-" "-"
10.112.61.195 - - [20/Jun/2011:02:44:51 -0700] "GET /static-api/5078/ HTTP/1.0" 200 838 "-" "-"
80.40.134.104 - - [20/Jun/2011:02:44:51 -0700] "GET /client/5078/ HTTP/1.0" 200 570 "http://connect.phizuu.com/client/5078/" "(TalkTalk Virus Alerts Scanning Engine)"
204.51.96.200 - - [20/Jun/2011:02:44:52 -0700] "GET /static-api/5078/images/config HTTP/1.0" 301 388 "-" "-"
204.51.96.200 - - [20/Jun/2011:02:44:52 -0700] "GET /static-api/5078/images/config/ HTTP/1.0" 200 25 "-" "-"
80.40.134.104 - - [20/Jun/2011:02:44:51 -0700] "GET /client/5078/images/config/ HTTP/1.0" 200 25 "http://connect.phizuu.com/client/5078/images/config/" "(TalkTalk Virus Alerts Scanning Engine)"
80.40.134.104 - - [20/Jun/2011:02:44:51 -0700] "GET /client/5078/music/ HTTP/1.0" 200 40974 "http://connect.phizuu.com/client/5078/music/" "(TalkTalk Virus Alerts Scanning Engine)"
80.40.134.103 - - [20/Jun/2011:02:45:08 -0700] "GET /client/5078/events/ HTTP/1.0" 200 355 "http://connect.phizuu.com/client/5078/events/" "(TalkTalk Virus Alerts Scanning Engine)"
10.112.61.195 - - [20/Jun/2011:02:45:37 -0700] "GET /static-api/16 HTTP/1.0" 301 362 "-" "-"
10.112.61.195 - - [20/Jun/2011:02:45:37 -0700] "GET /static-api/16/ HTTP/1.0" 200 838 "-" "-"
79.153.178.103 - - [20/Jun/2011:02:45:37 -0700] "GET /client/16/ HTTP/1.1" 200 294 "-" "Mozilla/5.0 (iPhone; iPhone OS 4.3.3; d3c515be44b61cbe41d311fe41519b8d269f81be) phizuu:connect"
204.51.96.200 - - [20/Jun/2011:02:45:37 -0700] "GET /static-api/16/images/config HTTP/1.0" 301 386 "-" "-"
204.51.96.200 - - [20/Jun/2011:02:45:37 -0700] "GET /static-api/16/images/config/ HTTP/1.0" 200 23 "-" "-"
79.153.178.103 - - [20/Jun/2011:02:45:37 -0700] "GET /client/16/images/config/ HTTP/1.1" 200 43 "-" "16-Andy_Moor/3.0.0 CFNetwork/485.13.9 Darwin/11.0.0"
79.153.178.103 - - [20/Jun/2011:02:45:37 -0700] "GET /client/16/music/ HTTP/1.1" 200 1071 "-" "Mozilla/5.0 (iPhone; iPhone OS 4.3.3; d3c515be44b61cbe41d311fe41519b8d269f81be) phizuu:connect"
10.112.61.195 - - [20/Jun/2011:02:46:29 -0700] "GET /static-api/10 HTTP/1.0" 301 362 "-" "-"
10.112.61.195 - - [20/Jun/2011:02:46:29 -0700] "GET /static-api/10/ HTTP/1.0" 200 801 "-" "-"
213.55.131.181 - - [20/Jun/2011:02:46:29 -0700] "GET /client/10/ HTTP/1.1" 200 244 "-" "Mozilla/5.0 (iPhone; iPhone OS 4.2.1; c117ddb58328c2c0e1d01e5e14004732a7aea18c) phizuu:connect"
123.186.247.95 - - [20/Jun/2011:02:46:30 -0700] "GET /client/5315/links/ HTTP/1.1" 200 258 "-" "Mozilla/5.0 (iPod touch; iPhone OS 4.2.1; c1d57f592d6781b487254ba858779c92f9b3309e) phizuu:connect"
204.51.96.200 - - [20/Jun/2011:02:46:31 -0700] "GET /static-api/10/images/config HTTP/1.0" 301 386 "-" "-"
204.51.96.200 - - [20/Jun/2011:02:46:31 -0700] "GET /static-api/10/images/config/ HTTP/1.0" 200 25 "-" "-"
213.55.131.181 - - [20/Jun/2011:02:46:31 -0700] "GET /client/10/images/config/ HTTP/1.1" 200 45 "-" "10-Erick_Morillo/3.0.0 CFNetwork/485.12.7 Darwin/10.4.0"
213.55.131.181 - - [20/Jun/2011:02:46:32 -0700] "GET /client/10/music/ HTTP/1.1" 200 1042 "-" "Mozilla/5.0 (iPhone; iPhone OS 4.2.1; c117ddb58328c2c0e1d01e5e14004732a7aea18c) phizuu:connect"
79.153.178.103 - - [20/Jun/2011:02:46:32 -0700] "GET /client/16/links/ HTTP/1.1" 200 167 "-" "Mozilla/5.0 (iPhone; iPhone OS 4.3.3; d3c515be44b61cbe41d311fe41519b8d269f81be) phizuu:connect"
204.51.96.200 - - [20/Jun/2011:02:46:47 -0700] "GET /static-api/16/images/albums/ HTTP/1.0" 200 1462 "-" "-"
79.153.178.103 - - [20/Jun/2011:02:46:47 -0700] "GET /client/16/images/albums/ HTTP/1.1" 200 327 "-" "Mozilla/5.0 (iPhone; iPhone OS 4.3.3; d3c515be44b61cbe41d311fe41519b8d269f81be) phizuu:connect"
213.55.131.181 - - [20/Jun/2011:02:46:45 -0700] "GET /client/10/events/ HTTP/1.1" 200 3810 "-" "Mozilla/5.0 (iPhone; iPhone OS 4.2.1; c117ddb58328c2c0e1d01e5e14004732a7aea18c) phizuu:connect"
79.153.178.103 - - [20/Jun/2011:02:47:16 -0700] "GET /client/16/music/ HTTP/1.1" 200 1071 "-" "Mozilla/5.0 (iPhone; iPhone OS 4.3.3; d3c515be44b61cbe41d311fe41519b8d269f81be) phizuu:connect"
123.186.247.95 - - [20/Jun/2011:02:47:18 -0700] "GET /client/5315/wall/ HTTP/1.1" 200 294 "-" "Mozilla/5.0 (iPod touch; iPhone OS 4.2.1; c1d57f592d6781b487254ba858779c92f9b3309e) phizuu:connect"
79.153.178.103 - - [20/Jun/2011:02:47:20 -0700] "GET /client/16/events/ HTTP/1.1" 200 832 "-" "Mozilla/5.0 (iPhone; iPhone OS 4.3.3; d3c515be44b61cbe41d311fe41519b8d269f81be) phizuu:connect"
204.51.96.200 - - [20/Jun/2011:02:47:30 -0700] "GET /static-api/5315/images/config HTTP/1.0" 301 388 "-" "-"
204.51.96.200 - - [20/Jun/2011:02:47:30 -0700] "GET /static-api/5315/images/config/ HTTP/1.0" 200 23 "-" "-"
123.186.247.95 - - [20/Jun/2011:02:47:30 -0700] "GET /client/5315/images/config/ HTTP/1.1" 200 43 "-" "Template/4.0.1 CFNetwork/485.12.7 Darwin/10.4.0"
10.112.61.195 - - [20/Jun/2011:02:47:32 -0700] "GET /static-api/5315 HTTP/1.0" 301 364 "-" "-"
10.112.61.195 - - [20/Jun/2011:02:47:32 -0700] "GET /static-api/5315/ HTTP/1.0" 200 820 "-" "-"
123.186.247.95 - - [20/Jun/2011:02:47:32 -0700] "GET /client/5315/ HTTP/1.1" 200 263 "-" "Mozilla/5.0 (iPod touch; iPhone OS 4.2.1; c1d57f592d6781b487254ba858779c92f9b3309e) phizuu:connect"
123.186.247.95 - - [20/Jun/2011:02:47:32 -0700] "POST /client/5315/updates HTTP/1.1" 200 135 "-" "Template/4.0.1 CFNetwork/485.12.7 Darwin/10.4.0"
123.186.247.95 - - [20/Jun/2011:02:47:33 -0700] "GET /client/5315/events/ HTTP/1.1" 200 5587 "-" "Mozilla/5.0 (iPod touch; iPhone OS 4.2.1; c1d57f592d6781b487254ba858779c92f9b3309e) phizuu:connect"
123.186.247.95 - - [20/Jun/2011:02:47:33 -0700] "GET /client/5315/music/ HTTP/1.1" 200 2542 "-" "Mozilla/5.0 (iPod touch; iPhone OS 4.2.1; c1d57f592d6781b487254ba858779c92f9b3309e) phizuu:connect"
123.186.247.95 - - [20/Jun/2011:02:47:37 -0700] "POST /client/5315/updates HTTP/1.1" 200 135 "-" "Template/4.0.1 CFNetwork/485.12.7 Darwin/10.4.0"
204.51.96.200 - - [20/Jun/2011:02:49:24 -0700] "GET /static-api/19/images/config HTTP/1.0" 301 386 "-" "-"
204.51.96.200 - - [20/Jun/2011:02:49:24 -0700] "GET /static-api/19/images/config/ HTTP/1.0" 200 23 "-" "-"
212.183.128.9 - - [20/Jun/2011:02:49:24 -0700] "GET /client/19/images/config/ HTTP/1.1" 200 23 "-" "Apache-HttpClient/UNAVAILABLE (java 1.4)"
10.112.61.195 - - [20/Jun/2011:02:49:25 -0700] "GET /static-api/19 HTTP/1.0" 301 362 "-" "-"
10.112.61.195 - - [20/Jun/2011:02:49:25 -0700] "GET /static-api/19/ HTTP/1.0" 200 798 "-" "-"
212.183.128.9 - - [20/Jun/2011:02:49:25 -0700] "GET /client/19/ HTTP/1.1" 200 527 "-" "Apache-HttpClient/UNAVAILABLE (java 1.4)"
204.51.96.200 - - [20/Jun/2011:02:49:26 -0700] "GET /static-api/19/images/config HTTP/1.0" 301 386 "-" "-"
204.51.96.200 - - [20/Jun/2011:02:49:26 -0700] "GET /static-api/19/images/config/ HTTP/1.0" 200 23 "-" "-"
212.183.128.9 - - [20/Jun/2011:02:49:25 -0700] "GET /client/19/images/config/ HTTP/1.1" 200 23 "-" "Apache-HttpClient/UNAVAILABLE (java 1.4)"
123.186.247.95 - - [20/Jun/2011:02:49:30 -0700] "GET /client/5315/links/ HTTP/1.1" 200 258 "-" "Mozilla/5.0 (iPod touch; iPhone OS 4.2.1; c1d57f592d6781b487254ba858779c92f9b3309e) phizuu:connect"
123.186.247.95 - - [20/Jun/2011:02:49:39 -0700] "GET /client/5315/wall/ HTTP/1.1" 200 294 "-" "Mozilla/5.0 (iPod touch; iPhone OS 4.2.1; c1d57f592d6781b487254ba858779c92f9b3309e) phizuu:connect"
204.51.96.200 - - [20/Jun/2011:02:50:11 -0700] "GET /static-api/5315/images/albums/ HTTP/1.0" 200 2012 "-" "-"
123.186.247.95 - - [20/Jun/2011:02:50:11 -0700] "GET /client/5315/images/albums/ HTTP/1.1" 200 373 "-" "Mozilla/5.0 (iPod touch; iPhone OS 4.2.1; c1d57f592d6781b487254ba858779c92f9b3309e) phizuu:connect"
212.183.128.9 - - [20/Jun/2011:02:50:26 -0700] "GET /client/19/events/ HTTP/1.1" 200 13945 "-" "Apache-HttpClient/UNAVAILABLE (java 1.4)"
212.183.128.9 - - [20/Jun/2011:02:50:45 -0700] "GET /client/19/events/ HTTP/1.1" 200 13945 "-" "Apache-HttpClient/UNAVAILABLE (java 1.4)"
212.183.128.9 - - [20/Jun/2011:02:51:14 -0700] "GET /client/19/events/ HTTP/1.1" 200 13945 "-" "Apache-HttpClient/UNAVAILABLE (java 1.4)"
204.51.96.200 - - [20/Jun/2011:02:51:23 -0700] "GET /static-api/19/images/albums/ HTTP/1.0" 200 722 "-" "-"
212.183.128.9 - - [20/Jun/2011:02:51:23 -0700] "GET /client/19/images/albums HTTP/1.1" 200 722 "-" "Apache-HttpClient/UNAVAILABLE (java 1.4)"
204.51.96.200 - - [20/Jun/2011:02:51:24 -0700] "GET /static-api/5315/images/config HTTP/1.0" 301 388 "-" "-"
204.51.96.200 - - [20/Jun/2011:02:51:24 -0700] "GET /static-api/5315/images/config/ HTTP/1.0" 200 23 "-" "-"
86.26.84.27 - - [20/Jun/2011:02:51:24 -0700] "GET /client/5315/images/config/ HTTP/1.1" 200 43 "-" "Template/4.0.1 CFNetwork/485.2 Darwin/10.3.1"
10.112.61.195 - - [20/Jun/2011:02:51:25 -0700] "GET /static-api/5315 HTTP/1.0" 301 364 "-" "-"
10.112.61.195 - - [20/Jun/2011:02:51:25 -0700] "GET /static-api/5315/ HTTP/1.0" 200 820 "-" "-"
86.26.84.27 - - [20/Jun/2011:02:51:25 -0700] "GET /client/5315/ HTTP/1.1" 200 263 "-" "Mozilla/5.0 (iPhone; iPhone OS 4.0; c7a9062ad8602786c75d821eb3dd2ccd7e85a6c2) phizuu:connect"
86.26.84.27 - - [20/Jun/2011:02:51:25 -0700] "POST /client/5315/updates HTTP/1.1" 200 135 "-" "Template/4.0.1 CFNetwork/485.2 Darwin/10.3.1"
86.26.84.27 - - [20/Jun/2011:02:51:26 -0700] "POST /client/5315/updates HTTP/1.1" 200 135 "-" "Template/4.0.1 CFNetwork/485.2 Darwin/10.3.1"
86.26.84.27 - - [20/Jun/2011:02:51:26 -0700] "GET /client/5315/events/ HTTP/1.1" 200 5587 "-" "Mozilla/5.0 (iPhone; iPhone OS 4.0; c7a9062ad8602786c75d821eb3dd2ccd7e85a6c2) phizuu:connect"
86.26.84.27 - - [20/Jun/2011:02:51:26 -0700] "GET /client/5315/music/ HTTP/1.1" 200 2542 "-" "Mozilla/5.0 (iPhone; iPhone OS 4.0; c7a9062ad8602786c75d821eb3dd2ccd7e85a6c2) phizuu:connect"
86.26.84.27 - - [20/Jun/2011:02:51:26 -0700] "POST /client/5315/updates HTTP/1.1" 200 135 "-" "Template/4.0.1 CFNetwork/485.2 Darwin/10.3.1"
204.51.96.200 - - [20/Jun/2011:02:51:30 -0700] "GET /static-api/5315/images/albums/ HTTP/1.0" 200 2012 "-" "-"
86.26.84.27 - - [20/Jun/2011:02:51:30 -0700] "GET /client/5315/images/albums/ HTTP/1.1" 200 373 "-" "Mozilla/5.0 (iPhone; iPhone OS 4.0; c7a9062ad8602786c75d821eb3dd2ccd7e85a6c2) phizuu:connect"
204.51.96.200 - - [20/Jun/2011:02:51:31 -0700] "GET /static-api/19/images/albums/144 HTTP/1.0" 301 390 "-" "-"
204.51.96.200 - - [20/Jun/2011:02:51:31 -0700] "GET /static-api/19/images/albums/144/ HTTP/1.0" 200 7210 "-" "-"
212.183.128.9 - - [20/Jun/2011:02:51:31 -0700] "GET /client/19/images/albums/144 HTTP/1.1" 200 7210 "-" "Apache-HttpClient/UNAVAILABLE (java 1.4)"
86.26.84.27 - - [20/Jun/2011:02:51:32 -0700] "POST /client/5315/updates HTTP/1.1" 200 135 "-" "Template/4.0.1 CFNetwork/485.2 Darwin/10.3.1"
86.26.84.27 - - [20/Jun/2011:02:51:36 -0700] "GET /client/5315/events/ HTTP/1.1" 200 5587 "-" "Mozilla/5.0 (iPhone; iPhone OS 4.0; c7a9062ad8602786c75d821eb3dd2ccd7e85a6c2) phizuu:connect"
204.51.96.200 - - [20/Jun/2011:02:51:44 -0700] "GET /static-api/19/images/albums/144 HTTP/1.0" 301 390 "-" "-"
204.51.96.200 - - [20/Jun/2011:02:51:45 -0700] "GET /static-api/19/images/albums/144/ HTTP/1.0" 200 7210 "-" "-"
212.183.128.9 - - [20/Jun/2011:02:51:44 -0700] "GET /client/19/images/albums/144 HTTP/1.1" 200 7210 "-" "Apache-HttpClient/UNAVAILABLE (java 1.4)"
204.51.96.200 - - [20/Jun/2011:02:51:55 -0700] "GET /static-api/19/images/albums/144 HTTP/1.0" 301 390 "-" "-"
204.51.96.200 - - [20/Jun/2011:02:51:55 -0700] "GET /static-api/19/images/albums/144/ HTTP/1.0" 200 7210 "-" "-"
212.183.128.9 - - [20/Jun/2011:02:51:55 -0700] "GET /client/19/images/albums/144 HTTP/1.1" 200 7210 "-" "Apache-HttpClient/UNAVAILABLE (java 1.4)"
204.51.96.200 - - [20/Jun/2011:02:51:58 -0700] "GET /static-api/19/images/albums/144 HTTP/1.0" 301 390 "-" "-"
204.51.96.200 - - [20/Jun/2011:02:51:58 -0700] "GET /static-api/19/images/albums/144/ HTTP/1.0" 200 7210 "-" "-"
212.183.128.9 - - [20/Jun/2011:02:51:58 -0700] "GET /client/19/images/albums/144 HTTP/1.1" 200 7210 "-" "Apache-HttpClient/UNAVAILABLE (java 1.4)"
204.51.96.200 - - [20/Jun/2011:02:52:07 -0700] "GET /static-api/19/images/albums/144 HTTP/1.0" 301 390 "-" "-"
204.51.96.200 - - [20/Jun/2011:02:52:07 -0700] "GET /static-api/19/images/albums/144/ HTTP/1.0" 200 7210 "-" "-"
212.183.128.9 - - [20/Jun/2011:02:52:07 -0700] "GET /client/19/images/albums/144 HTTP/1.1" 200 7210 "-" "Apache-HttpClient/UNAVAILABLE (java 1.4)"
204.51.96.200 - - [20/Jun/2011:02:52:11 -0700] "GET /static-api/19/images/albums/144 HTTP/1.0" 301 390 "-" "-"
204.51.96.200 - - [20/Jun/2011:02:52:11 -0700] "GET /static-api/19/images/albums/144/ HTTP/1.0" 200 7210 "-" "-"
212.183.128.9 - - [20/Jun/2011:02:52:10 -0700] "GET /client/19/images/albums/144 HTTP/1.1" 200 7210 "-" "Apache-HttpClient/UNAVAILABLE (java 1.4)"
204.51.96.200 - - [20/Jun/2011:02:52:20 -0700] "GET /static-api/19/images/albums/144 HTTP/1.0" 301 390 "-" "-"
204.51.96.200 - - [20/Jun/2011:02:52:20 -0700] "GET /static-api/19/images/albums/144/ HTTP/1.0" 200 7210 "-" "-"
212.183.128.9 - - [20/Jun/2011:02:52:20 -0700] "GET /client/19/images/albums/144 HTTP/1.1" 200 7210 "-" "Apache-HttpClient/UNAVAILABLE (java 1.4)"
204.51.96.200 - - [20/Jun/2011:02:52:23 -0700] "GET /static-api/19/images/albums/144 HTTP/1.0" 301 390 "-" "-"
204.51.96.200 - - [20/Jun/2011:02:52:23 -0700] "GET /static-api/19/images/albums/144/ HTTP/1.0" 200 7210 "-" "-"
212.183.128.9 - - [20/Jun/2011:02:52:23 -0700] "GET /client/19/images/albums/144 HTTP/1.1" 200 7210 "-" "Apache-HttpClient/UNAVAILABLE (java 1.4)"
204.51.96.200 - - [20/Jun/2011:02:52:36 -0700] "GET /static-api/19/images/albums/144 HTTP/1.0" 301 390 "-" "-"
204.51.96.200 - - [20/Jun/2011:02:52:37 -0700] "GET /static-api/19/images/albums/144/ HTTP/1.0" 200 7210 "-" "-"
212.183.128.9 - - [20/Jun/2011:02:52:36 -0700] "GET /client/19/images/albums/144 HTTP/1.1" 200 7210 "-" "Apache-HttpClient/UNAVAILABLE (java 1.4)"
204.51.96.200 - - [20/Jun/2011:02:52:41 -0700] "GET /static-api/19/images/albums/144 HTTP/1.0" 301 390 "-" "-"
204.51.96.200 - - [20/Jun/2011:02:52:41 -0700] "GET /static-api/19/images/albums/144/ HTTP/1.0" 200 7210 "-" "-"
212.183.128.9 - - [20/Jun/2011:02:52:40 -0700] "GET /client/19/images/albums/144 HTTP/1.1" 200 7210 "-" "Apache-HttpClient/UNAVAILABLE (java 1.4)"
204.51.96.200 - - [20/Jun/2011:02:52:53 -0700] "GET /static-api/19/images/albums/144 HTTP/1.0" 301 390 "-" "-"
204.51.96.200 - - [20/Jun/2011:02:52:53 -0700] "GET /static-api/19/images/albums/144/ HTTP/1.0" 200 7210 "-" "-"
212.183.128.9 - - [20/Jun/2011:02:52:53 -0700] "GET /client/19/images/albums/144 HTTP/1.1" 200 7210 "-" "Apache-HttpClient/UNAVAILABLE (java 1.4)"
204.51.96.200 - - [20/Jun/2011:02:52:54 -0700] "GET /static-api/19/images/config HTTP/1.0" 301 386 "-" "-"
204.51.96.200 - - [20/Jun/2011:02:52:54 -0700] "GET /static-api/19/images/config/ HTTP/1.0" 200 23 "-" "-"
212.183.128.9 - - [20/Jun/2011:02:52:54 -0700] "GET /client/19/images/config/ HTTP/1.1" 200 23 "-" "Apache-HttpClient/UNAVAILABLE (java 1.4)"
10.112.61.195 - - [20/Jun/2011:02:52:55 -0700] "GET /static-api/19 HTTP/1.0" 301 362 "-" "-"
10.112.61.195 - - [20/Jun/2011:02:52:55 -0700] "GET /static-api/19/ HTTP/1.0" 200 798 "-" "-"
212.183.128.9 - - [20/Jun/2011:02:52:55 -0700] "GET /client/19/ HTTP/1.1" 200 527 "-" "Apache-HttpClient/UNAVAILABLE (java 1.4)"
204.51.96.200 - - [20/Jun/2011:02:52:56 -0700] "GET /static-api/19/images/config HTTP/1.0" 301 386 "-" "-"
204.51.96.200 - - [20/Jun/2011:02:52:56 -0700] "GET /static-api/19/images/config/ HTTP/1.0" 200 23 "-" "-"
212.183.128.9 - - [20/Jun/2011:02:52:56 -0700] "GET /client/19/images/config/ HTTP/1.1" 200 23 "-" "Apache-HttpClient/UNAVAILABLE (java 1.4)"
204.51.96.200 - - [20/Jun/2011:02:52:57 -0700] "GET /static-api/19/images/albums/ HTTP/1.0" 200 722 "-" "-"
212.183.128.9 - - [20/Jun/2011:02:52:57 -0700] "GET /client/19/images/albums HTTP/1.1" 200 722 "-" "Apache-HttpClient/UNAVAILABLE (java 1.4)"
204.51.96.200 - - [20/Jun/2011:02:52:58 -0700] "GET /static-api/19/images/config HTTP/1.0" 301 386 "-" "-"
204.51.96.200 - - [20/Jun/2011:02:52:58 -0700] "GET /static-api/19/images/config/ HTTP/1.0" 200 23 "-" "-"
212.183.128.9 - - [20/Jun/2011:02:52:58 -0700] "GET /client/19/images/config/ HTTP/1.1" 200 23 "-" "Apache-HttpClient/UNAVAILABLE (java 1.4)"
10.112.61.195 - - [20/Jun/2011:02:52:59 -0700] "GET /static-api/19 HTTP/1.0" 301 362 "-" "-"
10.112.61.195 - - [20/Jun/2011:02:52:59 -0700] "GET /static-api/19/ HTTP/1.0" 200 798 "-" "-"
212.183.128.9 - - [20/Jun/2011:02:52:59 -0700] "GET /client/19/ HTTP/1.1" 200 527 "-" "Apache-HttpClient/UNAVAILABLE (java 1.4)"
204.51.96.200 - - [20/Jun/2011:02:53:00 -0700] "GET /static-api/19/images/config HTTP/1.0" 301 386 "-" "-"
204.51.96.200 - - [20/Jun/2011:02:53:00 -0700] "GET /static-api/19/images/config/ HTTP/1.0" 200 23 "-" "-"
212.183.128.9 - - [20/Jun/2011:02:53:00 -0700] "GET /client/19/images/config/ HTTP/1.1" 200 23 "-" "Apache-HttpClient/UNAVAILABLE (java 1.4)"
212.183.128.9 - - [20/Jun/2011:02:53:01 -0700] "GET /client/19/music/ HTTP/1.1" 200 17902 "-" "Apache-HttpClient/UNAVAILABLE (java 1.4)"
212.183.128.9 - - [20/Jun/2011:02:53:03 -0700] "GET /client/19/music/ HTTP/1.1" 200 17902 "-" "Apache-HttpClient/UNAVAILABLE (java 1.4)"
10.112.61.195 - - [20/Jun/2011:02:53:11 -0700] "GET /static-api/5186 HTTP/1.0" 301 364 "-" "-"
10.112.61.195 - - [20/Jun/2011:02:53:11 -0700] "GET /static-api/5186/ HTTP/1.0" 200 816 "-" "-"
126.209.253.26 - - [20/Jun/2011:02:53:11 -0700] "GET /client/5186/ HTTP/1.1" 200 264 "-" "Mozilla/5.0 (iPhone; iPhone OS 4.3.3; 6107640fde59c378f1c7a8424215ba60420f7c86) phizuu:connect"
204.51.96.200 - - [20/Jun/2011:02:53:11 -0700] "GET /static-api/5186/images/config HTTP/1.0" 301 388 "-" "-"
204.51.96.200 - - [20/Jun/2011:02:53:12 -0700] "GET /static-api/5186/images/config/ HTTP/1.0" 200 25 "-" "-"
126.209.253.26 - - [20/Jun/2011:02:53:11 -0700] "GET /client/5186/images/config/ HTTP/1.1" 200 45 "-" "5186-Adam_Beyer/3.0.1 CFNetwork/485.13.9 Darwin/11.0.0"
126.209.253.26 - - [20/Jun/2011:02:53:12 -0700] "GET /client/5186/music/ HTTP/1.1" 200 1335 "-" "Mozilla/5.0 (iPhone; iPhone OS 4.3.3; 6107640fde59c378f1c7a8424215ba60420f7c86) phizuu:connect"
123.186.247.95 - - [20/Jun/2011:02:53:19 -0700] "GET /client/5315/events/ HTTP/1.1" 200 5587 "-" "Mozilla/5.0 (iPod touch; iPhone OS 4.2.1; c1d57f592d6781b487254ba858779c92f9b3309e) phizuu:connect"
127.0.0.1 - - [20/Jun/2011:02:53:24 -0700] "OPTIONS * HTTP/1.0" 200 - "-" "Apache/2.2.11 (Ubuntu) PHP/5.2.6-3ubuntu4.5 with Suhosin-Patch (internal dummy connection)"
204.51.96.200 - - [20/Jun/2011:02:53:40 -0700] "GET /static-api/19/images/config HTTP/1.0" 301 386 "-" "-"
204.51.96.200 - - [20/Jun/2011:02:53:40 -0700] "GET /static-api/19/images/config/ HTTP/1.0" 200 23 "-" "-"
212.183.128.9 - - [20/Jun/2011:02:53:40 -0700] "GET /client/19/images/config/ HTTP/1.1" 200 23 "-" "Apache-HttpClient/UNAVAILABLE (java 1.4)"
123.186.247.95 - - [20/Jun/2011:02:53:40 -0700] "GET /client/5315/videos/ HTTP/1.1" 200 902 "-" "Mozilla/5.0 (iPod touch; iPhone OS 4.2.1; c1d57f592d6781b487254ba858779c92f9b3309e) phizuu:connect"
10.112.61.195 - - [20/Jun/2011:02:53:41 -0700] "GET /static-api/19 HTTP/1.0" 301 362 "-" "-"
10.112.61.195 - - [20/Jun/2011:02:53:41 -0700] "GET /static-api/19/ HTTP/1.0" 200 798 "-" "-"
212.183.128.9 - - [20/Jun/2011:02:53:41 -0700] "GET /client/19/ HTTP/1.1" 200 527 "-" "Apache-HttpClient/UNAVAILABLE (java 1.4)"
204.51.96.200 - - [20/Jun/2011:02:53:42 -0700] "GET /static-api/19/images/config HTTP/1.0" 301 386 "-" "-"
204.51.96.200 - - [20/Jun/2011:02:53:42 -0700] "GET /static-api/19/images/config/ HTTP/1.0" 200 23 "-" "-"
212.183.128.9 - - [20/Jun/2011:02:53:41 -0700] "GET /client/19/images/config/ HTTP/1.1" 200 23 "-" "Apache-HttpClient/UNAVAILABLE (java 1.4)"
204.51.96.200 - - [20/Jun/2011:02:53:43 -0700] "GET /static-api/19/images/config HTTP/1.0" 301 386 "-" "-"
204.51.96.200 - - [20/Jun/2011:02:53:43 -0700] "GET /static-api/19/images/config/ HTTP/1.0" 200 23 "-" "-"
212.183.128.9 - - [20/Jun/2011:02:53:43 -0700] "GET /client/19/images/config/ HTTP/1.1" 200 23 "-" "Apache-HttpClient/UNAVAILABLE (java 1.4)"
10.112.61.195 - - [20/Jun/2011:02:53:44 -0700] "GET /static-api/19 HTTP/1.0" 301 362 "-" "-"
10.112.61.195 - - [20/Jun/2011:02:53:44 -0700] "GET /static-api/19/ HTTP/1.0" 200 798 "-" "-"
212.183.128.9 - - [20/Jun/2011:02:53:44 -0700] "GET /client/19/ HTTP/1.1" 200 527 "-" "Apache-HttpClient/UNAVAILABLE (java 1.4)"
204.51.96.200 - - [20/Jun/2011:02:53:45 -0700] "GET /static-api/19/images/config HTTP/1.0" 301 386 "-" "-"
204.51.96.200 - - [20/Jun/2011:02:53:45 -0700] "GET /static-api/19/images/config/ HTTP/1.0" 200 23 "-" "-"
212.183.128.9 - - [20/Jun/2011:02:53:44 -0700] "GET /client/19/images/config/ HTTP/1.1" 200 23 "-" "Apache-HttpClient/UNAVAILABLE (java 1.4)"
127.0.0.1 - - [20/Jun/2011:02:53:46 -0700] "OPTIONS * HTTP/1.0" 200 - "-" "Apache/2.2.11 (Ubuntu) PHP/5.2.6-3ubuntu4.5 with Suhosin-Patch (internal dummy connection)"
204.51.96.200 - - [20/Jun/2011:02:53:47 -0700] "GET /static-api/19/images/config HTTP/1.0" 301 386 "-" "-"
204.51.96.200 - - [20/Jun/2011:02:53:47 -0700] "GET /static-api/19/images/config/ HTTP/1.0" 200 23 "-" "-"
212.183.128.9 - - [20/Jun/2011:02:53:47 -0700] "GET /client/19/images/config/ HTTP/1.1" 200 23 "-" "Apache-HttpClient/UNAVAILABLE (java 1.4)"
10.112.61.195 - - [20/Jun/2011:02:53:48 -0700] "GET /static-api/19 HTTP/1.0" 301 362 "-" "-"
10.112.61.195 - - [20/Jun/2011:02:53:48 -0700] "GET /static-api/19/ HTTP/1.0" 200 798 "-" "-"
212.183.128.9 - - [20/Jun/2011:02:53:48 -0700] "GET /client/19/ HTTP/1.1" 200 527 "-" "Apache-HttpClient/UNAVAILABLE (java 1.4)"
204.51.96.200 - - [20/Jun/2011:02:53:48 -0700] "GET /static-api/19/images/config HTTP/1.0" 301 386 "-" "-"
204.51.96.200 - - [20/Jun/2011:02:53:48 -0700] "GET /static-api/19/images/config/ HTTP/1.0" 200 23 "-" "-"
212.183.128.9 - - [20/Jun/2011:02:53:48 -0700] "GET /client/19/images/config/ HTTP/1.1" 200 23 "-" "Apache-HttpClient/UNAVAILABLE (java 1.4)"
127.0.0.1 - - [20/Jun/2011:02:53:50 -0700] "OPTIONS * HTTP/1.0" 200 - "-" "Apache/2.2.11 (Ubuntu) PHP/5.2.6-3ubuntu4.5 with Suhosin-Patch (internal dummy connection)"
204.51.96.200 - - [20/Jun/2011:02:53:51 -0700] "GET /static-api/19/images/config HTTP/1.0" 301 386 "-" "-"
204.51.96.200 - - [20/Jun/2011:02:53:51 -0700] "GET /static-api/19/images/config/ HTTP/1.0" 200 23 "-" "-"
212.183.128.9 - - [20/Jun/2011:02:53:51 -0700] "GET /client/19/images/config/ HTTP/1.1" 200 23 "-" "Apache-HttpClient/UNAVAILABLE (java 1.4)"
10.112.61.195 - - [20/Jun/2011:02:53:51 -0700] "GET /static-api/19 HTTP/1.0" 301 362 "-" "-"
10.112.61.195 - - [20/Jun/2011:02:53:51 -0700] "GET /static-api/19/ HTTP/1.0" 200 798 "-" "-"
212.183.128.9 - - [20/Jun/2011:02:53:51 -0700] "GET /client/19/ HTTP/1.1" 200 527 "-" "Apache-HttpClient/UNAVAILABLE (java 1.4)"
204.51.96.200 - - [20/Jun/2011:02:53:52 -0700] "GET /static-api/19/images/config HTTP/1.0" 301 386 "-" "-"
204.51.96.200 - - [20/Jun/2011:02:53:52 -0700] "GET /static-api/19/images/config/ HTTP/1.0" 200 23 "-" "-"
212.183.128.9 - - [20/Jun/2011:02:53:52 -0700] "GET /client/19/images/config/ HTTP/1.1" 200 23 "-" "Apache-HttpClient/UNAVAILABLE (java 1.4)"
204.51.96.200 - - [20/Jun/2011:02:53:54 -0700] "GET /static-api/19/images/config HTTP/1.0" 301 386 "-" "-"
204.51.96.200 - - [20/Jun/2011:02:53:54 -0700] "GET /static-api/19/images/config/ HTTP/1.0" 200 23 "-" "-"
212.183.128.9 - - [20/Jun/2011:02:53:54 -0700] "GET /client/19/images/config/ HTTP/1.1" 200 23 "-" "Apache-HttpClient/UNAVAILABLE (java 1.4)"
10.112.61.195 - - [20/Jun/2011:02:53:54 -0700] "GET /static-api/19 HTTP/1.0" 301 362 "-" "-"
10.112.61.195 - - [20/Jun/2011:02:53:54 -0700] "GET /static-api/19/ HTTP/1.0" 200 798 "-" "-"
212.183.128.9 - - [20/Jun/2011:02:53:54 -0700] "GET /client/19/ HTTP/1.1" 200 527 "-" "Apache-HttpClient/UNAVAILABLE (java 1.4)"
204.51.96.200 - - [20/Jun/2011:02:53:55 -0700] "GET /static-api/19/images/config HTTP/1.0" 301 386 "-" "-"
204.51.96.200 - - [20/Jun/2011:02:53:55 -0700] "GET /static-api/19/images/config/ HTTP/1.0" 200 23 "-" "-"
212.183.128.9 - - [20/Jun/2011:02:53:55 -0700] "GET /client/19/images/config/ HTTP/1.1" 200 23 "-" "Apache-HttpClient/UNAVAILABLE (java 1.4)"
127.0.0.1 - - [20/Jun/2011:02:54:11 -0700] "OPTIONS * HTTP/1.0" 200 - "-" "Apache/2.2.11 (Ubuntu) PHP/5.2.6-3ubuntu4.5 with Suhosin-Patch (internal dummy connection)"
204.51.96.200 - - [20/Jun/2011:02:54:17 -0700] "GET /static-api/19/images/config HTTP/1.0" 301 386 "-" "-"
204.51.96.200 - - [20/Jun/2011:02:54:17 -0700] "GET /static-api/19/images/config/ HTTP/1.0" 200 23 "-" "-"
212.183.128.9 - - [20/Jun/2011:02:54:17 -0700] "GET /client/19/images/config/ HTTP/1.1" 200 23 "-" "Apache-HttpClient/UNAVAILABLE (java 1.4)"
10.112.61.195 - - [20/Jun/2011:02:54:18 -0700] "GET /static-api/19 HTTP/1.0" 301 362 "-" "-"
10.112.61.195 - - [20/Jun/2011:02:54:18 -0700] "GET /static-api/19/ HTTP/1.0" 200 798 "-" "-"
212.183.128.9 - - [20/Jun/2011:02:54:18 -0700] "GET /client/19/ HTTP/1.1" 200 527 "-" "Apache-HttpClient/UNAVAILABLE (java 1.4)"
204.51.96.200 - - [20/Jun/2011:02:54:18 -0700] "GET /static-api/19/images/config HTTP/1.0" 301 386 "-" "-"
204.51.96.200 - - [20/Jun/2011:02:54:19 -0700] "GET /static-api/19/images/config/ HTTP/1.0" 200 23 "-" "-"
212.183.128.9 - - [20/Jun/2011:02:54:18 -0700] "GET /client/19/images/config/ HTTP/1.1" 200 23 "-" "Apache-HttpClient/UNAVAILABLE (java 1.4)"
204.51.96.200 - - [20/Jun/2011:02:54:34 -0700] "GET /static-api/19/images/albums/144 HTTP/1.0" 301 390 "-" "-"
204.51.96.200 - - [20/Jun/2011:02:54:34 -0700] "GET /static-api/19/images/albums/144/ HTTP/1.0" 200 7210 "-" "-"
212.183.128.9 - - [20/Jun/2011:02:54:34 -0700] "GET /client/19/images/albums/144 HTTP/1.1" 200 7210 "-" "Apache-HttpClient/UNAVAILABLE (java 1.4)"
123.186.247.95 - - [20/Jun/2011:02:54:37 -0700] "GET /client/5315/links/ HTTP/1.1" 200 258 "-" "Mozilla/5.0 (iPod touch; iPhone OS 4.2.1; c1d57f592d6781b487254ba858779c92f9b3309e) phizuu:connect"
204.51.96.200 - - [20/Jun/2011:02:54:39 -0700] "GET /static-api/19/images/albums/144 HTTP/1.0" 301 390 "-" "-"
204.51.96.200 - - [20/Jun/2011:02:54:39 -0700] "GET /static-api/19/images/albums/144/ HTTP/1.0" 200 7210 "-" "-"
212.183.128.9 - - [20/Jun/2011:02:54:39 -0700] "GET /client/19/images/albums/144 HTTP/1.1" 200 7210 "-" "Apache-HttpClient/UNAVAILABLE (java 1.4)"
204.51.96.200 - - [20/Jun/2011:02:54:40 -0700] "GET /static-api/19/images/config HTTP/1.0" 301 386 "-" "-"
204.51.96.200 - - [20/Jun/2011:02:54:40 -0700] "GET /static-api/19/images/config/ HTTP/1.0" 200 23 "-" "-"
212.183.128.9 - - [20/Jun/2011:02:54:40 -0700] "GET /client/19/images/config/ HTTP/1.1" 200 23 "-" "Apache-HttpClient/UNAVAILABLE (java 1.4)"
10.112.61.195 - - [20/Jun/2011:02:54:41 -0700] "GET /static-api/19 HTTP/1.0" 301 362 "-" "-"
10.112.61.195 - - [20/Jun/2011:02:54:41 -0700] "GET /static-api/19/ HTTP/1.0" 200 798 "-" "-"
212.183.128.9 - - [20/Jun/2011:02:54:41 -0700] "GET /client/19/ HTTP/1.1" 200 527 "-" "Apache-HttpClient/UNAVAILABLE (java 1.4)"
204.51.96.200 - - [20/Jun/2011:02:54:42 -0700] "GET /static-api/19/images/config HTTP/1.0" 301 386 "-" "-"
204.51.96.200 - - [20/Jun/2011:02:54:42 -0700] "GET /static-api/19/images/config/ HTTP/1.0" 200 23 "-" "-"
212.183.128.9 - - [20/Jun/2011:02:54:42 -0700] "GET /client/19/images/config/ HTTP/1.1" 200 23 "-" "Apache-HttpClient/UNAVAILABLE (java 1.4)"
204.51.96.200 - - [20/Jun/2011:02:54:42 -0700] "GET /static-api/19/images/albums/ HTTP/1.0" 200 722 "-" "-"
212.183.128.9 - - [20/Jun/2011:02:54:42 -0700] "GET /client/19/images/albums HTTP/1.1" 200 722 "-" "Apache-HttpClient/UNAVAILABLE (java 1.4)"
204.51.96.200 - - [20/Jun/2011:02:54:44 -0700] "GET /static-api/19/images/config HTTP/1.0" 301 386 "-" "-"
204.51.96.200 - - [20/Jun/2011:02:54:44 -0700] "GET /static-api/19/images/config/ HTTP/1.0" 200 23 "-" "-"
212.183.128.9 - - [20/Jun/2011:02:54:43 -0700] "GET /client/19/images/config/ HTTP/1.1" 200 23 "-" "Apache-HttpClient/UNAVAILABLE (java 1.4)"
10.112.61.195 - - [20/Jun/2011:02:54:45 -0700] "GET /static-api/19 HTTP/1.0" 301 362 "-" "-"
10.112.61.195 - - [20/Jun/2011:02:54:45 -0700] "GET /static-api/19/ HTTP/1.0" 200 798 "-" "-"
212.183.128.9 - - [20/Jun/2011:02:54:45 -0700] "GET /client/19/ HTTP/1.1" 200 527 "-" "Apache-HttpClient/UNAVAILABLE (java 1.4)"
204.51.96.200 - - [20/Jun/2011:02:54:48 -0700] "GET /static-api/19/images/config HTTP/1.0" 301 386 "-" "-"
204.51.96.200 - - [20/Jun/2011:02:54:48 -0700] "GET /static-api/19/images/config/ HTTP/1.0" 200 23 "-" "-"
212.183.128.9 - - [20/Jun/2011:02:54:47 -0700] "GET /client/19/images/config/ HTTP/1.1" 200 23 "-" "Apache-HttpClient/UNAVAILABLE (java 1.4)"
204.51.96.200 - - [20/Jun/2011:02:54:51 -0700] "GET /static-api/19/images/config HTTP/1.0" 301 386 "-" "-"
204.51.96.200 - - [20/Jun/2011:02:54:51 -0700] "GET /static-api/19/images/config/ HTTP/1.0" 200 23 "-" "-"
212.183.128.9 - - [20/Jun/2011:02:54:51 -0700] "GET /client/19/images/config/ HTTP/1.1" 200 23 "-" "Apache-HttpClient/UNAVAILABLE (java 1.4)"
10.112.61.195 - - [20/Jun/2011:02:54:52 -0700] "GET /static-api/19 HTTP/1.0" 301 362 "-" "-"
10.112.61.195 - - [20/Jun/2011:02:54:52 -0700] "GET /static-api/19/ HTTP/1.0" 200 798 "-" "-"
212.183.128.9 - - [20/Jun/2011:02:54:52 -0700] "GET /client/19/ HTTP/1.1" 200 527 "-" "Apache-HttpClient/UNAVAILABLE (java 1.4)"
204.51.96.200 - - [20/Jun/2011:02:54:53 -0700] "GET /static-api/19/images/config HTTP/1.0" 301 386 "-" "-"
204.51.96.200 - - [20/Jun/2011:02:54:53 -0700] "GET /static-api/19/images/config/ HTTP/1.0" 200 23 "-" "-"
212.183.128.9 - - [20/Jun/2011:02:54:53 -0700] "GET /client/19/images/config/ HTTP/1.1" 200 23 "-" "Apache-HttpClient/UNAVAILABLE (java 1.4)"
204.51.96.200 - - [20/Jun/2011:02:54:54 -0700] "GET /static-api/19/images/config HTTP/1.0" 301 386 "-" "-"
204.51.96.200 - - [20/Jun/2011:02:54:54 -0700] "GET /static-api/19/images/config/ HTTP/1.0" 200 23 "-" "-"
212.183.128.9 - - [20/Jun/2011:02:54:54 -0700] "GET /client/19/images/config/ HTTP/1.1" 200 23 "-" "Apache-HttpClient/UNAVAILABLE (java 1.4)"
10.112.61.195 - - [20/Jun/2011:02:55:05 -0700] "GET /static-api/19 HTTP/1.0" 301 362 "-" "-"
10.112.61.195 - - [20/Jun/2011:02:55:05 -0700] "GET /static-api/19/ HTTP/1.0" 200 798 "-" "-"
212.183.128.9 - - [20/Jun/2011:02:55:05 -0700] "GET /client/19/ HTTP/1.1" 200 527 "-" "Apache-HttpClient/UNAVAILABLE (java 1.4)"
204.51.96.200 - - [20/Jun/2011:02:55:06 -0700] "GET /static-api/19/images/config HTTP/1.0" 301 386 "-" "-"
204.51.96.200 - - [20/Jun/2011:02:55:06 -0700] "GET /static-api/19/images/config/ HTTP/1.0" 200 23 "-" "-"
212.183.128.9 - - [20/Jun/2011:02:55:06 -0700] "GET /client/19/images/config/ HTTP/1.1" 200 23 "-" "Apache-HttpClient/UNAVAILABLE (java 1.4)"
204.51.96.200 - - [20/Jun/2011:02:55:09 -0700] "GET /static-api/19/images/config HTTP/1.0" 301 386 "-" "-"
204.51.96.200 - - [20/Jun/2011:02:55:09 -0700] "GET /static-api/19/images/config/ HTTP/1.0" 200 23 "-" "-"
212.183.128.9 - - [20/Jun/2011:02:55:08 -0700] "GET /client/19/images/config/ HTTP/1.1" 200 23 "-" "Apache-HttpClient/UNAVAILABLE (java 1.4)"
10.112.61.195 - - [20/Jun/2011:02:55:10 -0700] "GET /static-api/19 HTTP/1.0" 301 362 "-" "-"
10.112.61.195 - - [20/Jun/2011:02:55:10 -0700] "GET /static-api/19/ HTTP/1.0" 200 798 "-" "-"
212.183.128.9 - - [20/Jun/2011:02:55:10 -0700] "GET /client/19/ HTTP/1.1" 200 527 "-" "Apache-HttpClient/UNAVAILABLE (java 1.4)"
204.51.96.200 - - [20/Jun/2011:02:55:12 -0700] "GET /static-api/19/images/config HTTP/1.0" 301 386 "-" "-"
204.51.96.200 - - [20/Jun/2011:02:55:12 -0700] "GET /static-api/19/images/config/ HTTP/1.0" 200 23 "-" "-"
212.183.128.9 - - [20/Jun/2011:02:55:12 -0700] "GET /client/19/images/config/ HTTP/1.1" 200 23 "-" "Apache-HttpClient/UNAVAILABLE (java 1.4)"
204.51.96.200 - - [20/Jun/2011:02:55:15 -0700] "GET /static-api/19/images/config HTTP/1.0" 301 386 "-" "-"
204.51.96.200 - - [20/Jun/2011:02:55:15 -0700] "GET /static-api/19/images/config/ HTTP/1.0" 200 23 "-" "-"
212.183.128.9 - - [20/Jun/2011:02:55:15 -0700] "GET /client/19/images/config/ HTTP/1.1" 200 23 "-" "Apache-HttpClient/UNAVAILABLE (java 1.4)"
10.112.61.195 - - [20/Jun/2011:02:55:16 -0700] "GET /static-api/19 HTTP/1.0" 301 362 "-" "-"
10.112.61.195 - - [20/Jun/2011:02:55:16 -0700] "GET /static-api/19/ HTTP/1.0" 200 798 "-" "-"
212.183.128.9 - - [20/Jun/2011:02:55:16 -0700] "GET /client/19/ HTTP/1.1" 200 527 "-" "Apache-HttpClient/UNAVAILABLE (java 1.4)"
204.51.96.200 - - [20/Jun/2011:02:55:18 -0700] "GET /static-api/19/images/config HTTP/1.0" 301 386 "-" "-"
204.51.96.200 - - [20/Jun/2011:02:55:18 -0700] "GET /static-api/19/images/config/ HTTP/1.0" 200 23 "-" "-"
212.183.128.9 - - [20/Jun/2011:02:55:17 -0700] "GET /client/19/images/config/ HTTP/1.1" 200 23 "-" "Apache-HttpClient/UNAVAILABLE (java 1.4)"
204.51.96.200 - - [20/Jun/2011:02:55:19 -0700] "GET /static-api/19/images/config HTTP/1.0" 301 386 "-" "-"
204.51.96.200 - - [20/Jun/2011:02:55:20 -0700] "GET /static-api/19/images/config/ HTTP/1.0" 200 23 "-" "-"
212.183.128.9 - - [20/Jun/2011:02:55:19 -0700] "GET /client/19/images/config/ HTTP/1.1" 200 23 "-" "Apache-HttpClient/UNAVAILABLE (java 1.4)"
10.112.61.195 - - [20/Jun/2011:02:55:21 -0700] "GET /static-api/19 HTTP/1.0" 301 362 "-" "-"
10.112.61.195 - - [20/Jun/2011:02:55:21 -0700] "GET /static-api/19/ HTTP/1.0" 200 798 "-" "-"
212.183.128.9 - - [20/Jun/2011:02:55:21 -0700] "GET /client/19/ HTTP/1.1" 200 527 "-" "Apache-HttpClient/UNAVAILABLE (java 1.4)"
204.51.96.200 - - [20/Jun/2011:02:55:23 -0700] "GET /static-api/19/images/config HTTP/1.0" 301 386 "-" "-"
204.51.96.200 - - [20/Jun/2011:02:55:23 -0700] "GET /static-api/19/images/config/ HTTP/1.0" 200 23 "-" "-"
