10.112.61.195 - - [17/Mar/2010:13:24:41 -0700] "GET /static-api/13/videos/ HTTP/1.0" 200 13845 "-" "-"
198.214.235.51 - - [17/Mar/2010:13:24:41 -0700] "GET /client/13/videos/ HTTP/1.1" 200 4883 "-" "Mozilla/5.0 (iPhone; iPhone OS 3.1.3; d5fc4e4f5291b304f322d1f264724d2c56af064b) phizuu:connect"
198.214.235.51 - - [17/Mar/2010:13:24:31 -0700] "GET /client/13/events/ HTTP/1.1" 200 832 "-" "Mozilla/5.0 (iPhone; iPhone OS 3.1.3; d5fc4e4f5291b304f322d1f264724d2c56af064b) phizuu:connect"
75.83.100.58 - - [17/Mar/2010:13:24:53 -0700] "GET /static-api/18/music/ HTTP/1.1" 200 2038 "-" "Mozilla/5.0 (iPhone; iPhone OS 3.1.3; 677459c18d86c335e78126a3033680bef4e96cce) phizuu:connect"
75.83.100.58 - - [17/Mar/2010:13:24:56 -0700] "GET /static-api/18/videos/ HTTP/1.1" 200 2272 "-" "Mozilla/5.0 (iPhone; iPhone OS 3.1.3; 677459c18d86c335e78126a3033680bef4e96cce) phizuu:connect"
198.214.235.51 - - [17/Mar/2010:13:25:43 -0700] "POST /client/13/updates HTTP/1.1" 200 134 "-" "Template/1.0 CFNetwork/459 Darwin/10.0.0d3"
10.112.61.195 - - [17/Mar/2010:13:25:43 -0700] "GET /static-api/13 HTTP/1.0" 301 362 "-" "-"
10.112.61.195 - - [17/Mar/2010:13:25:43 -0700] "GET /static-api/13/ HTTP/1.0" 200 386 "-" "-"
198.214.235.51 - - [17/Mar/2010:13:25:43 -0700] "GET /client/13/ HTTP/1.1" 200 256 "-" "Mozilla/5.0 (iPhone; iPhone OS 3.1.3; d5fc4e4f5291b304f322d1f264724d2c56af064b) phizuu:connect"
198.214.235.51 - - [17/Mar/2010:13:25:44 -0700] "POST /client/13/updates HTTP/1.1" 200 134 "-" "Template/1.0 CFNetwork/459 Darwin/10.0.0d3"
198.214.235.51 - - [17/Mar/2010:13:25:44 -0700] "POST /client/13/updates HTTP/1.1" 200 134 "-" "Template/1.0 CFNetwork/459 Darwin/10.0.0d3"
166.205.13.159 - - [17/Mar/2010:13:29:11 -0700] "GET /static-api/13/ HTTP/1.1" 200 237 "-" "Mozilla/5.0 (iPhone; iPhone OS 3.1.3; fea2b1b6f452e2423830c950869bcba99e879343) PhizuuConnect"
10.112.61.195 - - [17/Mar/2010:13:29:16 -0700] "GET /static-api/13 HTTP/1.0" 301 362 "-" "-"
10.112.61.195 - - [17/Mar/2010:13:29:16 -0700] "GET /static-api/13/ HTTP/1.0" 200 386 "-" "-"
198.214.235.51 - - [17/Mar/2010:13:29:16 -0700] "GET /client/13/ HTTP/1.1" 200 256 "-" "Mozilla/5.0 (iPhone; iPhone OS 3.1.3; d5fc4e4f5291b304f322d1f264724d2c56af064b) phizuu:connect"
198.214.235.51 - - [17/Mar/2010:13:29:16 -0700] "POST /client/13/updates HTTP/1.1" 200 134 "-" "Template/1.0 CFNetwork/459 Darwin/10.0.0d3"
198.214.235.51 - - [17/Mar/2010:13:29:17 -0700] "POST /client/13/updates HTTP/1.1" 200 134 "-" "Template/1.0 CFNetwork/459 Darwin/10.0.0d3"
198.214.235.51 - - [17/Mar/2010:13:29:18 -0700] "POST /client/13/updates HTTP/1.1" 200 134 "-" "Template/1.0 CFNetwork/459 Darwin/10.0.0d3"
10.112.61.195 - - [17/Mar/2010:13:29:19 -0700] "GET /static-api/13/music HTTP/1.0" 301 368 "-" "-"
10.112.61.195 - - [17/Mar/2010:13:29:19 -0700] "GET /static-api/13/music/ HTTP/1.0" 200 6399 "-" "-"
198.214.235.51 - - [17/Mar/2010:13:29:19 -0700] "GET /client/13/music/ HTTP/1.1" 200 1324 "-" "Mozilla/5.0 (iPhone; iPhone OS 3.1.3; d5fc4e4f5291b304f322d1f264724d2c56af064b) phizuu:connect"
198.214.235.51 - - [17/Mar/2010:13:29:21 -0700] "GET /client/13/events/ HTTP/1.1" 200 832 "-" "Mozilla/5.0 (iPhone; iPhone OS 3.1.3; d5fc4e4f5291b304f322d1f264724d2c56af064b) phizuu:connect"
10.112.61.195 - - [17/Mar/2010:13:29:35 -0700] "GET /static-api/13/videos HTTP/1.0" 301 369 "-" "-"
10.112.61.195 - - [17/Mar/2010:13:29:35 -0700] "GET /static-api/13/videos/ HTTP/1.0" 200 13845 "-" "-"
198.214.235.51 - - [17/Mar/2010:13:29:35 -0700] "GET /client/13/videos/ HTTP/1.1" 200 4883 "-" "Mozilla/5.0 (iPhone; iPhone OS 3.1.3; d5fc4e4f5291b304f322d1f264724d2c56af064b) phizuu:connect"
198.214.235.51 - - [17/Mar/2010:13:29:54 -0700] "GET /client/13/event_images/172 HTTP/1.1" 200 33 "-" "Template/1.0 CFNetwork/459 Darwin/10.0.0d3"
82.8.176.79 - - [17/Mar/2010:13:29:57 -0700] "GET /static-api/13/ HTTP/1.1" 200 237 "-" "Mozilla/5.0 (iPhone; iPhone OS 3.1.3; 05fcac873f77ad643014bd26b8a1e15ca5fc8f93) PhizuuConnect"
198.214.235.51 - - [17/Mar/2010:13:29:58 -0700] "GET /client/13/event_images/172 HTTP/1.1" 200 33 "-" "Template/1.0 CFNetwork/459 Darwin/10.0.0d3"
82.8.176.79 - - [17/Mar/2010:13:30:03 -0700] "GET /static-api/13/events/ HTTP/1.1" 200 554 "-" "Mozilla/5.0 (iPhone; iPhone OS 3.1.3; 05fcac873f77ad643014bd26b8a1e15ca5fc8f93) PhizuuConnect"
82.8.176.79 - - [17/Mar/2010:13:30:29 -0700] "GET /static-api/13/videos/ HTTP/1.1" 200 4883 "-" "Mozilla/5.0 (iPhone; iPhone OS 3.1.3; 05fcac873f77ad643014bd26b8a1e15ca5fc8f93) PhizuuConnect"
82.8.176.79 - - [17/Mar/2010:13:30:33 -0700] "GET /static-api/13/music/ HTTP/1.1" 200 1324 "-" "Mozilla/5.0 (iPhone; iPhone OS 3.1.3; 05fcac873f77ad643014bd26b8a1e15ca5fc8f93) PhizuuConnect"
166.137.11.79 - - [17/Mar/2010:13:31:44 -0700] "GET /static-api/18/ HTTP/1.1" 200 184 "-" "Mozilla/5.0 (iPhone; iPhone OS 3.1.3; cac492fd537811df20f99bee5688a6d9f0e11acc) phizuu:connect"
10.112.61.195 - - [17/Mar/2010:13:31:47 -0700] "GET /static-api/13 HTTP/1.0" 301 362 "-" "-"
10.112.61.195 - - [17/Mar/2010:13:31:47 -0700] "GET /static-api/13/ HTTP/1.0" 200 386 "-" "-"
198.214.235.51 - - [17/Mar/2010:13:31:47 -0700] "GET /client/13/ HTTP/1.1" 200 256 "-" "Mozilla/5.0 (iPhone; iPhone OS 3.1.3; d5fc4e4f5291b304f322d1f264724d2c56af064b) phizuu:connect"
198.214.235.51 - - [17/Mar/2010:13:31:47 -0700] "POST /client/13/updates HTTP/1.1" 200 134 "-" "Template/1.0 CFNetwork/459 Darwin/10.0.0d3"
198.214.235.51 - - [17/Mar/2010:13:31:48 -0700] "POST /client/13/updates HTTP/1.1" 200 134 "-" "Template/1.0 CFNetwork/459 Darwin/10.0.0d3"
10.112.61.195 - - [17/Mar/2010:13:31:49 -0700] "GET /static-api/13/music HTTP/1.0" 301 368 "-" "-"
10.112.61.195 - - [17/Mar/2010:13:31:49 -0700] "GET /static-api/13/music/ HTTP/1.0" 200 6399 "-" "-"
198.214.235.51 - - [17/Mar/2010:13:31:49 -0700] "GET /client/13/music/ HTTP/1.1" 200 1324 "-" "Mozilla/5.0 (iPhone; iPhone OS 3.1.3; d5fc4e4f5291b304f322d1f264724d2c56af064b) phizuu:connect"
94.245.231.158 - - [17/Mar/2010:13:31:52 -0700] "GET /static-api/18/ HTTP/1.1" 200 184 "-" "Mozilla/5.0 (iPhone; iPhone OS 3.1.3; df93aaa9f507d62f8d36a2d5f48879a2d35526e7) phizuu:connect"
94.245.231.158 - - [17/Mar/2010:13:31:53 -0700] "GET /static-api/18/music/ HTTP/1.1" 200 2038 "-" "Mozilla/5.0 (iPhone; iPhone OS 3.1.3; df93aaa9f507d62f8d36a2d5f48879a2d35526e7) phizuu:connect"
198.214.235.51 - - [17/Mar/2010:13:31:51 -0700] "GET /client/13/events/ HTTP/1.1" 200 832 "-" "Mozilla/5.0 (iPhone; iPhone OS 3.1.3; d5fc4e4f5291b304f322d1f264724d2c56af064b) phizuu:connect"
74.161.34.191 - - [17/Mar/2010:13:31:58 -0700] "GET /static-api/13/ HTTP/1.1" 200 237 "-" "Mozilla/5.0 (iPhone; iPhone OS 3.1.3; 2cbd826e161b57d7e67d7dddbe6227f743a5a203) PhizuuConnect"
74.161.34.191 - - [17/Mar/2010:13:32:05 -0700] "GET /static-api/13/music/ HTTP/1.1" 200 1324 "-" "Mozilla/5.0 (iPhone; iPhone OS 3.1.3; 2cbd826e161b57d7e67d7dddbe6227f743a5a203) PhizuuConnect"
198.214.235.51 - - [17/Mar/2010:13:32:59 -0700] "POST /client/13/updates HTTP/1.1" 200 134 "-" "Template/1.0 CFNetwork/459 Darwin/10.0.0d3"
10.112.61.195 - - [17/Mar/2010:13:32:59 -0700] "GET /static-api/13 HTTP/1.0" 301 362 "-" "-"
10.112.61.195 - - [17/Mar/2010:13:32:59 -0700] "GET /static-api/13/ HTTP/1.0" 200 386 "-" "-"
198.214.235.51 - - [17/Mar/2010:13:32:59 -0700] "GET /client/13/ HTTP/1.1" 200 256 "-" "Mozilla/5.0 (iPhone; iPhone OS 3.1.3; d5fc4e4f5291b304f322d1f264724d2c56af064b) phizuu:connect"
198.214.235.51 - - [17/Mar/2010:13:32:59 -0700] "POST /client/13/updates HTTP/1.1" 200 134 "-" "Template/1.0 CFNetwork/459 Darwin/10.0.0d3"
10.112.61.195 - - [17/Mar/2010:13:33:08 -0700] "GET /static-api/13/music HTTP/1.0" 301 368 "-" "-"
10.112.61.195 - - [17/Mar/2010:13:33:08 -0700] "GET /static-api/13/music/ HTTP/1.0" 200 6399 "-" "-"
198.214.235.51 - - [17/Mar/2010:13:33:08 -0700] "GET /client/13/music/ HTTP/1.1" 200 1324 "-" "Mozilla/5.0 (iPhone; iPhone OS 3.1.3; d5fc4e4f5291b304f322d1f264724d2c56af064b) phizuu:connect"
198.214.235.51 - - [17/Mar/2010:13:33:10 -0700] "GET /client/13/events/ HTTP/1.1" 200 832 "-" "Mozilla/5.0 (iPhone; iPhone OS 3.1.3; d5fc4e4f5291b304f322d1f264724d2c56af064b) phizuu:connect"
10.112.61.195 - - [17/Mar/2010:13:33:29 -0700] "GET /static-api/13/videos HTTP/1.0" 301 369 "-" "-"
10.112.61.195 - - [17/Mar/2010:13:33:29 -0700] "GET /static-api/13/videos/ HTTP/1.0" 200 13845 "-" "-"
198.214.235.51 - - [17/Mar/2010:13:33:29 -0700] "GET /client/13/videos/ HTTP/1.1" 200 4883 "-" "Mozilla/5.0 (iPhone; iPhone OS 3.1.3; d5fc4e4f5291b304f322d1f264724d2c56af064b) phizuu:connect"
166.205.137.147 - - [17/Mar/2010:13:34:13 -0700] "POST /client/13/updates HTTP/1.1" 200 134 "-" "Markus_Schulz/1.0 CFNetwork/459 Darwin/10.0.0d3"
10.112.61.195 - - [17/Mar/2010:13:34:14 -0700] "GET /static-api/13 HTTP/1.0" 301 362 "-" "-"
10.112.61.195 - - [17/Mar/2010:13:34:14 -0700] "GET /static-api/13/ HTTP/1.0" 200 386 "-" "-"
166.205.137.147 - - [17/Mar/2010:13:34:14 -0700] "GET /client/13/ HTTP/1.1" 200 256 "-" "Mozilla/5.0 (iPhone; iPhone OS 3.1.3; 0a220c7fd88b4730c6e0e24d6870921ae5f3c020) phizuu:connect"
166.205.137.147 - - [17/Mar/2010:13:34:14 -0700] "POST /client/13/updates HTTP/1.1" 200 134 "-" "Markus_Schulz/1.0 CFNetwork/459 Darwin/10.0.0d3"
10.112.61.195 - - [17/Mar/2010:13:34:16 -0700] "GET /static-api/13/music HTTP/1.0" 301 368 "-" "-"
10.112.61.195 - - [17/Mar/2010:13:34:16 -0700] "GET /static-api/13/music/ HTTP/1.0" 200 6399 "-" "-"
166.205.137.147 - - [17/Mar/2010:13:34:16 -0700] "GET /client/13/music/ HTTP/1.1" 200 1324 "-" "Mozilla/5.0 (iPhone; iPhone OS 3.1.3; 0a220c7fd88b4730c6e0e24d6870921ae5f3c020) phizuu:connect"
166.205.137.147 - - [17/Mar/2010:13:34:17 -0700] "POST /client/13/updates HTTP/1.1" 200 134 "-" "Markus_Schulz/1.0 CFNetwork/459 Darwin/10.0.0d3"
166.205.137.147 - - [17/Mar/2010:13:34:19 -0700] "POST /client/13/updates HTTP/1.1" 200 134 "-" "Markus_Schulz/1.0 CFNetwork/459 Darwin/10.0.0d3"
10.112.61.195 - - [17/Mar/2010:13:34:20 -0700] "GET /static-api/13/videos HTTP/1.0" 301 369 "-" "-"
10.112.61.195 - - [17/Mar/2010:13:34:20 -0700] "GET /static-api/13/videos/ HTTP/1.0" 200 13845 "-" "-"
166.205.137.147 - - [17/Mar/2010:13:34:20 -0700] "GET /client/13/videos/ HTTP/1.1" 200 4883 "-" "Mozilla/5.0 (iPhone; iPhone OS 3.1.3; 0a220c7fd88b4730c6e0e24d6870921ae5f3c020) phizuu:connect"
166.205.137.147 - - [17/Mar/2010:13:34:36 -0700] "POST /client/13/updates HTTP/1.1" 200 134 "-" "Markus_Schulz/1.0 CFNetwork/459 Darwin/10.0.0d3"
166.205.137.147 - - [17/Mar/2010:13:34:42 -0700] "POST /client/13/updates HTTP/1.1" 200 134 "-" "Markus_Schulz/1.0 CFNetwork/459 Darwin/10.0.0d3"
166.205.137.147 - - [17/Mar/2010:13:34:24 -0700] "GET /client/13/events/ HTTP/1.1" 200 832 "-" "Mozilla/5.0 (iPhone; iPhone OS 3.1.3; 0a220c7fd88b4730c6e0e24d6870921ae5f3c020) phizuu:connect"
166.205.137.147 - - [17/Mar/2010:13:34:58 -0700] "GET /client/13/event_images/172 HTTP/1.1" 200 33 "-" "Markus_Schulz/1.0 CFNetwork/459 Darwin/10.0.0d3"
166.205.137.147 - - [17/Mar/2010:13:35:15 -0700] "POST /client/13/event_images/172 HTTP/1.1" 200 20 "-" "Markus_Schulz/1.0 CFNetwork/459 Darwin/10.0.0d3"
166.205.137.186 - - [17/Mar/2010:13:35:20 -0700] "GET /static-api/16/ HTTP/1.1" 200 235 "-" "Mozilla/5.0 (iPhone; iPhone OS 3.1.3; 3a79a7a67a3b9b7af81f9e9a9cb38f8c2fbdb70a) phizuu:connect"
166.205.137.147 - - [17/Mar/2010:13:35:30 -0700] "GET /client/13/event_images/172 HTTP/1.1" 200 134 "-" "Markus_Schulz/1.0 CFNetwork/459 Darwin/10.0.0d3"
166.205.137.147 - - [17/Mar/2010:13:35:30 -0700] "GET /client/13/event_images/172 HTTP/1.1" 200 134 "-" "Mozilla/5.0 (iPhone; iPhone OS 3.1.3; 0a220c7fd88b4730c6e0e24d6870921ae5f3c020) phizuu:connect"
166.205.137.186 - - [17/Mar/2010:13:35:38 -0700] "GET /static-api/16/music/ HTTP/1.1" 200 561 "-" "Mozilla/5.0 (iPhone; iPhone OS 3.1.3; 3a79a7a67a3b9b7af81f9e9a9cb38f8c2fbdb70a) phizuu:connect"
166.205.137.186 - - [17/Mar/2010:13:35:51 -0700] "GET /static-api/16/images/ HTTP/1.1" 200 1074 "-" "Mozilla/5.0 (iPhone; iPhone OS 3.1.3; 3a79a7a67a3b9b7af81f9e9a9cb38f8c2fbdb70a) phizuu:connect"
93.1.212.104 - - [17/Mar/2010:13:36:19 -0700] "GET /static-api/10/ HTTP/1.1" 200 235 "-" "Mozilla/5.0 (iPhone; iPhone OS 3.1.2; 0c09a3dba7deea41acd4fc82915e5deab9c080f3) phizuu:connect"
93.1.212.104 - - [17/Mar/2010:13:36:24 -0700] "GET /static-api/10/music/ HTTP/1.1" 200 330 "-" "Mozilla/5.0 (iPhone; iPhone OS 3.1.2; 0c09a3dba7deea41acd4fc82915e5deab9c080f3) phizuu:connect"
93.1.212.104 - - [17/Mar/2010:13:36:27 -0700] "GET /static-api/10/images/ HTTP/1.1" 200 909 "-" "Mozilla/5.0 (iPhone; iPhone OS 3.1.2; 0c09a3dba7deea41acd4fc82915e5deab9c080f3) phizuu:connect"
90.196.35.234 - - [17/Mar/2010:13:37:00 -0700] "GET /static-api/10/ HTTP/1.1" 200 235 "-" "Mozilla/5.0 (iPhone; iPhone OS 3.1.3; 682ec2803e0153325766cd89bd22392a96e66fd9) phizuu:connect"
90.196.35.234 - - [17/Mar/2010:13:37:11 -0700] "GET /static-api/10/music/ HTTP/1.1" 200 330 "-" "Mozilla/5.0 (iPhone; iPhone OS 3.1.3; 682ec2803e0153325766cd89bd22392a96e66fd9) phizuu:connect"
90.196.35.234 - - [17/Mar/2010:13:39:58 -0700] "GET /static-api/10/ HTTP/1.1" 200 235 "-" "Mozilla/5.0 (iPhone; iPhone OS 3.1.3; 682ec2803e0153325766cd89bd22392a96e66fd9) phizuu:connect"
93.1.212.104 - - [17/Mar/2010:13:40:08 -0700] "GET /static-api/10/events/ HTTP/1.1" 200 791 "-" "Mozilla/5.0 (iPhone; iPhone OS 3.1.2; 0c09a3dba7deea41acd4fc82915e5deab9c080f3) phizuu:connect"
80.187.102.106 - - [17/Mar/2010:13:40:11 -0700] "GET /static-api/13/ HTTP/1.1" 200 237 "-" "Mozilla/5.0 (iPhone; iPhone OS 3.1.3; 105959b3d6a5454022254f0f5167506501701d22) PhizuuConnect"
10.112.61.195 - - [17/Mar/2010:13:40:20 -0700] "GET /static-api/13 HTTP/1.0" 301 362 "-" "-"
10.112.61.195 - - [17/Mar/2010:13:40:20 -0700] "GET /static-api/13/ HTTP/1.0" 200 386 "-" "-"
198.214.235.51 - - [17/Mar/2010:13:40:20 -0700] "GET /client/13/ HTTP/1.1" 200 256 "-" "Mozilla/5.0 (iPhone; iPhone OS 3.1.3; d5fc4e4f5291b304f322d1f264724d2c56af064b) phizuu:connect"
198.214.235.51 - - [17/Mar/2010:13:40:20 -0700] "POST /client/13/updates HTTP/1.1" 200 134 "-" "Template/1.0 CFNetwork/459 Darwin/10.0.0d3"
80.187.102.106 - - [17/Mar/2010:13:40:25 -0700] "GET /static-api/13/music/ HTTP/1.1" 200 1324 "-" "Mozilla/5.0 (iPhone; iPhone OS 3.1.3; 105959b3d6a5454022254f0f5167506501701d22) PhizuuConnect"
198.214.235.51 - - [17/Mar/2010:13:40:29 -0700] "POST /client/13/updates HTTP/1.1" 200 134 "-" "Template/1.0 CFNetwork/459 Darwin/10.0.0d3"
10.112.61.195 - - [17/Mar/2010:13:40:29 -0700] "GET /static-api/13 HTTP/1.0" 301 362 "-" "-"
10.112.61.195 - - [17/Mar/2010:13:40:29 -0700] "GET /static-api/13/ HTTP/1.0" 200 386 "-" "-"
198.214.235.51 - - [17/Mar/2010:13:40:29 -0700] "GET /client/13/ HTTP/1.1" 200 256 "-" "Mozilla/5.0 (iPhone; iPhone OS 3.1.3; d5fc4e4f5291b304f322d1f264724d2c56af064b) phizuu:connect"
198.214.235.51 - - [17/Mar/2010:13:40:30 -0700] "POST /client/13/updates HTTP/1.1" 200 134 "-" "Template/1.0 CFNetwork/459 Darwin/10.0.0d3"
198.214.235.51 - - [17/Mar/2010:13:40:43 -0700] "GET /static-api/19/ HTTP/1.1" 200 188 "-" "Mozilla/5.0 (iPhone; iPhone OS 3.1.3; d5fc4e4f5291b304f322d1f264724d2c56af064b) phizuu:connect"
198.214.235.51 - - [17/Mar/2010:13:40:49 -0700] "POST /client/13/updates HTTP/1.1" 200 134 "-" "Template/1.0 CFNetwork/459 Darwin/10.0.0d3"
10.112.61.195 - - [17/Mar/2010:13:40:49 -0700] "GET /static-api/13 HTTP/1.0" 301 362 "-" "-"
10.112.61.195 - - [17/Mar/2010:13:40:49 -0700] "GET /static-api/13/ HTTP/1.0" 200 386 "-" "-"
198.214.235.51 - - [17/Mar/2010:13:40:49 -0700] "GET /client/13/ HTTP/1.1" 200 256 "-" "Mozilla/5.0 (iPhone; iPhone OS 3.1.3; d5fc4e4f5291b304f322d1f264724d2c56af064b) phizuu:connect"
198.214.235.51 - - [17/Mar/2010:13:40:50 -0700] "POST /client/13/updates HTTP/1.1" 200 134 "-" "Template/1.0 CFNetwork/459 Darwin/10.0.0d3"
198.214.235.51 - - [17/Mar/2010:13:40:50 -0700] "GET /client/13/events/ HTTP/1.1" 200 832 "-" "Mozilla/5.0 (iPhone; iPhone OS 3.1.3; d5fc4e4f5291b304f322d1f264724d2c56af064b) phizuu:connect"
93.1.212.104 - - [17/Mar/2010:13:41:28 -0700] "GET /static-api/10/videos/ HTTP/1.1" 200 527 "-" "Mozilla/5.0 (iPhone; iPhone OS 3.1.2; 0c09a3dba7deea41acd4fc82915e5deab9c080f3) phizuu:connect"
80.187.102.106 - - [17/Mar/2010:13:41:53 -0700] "GET /static-api/13/events/ HTTP/1.1" 200 554 "-" "Mozilla/5.0 (iPhone; iPhone OS 3.1.3; 105959b3d6a5454022254f0f5167506501701d22) PhizuuConnect"
10.112.61.195 - - [17/Mar/2010:13:41:58 -0700] "GET /static-api/13/videos HTTP/1.0" 301 369 "-" "-"
10.112.61.195 - - [17/Mar/2010:13:41:58 -0700] "GET /static-api/13/videos/ HTTP/1.0" 200 13845 "-" "-"
198.214.235.51 - - [17/Mar/2010:13:41:58 -0700] "GET /client/13/videos/ HTTP/1.1" 200 4883 "-" "Mozilla/5.0 (iPhone; iPhone OS 3.1.3; d5fc4e4f5291b304f322d1f264724d2c56af064b) phizuu:connect"
188.222.166.174 - - [17/Mar/2010:13:43:47 -0700] "GET /static-api/10/ HTTP/1.1" 200 235 "-" "Mozilla/5.0 (iPhone; iPhone OS 3.1.3; 4936872ef509d0afb9195194afc3a1e17c5ae46f) phizuu:connect"
188.222.166.174 - - [17/Mar/2010:13:43:47 -0700] "GET /static-api/10/music/ HTTP/1.1" 200 330 "-" "Mozilla/5.0 (iPhone; iPhone OS 3.1.3; 4936872ef509d0afb9195194afc3a1e17c5ae46f) phizuu:connect"
188.222.166.174 - - [17/Mar/2010:13:43:51 -0700] "GET /static-api/10/images/ HTTP/1.1" 200 909 "-" "Mozilla/5.0 (iPhone; iPhone OS 3.1.3; 4936872ef509d0afb9195194afc3a1e17c5ae46f) phizuu:connect"
80.187.102.106 - - [17/Mar/2010:13:43:53 -0700] "GET /static-api/13/videos/ HTTP/1.1" 200 4883 "-" "Mozilla/5.0 (iPhone; iPhone OS 3.1.3; 105959b3d6a5454022254f0f5167506501701d22) PhizuuConnect"
188.222.166.174 - - [17/Mar/2010:13:43:55 -0700] "GET /static-api/10/videos/ HTTP/1.1" 200 527 "-" "Mozilla/5.0 (iPhone; iPhone OS 3.1.3; 4936872ef509d0afb9195194afc3a1e17c5ae46f) phizuu:connect"
10.112.61.195 - - [17/Mar/2010:13:44:13 -0700] "GET /static-api/13 HTTP/1.0" 301 362 "-" "-"
10.112.61.195 - - [17/Mar/2010:13:44:13 -0700] "GET /static-api/13/ HTTP/1.0" 200 386 "-" "-"
198.214.235.51 - - [17/Mar/2010:13:44:13 -0700] "GET /client/13/ HTTP/1.1" 200 256 "-" "Mozilla/5.0 (iPhone; iPhone OS 3.1.3; d5fc4e4f5291b304f322d1f264724d2c56af064b) phizuu:connect"
198.214.235.51 - - [17/Mar/2010:13:44:13 -0700] "POST /client/13/updates HTTP/1.1" 200 134 "-" "Template/1.0 CFNetwork/459 Darwin/10.0.0d3"
198.214.235.51 - - [17/Mar/2010:13:44:14 -0700] "POST /client/13/updates HTTP/1.1" 200 134 "-" "Template/1.0 CFNetwork/459 Darwin/10.0.0d3"
198.214.235.51 - - [17/Mar/2010:13:44:15 -0700] "POST /client/13/updates HTTP/1.1" 200 134 "-" "Template/1.0 CFNetwork/459 Darwin/10.0.0d3"
188.222.166.174 - - [17/Mar/2010:13:44:27 -0700] "GET /static-api/10/events/ HTTP/1.1" 200 791 "-" "Mozilla/5.0 (iPhone; iPhone OS 3.1.3; 4936872ef509d0afb9195194afc3a1e17c5ae46f) phizuu:connect"
80.187.103.227 - - [17/Mar/2010:13:44:27 -0700] "GET /static-api/16/ HTTP/1.1" 200 235 "-" "Mozilla/5.0 (iPhone; iPhone OS 3.1.3; 7349e08bb307d5f8b42b1d210e2eab5967de731e) phizuu:connect"
10.112.61.195 - - [17/Mar/2010:13:44:50 -0700] "GET /static-api/13/videos HTTP/1.0" 301 369 "-" "-"
10.112.61.195 - - [17/Mar/2010:13:44:50 -0700] "GET /static-api/13/videos/ HTTP/1.0" 200 13845 "-" "-"
198.214.235.51 - - [17/Mar/2010:13:44:50 -0700] "GET /client/13/videos/ HTTP/1.1" 200 4883 "-" "Mozilla/5.0 (iPhone; iPhone OS 3.1.3; d5fc4e4f5291b304f322d1f264724d2c56af064b) phizuu:connect"
198.214.235.51 - - [17/Mar/2010:13:44:15 -0700] "GET /client/13/events/ HTTP/1.1" 200 832 "-" "Mozilla/5.0 (iPhone; iPhone OS 3.1.3; d5fc4e4f5291b304f322d1f264724d2c56af064b) phizuu:connect"
166.137.139.135 - - [17/Mar/2010:13:45:43 -0700] "GET /static-api/10/ HTTP/1.1" 200 235 "-" "Mozilla/5.0 (iPhone; iPhone OS 3.1.3; cc60167722d25c49395ed3b74eb696039a09d93d) phizuu:connect"
166.137.139.135 - - [17/Mar/2010:13:45:44 -0700] "GET /static-api/10/videos/ HTTP/1.1" 200 527 "-" "Mozilla/5.0 (iPhone; iPhone OS 3.1.3; cc60167722d25c49395ed3b74eb696039a09d93d) phizuu:connect"
198.214.235.51 - - [17/Mar/2010:13:46:24 -0700] "POST /client/13/updates HTTP/1.1" 200 134 "-" "Template/1.0 CFNetwork/459 Darwin/10.0.0d3"
10.112.61.195 - - [17/Mar/2010:13:46:24 -0700] "GET /static-api/13 HTTP/1.0" 301 362 "-" "-"
10.112.61.195 - - [17/Mar/2010:13:46:24 -0700] "GET /static-api/13/ HTTP/1.0" 200 386 "-" "-"
198.214.235.51 - - [17/Mar/2010:13:46:24 -0700] "GET /client/13/ HTTP/1.1" 200 256 "-" "Mozilla/5.0 (iPhone; iPhone OS 3.1.3; d5fc4e4f5291b304f322d1f264724d2c56af064b) phizuu:connect"
198.214.235.51 - - [17/Mar/2010:13:46:25 -0700] "POST /client/13/updates HTTP/1.1" 200 134 "-" "Template/1.0 CFNetwork/459 Darwin/10.0.0d3"
198.214.235.51 - - [17/Mar/2010:13:46:25 -0700] "POST /client/13/updates HTTP/1.1" 200 134 "-" "Template/1.0 CFNetwork/459 Darwin/10.0.0d3"
198.214.235.51 - - [17/Mar/2010:13:46:27 -0700] "POST /client/13/updates HTTP/1.1" 200 134 "-" "Template/1.0 CFNetwork/459 Darwin/10.0.0d3"
10.112.61.195 - - [17/Mar/2010:13:46:42 -0700] "GET /static-api/13/music HTTP/1.0" 301 368 "-" "-"
10.112.61.195 - - [17/Mar/2010:13:46:42 -0700] "GET /static-api/13/music/ HTTP/1.0" 200 6399 "-" "-"
198.214.235.51 - - [17/Mar/2010:13:46:42 -0700] "GET /client/13/music/ HTTP/1.1" 200 1324 "-" "Mozilla/5.0 (iPhone; iPhone OS 3.1.3; d5fc4e4f5291b304f322d1f264724d2c56af064b) phizuu:connect"
10.112.61.195 - - [17/Mar/2010:13:46:57 -0700] "GET /static-api/13/videos HTTP/1.0" 301 369 "-" "-"
10.112.61.195 - - [17/Mar/2010:13:46:57 -0700] "GET /static-api/13/videos/ HTTP/1.0" 200 13845 "-" "-"
198.214.235.51 - - [17/Mar/2010:13:46:57 -0700] "GET /client/13/videos/ HTTP/1.1" 200 4883 "-" "Mozilla/5.0 (iPhone; iPhone OS 3.1.3; d5fc4e4f5291b304f322d1f264724d2c56af064b) phizuu:connect"
198.214.235.51 - - [17/Mar/2010:13:46:52 -0700] "GET /client/13/events/ HTTP/1.1" 200 832 "-" "Mozilla/5.0 (iPhone; iPhone OS 3.1.3; d5fc4e4f5291b304f322d1f264724d2c56af064b) phizuu:connect"
166.137.139.154 - - [17/Mar/2010:13:47:50 -0700] "GET /static-api/13/ HTTP/1.1" 200 237 "-" "Mozilla/5.0 (iPhone; iPhone OS 3.1; faf514cde5b3e82ad6a28350957493d39eec76f5) PhizuuConnect"
166.137.139.154 - - [17/Mar/2010:13:48:07 -0700] "GET /static-api/13/music/ HTTP/1.1" 200 1324 "-" "Mozilla/5.0 (iPhone; iPhone OS 3.1; faf514cde5b3e82ad6a28350957493d39eec76f5) PhizuuConnect"
166.137.139.154 - - [17/Mar/2010:13:48:09 -0700] "GET /static-api/13/events/ HTTP/1.1" 200 554 "-" "Mozilla/5.0 (iPhone; iPhone OS 3.1; faf514cde5b3e82ad6a28350957493d39eec76f5) PhizuuConnect"
166.137.139.135 - - [17/Mar/2010:13:49:07 -0700] "GET /static-api/10/images/ HTTP/1.1" 200 909 "-" "Mozilla/5.0 (iPhone; iPhone OS 3.1.3; cc60167722d25c49395ed3b74eb696039a09d93d) phizuu:connect"
10.112.61.195 - - [17/Mar/2010:13:50:10 -0700] "GET /static-api/13 HTTP/1.0" 301 362 "-" "-"
10.112.61.195 - - [17/Mar/2010:13:50:10 -0700] "GET /static-api/13/ HTTP/1.0" 200 386 "-" "-"
24.227.217.180 - - [17/Mar/2010:13:50:10 -0700] "POST /client/13/updates HTTP/1.1" 200 134 "-" "Template/1.0 CFNetwork/459 Darwin/10.0.0d3"
24.227.217.180 - - [17/Mar/2010:13:50:09 -0700] "GET /client/13/ HTTP/1.1" 200 256 "-" "Mozilla/5.0 (iPhone; iPhone OS 3.1.3; d5fc4e4f5291b304f322d1f264724d2c56af064b) phizuu:connect"
24.227.217.180 - - [17/Mar/2010:13:50:10 -0700] "POST /client/13/updates HTTP/1.1" 200 134 "-" "Template/1.0 CFNetwork/459 Darwin/10.0.0d3"
10.112.61.195 - - [17/Mar/2010:13:50:33 -0700] "GET /static-api/13/music HTTP/1.0" 301 368 "-" "-"
10.112.61.195 - - [17/Mar/2010:13:50:33 -0700] "GET /static-api/13/music/ HTTP/1.0" 200 6399 "-" "-"
24.227.217.180 - - [17/Mar/2010:13:50:33 -0700] "GET /client/13/music/ HTTP/1.1" 200 1324 "-" "Mozilla/5.0 (iPhone; iPhone OS 3.1.3; d5fc4e4f5291b304f322d1f264724d2c56af064b) phizuu:connect"
82.132.248.31 - - [17/Mar/2010:13:52:34 -0700] "GET /static-api/19/ HTTP/1.1" 200 188 "-" "Mozilla/5.0 (iPhone; iPhone OS 3.1.2; ac591e2f32565dd3f7610f9a7eb841628f4c5e1b) phizuu:connect"
82.132.248.31 - - [17/Mar/2010:13:52:48 -0700] "GET /static-api/19/music/ HTTP/1.1" 200 743 "-" "Mozilla/5.0 (iPhone; iPhone OS 3.1.2; ac591e2f32565dd3f7610f9a7eb841628f4c5e1b) phizuu:connect"
198.214.235.51 - - [17/Mar/2010:13:52:57 -0700] "POST /client/13/updates HTTP/1.1" 200 134 "-" "Template/1.0 CFNetwork/459 Darwin/10.0.0d3"
10.112.61.195 - - [17/Mar/2010:13:52:57 -0700] "GET /static-api/13 HTTP/1.0" 301 362 "-" "-"
10.112.61.195 - - [17/Mar/2010:13:52:57 -0700] "GET /static-api/13/ HTTP/1.0" 200 386 "-" "-"
198.214.235.51 - - [17/Mar/2010:13:52:57 -0700] "GET /client/13/ HTTP/1.1" 200 256 "-" "Mozilla/5.0 (iPhone; iPhone OS 3.1.3; d5fc4e4f5291b304f322d1f264724d2c56af064b) phizuu:connect"
198.214.235.51 - - [17/Mar/2010:13:52:58 -0700] "POST /client/13/updates HTTP/1.1" 200 134 "-" "Template/1.0 CFNetwork/459 Darwin/10.0.0d3"
10.112.61.195 - - [17/Mar/2010:13:53:00 -0700] "GET /static-api/13/music HTTP/1.0" 301 368 "-" "-"
10.112.61.195 - - [17/Mar/2010:13:53:00 -0700] "GET /static-api/13/music/ HTTP/1.0" 200 6399 "-" "-"
198.214.235.51 - - [17/Mar/2010:13:53:00 -0700] "GET /client/13/music/ HTTP/1.1" 200 1324 "-" "Mozilla/5.0 (iPhone; iPhone OS 3.1.3; d5fc4e4f5291b304f322d1f264724d2c56af064b) phizuu:connect"
10.112.61.195 - - [17/Mar/2010:13:53:10 -0700] "GET /static-api/13/videos HTTP/1.0" 301 369 "-" "-"
10.112.61.195 - - [17/Mar/2010:13:53:10 -0700] "GET /static-api/13/videos/ HTTP/1.0" 200 13845 "-" "-"
198.214.235.51 - - [17/Mar/2010:13:53:10 -0700] "GET /client/13/videos/ HTTP/1.1" 200 4883 "-" "Mozilla/5.0 (iPhone; iPhone OS 3.1.3; d5fc4e4f5291b304f322d1f264724d2c56af064b) phizuu:connect"
198.214.235.51 - - [17/Mar/2010:13:53:05 -0700] "GET /client/13/events/ HTTP/1.1" 200 208 "-" "Mozilla/5.0 (iPhone; iPhone OS 3.1.3; d5fc4e4f5291b304f322d1f264724d2c56af064b) phizuu:connect"
10.112.61.195 - - [17/Mar/2010:13:57:18 -0700] "GET /static-api/13 HTTP/1.0" 301 362 "-" "-"
10.112.61.195 - - [17/Mar/2010:13:57:18 -0700] "GET /static-api/13/ HTTP/1.0" 200 386 "-" "-"
198.214.235.51 - - [17/Mar/2010:13:57:18 -0700] "GET /client/13/ HTTP/1.1" 200 256 "-" "Mozilla/5.0 (iPhone; iPhone OS 3.1.3; d5fc4e4f5291b304f322d1f264724d2c56af064b) phizuu:connect"
198.214.235.51 - - [17/Mar/2010:13:57:18 -0700] "POST /client/13/updates HTTP/1.1" 200 134 "-" "Template/1.0 CFNetwork/459 Darwin/10.0.0d3"
198.214.235.51 - - [17/Mar/2010:13:57:19 -0700] "POST /client/13/updates HTTP/1.1" 200 134 "-" "Template/1.0 CFNetwork/459 Darwin/10.0.0d3"
10.112.61.195 - - [17/Mar/2010:13:57:22 -0700] "GET /static-api/13/videos HTTP/1.0" 301 369 "-" "-"
10.112.61.195 - - [17/Mar/2010:13:57:22 -0700] "GET /static-api/13/videos/ HTTP/1.0" 200 13845 "-" "-"
198.214.235.51 - - [17/Mar/2010:13:57:22 -0700] "GET /client/13/videos/ HTTP/1.1" 200 4883 "-" "Mozilla/5.0 (iPhone; iPhone OS 3.1.3; d5fc4e4f5291b304f322d1f264724d2c56af064b) phizuu:connect"
10.112.61.195 - - [17/Mar/2010:13:58:10 -0700] "GET /static-api/13/music HTTP/1.0" 301 368 "-" "-"
10.112.61.195 - - [17/Mar/2010:13:58:10 -0700] "GET /static-api/13/music/ HTTP/1.0" 200 6399 "-" "-"
198.214.235.51 - - [17/Mar/2010:13:58:10 -0700] "GET /client/13/music/ HTTP/1.1" 200 1324 "-" "Mozilla/5.0 (iPhone; iPhone OS 3.1.3; d5fc4e4f5291b304f322d1f264724d2c56af064b) phizuu:connect"
198.214.235.51 - - [17/Mar/2010:13:57:23 -0700] "GET /client/13/events/ HTTP/1.1" 200 832 "-" "Mozilla/5.0 (iPhone; iPhone OS 3.1.3; d5fc4e4f5291b304f322d1f264724d2c56af064b) phizuu:connect"
198.214.235.51 - - [17/Mar/2010:13:58:56 -0700] "POST /client/13/updates HTTP/1.1" 200 134 "-" "Template/1.0 CFNetwork/459 Darwin/10.0.0d3"
10.112.61.195 - - [17/Mar/2010:13:58:56 -0700] "GET /static-api/13 HTTP/1.0" 301 362 "-" "-"
10.112.61.195 - - [17/Mar/2010:13:58:56 -0700] "GET /static-api/13/ HTTP/1.0" 200 386 "-" "-"
198.214.235.51 - - [17/Mar/2010:13:58:56 -0700] "GET /client/13/ HTTP/1.1" 200 256 "-" "Mozilla/5.0 (iPhone; iPhone OS 3.1.3; d5fc4e4f5291b304f322d1f264724d2c56af064b) phizuu:connect"
198.214.235.51 - - [17/Mar/2010:13:58:57 -0700] "POST /client/13/updates HTTP/1.1" 200 134 "-" "Template/1.0 CFNetwork/459 Darwin/10.0.0d3"
10.112.61.195 - - [17/Mar/2010:13:59:11 -0700] "GET /static-api/13/music HTTP/1.0" 301 368 "-" "-"
10.112.61.195 - - [17/Mar/2010:13:59:11 -0700] "GET /static-api/13/music/ HTTP/1.0" 200 6399 "-" "-"
198.214.235.51 - - [17/Mar/2010:13:59:11 -0700] "GET /client/13/music/ HTTP/1.1" 200 1324 "-" "Mozilla/5.0 (iPhone; iPhone OS 3.1.3; d5fc4e4f5291b304f322d1f264724d2c56af064b) phizuu:connect"
10.112.61.195 - - [17/Mar/2010:13:59:38 -0700] "GET /static-api/13/videos HTTP/1.0" 301 369 "-" "-"
10.112.61.195 - - [17/Mar/2010:13:59:38 -0700] "GET /static-api/13/videos/ HTTP/1.0" 200 13845 "-" "-"
198.214.235.51 - - [17/Mar/2010:13:59:38 -0700] "GET /client/13/videos/ HTTP/1.1" 200 4883 "-" "Mozilla/5.0 (iPhone; iPhone OS 3.1.3; d5fc4e4f5291b304f322d1f264724d2c56af064b) phizuu:connect"
198.214.235.51 - - [17/Mar/2010:13:59:33 -0700] "GET /client/13/events/ HTTP/1.1" 200 232 "-" "Mozilla/5.0 (iPhone; iPhone OS 3.1.3; d5fc4e4f5291b304f322d1f264724d2c56af064b) phizuu:connect"
198.214.235.51 - - [17/Mar/2010:14:01:36 -0700] "GET /static-api/19/ HTTP/1.1" 200 188 "-" "Mozilla/5.0 (iPhone; iPhone OS 3.1.3; d5fc4e4f5291b304f322d1f264724d2c56af064b) phizuu:connect"
10.112.61.195 - - [17/Mar/2010:14:08:39 -0700] "GET /static-api/13 HTTP/1.0" 301 362 "-" "-"
10.112.61.195 - - [17/Mar/2010:14:08:39 -0700] "GET /static-api/13/ HTTP/1.0" 200 386 "-" "-"
198.214.235.51 - - [17/Mar/2010:14:08:39 -0700] "GET /client/13/ HTTP/1.1" 200 256 "-" "Mozilla/5.0 (iPhone; iPhone OS 3.1.3; d5fc4e4f5291b304f322d1f264724d2c56af064b) phizuu:connect"
198.214.235.51 - - [17/Mar/2010:14:08:39 -0700] "POST /client/13/updates HTTP/1.1" 200 134 "-" "Template/1.0 CFNetwork/459 Darwin/10.0.0d3"
198.214.235.51 - - [17/Mar/2010:14:08:39 -0700] "POST /client/13/updates HTTP/1.1" 200 134 "-" "Template/1.0 CFNetwork/459 Darwin/10.0.0d3"
10.112.61.195 - - [17/Mar/2010:14:08:41 -0700] "GET /static-api/13/music HTTP/1.0" 301 368 "-" "-"
10.112.61.195 - - [17/Mar/2010:14:08:41 -0700] "GET /static-api/13/music/ HTTP/1.0" 200 6399 "-" "-"
198.214.235.51 - - [17/Mar/2010:14:08:41 -0700] "GET /client/13/music/ HTTP/1.1" 200 1324 "-" "Mozilla/5.0 (iPhone; iPhone OS 3.1.3; d5fc4e4f5291b304f322d1f264724d2c56af064b) phizuu:connect"
10.112.61.195 - - [17/Mar/2010:14:08:54 -0700] "GET /static-api/13/videos HTTP/1.0" 301 369 "-" "-"
10.112.61.195 - - [17/Mar/2010:14:08:54 -0700] "GET /static-api/13/videos/ HTTP/1.0" 200 13845 "-" "-"
198.214.235.51 - - [17/Mar/2010:14:08:54 -0700] "GET /client/13/videos/ HTTP/1.1" 200 4883 "-" "Mozilla/5.0 (iPhone; iPhone OS 3.1.3; d5fc4e4f5291b304f322d1f264724d2c56af064b) phizuu:connect"
10.112.61.195 - - [17/Mar/2010:14:09:03 -0700] "GET /static-api/13/images HTTP/1.0" 301 369 "-" "-"
10.112.61.195 - - [17/Mar/2010:14:09:03 -0700] "GET /static-api/13/images/ HTTP/1.0" 200 6883 "-" "-"
198.214.235.51 - - [17/Mar/2010:14:09:03 -0700] "GET /client/13/images/ HTTP/1.1" 200 1126 "-" "Mozilla/5.0 (iPhone; iPhone OS 3.1.3; d5fc4e4f5291b304f322d1f264724d2c56af064b) phizuu:connect"
82.23.186.66 - - [17/Mar/2010:14:10:22 -0700] "GET /static-api/18/ HTTP/1.1" 200 184 "-" "Mozilla/5.0 (iPhone; iPhone OS 3.1.3; 33bc58e3e1253469238401eb6ab9a0c5b6390df4) phizuu:connect"
82.23.186.66 - - [17/Mar/2010:14:10:34 -0700] "GET /static-api/18/music/ HTTP/1.1" 200 2038 "-" "Mozilla/5.0 (iPhone; iPhone OS 3.1.3; 33bc58e3e1253469238401eb6ab9a0c5b6390df4) phizuu:connect"
10.112.61.195 - - [17/Mar/2010:14:11:19 -0700] "GET /static-api/13 HTTP/1.0" 301 362 "-" "-"
10.112.61.195 - - [17/Mar/2010:14:11:19 -0700] "GET /static-api/13/ HTTP/1.0" 200 386 "-" "-"
198.214.235.51 - - [17/Mar/2010:14:11:19 -0700] "GET /client/13/ HTTP/1.1" 200 256 "-" "Mozilla/5.0 (iPhone; iPhone OS 3.1.3; d5fc4e4f5291b304f322d1f264724d2c56af064b) phizuu:connect"
198.214.235.51 - - [17/Mar/2010:14:11:19 -0700] "POST /client/13/updates HTTP/1.1" 200 134 "-" "Template/1.0 CFNetwork/459 Darwin/10.0.0d3"
198.214.235.51 - - [17/Mar/2010:14:11:20 -0700] "POST /client/13/updates HTTP/1.1" 200 134 "-" "Template/1.0 CFNetwork/459 Darwin/10.0.0d3"
10.112.61.195 - - [17/Mar/2010:14:11:24 -0700] "GET /static-api/13/music HTTP/1.0" 301 368 "-" "-"
10.112.61.195 - - [17/Mar/2010:14:11:24 -0700] "GET /static-api/13/music/ HTTP/1.0" 200 6399 "-" "-"
198.214.235.51 - - [17/Mar/2010:14:11:24 -0700] "GET /client/13/music/ HTTP/1.1" 200 1324 "-" "Mozilla/5.0 (iPhone; iPhone OS 3.1.3; d5fc4e4f5291b304f322d1f264724d2c56af064b) phizuu:connect"
198.214.235.51 - - [17/Mar/2010:14:11:32 -0700] "GET /client/13/events/ HTTP/1.1" 200 832 "-" "Mozilla/5.0 (iPhone; iPhone OS 3.1.3; d5fc4e4f5291b304f322d1f264724d2c56af064b) phizuu:connect"
10.112.61.195 - - [17/Mar/2010:14:11:39 -0700] "GET /static-api/13/videos HTTP/1.0" 301 369 "-" "-"
10.112.61.195 - - [17/Mar/2010:14:11:39 -0700] "GET /static-api/13/videos/ HTTP/1.0" 200 13845 "-" "-"
198.214.235.51 - - [17/Mar/2010:14:11:39 -0700] "GET /client/13/videos/ HTTP/1.1" 200 4883 "-" "Mozilla/5.0 (iPhone; iPhone OS 3.1.3; d5fc4e4f5291b304f322d1f264724d2c56af064b) phizuu:connect"
82.23.186.66 - - [17/Mar/2010:14:12:22 -0700] "GET /static-api/18/ HTTP/1.1" 200 184 "-" "Mozilla/5.0 (iPhone; iPhone OS 3.1.3; 33bc58e3e1253469238401eb6ab9a0c5b6390df4) phizuu:connect"
82.23.186.66 - - [17/Mar/2010:14:12:26 -0700] "GET /static-api/18/music/ HTTP/1.1" 200 2038 "-" "Mozilla/5.0 (iPhone; iPhone OS 3.1.3; 33bc58e3e1253469238401eb6ab9a0c5b6390df4) phizuu:connect"
82.23.186.66 - - [17/Mar/2010:14:13:15 -0700] "GET /static-api/18/ HTTP/1.1" 200 184 "-" "Mozilla/5.0 (iPhone; iPhone OS 3.1.3; 33bc58e3e1253469238401eb6ab9a0c5b6390df4) phizuu:connect"
82.23.186.66 - - [17/Mar/2010:14:13:16 -0700] "GET /static-api/18/music/ HTTP/1.1" 200 2038 "-" "Mozilla/5.0 (iPhone; iPhone OS 3.1.3; 33bc58e3e1253469238401eb6ab9a0c5b6390df4) phizuu:connect"
82.23.186.66 - - [17/Mar/2010:14:13:22 -0700] "GET /static-api/18/ HTTP/1.1" 200 184 "-" "Mozilla/5.0 (iPhone; iPhone OS 3.1.3; 33bc58e3e1253469238401eb6ab9a0c5b6390df4) phizuu:connect"
82.23.186.66 - - [17/Mar/2010:14:13:26 -0700] "GET /static-api/18/music/ HTTP/1.1" 200 2038 "-" "Mozilla/5.0 (iPhone; iPhone OS 3.1.3; 33bc58e3e1253469238401eb6ab9a0c5b6390df4) phizuu:connect"
82.23.186.66 - - [17/Mar/2010:14:13:26 -0700] "GET /static-api/18/videos/ HTTP/1.1" 200 2272 "-" "Mozilla/5.0 (iPhone; iPhone OS 3.1.3; 33bc58e3e1253469238401eb6ab9a0c5b6390df4) phizuu:connect"
166.205.10.239 - - [17/Mar/2010:14:13:59 -0700] "GET /static-api/13/ HTTP/1.1" 200 237 "-" "Mozilla/5.0 (iPhone; iPhone OS 3.1.3; e14d5acf7c14f9763a8395abff3574c9cdb6d659) PhizuuConnect"
198.214.235.51 - - [17/Mar/2010:14:15:03 -0700] "POST /client/13/updates HTTP/1.1" 200 134 "-" "Template/1.0 CFNetwork/459 Darwin/10.0.0d3"
10.112.61.195 - - [17/Mar/2010:14:15:03 -0700] "GET /static-api/13 HTTP/1.0" 301 362 "-" "-"
10.112.61.195 - - [17/Mar/2010:14:15:03 -0700] "GET /static-api/13/ HTTP/1.0" 200 386 "-" "-"
198.214.235.51 - - [17/Mar/2010:14:15:03 -0700] "GET /client/13/ HTTP/1.1" 200 256 "-" "Mozilla/5.0 (iPhone; iPhone OS 3.1.3; d5fc4e4f5291b304f322d1f264724d2c56af064b) phizuu:connect"
198.214.235.51 - - [17/Mar/2010:14:15:03 -0700] "POST /client/13/updates HTTP/1.1" 200 134 "-" "Template/1.0 CFNetwork/459 Darwin/10.0.0d3"
10.112.61.195 - - [17/Mar/2010:14:15:10 -0700] "GET /static-api/13/videos HTTP/1.0" 301 369 "-" "-"
10.112.61.195 - - [17/Mar/2010:14:15:10 -0700] "GET /static-api/13/videos/ HTTP/1.0" 200 13845 "-" "-"
198.214.235.51 - - [17/Mar/2010:14:15:10 -0700] "GET /client/13/videos/ HTTP/1.1" 200 4883 "-" "Mozilla/5.0 (iPhone; iPhone OS 3.1.3; d5fc4e4f5291b304f322d1f264724d2c56af064b) phizuu:connect"
198.214.235.51 - - [17/Mar/2010:14:15:21 -0700] "GET /client/13/events/ HTTP/1.1" 200 232 "-" "Mozilla/5.0 (iPhone; iPhone OS 3.1.3; d5fc4e4f5291b304f322d1f264724d2c56af064b) phizuu:connect"
174.120.19.130 - - [17/Mar/2010:14:16:16 -0700] "POST /api/message HTTP/1.1" 200 - "-" "-"
174.120.19.130 - - [17/Mar/2010:14:16:17 -0700] "GET /api/message/com.phizuu.hammerhead.13 HTTP/1.0" 200 - "-" "-"
82.132.248.80 - - [17/Mar/2010:14:17:20 -0700] "GET /static-api/10/ HTTP/1.1" 200 235 "-" "Mozilla/5.0 (iPhone; iPhone OS 3.1.3; 550ac3455ad80b1d4bdf27960e6efec352b09f74) phizuu:connect"
78.105.194.97 - - [17/Mar/2010:14:20:08 -0700] "GET /static-api/13/ HTTP/1.1" 200 237 "-" "Mozilla/5.0 (iPhone; iPhone OS 3.1.2; 6fb8b2f8abce9be019c66c169615f70559c81bdc) PhizuuConnect"
198.214.235.51 - - [17/Mar/2010:14:21:16 -0700] "GET /client/13/updates HTTP/1.1" 200 156 "-" "Markus_Schulz/1.0 CFNetwork/459 Darwin/10.0.0d3"
10.112.61.195 - - [17/Mar/2010:14:21:18 -0700] "GET /static-api/13 HTTP/1.0" 301 362 "-" "-"
10.112.61.195 - - [17/Mar/2010:14:21:18 -0700] "GET /static-api/13/ HTTP/1.0" 200 386 "-" "-"
198.214.235.51 - - [17/Mar/2010:14:21:18 -0700] "GET /client/13/ HTTP/1.1" 200 256 "-" "Mozilla/5.0 (iPhone; iPhone OS 3.1.3; d5fc4e4f5291b304f322d1f264724d2c56af064b) phizuu:connect"
198.214.235.51 - - [17/Mar/2010:14:21:18 -0700] "POST /client/13/updates HTTP/1.1" 200 134 "-" "Markus_Schulz/1.0 CFNetwork/459 Darwin/10.0.0d3"
198.214.235.51 - - [17/Mar/2010:14:21:20 -0700] "POST /client/13/updates HTTP/1.1" 200 134 "-" "Markus_Schulz/1.0 CFNetwork/459 Darwin/10.0.0d3"
198.214.235.51 - - [17/Mar/2010:14:21:21 -0700] "POST /client/13/updates HTTP/1.1" 200 134 "-" "Markus_Schulz/1.0 CFNetwork/459 Darwin/10.0.0d3"
10.112.61.195 - - [17/Mar/2010:14:21:22 -0700] "GET /static-api/13/music HTTP/1.0" 301 368 "-" "-"
10.112.61.195 - - [17/Mar/2010:14:21:22 -0700] "GET /static-api/13/music/ HTTP/1.0" 200 6399 "-" "-"
198.214.235.51 - - [17/Mar/2010:14:21:22 -0700] "GET /client/13/music/ HTTP/1.1" 200 1324 "-" "Mozilla/5.0 (iPhone; iPhone OS 3.1.3; d5fc4e4f5291b304f322d1f264724d2c56af064b) phizuu:connect"
10.112.61.195 - - [17/Mar/2010:14:21:47 -0700] "GET /static-api/13/videos HTTP/1.0" 301 369 "-" "-"
10.112.61.195 - - [17/Mar/2010:14:21:47 -0700] "GET /static-api/13/videos/ HTTP/1.0" 200 13845 "-" "-"
198.214.235.51 - - [17/Mar/2010:14:21:47 -0700] "GET /client/13/videos/ HTTP/1.1" 200 4883 "-" "Mozilla/5.0 (iPhone; iPhone OS 3.1.3; d5fc4e4f5291b304f322d1f264724d2c56af064b) phizuu:connect"
198.214.235.51 - - [17/Mar/2010:14:21:31 -0700] "GET /client/13/events/ HTTP/1.1" 200 232 "-" "Mozilla/5.0 (iPhone; iPhone OS 3.1.3; d5fc4e4f5291b304f322d1f264724d2c56af064b) phizuu:connect"
193.253.141.65 - - [17/Mar/2010:14:23:17 -0700] "GET /static-api/10/ HTTP/1.0" 200 235 "-" "Mozilla/5.0 (iPhone; iPhone OS 3.0.1; 4afba370e24b13b5f5a8baf5733a02cb80debbf1) phizuu:connect"
77.101.170.121 - - [17/Mar/2010:14:23:57 -0700] "GET /static-api/18/ HTTP/1.1" 200 184 "-" "Mozilla/5.0 (iPhone; iPhone OS 3.1.2; bba1d0e371cbfdcad7116e55a774fee4ce0d6905) phizuu:connect"
198.214.235.51 - - [17/Mar/2010:14:25:34 -0700] "POST /client/13/updates HTTP/1.1" 200 134 "-" "Markus_Schulz/1.0 CFNetwork/459 Darwin/10.0.0d3"
10.112.61.195 - - [17/Mar/2010:14:25:34 -0700] "GET /static-api/13 HTTP/1.0" 301 362 "-" "-"
10.112.61.195 - - [17/Mar/2010:14:25:34 -0700] "GET /static-api/13/ HTTP/1.0" 200 386 "-" "-"
198.214.235.51 - - [17/Mar/2010:14:25:34 -0700] "GET /client/13/ HTTP/1.1" 200 256 "-" "Mozilla/5.0 (iPhone; iPhone OS 3.1.3; d5fc4e4f5291b304f322d1f264724d2c56af064b) phizuu:connect"
198.214.235.51 - - [17/Mar/2010:14:25:36 -0700] "POST /client/13/updates HTTP/1.1" 200 134 "-" "Markus_Schulz/1.0 CFNetwork/459 Darwin/10.0.0d3"
198.214.235.51 - - [17/Mar/2010:14:25:37 -0700] "POST /client/13/updates HTTP/1.1" 200 134 "-" "Markus_Schulz/1.0 CFNetwork/459 Darwin/10.0.0d3"
10.112.61.195 - - [17/Mar/2010:14:25:41 -0700] "GET /static-api/13/music HTTP/1.0" 301 368 "-" "-"
10.112.61.195 - - [17/Mar/2010:14:25:41 -0700] "GET /static-api/13/music/ HTTP/1.0" 200 6399 "-" "-"
198.214.235.51 - - [17/Mar/2010:14:25:41 -0700] "GET /client/13/music/ HTTP/1.1" 200 1324 "-" "Mozilla/5.0 (iPhone; iPhone OS 3.1.3; d5fc4e4f5291b304f322d1f264724d2c56af064b) phizuu:connect"
198.214.235.51 - - [17/Mar/2010:14:25:46 -0700] "GET /client/13/events/ HTTP/1.1" 200 832 "-" "Mozilla/5.0 (iPhone; iPhone OS 3.1.3; d5fc4e4f5291b304f322d1f264724d2c56af064b) phizuu:connect"
193.253.141.65 - - [17/Mar/2010:14:26:31 -0700] "GET /static-api/10/ HTTP/1.0" 200 235 "-" "Mozilla/5.0 (iPhone; iPhone OS 3.1.3; 6beb5dca3824b51a225f2d12792aad5e22f8a873) phizuu:connect"
193.253.141.64 - - [17/Mar/2010:14:26:49 -0700] "GET /static-api/10/events/ HTTP/1.0" 200 791 "-" "Mozilla/5.0 (iPhone; iPhone OS 3.1.3; 6beb5dca3824b51a225f2d12792aad5e22f8a873) phizuu:connect"
10.112.61.195 - - [17/Mar/2010:14:29:19 -0700] "GET /static-api/13 HTTP/1.0" 301 362 "-" "-"
10.112.61.195 - - [17/Mar/2010:14:29:19 -0700] "GET /static-api/13/ HTTP/1.0" 200 386 "-" "-"
75.37.9.17 - - [17/Mar/2010:14:29:19 -0700] "GET /client/13 HTTP/1.1" 200 256 "-" "Mozilla/5.0 (Windows; U; Windows NT 6.1; en-US; rv:1.9.1.8) Gecko/20100202 Firefox/3.5.8"
75.37.9.17 - - [17/Mar/2010:14:29:19 -0700] "GET /favicon.ico HTTP/1.1" 404 270 "-" "Mozilla/5.0 (Windows; U; Windows NT 6.1; en-US; rv:1.9.1.8) Gecko/20100202 Firefox/3.5.8"
75.37.9.17 - - [17/Mar/2010:14:29:20 -0700] "GET /favicon.ico HTTP/1.1" 404 270 "-" "Mozilla/5.0 (Windows; U; Windows NT 6.1; en-US; rv:1.9.1.8) Gecko/20100202 Firefox/3.5.8"
10.112.61.195 - - [17/Mar/2010:14:29:22 -0700] "GET /static-api/13 HTTP/1.0" 301 362 "-" "-"
10.112.61.195 - - [17/Mar/2010:14:29:22 -0700] "GET /static-api/13/ HTTP/1.0" 200 386 "-" "-"
75.37.9.17 - - [17/Mar/2010:14:29:22 -0700] "GET /client/13 HTTP/1.1" 200 256 "-" "Mozilla/5.0 (Windows; U; Windows NT 6.1; en-US; rv:1.9.1.8) Gecko/20100202 Firefox/3.5.8"
75.37.9.17 - - [17/Mar/2010:14:29:29 -0700] "GET /client/13/tours HTTP/1.1" - 62 "-" "Mozilla/5.0 (Windows; U; Windows NT 6.1; en-US; rv:1.9.1.8) Gecko/20100202 Firefox/3.5.8"
75.37.9.17 - - [17/Mar/2010:14:29:37 -0700] "GET /client/13/events HTTP/1.1" 200 832 "-" "Mozilla/5.0 (Windows; U; Windows NT 6.1; en-US; rv:1.9.1.8) Gecko/20100202 Firefox/3.5.8"
78.146.186.223 - - [17/Mar/2010:14:29:51 -0700] "GET /static-api/10/ HTTP/1.1" 200 235 "-" "Mozilla/5.0 (iPhone; iPhone OS 3.1.3; 448835c9f7ff6edcb7f345657809dfb71a6a79d9) phizuu:connect"
78.146.186.223 - - [17/Mar/2010:14:29:52 -0700] "GET /static-api/10/music/ HTTP/1.1" 200 330 "-" "Mozilla/5.0 (iPhone; iPhone OS 3.1.3; 448835c9f7ff6edcb7f345657809dfb71a6a79d9) phizuu:connect"
78.146.186.223 - - [17/Mar/2010:14:29:56 -0700] "GET /static-api/10/images/ HTTP/1.1" 200 909 "-" "Mozilla/5.0 (iPhone; iPhone OS 3.1.3; 448835c9f7ff6edcb7f345657809dfb71a6a79d9) phizuu:connect"
78.146.186.223 - - [17/Mar/2010:14:30:20 -0700] "GET /static-api/10/videos/ HTTP/1.1" 200 527 "-" "Mozilla/5.0 (iPhone; iPhone OS 3.1.3; 448835c9f7ff6edcb7f345657809dfb71a6a79d9) phizuu:connect"
90.47.103.48 - - [17/Mar/2010:14:31:24 -0700] "GET /static-api/10/ HTTP/1.1" 200 235 "-" "Mozilla/5.0 (iPhone; iPhone OS 3.1.2; 7fbb66a5e011872be707ac3510946da1e4e7b119) phizuu:connect"
90.47.103.48 - - [17/Mar/2010:14:31:26 -0700] "GET /static-api/10/music/ HTTP/1.1" 200 330 "-" "Mozilla/5.0 (iPhone; iPhone OS 3.1.2; 7fbb66a5e011872be707ac3510946da1e4e7b119) phizuu:connect"
90.47.103.48 - - [17/Mar/2010:14:31:29 -0700] "GET /static-api/10/images/ HTTP/1.1" 200 909 "-" "Mozilla/5.0 (iPhone; iPhone OS 3.1.2; 7fbb66a5e011872be707ac3510946da1e4e7b119) phizuu:connect"
90.47.103.48 - - [17/Mar/2010:14:31:34 -0700] "GET /static-api/10/videos/ HTTP/1.1" 200 527 "-" "Mozilla/5.0 (iPhone; iPhone OS 3.1.2; 7fbb66a5e011872be707ac3510946da1e4e7b119) phizuu:connect"
166.205.8.143 - - [17/Mar/2010:14:31:34 -0700] "GET /static-api/13/ HTTP/1.1" 200 237 "-" "Mozilla/5.0 (iPhone; iPhone OS 3.1.3; 158cb9dd6523fdd2eba8af528c32f94f2dc17be7) PhizuuConnect"
166.205.8.143 - - [17/Mar/2010:14:31:34 -0700] "GET /static-api/13/music/ HTTP/1.1" 200 1324 "-" "Mozilla/5.0 (iPhone; iPhone OS 3.1.3; 158cb9dd6523fdd2eba8af528c32f94f2dc17be7) PhizuuConnect"
10.112.61.195 - - [17/Mar/2010:14:37:25 -0700] "GET /static-api/13 HTTP/1.0" 301 362 "-" "-"
10.112.61.195 - - [17/Mar/2010:14:37:25 -0700] "GET /static-api/13/ HTTP/1.0" 200 386 "-" "-"
75.37.9.17 - - [17/Mar/2010:14:37:25 -0700] "GET /client/13 HTTP/1.1" 200 256 "-" "Mozilla/5.0 (Windows; U; Windows NT 6.1; en-US; rv:1.9.1.8) Gecko/20100202 Firefox/3.5.8"
10.112.61.195 - - [17/Mar/2010:14:37:37 -0700] "GET /static-api/13/music HTTP/1.0" 301 368 "-" "-"
10.112.61.195 - - [17/Mar/2010:14:37:37 -0700] "GET /static-api/13/music/ HTTP/1.0" 200 6399 "-" "-"
75.37.9.17 - - [17/Mar/2010:14:37:37 -0700] "GET /client/13/music HTTP/1.1" 200 1324 "-" "Mozilla/5.0 (Windows; U; Windows NT 6.1; en-US; rv:1.9.1.8) Gecko/20100202 Firefox/3.5.8"
166.205.14.251 - - [17/Mar/2010:14:38:07 -0700] "POST /client/13/updates HTTP/1.1" 200 134 "-" "Markus_Schulz/1.0 CFNetwork/459 Darwin/10.0.0d3"
10.112.61.195 - - [17/Mar/2010:14:38:08 -0700] "GET /static-api/13 HTTP/1.0" 301 362 "-" "-"
10.112.61.195 - - [17/Mar/2010:14:38:08 -0700] "GET /static-api/13/ HTTP/1.0" 200 386 "-" "-"
166.205.14.251 - - [17/Mar/2010:14:38:08 -0700] "GET /client/13/ HTTP/1.1" 200 256 "-" "Mozilla/5.0 (iPhone; iPhone OS 3.1.3; 0a220c7fd88b4730c6e0e24d6870921ae5f3c020) phizuu:connect"
166.205.14.251 - - [17/Mar/2010:14:38:09 -0700] "POST /client/13/updates HTTP/1.1" 200 134 "-" "Markus_Schulz/1.0 CFNetwork/459 Darwin/10.0.0d3"
10.112.61.195 - - [17/Mar/2010:14:38:13 -0700] "GET /static-api/13/music HTTP/1.0" 301 368 "-" "-"
10.112.61.195 - - [17/Mar/2010:14:38:13 -0700] "GET /static-api/13/music/ HTTP/1.0" 200 6399 "-" "-"
166.205.14.251 - - [17/Mar/2010:14:38:13 -0700] "GET /client/13/music/ HTTP/1.1" 200 1324 "-" "Mozilla/5.0 (iPhone; iPhone OS 3.1.3; 0a220c7fd88b4730c6e0e24d6870921ae5f3c020) phizuu:connect"
75.37.9.17 - - [17/Mar/2010:14:37:15 -0700] "GET /client/13/events HTTP/1.1" 200 208 "-" "Mozilla/5.0 (Windows; U; Windows NT 6.1; en-US; rv:1.9.1.8) Gecko/20100202 Firefox/3.5.8"
166.205.14.251 - - [17/Mar/2010:14:38:17 -0700] "GET /client/13/events/ HTTP/1.1" 200 832 "-" "Mozilla/5.0 (iPhone; iPhone OS 3.1.3; 0a220c7fd88b4730c6e0e24d6870921ae5f3c020) phizuu:connect"
10.112.61.195 - - [17/Mar/2010:14:38:23 -0700] "GET /static-api/13/videos HTTP/1.0" 301 369 "-" "-"
10.112.61.195 - - [17/Mar/2010:14:38:23 -0700] "GET /static-api/13/videos/ HTTP/1.0" 200 13845 "-" "-"
166.205.14.251 - - [17/Mar/2010:14:38:23 -0700] "GET /client/13/videos/ HTTP/1.1" 200 4883 "-" "Mozilla/5.0 (iPhone; iPhone OS 3.1.3; 0a220c7fd88b4730c6e0e24d6870921ae5f3c020) phizuu:connect"
10.112.61.195 - - [17/Mar/2010:14:40:38 -0700] "GET /static-api/13 HTTP/1.0" 301 362 "-" "-"
10.112.61.195 - - [17/Mar/2010:14:40:38 -0700] "GET /static-api/13/ HTTP/1.0" 200 386 "-" "-"
198.214.235.51 - - [17/Mar/2010:14:40:38 -0700] "GET /client/13/ HTTP/1.1" 200 256 "-" "Mozilla/5.0 (iPhone; iPhone OS 3.1.3; d5fc4e4f5291b304f322d1f264724d2c56af064b) phizuu:connect"
198.214.235.51 - - [17/Mar/2010:14:40:38 -0700] "POST /client/13/updates HTTP/1.1" 200 134 "-" "Markus_Schulz/1.0 CFNetwork/459 Darwin/10.0.0d3"
198.214.235.51 - - [17/Mar/2010:14:40:39 -0700] "POST /client/13/updates HTTP/1.1" 200 134 "-" "Markus_Schulz/1.0 CFNetwork/459 Darwin/10.0.0d3"
10.112.61.195 - - [17/Mar/2010:14:40:42 -0700] "GET /static-api/13/music HTTP/1.0" 301 368 "-" "-"
10.112.61.195 - - [17/Mar/2010:14:40:42 -0700] "GET /static-api/13/music/ HTTP/1.0" 200 6399 "-" "-"
198.214.235.51 - - [17/Mar/2010:14:40:42 -0700] "GET /client/13/music/ HTTP/1.1" 200 1324 "-" "Mozilla/5.0 (iPhone; iPhone OS 3.1.3; d5fc4e4f5291b304f322d1f264724d2c56af064b) phizuu:connect"
10.112.61.195 - - [17/Mar/2010:14:40:43 -0700] "GET /static-api/13 HTTP/1.0" 301 362 "-" "-"
10.112.61.195 - - [17/Mar/2010:14:40:43 -0700] "GET /static-api/13/ HTTP/1.0" 200 386 "-" "-"
166.205.14.251 - - [17/Mar/2010:14:40:43 -0700] "GET /client/13/ HTTP/1.1" 200 256 "-" "Mozilla/5.0 (iPhone; iPhone OS 3.1.3; 0a220c7fd88b4730c6e0e24d6870921ae5f3c020) phizuu:connect"
166.205.14.251 - - [17/Mar/2010:14:40:44 -0700] "POST /client/13/updates HTTP/1.1" 200 134 "-" "Markus_Schulz/1.0 CFNetwork/459 Darwin/10.0.0d3"
166.205.14.251 - - [17/Mar/2010:14:40:45 -0700] "POST /client/13/updates HTTP/1.1" 200 134 "-" "Markus_Schulz/1.0 CFNetwork/459 Darwin/10.0.0d3"
166.205.14.251 - - [17/Mar/2010:14:40:49 -0700] "POST /client/13/updates HTTP/1.1" 200 134 "-" "Markus_Schulz/1.0 CFNetwork/459 Darwin/10.0.0d3"
10.112.61.195 - - [17/Mar/2010:14:40:49 -0700] "GET /static-api/13/videos HTTP/1.0" 301 369 "-" "-"
10.112.61.195 - - [17/Mar/2010:14:40:49 -0700] "GET /static-api/13/videos/ HTTP/1.0" 200 13845 "-" "-"
198.214.235.51 - - [17/Mar/2010:14:40:49 -0700] "GET /client/13/videos/ HTTP/1.1" 200 4883 "-" "Mozilla/5.0 (iPhone; iPhone OS 3.1.3; d5fc4e4f5291b304f322d1f264724d2c56af064b) phizuu:connect"
198.214.235.51 - - [17/Mar/2010:14:40:47 -0700] "GET /client/13/events/ HTTP/1.1" 200 832 "-" "Mozilla/5.0 (iPhone; iPhone OS 3.1.3; d5fc4e4f5291b304f322d1f264724d2c56af064b) phizuu:connect"
166.205.14.251 - - [17/Mar/2010:14:40:45 -0700] "GET /client/13/events/ HTTP/1.1" 200 248 "-" "Mozilla/5.0 (iPhone; iPhone OS 3.1.3; 0a220c7fd88b4730c6e0e24d6870921ae5f3c020) phizuu:connect"
10.112.61.195 - - [17/Mar/2010:14:41:31 -0700] "GET /static-api/13 HTTP/1.0" 301 362 "-" "-"
10.112.61.195 - - [17/Mar/2010:14:41:31 -0700] "GET /static-api/13/ HTTP/1.0" 200 386 "-" "-"
166.205.14.251 - - [17/Mar/2010:14:41:31 -0700] "GET /client/13/ HTTP/1.1" 200 256 "-" "Mozilla/5.0 (iPhone; iPhone OS 3.1.3; 0a220c7fd88b4730c6e0e24d6870921ae5f3c020) phizuu:connect"
166.205.14.251 - - [17/Mar/2010:14:41:33 -0700] "POST /client/13/updates HTTP/1.1" 200 134 "-" "Markus_Schulz/1.0 CFNetwork/459 Darwin/10.0.0d3"
166.205.14.251 - - [17/Mar/2010:14:41:34 -0700] "POST /client/13/updates HTTP/1.1" 200 134 "-" "Markus_Schulz/1.0 CFNetwork/459 Darwin/10.0.0d3"
166.205.14.251 - - [17/Mar/2010:14:41:42 -0700] "GET /client/13/events/ HTTP/1.1" 200 832 "-" "Mozilla/5.0 (iPhone; iPhone OS 3.1.3; 0a220c7fd88b4730c6e0e24d6870921ae5f3c020) phizuu:connect"
75.37.9.17 - - [17/Mar/2010:14:43:03 -0700] "GET /client/13/testmusic HTTP/1.1" 200 131 "-" "Mozilla/5.0 (Windows; U; Windows NT 6.1; en-US; rv:1.9.1.8) Gecko/20100202 Firefox/3.5.8"
75.37.9.17 - - [17/Mar/2010:14:43:22 -0700] "GET /client/13/testmusic HTTP/1.1" 200 131 "-" "Mozilla/5.0 (Windows; U; Windows NT 6.1; en-US; rv:1.9.1.8) Gecko/20100202 Firefox/3.5.8"
