83.44.83.64 - - [18/Mar/2010:01:35:45 -0700] "GET /static-api/13/ HTTP/1.1" 200 237 "-" "Mozilla/5.0 (iPhone; iPhone OS 3.1.2; 8ea64861c6b6df1904aad7dd8975f10527a48dae) PhizuuConnect"
83.44.83.64 - - [18/Mar/2010:01:36:04 -0700] "GET /static-api/13/music/ HTTP/1.1" 200 1324 "-" "Mozilla/5.0 (iPhone; iPhone OS 3.1.2; 8ea64861c6b6df1904aad7dd8975f10527a48dae) PhizuuConnect"
82.132.248.55 - - [18/Mar/2010:01:42:11 -0700] "GET /static-api/13/ HTTP/1.1" 200 237 "-" "Mozilla/5.0 (iPhone; iPhone OS 3.1.3; 715c5bba878d82cc09cbc77e7543d9fb7af1dd43) PhizuuConnect"
194.22.5.12 - - [18/Mar/2010:01:42:24 -0700] "GET /static-api/18/ HTTP/1.1" 200 184 "-" "Mozilla/5.0 (iPhone; iPhone OS 3.1.2; 99ad53a5ff54a45f6f3b63218ebc2d38d34b091b) phizuu:connect"
194.22.5.12 - - [18/Mar/2010:01:42:32 -0700] "GET /static-api/18/images/ HTTP/1.1" 200 859 "-" "Mozilla/5.0 (iPhone; iPhone OS 3.1.2; 99ad53a5ff54a45f6f3b63218ebc2d38d34b091b) phizuu:connect"
72.181.212.227 - - [18/Mar/2010:01:45:50 -0700] "GET /static-api/18/ HTTP/1.1" 200 184 "-" "Mozilla/5.0 (iPhone; iPhone OS 3.1.3; 4d573ac562a8d8edf2b83ccb1e36a415842a705b) phizuu:connect"
72.181.212.227 - - [18/Mar/2010:01:45:57 -0700] "GET /static-api/18/music/ HTTP/1.1" 200 2038 "-" "Mozilla/5.0 (iPhone; iPhone OS 3.1.3; 4d573ac562a8d8edf2b83ccb1e36a415842a705b) phizuu:connect"
72.181.212.227 - - [18/Mar/2010:01:46:36 -0700] "GET /static-api/18/ HTTP/1.1" 200 184 "-" "Mozilla/5.0 (iPhone; iPhone OS 3.1.3; 4d573ac562a8d8edf2b83ccb1e36a415842a705b) phizuu:connect"
72.181.212.227 - - [18/Mar/2010:01:46:39 -0700] "GET /static-api/18/videos/ HTTP/1.1" 200 2272 "-" "Mozilla/5.0 (iPhone; iPhone OS 3.1.3; 4d573ac562a8d8edf2b83ccb1e36a415842a705b) phizuu:connect"
72.181.212.227 - - [18/Mar/2010:01:48:47 -0700] "GET /static-api/18/music/ HTTP/1.1" 200 2038 "-" "Mozilla/5.0 (iPhone; iPhone OS 3.1.3; 4d573ac562a8d8edf2b83ccb1e36a415842a705b) phizuu:connect"
88.212.137.235 - - [18/Mar/2010:01:48:52 -0700] "GET /static-api/18/ HTTP/1.1" 200 184 "-" "Mozilla/5.0 (iPhone; iPhone OS 3.1.3; 59ea1008edf9c806ff8da6e3d2fbdaf91a705449) phizuu:connect"
72.181.212.227 - - [18/Mar/2010:01:48:55 -0700] "GET /static-api/18/images/ HTTP/1.1" 200 859 "-" "Mozilla/5.0 (iPhone; iPhone OS 3.1.3; 4d573ac562a8d8edf2b83ccb1e36a415842a705b) phizuu:connect"
72.181.212.227 - - [18/Mar/2010:01:49:06 -0700] "GET /static-api/18/flyers/ HTTP/1.1" 200 640 "-" "Mozilla/5.0 (iPhone; iPhone OS 3.1.3; 4d573ac562a8d8edf2b83ccb1e36a415842a705b) phizuu:connect"
72.181.212.227 - - [18/Mar/2010:01:49:38 -0700] "GET /static-api/18/events/ HTTP/1.1" 200 600 "-" "Mozilla/5.0 (iPhone; iPhone OS 3.1.3; 4d573ac562a8d8edf2b83ccb1e36a415842a705b) phizuu:connect"
80.27.102.150 - - [18/Mar/2010:01:50:06 -0700] "GET /static-api/10/ HTTP/1.1" 200 235 "-" "Mozilla/5.0 (iPhone; iPhone OS 3.1.3; 04bdcbc034fb7274d12a23554f571d84b1c5f3f4) phizuu:connect"
80.27.102.150 - - [18/Mar/2010:01:50:24 -0700] "GET /static-api/10/music/ HTTP/1.1" 200 330 "-" "Mozilla/5.0 (iPhone; iPhone OS 3.1.3; 04bdcbc034fb7274d12a23554f571d84b1c5f3f4) phizuu:connect"
72.181.212.227 - - [18/Mar/2010:01:51:43 -0700] "GET /static-api/18/links/ HTTP/1.1" 200 206 "-" "Mozilla/5.0 (iPhone; iPhone OS 3.1.3; 4d573ac562a8d8edf2b83ccb1e36a415842a705b) phizuu:connect"
10.112.61.195 - - [18/Mar/2010:02:01:13 -0700] "GET /static-api/13 HTTP/1.0" 301 362 "-" "-"
10.112.61.195 - - [18/Mar/2010:02:01:13 -0700] "GET /static-api/13/ HTTP/1.0" 200 386 "-" "-"
123.231.102.107 - - [18/Mar/2010:02:01:13 -0700] "GET /client/13/ HTTP/1.1" 200 256 "-" "Mozilla/5.0 (iPhone; iPhone OS 3.1.2; 8d0ddbe9b90776f0e11b2c6fab837bebd55f66a7) phizuu:connect"
123.231.102.107 - - [18/Mar/2010:02:01:14 -0700] "GET /client/13/events/ HTTP/1.1" 200 832 "-" "Mozilla/5.0 (iPhone; iPhone OS 3.1.2; 8d0ddbe9b90776f0e11b2c6fab837bebd55f66a7) phizuu:connect"
123.231.102.107 - - [18/Mar/2010:02:01:53 -0700] "POST /client/13/events/ HTTP/1.1" 200 34 "-" "Template/1.0 CFNetwork/459 Darwin/10.0.0d3"
123.231.102.107 - - [18/Mar/2010:02:02:38 -0700] "POST /client/13/events/ HTTP/1.1" 200 34 "-" "Template/1.0 CFNetwork/459 Darwin/10.0.0d3"
123.231.102.107 - - [18/Mar/2010:02:04:15 -0700] "POST /client/13/events/ HTTP/1.1" 200 34 "-" "Template/1.0 CFNetwork/459 Darwin/10.0.0d3"
123.231.102.107 - - [18/Mar/2010:02:04:54 -0700] "POST /client/13/events/ HTTP/1.1" 200 34 "-" "Template/1.0 CFNetwork/459 Darwin/10.0.0d3"
123.231.102.107 - - [18/Mar/2010:02:05:35 -0700] "POST /client/13/events/ HTTP/1.1" 200 34 "-" "Template/1.0 CFNetwork/459 Darwin/10.0.0d3"
62.201.142.29 - - [18/Mar/2010:02:06:41 -0700] "GET /static-api/10/ HTTP/1.1" 200 235 "-" "Mozilla/5.0 (iPhone; iPhone OS 3.1.3; ac16d9f2b05e6ae955291c016e25bc2540aadfd4) phizuu:connect"
62.201.142.26 - - [18/Mar/2010:02:06:47 -0700] "GET /static-api/10/music/ HTTP/1.1" 200 330 "-" "Mozilla/5.0 (iPhone; iPhone OS 3.1.3; ac16d9f2b05e6ae955291c016e25bc2540aadfd4) phizuu:connect"
10.112.61.195 - - [18/Mar/2010:02:11:44 -0700] "GET /static-api/13 HTTP/1.0" 301 362 "-" "-"
10.112.61.195 - - [18/Mar/2010:02:11:44 -0700] "GET /static-api/13/ HTTP/1.0" 200 386 "-" "-"
123.231.102.107 - - [18/Mar/2010:02:11:44 -0700] "GET /client/13/ HTTP/1.1" 200 256 "-" "Mozilla/5.0 (iPhone; iPhone OS 3.1.2; 8d0ddbe9b90776f0e11b2c6fab837bebd55f66a7) phizuu:connect"
123.231.102.107 - - [18/Mar/2010:02:11:45 -0700] "GET /client/13/events/ HTTP/1.1" 200 832 "-" "Mozilla/5.0 (iPhone; iPhone OS 3.1.2; 8d0ddbe9b90776f0e11b2c6fab837bebd55f66a7) phizuu:connect"
10.112.61.195 - - [18/Mar/2010:02:15:39 -0700] "GET /static-api/13 HTTP/1.0" 301 362 "-" "-"
10.112.61.195 - - [18/Mar/2010:02:15:39 -0700] "GET /static-api/13/ HTTP/1.0" 200 386 "-" "-"
123.231.102.107 - - [18/Mar/2010:02:15:39 -0700] "GET /client/13/ HTTP/1.1" 200 256 "-" "Mozilla/5.0 (iPhone; iPhone OS 3.1.2; 8d0ddbe9b90776f0e11b2c6fab837bebd55f66a7) phizuu:connect"
123.231.102.107 - - [18/Mar/2010:02:15:40 -0700] "GET /client/13/events/ HTTP/1.1" 200 832 "-" "Mozilla/5.0 (iPhone; iPhone OS 3.1.2; 8d0ddbe9b90776f0e11b2c6fab837bebd55f66a7) phizuu:connect"
10.112.61.195 - - [18/Mar/2010:02:17:09 -0700] "GET /static-api/13 HTTP/1.0" 301 362 "-" "-"
10.112.61.195 - - [18/Mar/2010:02:17:09 -0700] "GET /static-api/13/ HTTP/1.0" 200 386 "-" "-"
123.231.102.107 - - [18/Mar/2010:02:17:09 -0700] "GET /client/13/ HTTP/1.1" 200 256 "-" "Mozilla/5.0 (iPhone; iPhone OS 3.1.2; 8d0ddbe9b90776f0e11b2c6fab837bebd55f66a7) phizuu:connect"
123.231.102.107 - - [18/Mar/2010:02:17:20 -0700] "GET /client/13/events/ HTTP/1.1" 200 832 "-" "Mozilla/5.0 (iPhone; iPhone OS 3.1.2; 8d0ddbe9b90776f0e11b2c6fab837bebd55f66a7) phizuu:connect"
10.112.61.195 - - [18/Mar/2010:02:20:21 -0700] "GET /static-api/13 HTTP/1.0" 301 362 "-" "-"
10.112.61.195 - - [18/Mar/2010:02:20:21 -0700] "GET /static-api/13/ HTTP/1.0" 200 386 "-" "-"
123.231.102.107 - - [18/Mar/2010:02:20:21 -0700] "GET /client/13/ HTTP/1.1" 200 256 "-" "Mozilla/5.0 (iPhone; iPhone OS 3.1.2; 8d0ddbe9b90776f0e11b2c6fab837bebd55f66a7) phizuu:connect"
123.231.102.107 - - [18/Mar/2010:02:20:23 -0700] "GET /client/13/events/ HTTP/1.1" 200 832 "-" "Mozilla/5.0 (iPhone; iPhone OS 3.1.2; 8d0ddbe9b90776f0e11b2c6fab837bebd55f66a7) phizuu:connect"
80.187.111.64 - - [18/Mar/2010:02:21:58 -0700] "GET /static-api/13/ HTTP/1.1" 200 237 "-" "Mozilla/5.0 (iPhone; iPhone OS 3.1.3; 81f1101e9e22b7266eed4832d17683671538a02b) PhizuuConnect"
88.212.137.235 - - [18/Mar/2010:02:39:52 -0700] "GET /static-api/18/ HTTP/1.1" 200 184 "-" "Mozilla/5.0 (iPhone; iPhone OS 3
118.112.142.227 - - [18/Mar/2010:02:46:36 -0700] "GET /static-api/18/ HTTP/1.1" 200 184 "-" "Mozilla/5.0 (iPod touch; iPhone OS 3.1.2; bb0ca1531a8d035d4deb99020a7a6fc2dde7f85f) phizuu:connect"
118.112.142.227 - - [18/Mar/2010:02:46:37 -0700] "GET /static-api/18/images/ HTTP/1.1" 200 859 "-" "Mozilla/5.0 (iPod touch; iPhone OS 3.1.2; bb0ca1531a8d035d4deb99020a7a6fc2dde7f85f) phizuu:connect"
178.28.169.17 - - [18/Mar/2010:02:46:55 -0700] "GET /static-api/18/ HTTP/1.1" 200 184 "-" "Mozilla/5.0 (iPhone; iPhone OS 3.1.3; c2864fedd478b81afdf7404e1d7a95ef8617549d) phizuu:connect"
178.28.169.17 - - [18/Mar/2010:02:46:57 -0700] "GET /static-api/18/music/ HTTP/1.1" 200 2038 "-" "Mozilla/5.0 (iPhone; iPhone OS 3.1.3; c2864fedd478b81afdf7404e1d7a95ef8617549d) phizuu:connect"
118.112.142.227 - - [18/Mar/2010:02:47:12 -0700] "GET /static-api/18/videos/ HTTP/1.1" 200 2272 "-" "Mozilla/5.0 (iPod touch; iPhone OS 3.1.2; bb0ca1531a8d035d4deb99020a7a6fc2dde7f85f) phizuu:connect"
0.0.0.0 - - [18/Mar/2010:02:48:32 -0700] "GET /static-api/18/ HTTP/1.1" 200 184 "-" "Mozilla/5.0 (iPhone; iPhone OS 3.1.3; 7f5cc2543b9c5b1d300f3a305bf9a78a044c47e6) phizuu:connect"
10.112.61.195 - - [18/Mar/2010:02:49:09 -0700] "GET /static-api/13 HTTP/1.0" 301 362 "-" "-"
10.112.61.195 - - [18/Mar/2010:02:49:09 -0700] "GET /static-api/13/ HTTP/1.0" 200 386 "-" "-"
123.231.102.107 - - [18/Mar/2010:02:49:09 -0700] "GET /client/13/ HTTP/1.1" 200 256 "-" "Mozilla/5.0 (iPhone; iPhone OS 3.1.2; 8d0ddbe9b90776f0e11b2c6fab837bebd55f66a7) phizuu:connect"
123.231.102.107 - - [18/Mar/2010:02:49:14 -0700] "GET /client/13/events/ HTTP/1.1" 200 832 "-" "Mozilla/5.0 (iPhone; iPhone OS 3.1.2; 8d0ddbe9b90776f0e11b2c6fab837bebd55f66a7) phizuu:connect"
123.231.102.107 - - [18/Mar/2010:02:49:35 -0700] "POST /client/13/events/ HTTP/1.1" 200 34 "-" "Template/1.0 CFNetwork/459 Darwin/10.0.0d3"
10.112.61.195 - - [18/Mar/2010:02:50:08 -0700] "GET /static-api/13 HTTP/1.0" 301 362 "-" "-"
10.112.61.195 - - [18/Mar/2010:02:50:08 -0700] "GET /static-api/13/ HTTP/1.0" 200 386 "-" "-"
123.231.102.107 - - [18/Mar/2010:02:50:08 -0700] "GET /client/13/ HTTP/1.1" 200 256 "-" "Mozilla/5.0 (iPhone; iPhone OS 3.1.2; 8d0ddbe9b90776f0e11b2c6fab837bebd55f66a7) phizuu:connect"
123.231.102.107 - - [18/Mar/2010:02:50:10 -0700] "GET /client/13/events/ HTTP/1.1" 200 832 "-" "Mozilla/5.0 (iPhone; iPhone OS 3.1.2; 8d0ddbe9b90776f0e11b2c6fab837bebd55f66a7) phizuu:connect"
123.231.102.107 - - [18/Mar/2010:02:50:27 -0700] "POST /client/13/events/ HTTP/1.1" 200 34 "-" "Template/1.0 CFNetwork/459 Darwin/10.0.0d3"
123.231.102.107 - - [18/Mar/2010:02:50:49 -0700] "POST /client/13/events/ HTTP/1.1" 200 34 "-" "Template/1.0 CFNetwork/459 Darwin/10.0.0d3"
10.112.61.195 - - [18/Mar/2010:02:53:12 -0700] "GET /static-api/13 HTTP/1.0" 301 362 "-" "-"
10.112.61.195 - - [18/Mar/2010:02:53:12 -0700] "GET /static-api/13/ HTTP/1.0" 200 386 "-" "-"
123.231.102.107 - - [18/Mar/2010:02:53:12 -0700] "GET /client/13/ HTTP/1.1" 200 256 "-" "Mozilla/5.0 (iPhone; iPhone OS 3.1.2; 8d0ddbe9b90776f0e11b2c6fab837bebd55f66a7) phizuu:connect"
123.231.102.107 - - [18/Mar/2010:02:53:15 -0700] "GET /client/13/events/ HTTP/1.1" 200 832 "-" "Mozilla/5.0 (iPhone; iPhone OS 3.1.2; 8d0ddbe9b90776f0e11b2c6fab837bebd55f66a7) phizuu:connect"
10.112.61.195 - - [18/Mar/2010:02:56:37 -0700] "GET /static-api/13 HTTP/1.0" 301 362 "-" "-"
atic-api/13/ HTTP/1.0" 200 386 "-" "-"
123.231.102.107 - - [18/Mar/2010:02:56:37 -0700] "GET /client/13/ HTTP/1.1" 200 256 "-" "Mozilla/5.0 (iPhone; iPhone OS 3.1.2; 8d0ddbe9b90776f0e11b2c6fab837bebd55f66a7) phizuu:connect"
123.231.102.107 - - [18/Mar/2010:02:56:44 -0700] "GET /client/13/events/ HTTP/1.1" 200 836 "-" "Mozilla/5.0 (iPhone; iPhone OS 3.1.2; 8d0ddbe9b90776f0e11b2c6fab837bebd55f66a7) phizuu:connect"
10.112.61.195 - - [18/Mar/2010:02:56:47 -0700] "GET /static-api/13/music HTTP/1.0" 301 368 "-" "-"
10.112.61.195 - - [18/Mar/2010:02:56:47 -0700] "GET /static-api/13/music/ HTTP/1.0" 200 6399 "-" "-"
123.231.102.107 - - [18/Mar/2010:02:56:47 -0700] "GET /client/13/music/ HTTP/1.1" 200 1324 "-" "Mozilla/5.0 (iPhone; iPhone OS 3.1.2; 8d0ddbe9b90776f0e11b2c6fab837bebd55f66a7) phizuu:connect"
10.112.61.195 - - [18/Mar/2010:03:01:03 -0700] "GET /static-api/13 HTTP/1.0" 301 362 "-" "-"
10.112.61.195 - - [18/Mar/2010:03:01:03 -0700] "GET /static-api/13/ HTTP/1.0" 200 386 "-" "-"
123.231.102.107 - - [18/Mar/2010:03:01:03 -0700] "GET /client/13/ HTTP/1.1" 200 256 "-" "Mozilla/5.0 (iPhone; iPhone OS 3.1.2; 8d0ddbe9b90776f0e11b2c6fab837bebd55f66a7) phizuu:connect"
123.231.102.107 - - [18/Mar/2010:03:01:05 -0700] "GET /client/13/http://phizuu.com/cms/apps/api1/13/tours HTTP/1.1" - 62 "-" "Mozilla/5.0 (iPhone; iPhone OS 3.1.2; 8d0ddbe9b90776f0e11b2c6fab837bebd55f66a7) phizuu:connect"
10.112.61.195 - - [18/Mar/2010:03:01:18 -0700] "GET /static-api/13/music HTTP/1.0" 301 368 "-" "-"
10.112.61.195 - - [18/Mar/2010:03:01:18 -0700] "GET /static-api/13/music/ HTTP/1.0" 200 6399 "-" "-"
123.231.102.107 - - [18/Mar/2010:03:01:18 -0700] "GET /client/13/music/ HTTP/1.1" 200 1324 "-" "Mozilla/5.0 (iPhone; iPhone OS 3.1.2; 8d0ddbe9b90776f0e11b2c6fab837bebd55f66a7) phizuu:connect"
123.231.102.107 - - [18/Mar/2010:03:01:20 -0700] "GET /client/13/http://phizuu.com/cms/apps/api1/13/tours HTTP/1.1" - 62 "-" "Mozilla/5.0 (iPhone; iPhone OS 3.1.2; 8d0ddbe9b90776f0e11b2c6fab837bebd55f66a7) phizuu:connect"
10.112.61.195 - - [18/Mar/2010:03:02:13 -0700] "GET /static-api/13 HTTP/1.0" 301 362 "-" "-"
10.112.61.195 - - [18/Mar/2010:03:02:13 -0700] "GET /static-api/13/ HTTP/1.0" 200 386 "-" "-"
123.231.102.107 - - [18/Mar/2010:03:02:13 -0700] "GET /cli