204.51.96.200 - - [17/Mar/2010:11:54:28 -0700] "GET /static-api/13/ HTTP/1.0" 200 386 "-" "-"
166.205.137.147 - - [17/Mar/2010:11:54:20 -0700] "GET /client/13 HTTP/1.1" 200 256 "-" "Mozilla/5.0 (iPhone; U; CPU iPhone OS 3_1_3 like Mac OS X; en-us) AppleWebKit/528.18 (KHTML, like Gecko) Version/4.0 Mobile/7E18 Safari/528.16"
95.239.210.217 - - [17/Mar/2010:11:55:59 -0700] "GET /static-api/18/ HTTP/1.1" 200 184 "-" "Mozilla/5.0 (iPhone; iPhone OS 3.1.3; 37d2a846e1fb8091276f6353a390484b7cc4c4b6) phizuu:connect"
166.205.137.147 - - [17/Mar/2010:11:55:42 -0700] "GET /client/13 HTTP/1.1" 200 279 "-" "Mozilla/5.0 (iPhone; U; CPU iPhone OS 3_1_3 like Mac OS X; en-us) AppleWebKit/528.18 (KHTML, like Gecko) Version/4.0 Mobile/7E18 Safari/528.16"
95.239.210.217 - - [17/Mar/2010:11:56:21 -0700] "GET /static-api/18/music/ HTTP/1.1" 200 2038 "-" "Mozilla/5.0 (iPhone; iPhone OS 3.1.3; 37d2a846e1fb8091276f6353a390484b7cc4c4b6) phizuu:connect"
95.239.210.217 - - [17/Mar/2010:11:56:38 -0700] "GET /static-api/18/ HTTP/1.1" 200 184 "-" "Mozilla/5.0 (iPhone; iPhone OS 3.1.3; 37d2a846e1fb8091276f6353a390484b7cc4c4b6) phizuu:connect"
95.239.210.217 - - [17/Mar/2010:11:56:58 -0700] "GET /static-api/18/images/ HTTP/1.1" 200 859 "-" "Mozilla/5.0 (iPhone; iPhone OS 3.1.3; 37d2a846e1fb8091276f6353a390484b7cc4c4b6) phizuu:connect"
166.137.9.242 - - [17/Mar/2010:11:57:28 -0700] "GET /static-api/13/ HTTP/1.1" 200 237 "-" "Mozilla/5.0 (iPhone; iPhone OS 3.1.2; e314a3519679c601e731ba055f4cee3acfb086cf) PhizuuConnect"
95.239.210.217 - - [17/Mar/2010:11:57:28 -0700] "GET /static-api/10/ HTTP/1.1" 200 235 "-" "Mozilla/5.0 (iPhone; iPhone OS 3.1.3; 37d2a846e1fb8091276f6353a390484b7cc4c4b6) phizuu:connect"
95.239.210.217 - - [17/Mar/2010:11:57:37 -0700] "GET /static-api/10/images/ HTTP/1.1" 200 909 "-" "Mozilla/5.0 (iPhone; iPhone OS 3.1.3; 37d2a846e1fb8091276f6353a390484b7cc4c4b6) phizuu:connect"
24.227.217.180 - - [17/Mar/2010:11:58:41 -0700] "GET /static-api/4/ HTTP/1.1" 200 188 "-" "Mozilla/5.0 (iPhone; iPhone OS 3.1.3; d5fc4e4f5291b304f322d1f264724d2c56af064b) phizuu:connect"
24.227.217.180 - - [17/Mar/2010:11:58:44 -0700] "GET /static-api/4/videos/ HTTP/1.1" 200 1306 "-" "Mozilla/5.0 (iPhone; iPhone OS 3.1.3; d5fc4e4f5291b304f322d1f264724d2c56af064b) phizuu:connect"
188.157.7.16 - - [17/Mar/2010:12:00:24 -0700] "GET /static-api/13/ HTTP/1.1" 200 237 "-" "Mozilla/5.0 (iPhone; iPhone OS 3.1.2; a05d5fda0bfc27d94a2e9cb4e5b6185378c102c5) PhizuuConnect"
188.157.7.16 - - [17/Mar/2010:12:00:41 -0700] "GET /static-api/13/events/ HTTP/1.1" 200 554 "-" "Mozilla/5.0 (iPhone; iPhone OS 3.1.2; a05d5fda0bfc27d94a2e9cb4e5b6185378c102c5) PhizuuConnect"
188.157.7.16 - - [17/Mar/2010:12:00:45 -0700] "GET /static-api/13/videos/ HTTP/1.1" 200 4883 "-" "Mozilla/5.0 (iPhone; iPhone OS 3.1.2; a05d5fda0bfc27d94a2e9cb4e5b6185378c102c5) PhizuuConnect"
188.157.7.16 - - [17/Mar/2010:12:00:54 -0700] "GET /static-api/13/music/ HTTP/1.1" 200 1324 "-" "Mozilla/5.0 (iPhone; iPhone OS 3.1.2; a05d5fda0bfc27d94a2e9cb4e5b6185378c102c5) PhizuuConnect"
93.132.190.128 - - [17/Mar/2010:12:01:17 -0700] "GET /static-api/16/ HTTP/1.1" 200 235 "-" "Mozilla/5.0 (iPod touch; iPhone OS 3.1.2; dead3c911c9b59506408399bc9a2311494cf40f5) phizuu:connect"
93.132.190.128 - - [17/Mar/2010:12:01:31 -0700] "GET /static-api/16/videos/ HTTP/1.1" 200 408 "-" "Mozilla/5.0 (iPod touch; iPhone OS 3.1.2; dead3c911c9b59506408399bc9a2311494cf40f5) phizuu:connect"
93.132.190.128 - - [17/Mar/2010:12:01:40 -0700] "GET /static-api/16/images/ HTTP/1.1" 200 1074 "-" "Mozilla/5.0 (iPod touch; iPhone OS 3.1.2; dead3c911c9b59506408399bc9a2311494cf40f5) phizuu:connect"
93.132.190.128 - - [17/Mar/2010:12:01:56 -0700] "GET /static-api/16/music/ HTTP/1.1" 200 561 "-" "Mozilla/5.0 (iPod touch; iPhone OS 3.1.2; dead3c911c9b59506408399bc9a2311494cf40f5) phizuu:connect"
166.205.137.147 - - [17/Mar/2010:12:04:31 -0700] "GET /api HTTP/1.1" 301 276 "-" "Mozilla/5.0 (iPhone; U; CPU iPhone OS 3_1_3 like Mac OS X; en-us) AppleWebKit/528.18 (KHTML, like Gecko) Version/4.0 Mobile/7E18 Safari/528.16"
166.205.137.147 - - [17/Mar/2010:12:04:32 -0700] "GET /api/ HTTP/1.1" - 62 "-" "Mozilla/5.0 (iPhone; U; CPU iPhone OS 3_1_3 like Mac OS X; en-us) AppleWebKit/528.18 (KHTML, like Gecko) Version/4.0 Mobile/7E18 Safari/528.16"
166.205.137.147 - - [17/Mar/2010:12:04:41 -0700] "GET /api/apns HTTP/1.1" 301 278 "-" "Mozilla/5.0 (iPhone; U; CPU iPhone OS 3_1_3 like Mac OS X; en-us) AppleWebKit/528.18 (KHTML, like Gecko) Version/4.0 Mobile/7E18 Safari/528.16"
166.205.137.147 - - [17/Mar/2010:12:04:42 -0700] "GET /api/apns/ HTTP/1.1" - 62 "-" "Mozilla/5.0 (iPhone; U; CPU iPhone OS 3_1_3 like Mac OS X; en-us) AppleWebKit/528.18 (KHTML, like Gecko) Version/4.0 Mobile/7E18 Safari/528.16"
166.205.137.147 - - [17/Mar/2010:12:04:59 -0700] "GET /api/apns HTTP/1.1" 301 278 "-" "Mozilla/5.0 (iPhone; U; CPU iPhone OS 3_1_3 like Mac OS X; en-us) AppleWebKit/528.18 (KHTML, like Gecko) Version/4.0 Mobile/7E18 Safari/528.16"
166.205.137.147 - - [17/Mar/2010:12:05:23 -0700] "GET /api/apns/PushNotifications.pho HTTP/1.1" - 62 "-" "Mozilla/5.0 (iPhone; U; CPU iPhone OS 3_1_3 like Mac OS X; en-us) AppleWebKit/528.18 (KHTML, like Gecko) Version/4.0 Mobile/7E18 Safari/528.16"
198.214.235.51 - - [17/Mar/2010:12:00:10 -0700] "GET /static-api/4/ HTTP/1.1" 200 188 "-" "Mozilla/5.0 (iPhone; iPhone OS 3.1.3; d5fc4e4f5291b304f322d1f264724d2c56af064b) phizuu:connect"
198.214.235.51 - - [17/Mar/2010:12:00:12 -0700] "GET /static-api/4/music/ HTTP/1.1" 200 1026 "-" "Mozilla/5.0 (iPhone; iPhone OS 3.1.3; d5fc4e4f5291b304f322d1f264724d2c56af064b) phizuu:connect"
198.214.235.51 - - [17/Mar/2010:12:00:28 -0700] "GET /static-api/4/ HTTP/1.1" 200 188 "-" "Mozilla/5.0 (iPhone; iPhone OS 3.1.3; d5fc4e4f5291b304f322d1f264724d2c56af064b) phizuu:connect"
166.205.137.147 - - [17/Mar/2010:12:00:29 -0700] "GET /testapi/testphp.php HTTP/1.1" 200 8344 "-" "Mozilla/5.0 (iPhone; U; CPU iPhone OS 3_1_3 like Mac OS X; en-us) AppleWebKit/528.18 (KHTML, like Gecko) Version/4.0 Mobile/7E18 Safari/528.16"
198.214.235.51 - - [17/Mar/2010:12:00:29 -0700] "GET /static-api/4/music/ HTTP/1.1" 200 1026 "-" "Mozilla/5.0 (iPhone; iPhone OS 3.1.3; d5fc4e4f5291b304f322d1f264724d2c56af064b) phizuu:connect"
198.214.235.51 - - [17/Mar/2010:12:00:30 -0700] "GET /static-api/4/images/ HTTP/1.1" 200 1131 "-" "Mozilla/5.0 (iPhone; iPhone OS 3.1.3; d5fc4e4f5291b304f322d1f264724d2c56af064b) phizuu:connect"
198.214.235.51 - - [17/Mar/2010:12:00:36 -0700] "GET /static-api/4/videos/ HTTP/1.1" 200 1306 "-" "Mozilla/5.0 (iPhone; iPhone OS 3.1.3; d5fc4e4f5291b304f322d1f264724d2c56af064b) phizuu:connect"
166.205.137.147 - - [17/Mar/2010:12:00:38 -0700] "GET /testapi/testphp.php?=PHPE9568F34-D428-11d2-A769-00AA001ACF42 HTTP/1.1" 200 2524 "http://connect.phizuu.com/testapi/testphp.php" "Mozilla/5.0 (iPhone; U; CPU iPhone OS 3_1_3 like Mac OS X; en-us) AppleWebKit/528.18 (KHTML, like Gecko) Version/4.0 Mobile/7E18 Safari/528.16"
198.214.235.51 - - [17/Mar/2010:12:02:15 -0700] "GET /static-api/4/ HTTP/1.1" 200 188 "-" "Mozilla/5.0 (iPhone; iPhone OS 3.1.3; d5fc4e4f5291b304f322d1f264724d2c56af064b) phizuu:connect"
79.220.38.208 - - [17/Mar/2010:12:02:18 -0700] "GET /static-api/13/ HTTP/1.1" 200 237 "-" "Mozilla/5.0 (iPod touch; iPhone OS 3.1.2; 88963b47fe273115433f7ea348cd8ed942e4f665) PhizuuConnect"
198.214.235.51 - - [17/Mar/2010:12:02:21 -0700] "GET /static-api/4/music/ HTTP/1.1" 200 1026 "-" "Mozilla/5.0 (iPhone; iPhone OS 3.1.3; d5fc4e4f5291b304f322d1f264724d2c56af064b) phizuu:connect"
198.214.235.51 - - [17/Mar/2010:12:02:30 -0700] "GET /static-api/4/ HTTP/1.1" 200 188 "-" "Mozilla/5.0 (iPhone; iPhone OS 3.1.3; d5fc4e4f5291b304f322d1f264724d2c56af064b) phizuu:connect"
198.214.235.51 - - [17/Mar/2010:12:02:33 -0700] "GET /static-api/4/images/ HTTP/1.1" 200 1131 "-" "Mozilla/5.0 (iPhone; iPhone OS 3.1.3; d5fc4e4f5291b304f322d1f264724d2c56af064b) phizuu:connect"
83.82.230.35 - - [17/Mar/2010:12:02:47 -0700] "GET /static-api/13/ HTTP/1.1" 200 237 "-" "Mozilla/5.0 (iPhone; iPhone OS 3.1.2; fba84b38659ff2762dfca3104e7a7bda263beef1) PhizuuConnect"
193.35.132.148 - - [17/Mar/2010:12:02:57 -0700] "GET /static-api/10/ HTTP/1.1" 200 235 "-" "Mozilla/5.0 (iPhone; iPhone OS 3.1.2; 8a207e47959471f1a7f3d75db15ba4f3a0c49d4d) phizuu:connect"
198.214.235.51 - - [17/Mar/2010:12:03:18 -0700] "GET /static-api/19/ HTTP/1.1" 200 188 "-" "Mozilla/5.0 (iPhone; iPhone OS 3.1.3; d5fc4e4f5291b304f322d1f264724d2c56af064b) phizuu:connect"
198.214.235.51 - - [17/Mar/2010:12:03:22 -0700] "GET /static-api/19/music/ HTTP/1.1" 200 743 "-" "Mozilla/5.0 (iPhone; iPhone OS 3.1.3; d5fc4e4f5291b304f322d1f264724d2c56af064b) phizuu:connect"
86.186.219.108 - - [17/Mar/2010:12:08:26 -0700] "GET /static-api/10/ HTTP/1.1" 200 235 "-" "Mozilla/5.0 (iPhone; iPhone OS 3.1.3; 23990261c88d076e451bcc981c863095e9851079) phizuu:connect"
86.186.219.108 - - [17/Mar/2010:12:08:37 -0700] "GET /static-api/10/music/ HTTP/1.1" 200 330 "-" "Mozilla/5.0 (iPhone; iPhone OS 3.1.3; 23990261c88d076e451bcc981c863095e9851079) phizuu:connect"
83.85.202.210 - - [17/Mar/2010:12:08:55 -0700] "GET /static-api/18/ HTTP/1.1" 200 184 "-" "Mozilla/5.0 (iPod touch; iPhone OS 3.1.2; 3ebf12900a5c9c177ab5d54450b9325e16063e2f) phizuu:connect"
83.85.202.210 - - [17/Mar/2010:12:09:04 -0700] "GET /static-api/18/music/ HTTP/1.1" 200 2038 "-" "Mozilla/5.0 (iPod touch; iPhone OS 3.1.2; 3ebf12900a5c9c177ab5d54450b9325e16063e2f) phizuu:connect"
86.186.219.108 - - [17/Mar/2010:12:09:05 -0700] "GET /static-api/10/images/ HTTP/1.1" 200 909 "-" "Mozilla/5.0 (iPhone; iPhone OS 3.1.3; 23990261c88d076e451bcc981c863095e9851079) phizuu:connect"
86.186.219.108 - - [17/Mar/2010:12:09:38 -0700] "GET /static-api/10/videos/ HTTP/1.1" 200 527 "-" "Mozilla/5.0 (iPhone; iPhone OS 3.1.3; 23990261c88d076e451bcc981c863095e9851079) phizuu:connect"
86.186.219.108 - - [17/Mar/2010:12:09:48 -0700] "GET /static-api/10/events/ HTTP/1.1" 200 791 "-" "Mozilla/5.0 (iPhone; iPhone OS 3.1.3; 23990261c88d076e451bcc981c863095e9851079) phizuu:connect"
166.205.137.147 - - [17/Mar/2010:12:16:18 -0700] "GET /client/13 HTTP/1.1" 200 385 "-" "Mozilla/5.0 (iPhone; U; CPU iPhone OS 3_1_3 like Mac OS X; en-us) AppleWebKit/528.18 (KHTML, like Gecko) Version/4.0 Mobile/7E18 Safari/528.16"
166.205.137.147 - - [17/Mar/2010:12:17:40 -0700] "GET /client/13 HTTP/1.1" 200 385 "-" "Mozilla/5.0 (iPhone; U; CPU iPhone OS 3_1_3 like Mac OS X; en-us) AppleWebKit/528.18 (KHTML, like Gecko) Version/4.0 Mobile/7E18 Safari/528.16"
99.56.40.221 - - [17/Mar/2010:12:23:10 -0700] "GET /static-api/13/ HTTP/1.1" 200 237 "-" "Mozilla/5.0 (iPhone; iPhone OS 3.1.3; 068ecb6d21ea50cc42b5b4c1e8f133e9eb085dfb) PhizuuConnect"
166.205.137.147 - - [17/Mar/2010:12:27:44 -0700] "GET /client/13 HTTP/1.1" 200 385 "-" "Mozilla/5.0 (iPhone; U; CPU iPhone OS 3_1_3 like Mac OS X; en-us) AppleWebKit/528.18 (KHTML, like Gecko) Version/4.0 Mobile/7E18 Safari/528.16"
166.205.137.147 - - [17/Mar/2010:12:27:57 -0700] "GET /static-api/13 HTTP/1.1" 301 282 "-" "Mozilla/5.0 (iPhone; U; CPU iPhone OS 3_1_3 like Mac OS X; en-us) AppleWebKit/528.18 (KHTML, like Gecko) Version/4.0 Mobile/7E18 Safari/528.16"
166.205.137.147 - - [17/Mar/2010:12:28:15 -0700] "GET /static-api/4/ HTTP/1.1" 200 188 "-" "Mozilla/5.0 (iPhone; iPhone OS 3.1.3; 0a220c7fd88b4730c6e0e24d6870921ae5f3c020) phizuu:connect"
166.205.137.147 - - [17/Mar/2010:12:28:23 -0700] "GET /static-api/4/music/ HTTP/1.1" 200 1026 "-" "Mozilla/5.0 (iPhone; iPhone OS 3.1.3; 0a220c7fd88b4730c6e0e24d6870921ae5f3c020) phizuu:connect"
80.251.207.73 - - [17/Mar/2010:12:30:11 -0700] "GET /static-api/18/ HTTP/1.1" 200 184 "-" "Mozilla/5.0 (iPhone; iPhone OS 3.1.3; d1c86f421cc35d699c43a3af6fa90275204c201a) phizuu:connect"
80.251.207.73 - - [17/Mar/2010:12:30:23 -0700] "GET /static-api/18/music/ HTTP/1.1" 200 2038 "-" "Mozilla/5.0 (iPhone; iPhone OS 3.1.3; d1c86f421cc35d699c43a3af6fa90275204c201a) phizuu:connect"
198.214.235.51 - - [17/Mar/2010:12:31:22 -0700] "GET /static-api/19/ HTTP/1.1" 200 188 "-" "Mozilla/5.0 (iPhone; iPhone OS 3.1.3; d5fc4e4f5291b304f322d1f264724d2c56af064b) phizuu:connect"
198.214.235.51 - - [17/Mar/2010:12:31:23 -0700] "GET /static-api/19/music/ HTTP/1.1" 200 743 "-" "Mozilla/5.0 (iPhone; iPhone OS 3.1.3; d5fc4e4f5291b304f322d1f264724d2c56af064b) phizuu:connect"
166.205.137.243 - - [17/Mar/2010:12:33:13 -0700] "GET /static-api/13/ HTTP/1.1" 200 237 "-" "Mozilla/5.0 (iPhone; iPhone OS 3.1.3; c85b42d1453e41b71438976d3a98d6ae212882eb) PhizuuConnect"
166.205.137.147 - - [17/Mar/2010:12:36:57 -0700] "POST /client/13/updates HTTP/1.1" 200 385 "-" "Markus_Schulz/1.0 CFNetwork/459 Darwin/10.0.0d3"
166.205.137.147 - - [17/Mar/2010:12:36:58 -0700] "GET /client/13/ HTTP/1.1" 200 385 "-" "Mozilla/5.0 (iPhone; iPhone OS 3.1.3; 0a220c7fd88b4730c6e0e24d6870921ae5f3c020) phizuu:connect"
166.205.137.147 - - [17/Mar/2010:12:36:58 -0700] "POST /client/13/updates HTTP/1.1" 200 385 "-" "Markus_Schulz/1.0 CFNetwork/459 Darwin/10.0.0d3"
166.205.137.147 - - [17/Mar/2010:12:37:25 -0700] "GET /static-api/4/ HTTP/1.1" 200 188 "-" "Mozilla/5.0 (iPhone; iPhone OS 3.1.3; 0a220c7fd88b4730c6e0e24d6870921ae5f3c020) phizuu:connect"
166.205.137.147 - - [17/Mar/2010:12:37:32 -0700] "GET /static-api/4/music/ HTTP/1.1" 200 1026 "-" "Mozilla/5.0 (iPhone; iPhone OS 3.1.3; 0a220c7fd88b4730c6e0e24d6870921ae5f3c020) phizuu:connect"
198.214.235.51 - - [17/Mar/2010:12:38:14 -0700] "GET /static-api/19/ HTTP/1.1" 200 188 "-" "Mozilla/5.0 (iPhone; iPhone OS 3.1.3; d5fc4e4f5291b304f322d1f264724d2c56af064b) phizuu:connect"
166.137.134.153 - - [17/Mar/2010:12:38:49 -0700] "GET /static-api/13/ HTTP/1.1" 200 237 "-" "Mozilla/5.0 (iPhone; iPhone OS 3.1.3; 6bb7bdff2dee03b42a69c8cd847565611427e5dc) PhizuuConnect"
166.137.134.153 - - [17/Mar/2010:12:38:55 -0700] "GET /static-api/13/music/ HTTP/1.1" 200 1324 "-" "Mozilla/5.0 (iPhone; iPhone OS 3.1.3; 6bb7bdff2dee03b42a69c8cd847565611427e5dc) PhizuuConnect"
82.132.139.27 - - [17/Mar/2010:12:39:08 -0700] "GET /static-api/13/ HTTP/1.1" 200 237 "-" "Mozilla/5.0 (iPhone; iPhone OS 3.1.3; b071071c10bfa9f6a16785c9d3eb1cd058064cb8) PhizuuConnect"
82.132.139.27 - - [17/Mar/2010:12:39:12 -0700] "GET /static-api/13/events/ HTTP/1.1" 200 554 "-" "Mozilla/5.0 (iPhone; iPhone OS 3.1.3; b071071c10bfa9f6a16785c9d3eb1cd058064cb8) PhizuuConnect"
166.137.134.153 - - [17/Mar/2010:12:39:32 -0700] "GET /static-api/13/ HTTP/1.1" 200 237 "-" "Mozilla/5.0 (iPhone; iPhone OS 3.1.3; 6bb7bdff2dee03b42a69c8cd847565611427e5dc) PhizuuConnect"
166.137.134.153 - - [17/Mar/2010:12:39:37 -0700] "GET /static-api/13/events/ HTTP/1.1" 200 554 "-" "Mozilla/5.0 (iPhone; iPhone OS 3.1.3; 6bb7bdff2dee03b42a69c8cd847565611427e5dc) PhizuuConnect"
166.137.134.153 - - [17/Mar/2010:12:40:03 -0700] "GET /static-api/13/videos/ HTTP/1.1" 200 4883 "-" "Mozilla/5.0 (iPhone; iPhone OS 3.1.3; 6bb7bdff2dee03b42a69c8cd847565611427e5dc) PhizuuConnect"
166.137.134.153 - - [17/Mar/2010:12:40:38 -0700] "GET /static-api/13/flyers/ HTTP/1.1" 200 33 "-" "Mozilla/5.0 (iPhone; iPhone OS 3.1.3; 6bb7bdff2dee03b42a69c8cd847565611427e5dc) PhizuuConnect"
10.120.80.113 - - [17/Mar/2010:12:42:26 -0700] "GET / HTTP/1.1" 200 56 "-" "Mozilla/5.0 (Macintosh; U; Intel Mac OS X 10_6_2; en-us) AppleWebKit/531.21.8 (KHTML, like Gecko) Version/4.0.4 Safari/531.21.10"
10.120.80.113 - - [17/Mar/2010:12:42:26 -0700] "GET /favicon.ico HTTP/1.1" 404 265 "http://10.112.61.195/" "Mozilla/5.0 (Macintosh; U; Intel Mac OS X 10_6_2; en-us) AppleWebKit/531.21.8 (KHTML, like Gecko) Version/4.0.4 Safari/531.21.10"
10.120.80.113 - - [17/Mar/2010:12:42:32 -0700] "GET /client/ HTTP/1.1" - 62 "-" "Mozilla/5.0 (Macintosh; U; Intel Mac OS X 10_6_2; en-us) AppleWebKit/531.21.8 (KHTML, like Gecko) Version/4.0.4 Safari/531.21.10"
10.120.80.113 - - [17/Mar/2010:12:42:35 -0700] "GET /client/26 HTTP/1.1" 200 385 "-" "Mozilla/5.0 (Macintosh; U; Intel Mac OS X 10_6_2; en-us) AppleWebKit/531.21.8 (KHTML, like Gecko) Version/4.0.4 Safari/531.21.10"
10.120.80.113 - - [17/Mar/2010:12:42:37 -0700] "GET /client/13 HTTP/1.1" 200 385 "-" "Mozilla/5.0 (Macintosh; U; Intel Mac OS X 10_6_2; en-us) AppleWebKit/531.21.8 (KHTML, like Gecko) Version/4.0.4 Safari/531.21.10"
80.187.111.121 - - [17/Mar/2010:12:42:48 -0700] "GET /static-api/13/ HTTP/1.1" 200 237 "-" "Mozilla/5.0 (iPhone; iPhone OS 3.1.3; 7822bc9eabd2e621bee1f48374277493af9ea9fd) PhizuuConnect"
10.120.80.113 - - [17/Mar/2010:12:42:56 -0700] "GET /client/13 HTTP/1.1" 200 385 "-" "Mozilla/5.0 (Macintosh; U; Intel Mac OS X 10_6_2; en-us) AppleWebKit/531.21.8 (KHTML, like Gecko) Version/4.0.4 Safari/531.21.10"
80.187.111.121 - - [17/Mar/2010:12:43:05 -0700] "GET /static-api/13/events/ HTTP/1.1" 200 554 "-" "Mozilla/5.0 (iPhone; iPhone OS 3.1.3; 7822bc9eabd2e621bee1f48374277493af9ea9fd) PhizuuConnect"
166.137.5.156 - - [17/Mar/2010:12:43:40 -0700] "GET /static-api/13/ HTTP/1.1" 200 237 "-" "Mozilla/5.0 (iPhone; iPhone OS 3.0.1; 8114ba6c50e00e6f1bc972522bebda4d8ce154c5) PhizuuConnect"
166.137.5.156 - - [17/Mar/2010:12:43:48 -0700] "GET /static-api/13/events/ HTTP/1.1" 200 554 "-" "Mozilla/5.0 (iPhone; iPhone OS 3.0.1; 8114ba6c50e00e6f1bc972522bebda4d8ce154c5) PhizuuConnect"
166.205.137.147 - - [17/Mar/2010:12:44:58 -0700] "GET /static-api/13/ HTTP/1.1" 200 237 "-" "Mozilla/5.0 (iPhone; U; CPU iPhone OS 3_1_3 like Mac OS X; en-us) AppleWebKit/528.18 (KHTML, like Gecko) Version/4.0 Mobile/7E18 Safari/528.16"
166.205.137.147 - - [17/Mar/2010:12:45:11 -0700] "GET /client/13 HTTP/1.1" 200 385 "-" "Mozilla/5.0 (iPhone; U; CPU iPhone OS 3_1_3 like Mac OS X; en-us) AppleWebKit/528.18 (KHTML, like Gecko) Version/4.0 Mobile/7E18 Safari/528.16"
10.120.80.113 - - [17/Mar/2010:12:45:33 -0700] "GET /client/13 HTTP/1.1" 200 385 "-" "Mozilla/5.0 (Macintosh; U; Intel Mac OS X 10_6_2; en-us) AppleWebKit/531.21.8 (KHTML, like Gecko) Version/4.0.4 Safari/531.21.10"
10.120.80.113 - - [17/Mar/2010:12:45:33 -0700] "GET /favicon.ico HTTP/1.1" 404 265 "http://10.112.61.195/client/13" "Mozilla/5.0 (Macintosh; U; Intel Mac OS X 10_6_2; en-us) AppleWebKit/531.21.8 (KHTML, like Gecko) Version/4.0.4 Safari/531.21.10"
80.251.207.73 - - [17/Mar/2010:12:46:42 -0700] "GET /static-api/18/ HTTP/1.1" 200 184 "-" "Mozilla/5.0 (iPhone; iPhone OS 3.1.3; d1c86f421cc35d699c43a3af6fa90275204c201a) phizuu:connect"
80.251.207.73 - - [17/Mar/2010:12:46:45 -0700] "GET /static-api/18/music/ HTTP/1.1" 200 2038 "-" "Mozilla/5.0 (iPhone; iPhone OS 3.1.3; d1c86f421cc35d699c43a3af6fa90275204c201a) phizuu:connect"
80.251.207.73 - - [17/Mar/2010:12:46:52 -0700] "GET /static-api/18/ HTTP/1.1" 200 184 "-" "Mozilla/5.0 (iPhone; iPhone OS 3.1.3; d1c86f421cc35d699c43a3af6fa90275204c201a) phizuu:connect"
80.251.207.73 - - [17/Mar/2010:12:47:07 -0700] "GET /static-api/18/music/ HTTP/1.1" 200 2038 "-" "Mozilla/5.0 (iPhone; iPhone OS 3.1.3; d1c86f421cc35d699c43a3af6fa90275204c201a) phizuu:connect"
204.51.96.200 - - [17/Mar/2010:12:47:09 -0700] "GET /static-api/13 HTTP/1.0" 301 372 "-" "-"
204.51.96.200 - - [17/Mar/2010:12:47:29 -0700] "GET /static-api/13/ HTTP/1.0" 200 386 "-" "-"
10.120.80.113 - - [17/Mar/2010:12:47:09 -0700] "GET /client/13 HTTP/1.1" 200 256 "-" "Mozilla/5.0 (Macintosh; U; Intel Mac OS X 10_6_2; en-us) AppleWebKit/531.21.8 (KHTML, like Gecko) Version/4.0.4 Safari/531.21.10"
10.120.80.113 - - [17/Mar/2010:12:46:58 -0700] "GET /client/13/ HTTP/1.1" 200 291 "-" "Mozilla/5.0 (Macintosh; U; Intel Mac OS X 10_6_2; en-us) AppleWebKit/531.21.8 (KHTML, like Gecko) Version/4.0.4 Safari/531.21.10"
204.51.96.200 - - [17/Mar/2010:12:48:11 -0700] "GET /static-api/13 HTTP/1.0" 301 372 "-" "-"
204.51.96.200 - - [17/Mar/2010:12:48:21 -0700] "GET /static-api/24 HTTP/1.0" 301 372 "-" "-"
204.51.96.200 - - [17/Mar/2010:12:48:21 -0700] "GET /static-api/24/ HTTP/1.0" 200 388 "-" "-"
10.120.80.113 - - [17/Mar/2010:12:48:21 -0700] "GET /client/24 HTTP/1.1" 200 257 "-" "Mozilla/5.0 (Macintosh; U; Intel Mac OS X 10_6_2; en-us) AppleWebKit/531.21.8 (KHTML, like Gecko) Version/4.0.4 Safari/531.21.10"
204.51.96.200 - - [17/Mar/2010:12:48:31 -0700] "GET /static-api/13/ HTTP/1.0" 200 386 "-" "-"
10.120.80.113 - - [17/Mar/2010:12:46:31 -0700] "GET /client/13 HTTP/1.1" 200 256 "-" "Mozilla/5.0 (Macintosh; U; Intel Mac OS X 10_6_2; en-us) AppleWebKit/531.21.8 (KHTML, like Gecko) Version/4.0.4 Safari/531.21.10"
10.120.80.113 - - [17/Mar/2010:12:48:38 -0700] "GET /static-api HTTP/1.1" 301 275 "-" "Mozilla/5.0 (Macintosh; U; Intel Mac OS X 10_6_2; en-us) AppleWebKit/531.21.8 (KHTML, like Gecko) Version/4.0.4 Safari/531.21.10"
10.120.80.113 - - [17/Mar/2010:12:48:38 -0700] "GET /static-api/ HTTP/1.1" 200 712 "-" "Mozilla/5.0 (Macintosh; U; Intel Mac OS X 10_6_2; en-us) AppleWebKit/531.21.8 (KHTML, like Gecko) Version/4.0.4 Safari/531.21.10"
10.120.80.113 - - [17/Mar/2010:12:48:38 -0700] "GET /icons/blank.gif HTTP/1.1" 200 148 "http://10.112.61.195/static-api/" "Mozilla/5.0 (Macintosh; U; Intel Mac OS X 10_6_2; en-us) AppleWebKit/531.21.8 (KHTML, like Gecko) Version/4.0.4 Safari/531.21.10"
10.120.80.113 - - [17/Mar/2010:12:48:38 -0700] "GET /icons/folder.gif HTTP/1.1" 200 225 "http://10.112.61.195/static-api/" "Mozilla/5.0 (Macintosh; U; Intel Mac OS X 10_6_2; en-us) AppleWebKit/531.21.8 (KHTML, like Gecko) Version/4.0.4 Safari/531.21.10"
10.120.80.113 - - [17/Mar/2010:12:48:38 -0700] "GET /icons/back.gif HTTP/1.1" 200 216 "http://10.112.61.195/static-api/" "Mozilla/5.0 (Macintosh; U; Intel Mac OS X 10_6_2; en-us) AppleWebKit/531.21.8 (KHTML, like Gecko) Version/4.0.4 Safari/531.21.10"
204.51.96.200 - - [17/Mar/2010:12:48:40 -0700] "GET /static-api/12 HTTP/1.0" 301 372 "-" "-"
204.51.96.200 - - [17/Mar/2010:12:48:52 -0700] "GET /static-api/12/ HTTP/1.0" 200 403 "-" "-"
10.120.80.113 - - [17/Mar/2010:12:48:24 -0700] "GET /client/12 HTTP/1.1" 200 254 "-" "Mozilla/5.0 (Macintosh; U; Intel Mac OS X 10_6_2; en-us) AppleWebKit/531.21.8 (KHTML, like Gecko) Version/4.0.4 Safari/531.21.10"
204.51.96.200 - - [17/Mar/2010:12:49:09 -0700] "GET /static-api/20 HTTP/1.0" 301 372 "-" "-"
204.51.96.200 - - [17/Mar/2010:12:49:13 -0700] "GET /static-api/20/ HTTP/1.0" 200 392 "-" "-"
10.120.80.113 - - [17/Mar/2010:12:48:45 -0700] "GET /client/20 HTTP/1.1" 200 257 "-" "Mozilla/5.0 (Macintosh; U; Intel Mac OS X 10_6_2; en-us) AppleWebKit/531.21.8 (KHTML, like Gecko) Version/4.0.4 Safari/531.21.10"
127.0.0.1 - - [17/Mar/2010:12:49:29 -0700] "OPTIONS * HTTP/1.0" 200 - "-" "Apache/2.2.11 (Ubuntu) PHP/5.2.6-3ubuntu4.5 with Suhosin-Patch (internal dummy connection)"
204.51.96.200 - - [17/Mar/2010:12:49:29 -0700] "GET /static-api/20 HTTP/1.0" 301 372 "-" "-"
204.51.96.200 - - [17/Mar/2010:12:49:32 -0700] "GET /static-api/20/ HTTP/1.0" 200 392 "-" "-"
10.120.80.113 - - [17/Mar/2010:12:48:29 -0700] "GET /client/20 HTTP/1.1" 200 257 "-" "Mozilla/5.0 (Macintosh; U; Intel Mac OS X 10_6_2; en-us) AppleWebKit/531.21.8 (KHTML, like Gecko) Version/4.0.4 Safari/531.21.10"
10.120.80.113 - - [17/Mar/2010:12:49:39 -0700] "GET /client/20 HTTP/1.1" 200 291 "-" "Mozilla/5.0 (Macintosh; U; Intel Mac OS X 10_6_2; en-us) AppleWebKit/531.21.8 (KHTML, like Gecko) Version/4.0.4 Safari/531.21.10"
127.0.0.1 - - [17/Mar/2010:12:50:20 -0700] "OPTIONS * HTTP/1.0" 200 - "-" "Apache/2.2.11 (Ubuntu) PHP/5.2.6-3ubuntu4.5 with Suhosin-Patch (internal dummy connection)"
76.191.150.203 - - [17/Mar/2010:12:50:52 -0700] "GET /static-api/20/ HTTP/1.1" 200 236 "-" "Mozilla/5.0 (Macintosh; U; Intel Mac OS X 10_6_2; en-us) AppleWebKit/531.21.8 (KHTML, like Gecko) Version/4.0.4 Safari/531.21.10"
76.191.150.203 - - [17/Mar/2010:12:51:03 -0700] "GET /static-api/24 HTTP/1.1" 301 282 "-" "Mozilla/5.0 (Macintosh; U; Intel Mac OS X 10_6_2; en-us) AppleWebKit/531.21.8 (KHTML, like Gecko) Version/4.0.4 Safari/531.21.10"
76.191.150.203 - - [17/Mar/2010:12:51:03 -0700] "GET /static-api/24/ HTTP/1.1" 200 238 "-" "Mozilla/5.0 (Macintosh; U; Intel Mac OS X 10_6_2; en-us) AppleWebKit/531.21.8 (KHTML, like Gecko) Version/4.0.4 Safari/531.21.10"
204.51.96.200 - - [17/Mar/2010:12:51:22 -0700] "GET /static-api/12 HTTP/1.0" 301 372 "-" "-"
204.51.96.200 - - [17/Mar/2010:12:51:28 -0700] "GET /static-api/12/ HTTP/1.0" 200 403 "-" "-"
10.120.80.113 - - [17/Mar/2010:12:51:11 -0700] "GET /client/12 HTTP/1.1" 200 254 "-" "Mozilla/5.0 (Macintosh; U; Intel Mac OS X 10_6_2; en-us) AppleWebKit/531.21.8 (KHTML, like Gecko) Version/4.0.4 Safari/531.21.10"
76.191.150.203 - - [17/Mar/2010:12:51:43 -0700] "GET /static-api/12/ HTTP/1.1" 200 233 "-" "Mozilla/5.0 (Macintosh; U; Intel Mac OS X 10_6_2; en-us) AppleWebKit/531.21.8 (KHTML, like Gecko) Version/4.0.4 Safari/531.21.10"
10.120.80.113 - - [17/Mar/2010:12:50:33 -0700] "GET /client/20 HTTP/1.1" 200 256 "-" "Mozilla/5.0 (Macintosh; U; Intel Mac OS X 10_6_2; en-us) AppleWebKit/531.21.8 (KHTML, like Gecko) Version/4.0.4 Safari/531.21.10"
76.191.150.203 - - [17/Mar/2010:12:52:11 -0700] "GET /static-api/ HTTP/1.1" 200 718 "-" "Mozilla/5.0 (Macintosh; U; Intel Mac OS X 10_6_2; en-us) AppleWebKit/531.21.8 (KHTML, like Gecko) Version/4.0.4 Safari/531.21.10"
76.191.150.203 - - [17/Mar/2010:12:52:12 -0700] "GET /static-api/ HTTP/1.1" 200 718 "-" "Mozilla/5.0 (Macintosh; U; Intel Mac OS X 10_6_2; en-us) AppleWebKit/531.21.8 (KHTML, like Gecko) Version/4.0.4 Safari/531.21.10"
71.187.233.97 - - [17/Mar/2010:12:52:19 -0700] "GET /static-api/10/ HTTP/1.1" 200 235 "-" "Mozilla/5.0 (iPhone; iPhone OS 3.1.2; eb2dea02c0c662a4323954103dbe27eca7b09349) phizuu:connect"
10.120.80.113 - - [17/Mar/2010:12:52:21 -0700] "GET /static-api/12/ HTTP/1.1" 200 233 "-" "Mozilla/5.0 (Macintosh; U; Intel Mac OS X 10_6_2; en-us) AppleWebKit/531.21.8 (KHTML, like Gecko) Version/4.0.4 Safari/531.21.10"
71.187.233.97 - - [17/Mar/2010:12:52:23 -0700] "GET /static-api/10/music/ HTTP/1.1" 200 330 "-" "Mozilla/5.0 (iPhone; iPhone OS 3.1.2; eb2dea02c0c662a4323954103dbe27eca7b09349) phizuu:connect"
82.132.139.17 - - [17/Mar/2010:12:53:20 -0700] "GET /static-api/18/ HTTP/1.1" 200 184 "-" "Mozilla/5.0 (iPhone; iPhone OS 3.1; a9c7112595285f2254975c298c0a1da2d0975b4d) phizuu:connect"
174.117.204.84 - - [17/Mar/2010:12:53:22 -0700] "GET /static-api/13/ HTTP/1.1" 200 237 "-" "Mozilla/5.0 (iPhone; iPhone OS 3.1.2; 50ed977fa70a85fb28a96f53b1519e1ce33dd8b7) PhizuuConnect"
82.132.139.17 - - [17/Mar/2010:12:53:23 -0700] "GET /static-api/18/music/ HTTP/1.1" 200 2038 "-" "Mozilla/5.0 (iPhone; iPhone OS 3.1; a9c7112595285f2254975c298c0a1da2d0975b4d) phizuu:connect"
198.214.235.51 - - [17/Mar/2010:12:53:24 -0700] "GET /static-api/19/ HTTP/1.1" 200 188 "-" "Mozilla/5.0 (iPhone; iPhone OS 3.1.3; d5fc4e4f5291b304f322d1f264724d2c56af064b) phizuu:connect"
174.117.204.84 - - [17/Mar/2010:12:53:26 -0700] "GET /static-api/13/music/ HTTP/1.1" 200 1324 "-" "Mozilla/5.0 (iPhone; iPhone OS 3.1.2; 50ed977fa70a85fb28a96f53b1519e1ce33dd8b7) PhizuuConnect"
198.214.235.51 - - [17/Mar/2010:12:53:28 -0700] "GET /static-api/19/music/ HTTP/1.1" 200 743 "-" "Mozilla/5.0 (iPhone; iPhone OS 3.1.3; d5fc4e4f5291b304f322d1f264724d2c56af064b) phizuu:connect"
204.51.96.200 - - [17/Mar/2010:12:53:28 -0700] "GET /static-api/12 HTTP/1.0" 301 372 "-" "-"
82.132.139.17 - - [17/Mar/2010:12:53:33 -0700] "GET /static-api/18/images/ HTTP/1.1" 200 859 "-" "Mozilla/5.0 (iPhone; iPhone OS 3.1; a9c7112595285f2254975c298c0a1da2d0975b4d) phizuu:connect"
174.117.204.84 - - [17/Mar/2010:12:53:34 -0700] "GET /static-api/13/events/ HTTP/1.1" 200 554 "-" "Mozilla/5.0 (iPhone; iPhone OS 3.1.2; 50ed977fa70a85fb28a96f53b1519e1ce33dd8b7) PhizuuConnect"
174.117.204.84 - - [17/Mar/2010:12:53:40 -0700] "GET /static-api/13/videos/ HTTP/1.1" 200 4883 "-" "Mozilla/5.0 (iPhone; iPhone OS 3.1.2; 50ed977fa70a85fb28a96f53b1519e1ce33dd8b7) PhizuuConnect"
82.132.139.17 - - [17/Mar/2010:12:53:43 -0700] "GET /static-api/18/videos/ HTTP/1.1" 200 2272 "-" "Mozilla/5.0 (iPhone; iPhone OS 3.1; a9c7112595285f2254975c298c0a1da2d0975b4d) phizuu:connect"
174.117.204.84 - - [17/Mar/2010:12:53:59 -0700] "GET /static-api/13/images/ HTTP/1.1" 200 1126 "-" "Mozilla/5.0 (iPhone; iPhone OS 3.1.2; 50ed977fa70a85fb28a96f53b1519e1ce33dd8b7) PhizuuConnect"
204.51.96.200 - - [17/Mar/2010:12:54:00 -0700] "GET /static-api/12/ HTTP/1.0" 200 403 "-" "-"
10.120.80.113 - - [17/Mar/2010:12:53:09 -0700] "GET /client/12 HTTP/1.1" 200 254 "-" "Mozilla/5.0 (Macintosh; U; Intel Mac OS X 10_6_2; en-us) AppleWebKit/531.21.8 (KHTML, like Gecko) Version/4.0.4 Safari/531.21.10"
174.117.204.84 - - [17/Mar/2010:12:54:08 -0700] "GET /static-api/13/fan_videos/ HTTP/1.1" 200 900 "-" "Mozilla/5.0 (iPhone; iPhone OS 3.1.2; 50ed977fa70a85fb28a96f53b1519e1ce33dd8b7) PhizuuConnect"
174.117.204.84 - - [17/Mar/2010:12:54:48 -0700] "GET /static-api/13/ HTTP/1.1" 200 237 "-" "Mozilla/5.0 (iPhone; iPhone OS 3.1.2; 50ed977fa70a85fb28a96f53b1519e1ce33dd8b7) PhizuuConnect"
174.117.204.84 - - [17/Mar/2010:12:54:50 -0700] "GET /static-api/13/music/ HTTP/1.1" 200 1324 "-" "Mozilla/5.0 (iPhone; iPhone OS 3.1.2; 50ed977fa70a85fb28a96f53b1519e1ce33dd8b7) PhizuuConnect"
76.191.150.203 - - [17/Mar/2010:12:55:11 -0700] "GET /static-api/ HTTP/1.1" 200 711 "-" "Mozilla/5.0 (Macintosh; U; Intel Mac OS X 10_6_2; en-us) AppleWebKit/531.21.8 (KHTML, like Gecko) Version/4.0.4 Safari/531.21.10"
76.191.150.203 - - [17/Mar/2010:12:55:15 -0700] "GET /static-api/12/ HTTP/1.1" 200 233 "-" "Mozilla/5.0 (Macintosh; U; Intel Mac OS X 10_6_2; en-us) AppleWebKit/531.21.8 (KHTML, like Gecko) Version/4.0.4 Safari/531.21.10"
76.191.150.203 - - [17/Mar/2010:12:55:15 -0700] "GET /icons/blank.gif HTTP/1.1" 200 148 "http://204.51.96.200/static-api/" "Mozilla/5.0 (Macintosh; U; Intel Mac OS X 10_6_2; en-us) AppleWebKit/531.21.8 (KHTML, like Gecko) Version/4.0.4 Safari/531.21.10"
76.191.150.203 - - [17/Mar/2010:12:55:15 -0700] "GET /icons/back.gif HTTP/1.1" 200 216 "http://204.51.96.200/static-api/" "Mozilla/5.0 (Macintosh; U; Intel Mac OS X 10_6_2; en-us) AppleWebKit/531.21.8 (KHTML, like Gecko) Version/4.0.4 Safari/531.21.10"
76.191.150.203 - - [17/Mar/2010:12:55:15 -0700] "GET /icons/folder.gif HTTP/1.1" 200 225 "http://204.51.96.200/static-api/" "Mozilla/5.0 (Macintosh; U; Intel Mac OS X 10_6_2; en-us) AppleWebKit/531.21.8 (KHTML, like Gecko) Version/4.0.4 Safari/531.21.10"
76.191.150.203 - - [17/Mar/2010:12:55:15 -0700] "GET /favicon.ico HTTP/1.1" 404 266 "http://204.51.96.200/static-api/" "Mozilla/5.0 (Macintosh; U; Intel Mac OS X 10_6_2; en-us) AppleWebKit/531.21.8 (KHTML, like Gecko) Version/4.0.4 Safari/531.21.10"
76.191.150.203 - - [17/Mar/2010:12:55:21 -0700] "GET /static-api/4 HTTP/1.1" 301 279 "-" "Mozilla/5.0 (Macintosh; U; Intel Mac OS X 10_6_2; en-us) AppleWebKit/531.21.8 (KHTML, like Gecko) Version/4.0.4 Safari/531.21.10"
76.191.150.203 - - [17/Mar/2010:12:55:25 -0700] "GET /static-api/4/ HTTP/1.1" 200 188 "-" "Mozilla/5.0 (Macintosh; U; Intel Mac OS X 10_6_2; en-us) AppleWebKit/531.21.8 (KHTML, like Gecko) Version/4.0.4 Safari/531.21.10"
201.47.12.128 - - [17/Mar/2010:12:55:29 -0700] "GET /static-api/18/ HTTP/1.1" 200 184 "-" "Mozilla/5.0 (iPhone; iPhone OS 3.1.3; 72bec0975bf1d0737e88fbdc096fcc80b339f6be) phizuu:connect"
201.47.12.128 - - [17/Mar/2010:12:55:31 -0700] "GET /static-api/18/music/ HTTP/1.1" 200 2038 "-" "Mozilla/5.0 (iPhone; iPhone OS 3.1.3; 72bec0975bf1d0737e88fbdc096fcc80b339f6be) phizuu:connect"
76.191.150.203 - - [17/Mar/2010:12:56:02 -0700] "GET /static-api/13 HTTP/1.1" 301 280 "-" "Mozilla/5.0 (Macintosh; U; Intel Mac OS X 10_6_2; en-us) AppleWebKit/531.21.8 (KHTML, like Gecko) Version/4.0.4 Safari/531.21.10"
76.191.150.203 - - [17/Mar/2010:12:56:03 -0700] "GET /static-api/13/ HTTP/1.1" 200 237 "-" "Mozilla/5.0 (Macintosh; U; Intel Mac OS X 10_6_2; en-us) AppleWebKit/531.21.8 (KHTML, like Gecko) Version/4.0.4 Safari/531.21.10"
130.113.126.248 - - [17/Mar/2010:12:56:04 -0700] "GET /static-api/18/ HTTP/1.1" 200 184 "-" "Mozilla/5.0 (iPod touch; iPhone OS 2.2.1; fd08dcc1084295b138dfbdf5007516c4508156f7) phizuu:connect"
204.51.96.200 - - [17/Mar/2010:12:56:29 -0700] "GET /static-api/12 HTTP/1.0" 301 372 "-" "-"
130.113.126.248 - - [17/Mar/2010:12:56:45 -0700] "GET /static-api/18/music/ HTTP/1.1" 200 2038 "-" "Mozilla/5.0 (iPod touch; iPhone OS 2.2.1; fd08dcc1084295b138dfbdf5007516c4508156f7) phizuu:connect"
10.120.80.113 - - [17/Mar/2010:12:56:26 -0700] "GET /client/12 HTTP/1.1" 200 279 "-" "Mozilla/5.0 (Macintosh; U; Intel Mac OS X 10_6_2; en-us) AppleWebKit/531.21.8 (KHTML, like Gecko) Version/4.0.4 Safari/531.21.10"
201.47.12.128 - - [17/Mar/2010:12:57:25 -0700] "GET /static-api/18/videos/ HTTP/1.1" 200 2272 "-" "Mozilla/5.0 (iPhone; iPhone OS 3.1.3; 72bec0975bf1d0737e88fbdc096fcc80b339f6be) phizuu:connect"
86.181.190.144 - - [17/Mar/2010:12:57:49 -0700] "GET /static-api/16/ HTTP/1.1" 200 235 "-" "Mozilla/5.0 (iPhone; iPhone OS 3.1.3; f28fab849ffce7dc40b1814bc29e52d5831adc1f) phizuu:connect"
86.181.190.144 - - [17/Mar/2010:12:57:51 -0700] "GET /static-api/16/music/ HTTP/1.1" 200 561 "-" "Mozilla/5.0 (iPhone; iPhone OS 3.1.3; f28fab849ffce7dc40b1814bc29e52d5831adc1f) phizuu:connect"
80.187.107.248 - - [17/Mar/2010:12:58:34 -0700] "GET /static-api/18/ HTTP/1.1" 200 184 "-" "Mozilla/5.0 (iPhone; iPhone OS 3.1.3; 273931721d8ae7e19bb542d3eebd7958d44c17ca) phizuu:connect"
80.187.107.248 - - [17/Mar/2010:12:59:11 -0700] "GET /static-api/18/images/ HTTP/1.1" 200 859 "-" "Mozilla/5.0 (iPhone; iPhone OS 3.1.3; 273931721d8ae7e19bb542d3eebd7958d44c17ca) phizuu:connect"
174.117.204.84 - - [17/Mar/2010:12:59:36 -0700] "GET /static-api/13/ HTTP/1.1" 200 237 "-" "Mozilla/5.0 (iPhone; iPhone OS 3.1.2; 50ed977fa70a85fb28a96f53b1519e1ce33dd8b7) PhizuuConnect"
80.187.107.248 - - [17/Mar/2010:12:59:37 -0700] "GET /static-api/18/videos/ HTTP/1.1" 200 2272 "-" "Mozilla/5.0 (iPhone; iPhone OS 3.1.3; 273931721d8ae7e19bb542d3eebd7958d44c17ca) phizuu:connect"
174.117.204.84 - - [17/Mar/2010:12:59:58 -0700] "GET /static-api/13/events/ HTTP/1.1" 200 554 "-" "Mozilla/5.0 (iPhone; iPhone OS 3.1.2; 50ed977fa70a85fb28a96f53b1519e1ce33dd8b7) PhizuuConnect"
76.191.150.203 - - [17/Mar/2010:13:01:30 -0700] "GET /static-api/13/ HTTP/1.1" 200 237 "-" "Mozilla/5.0 (Macintosh; U; Intel Mac OS X 10_6_2; en-us) AppleWebKit/531.21.8 (KHTML, like Gecko) Version/4.0.4 Safari/531.21.10"
76.191.150.203 - - [17/Mar/2010:13:01:58 -0700] "GET /static-api/ HTTP/1.1" 200 718 "-" "Mozilla/5.0 (Macintosh; U; Intel Mac OS X 10_6_2; en-us) AppleWebKit/531.21.8 (KHTML, like Gecko) Version/4.0.4 Safari/531.21.10"
76.191.150.203 - - [17/Mar/2010:13:02:04 -0700] "GET /static-api/22/ HTTP/1.1" 200 232 "http://connect.phizuu.com/static-api/" "Mozilla/5.0 (Macintosh; U; Intel Mac OS X 10_6_2; en-us) AppleWebKit/531.21.8 (KHTML, like Gecko) Version/4.0.4 Safari/531.21.10"
76.191.150.203 - - [17/Mar/2010:13:02:27 -0700] "GET /static-api/14/ HTTP/1.1" 200 227 "http://connect.phizuu.com/static-api/" "Mozilla/5.0 (Macintosh; U; Intel Mac OS X 10_6_2; en-us) AppleWebKit/531.21.8 (KHTML, like Gecko) Version/4.0.4 Safari/531.21.10"
89.189.35.42 - - [17/Mar/2010:13:02:33 -0700] "GET /static-api/18/ HTTP/1.1" 200 184 "-" "Mozilla/5.0 (iPhone; iPhone OS 3.1.2; 33f783c69c92d6ce10b0fcaac4993df15466fb78) phizuu:connect"
76.191.150.203 - - [17/Mar/2010:13:02:51 -0700] "GET /static-api/19/ HTTP/1.1" 200 188 "http://connect.phizuu.com/static-api/" "Mozilla/5.0 (Macintosh; U; Intel Mac OS X 10_6_2; en-us) AppleWebKit/531.21.8 (KHTML, like Gecko) Version/4.0.4 Safari/531.21.10"
89.189.35.42 - - [17/Mar/2010:13:03:26 -0700] "GET /static-api/18/music/ HTTP/1.1" 200 2038 "-" "Mozilla/5.0 (iPhone; iPhone OS 3.1.2; 33f783c69c92d6ce10b0fcaac4993df15466fb78) phizuu:connect"
10.120.80.113 - - [17/Mar/2010:13:03:31 -0700] "GET /static-api/19/ HTTP/1.1" 200 188 "-" "Mozilla/5.0 (Macintosh; U; Intel Mac OS X 10_6_2; en-us) AppleWebKit/531.21.8 (KHTML, like Gecko) Version/4.0.4 Safari/531.21.10"
10.120.80.113 - - [17/Mar/2010:13:03:34 -0700] "GET /static-api/ HTTP/1.1" 200 712 "-" "Mozilla/5.0 (Macintosh; U; Intel Mac OS X 10_6_2; en-us) AppleWebKit/531.21.8 (KHTML, like Gecko) Version/4.0.4 Safari/531.21.10"
10.120.80.113 - - [17/Mar/2010:13:03:36 -0700] "GET /static-api/14/ HTTP/1.1" 200 227 "http://10.112.61.195/static-api/" "Mozilla/5.0 (Macintosh; U; Intel Mac OS X 10_6_2; en-us) AppleWebKit/531.21.8 (KHTML, like Gecko) Version/4.0.4 Safari/531.21.10"
89.189.35.42 - - [17/Mar/2010:13:03:38 -0700] "GET /static-api/18/images/ HTTP/1.1" 200 859 "-" "Mozilla/5.0 (iPhone; iPhone OS 3.1.2; 33f783c69c92d6ce10b0fcaac4993df15466fb78) phizuu:connect"
10.120.80.113 - - [17/Mar/2010:13:03:39 -0700] "GET /static-api/20/ HTTP/1.1" 200 236 "http://10.112.61.195/static-api/" "Mozilla/5.0 (Macintosh; U; Intel Mac OS X 10_6_2; en-us) AppleWebKit/531.21.8 (KHTML, like Gecko) Version/4.0.4 Safari/531.21.10"
89.189.35.42 - - [17/Mar/2010:13:04:53 -0700] "GET /static-api/18/videos/ HTTP/1.1" 200 2272 "-" "Mozilla/5.0 (iPhone; iPhone OS 3.1.2; 33f783c69c92d6ce10b0fcaac4993df15466fb78) phizuu:connect"
89.189.35.42 - - [17/Mar/2010:13:05:21 -0700] "GET /static-api/18/events/ HTTP/1.1" 200 600 "-" "Mozilla/5.0 (iPhone; iPhone OS 3.1.2; 33f783c69c92d6ce10b0fcaac4993df15466fb78) phizuu:connect"
10.120.80.113 - - [17/Mar/2010:13:06:13 -0700] "GET /static-api/20/ HTTP/1.1" 200 236 "-" "Mozilla/5.0 (Macintosh; U; Intel Mac OS X 10_6_2; en-us) AppleWebKit/531.21.8 (KHTML, like Gecko) Version/4.0.4 Safari/531.21.10"
166.205.11.231 - - [17/Mar/2010:13:06:27 -0700] "GET /static-api/18/ HTTP/1.1" 200 184 "-" "Mozilla/5.0 (iPhone; iPhone OS 3.1.3; 26d23f6574da8d22a1608e2886188f517cd15ea3) phizuu:connect"
198.214.235.51 - - [17/Mar/2010:13:06:35 -0700] "GET /static-api/19/ HTTP/1.1" 200 188 "-" "Mozilla/5.0 (iPhone; iPhone OS 3.1.3; d5fc4e4f5291b304f322d1f264724d2c56af064b) phizuu:connect"
198.214.235.51 - - [17/Mar/2010:13:07:02 -0700] "GET /static-api/19/music/ HTTP/1.1" 200 743 "-" "Mozilla/5.0 (iPhone; iPhone OS 3.1.3; d5fc4e4f5291b304f322d1f264724d2c56af064b) phizuu:connect"
166.205.137.147 - - [17/Mar/2010:13:07:17 -0700] "GET /static-api/4/ HTTP/1.1" 200 188 "-" "Mozilla/5.0 (iPhone; iPhone OS 3.1.3; 0a220c7fd88b4730c6e0e24d6870921ae5f3c020) phizuu:connect"
166.205.137.147 - - [17/Mar/2010:13:07:20 -0700] "GET /static-api/4/music/ HTTP/1.1" 200 1026 "-" "Mozilla/5.0 (iPhone; iPhone OS 3.1.3; 0a220c7fd88b4730c6e0e24d6870921ae5f3c020) phizuu:connect"
166.205.137.147 - - [17/Mar/2010:13:07:24 -0700] "GET /static-api/4/images/ HTTP/1.1" 200 1131 "-" "Mozilla/5.0 (iPhone; iPhone OS 3.1.3; 0a220c7fd88b4730c6e0e24d6870921ae5f3c020) phizuu:connect"
10.112.61.195 - - [17/Mar/2010:13:07:29 -0700] "GET /static-api/13 HTTP/1.0" 301 362 "-" "-"
10.112.61.195 - - [17/Mar/2010:13:07:29 -0700] "GET /static-api/13/ HTTP/1.0" 200 386 "-" "-"
76.191.150.203 - - [17/Mar/2010:13:07:29 -0700] "GET /client/13/ HTTP/1.1" 200 256 "-" "Mozilla/5.0 (Macintosh; U; Intel Mac OS X 10_6_2; en-us) AppleWebKit/531.21.8 (KHTML, like Gecko) Version/4.0.4 Safari/531.21.10"
10.112.61.195 - - [17/Mar/2010:13:07:35 -0700] "GET /static-api/13 HTTP/1.0" 301 362 "-" "-"
10.112.61.195 - - [17/Mar/2010:13:07:35 -0700] "GET /static-api/13/ HTTP/1.0" 200 386 "-" "-"
166.205.137.147 - - [17/Mar/2010:13:07:35 -0700] "GET /client/13 HTTP/1.1" 200 256 "-" "Mozilla/5.0 (iPhone; U; CPU iPhone OS 3_1_3 like Mac OS X; en-us) AppleWebKit/528.18 (KHTML, like Gecko) Version/4.0 Mobile/7E18 Safari/528.16"
10.112.61.195 - - [17/Mar/2010:13:07:36 -0700] "GET /static-api/20 HTTP/1.0" 301 362 "-" "-"
10.112.61.195 - - [17/Mar/2010:13:07:36 -0700] "GET /static-api/20/ HTTP/1.0" 200 392 "-" "-"
76.191.150.203 - - [17/Mar/2010:13:07:36 -0700] "GET /client/20/ HTTP/1.1" 200 257 "-" "Mozilla/5.0 (Macintosh; U; Intel Mac OS X 10_6_2; en-us) AppleWebKit/531.21.8 (KHTML, like Gecko) Version/4.0.4 Safari/531.21.10"
10.112.61.195 - - [17/Mar/2010:13:07:52 -0700] "GET /static-api/13 HTTP/1.0" 301 362 "-" "-"
10.112.61.195 - - [17/Mar/2010:13:07:52 -0700] "GET /static-api/13/ HTTP/1.0" 200 386 "-" "-"
166.205.137.147 - - [17/Mar/2010:13:07:52 -0700] "GET /client/13/ HTTP/1.1" 200 256 "-" "Mozilla/5.0 (iPhone; iPhone OS 3.1.3; 0a220c7fd88b4730c6e0e24d6870921ae5f3c020) phizuu:connect"
166.205.137.147 - - [17/Mar/2010:13:07:52 -0700] "POST /client/13/updates HTTP/1.1" 200 134 "-" "Markus_Schulz/1.0 CFNetwork/459 Darwin/10.0.0d3"
166.205.137.147 - - [17/Mar/2010:13:07:53 -0700] "POST /client/13/updates HTTP/1.1" 200 134 "-" "Markus_Schulz/1.0 CFNetwork/459 Darwin/10.0.0d3"
166.205.137.147 - - [17/Mar/2010:13:07:54 -0700] "POST /client/13/updates HTTP/1.1" 200 134 "-" "Markus_Schulz/1.0 CFNetwork/459 Darwin/10.0.0d3"
10.112.61.195 - - [17/Mar/2010:13:07:55 -0700] "GET /static-api/13/music HTTP/1.0" 301 368 "-" "-"
10.112.61.195 - - [17/Mar/2010:13:07:55 -0700] "GET /static-api/13/music/ HTTP/1.0" 200 6399 "-" "-"
166.205.137.147 - - [17/Mar/2010:13:07:55 -0700] "GET /client/13/music/ HTTP/1.1" 200 1324 "-" "Mozilla/5.0 (iPhone; iPhone OS 3.1.3; 0a220c7fd88b4730c6e0e24d6870921ae5f3c020) phizuu:connect"
10.120.80.113 - - [17/Mar/2010:13:07:55 -0700] "GET /static-api/ HTTP/1.1" 200 712 "-" "Mozilla/5.0 (Macintosh; U; Intel Mac OS X 10_6_2; en-us) AppleWebKit/531.21.8 (KHTML, like Gecko) Version/4.0.4 Safari/531.21.10"
166.205.137.147 - - [17/Mar/2010:13:07:58 -0700] "POST /client/13/updates HTTP/1.1" 200 134 "-" "Markus_Schulz/1.0 CFNetwork/459 Darwin/10.0.0d3"
91.13.211.253 - - [17/Mar/2010:13:08:09 -0700] "GET /static-api/13/ HTTP/1.1" 200 237 "-" "Mozilla/5.0 (iPhone; iPhone OS 3.1.3; 24208aee0435ad97c7ec3b9e2c82fbf2a1618f2b) PhizuuConnect"
10.112.61.195 - - [17/Mar/2010:13:08:15 -0700] "GET /static-api/12 HTTP/1.0" 301 362 "-" "-"
10.112.61.195 - - [17/Mar/2010:13:08:15 -0700] "GET /static-api/12/ HTTP/1.0" 200 403 "-" "-"
76.191.150.203 - - [17/Mar/2010:13:08:15 -0700] "GET /client/12/ HTTP/1.1" 200 254 "-" "Mozilla/5.0 (Macintosh; U; Intel Mac OS X 10_6_2; en-us) AppleWebKit/531.21.8 (KHTML, like Gecko) Version/4.0.4 Safari/531.21.10"
10.112.61.195 - - [17/Mar/2010:13:08:25 -0700] "GET /static-api/13/videos HTTP/1.0" 301 369 "-" "-"
10.112.61.195 - - [17/Mar/2010:13:08:25 -0700] "GET /static-api/13/videos/ HTTP/1.0" 200 13845 "-" "-"
166.205.137.147 - - [17/Mar/2010:13:08:25 -0700] "GET /client/13/videos/ HTTP/1.1" 200 4883 "-" "Mozilla/5.0 (iPhone; iPhone OS 3.1.3; 0a220c7fd88b4730c6e0e24d6870921ae5f3c020) phizuu:connect"
166.205.137.147 - - [17/Mar/2010:13:07:59 -0700] "GET /client/13/events/ HTTP/1.1" 200 832 "-" "Mozilla/5.0 (iPhone; iPhone OS 3.1.3; 0a220c7fd88b4730c6e0e24d6870921ae5f3c020) phizuu:connect"
10.112.61.195 - - [17/Mar/2010:13:08:39 -0700] "GET /static-api/13 HTTP/1.0" 301 362 "-" "-"
10.112.61.195 - - [17/Mar/2010:13:08:39 -0700] "GET /static-api/13/ HTTP/1.0" 200 386 "-" "-"
166.205.137.147 - - [17/Mar/2010:13:08:39 -0700] "GET /client/13 HTTP/1.1" 200 256 "-" "Mozilla/5.0 (iPhone; U; CPU iPhone OS 3_1_3 like Mac OS X; en-us) AppleWebKit/528.18 (KHTML, like Gecko) Version/4.0 Mobile/7E18 Safari/528.16"
166.205.137.147 - - [17/Mar/2010:13:08:48 -0700] "GET /client/13/events HTTP/1.1" 200 832 "-" "Mozilla/5.0 (iPhone; U; CPU iPhone OS 3_1_3 like Mac OS X; en-us) AppleWebKit/528.18 (KHTML, like Gecko) Version/4.0 Mobile/7E18 Safari/528.16"
10.112.61.195 - - [17/Mar/2010:13:09:00 -0700] "GET /static-api/13 HTTP/1.0" 301 362 "-" "-"
10.112.61.195 - - [17/Mar/2010:13:09:00 -0700] "GET /static-api/13/ HTTP/1.0" 200 386 "-" "-"
166.205.137.147 - - [17/Mar/2010:13:09:00 -0700] "GET /client/13/ HTTP/1.1" 200 256 "-" "Mozilla/5.0 (iPhone; iPhone OS 3.1.3; 0a220c7fd88b4730c6e0e24d6870921ae5f3c020) phizuu:connect"
166.205.137.147 - - [17/Mar/2010:13:09:00 -0700] "POST /client/13/updates HTTP/1.1" 200 134 "-" "Markus_Schulz/1.0 CFNetwork/459 Darwin/10.0.0d3"
166.205.137.147 - - [17/Mar/2010:13:09:01 -0700] "POST /client/13/updates HTTP/1.1" 200 134 "-" "Markus_Schulz/1.0 CFNetwork/459 Darwin/10.0.0d3"
166.205.137.147 - - [17/Mar/2010:13:09:01 -0700] "POST /client/13/updates HTTP/1.1" 200 134 "-" "Markus_Schulz/1.0 CFNetwork/459 Darwin/10.0.0d3"
166.205.137.147 - - [17/Mar/2010:13:09:02 -0700] "POST /client/13/updates HTTP/1.1" 200 134 "-" "Markus_Schulz/1.0 CFNetwork/459 Darwin/10.0.0d3"
10.112.61.195 - - [17/Mar/2010:13:09:18 -0700] "GET /static-api/13 HTTP/1.0" 301 362 "-" "-"
10.112.61.195 - - [17/Mar/2010:13:09:18 -0700] "GET /static-api/13/ HTTP/1.0" 200 386 "-" "-"
166.205.137.147 - - [17/Mar/2010:13:09:18 -0700] "GET /client/13/ HTTP/1.1" 200 256 "-" "Mozilla/5.0 (iPhone; iPhone OS 3.1.3; 0a220c7fd88b4730c6e0e24d6870921ae5f3c020) phizuu:connect"
166.205.137.147 - - [17/Mar/2010:13:09:18 -0700] "POST /client/13/updates HTTP/1.1" 200 134 "-" "Markus_Schulz/1.0 CFNetwork/459 Darwin/10.0.0d3"
166.205.137.147 - - [17/Mar/2010:13:09:19 -0700] "POST /client/13/updates HTTP/1.1" 200 134 "-" "Markus_Schulz/1.0 CFNetwork/459 Darwin/10.0.0d3"
166.205.137.147 - - [17/Mar/2010:13:09:20 -0700] "POST /client/13/updates HTTP/1.1" 200 134 "-" "Markus_Schulz/1.0 CFNetwork/459 Darwin/10.0.0d3"
166.205.137.147 - - [17/Mar/2010:13:09:20 -0700] "POST /client/13/updates HTTP/1.1" 200 134 "-" "Markus_Schulz/1.0 CFNetwork/459 Darwin/10.0.0d3"
166.205.137.147 - - [17/Mar/2010:13:09:01 -0700] "GET /client/13/events/ HTTP/1.1" 200 248 "-" "Mozilla/5.0 (iPhone; iPhone OS 3.1.3; 0a220c7fd88b4730c6e0e24d6870921ae5f3c020) phizuu:connect"
166.205.137.147 - - [17/Mar/2010:13:09:21 -0700] "GET /client/13/events/ HTTP/1.1" 200 832 "-" "Mozilla/5.0 (iPhone; iPhone OS 3.1.3; 0a220c7fd88b4730c6e0e24d6870921ae5f3c020) phizuu:connect"
95.98.22.141 - - [17/Mar/2010:13:10:20 -0700] "GET /static-api/10/ HTTP/1.1" 200 235 "-" "Mozilla/5.0 (iPhone; iPhone OS 3.1.2; 9f1e140cfba75f9f2bf4defd8d8d1345d257a9c6) phizuu:connect"
95.98.22.141 - - [17/Mar/2010:13:10:52 -0700] "GET /static-api/10/music/ HTTP/1.1" 200 330 "-" "Mozilla/5.0 (iPhone; iPhone OS 3.1.2; 9f1e140cfba75f9f2bf4defd8d8d1345d257a9c6) phizuu:connect"
95.98.22.141 - - [17/Mar/2010:13:11:08 -0700] "GET /static-api/10/events/ HTTP/1.1" 200 791 "-" "Mozilla/5.0 (iPhone; iPhone OS 3.1.2; 9f1e140cfba75f9f2bf4defd8d8d1345d257a9c6) phizuu:connect"
71.2.243.68 - - [17/Mar/2010:13:11:30 -0700] "GET /static-api/18/ HTTP/1.1" 200 184 "-" "Mozilla/5.0 (iPod touch; iPhone OS 3.1.3; 7cf3732e8d7caebaa987b03e168dbcc6bcefc280) phizuu:connect"
71.2.243.68 - - [17/Mar/2010:13:11:37 -0700] "GET /static-api/18/music/ HTTP/1.1" 200 2038 "-" "Mozilla/5.0 (iPod touch; iPhone OS 3.1.3; 7cf3732e8d7caebaa987b03e168dbcc6bcefc280) phizuu:connect"
71.2.243.68 - - [17/Mar/2010:13:11:52 -0700] "GET /static-api/18/images/ HTTP/1.1" 200 859 "-" "Mozilla/5.0 (iPod touch; iPhone OS 3.1.3; 7cf3732e8d7caebaa987b03e168dbcc6bcefc280) phizuu:connect"
71.2.243.68 - - [17/Mar/2010:13:11:56 -0700] "GET /static-api/18/videos/ HTTP/1.1" 200 2272 "-" "Mozilla/5.0 (iPod touch; iPhone OS 3.1.3; 7cf3732e8d7caebaa987b03e168dbcc6bcefc280) phizuu:connect"
95.98.22.141 - - [17/Mar/2010:13:11:59 -0700] "GET /static-api/10/flyers/ HTTP/1.1" 200 296 "-" "Mozilla/5.0 (iPhone; iPhone OS 3.1.2; 9f1e140cfba75f9f2bf4defd8d8d1345d257a9c6) phizuu:connect"
62.201.142.28 - - [17/Mar/2010:13:20:17 -0700] "GET /static-api/10/ HTTP/1.1" 200 235 "-" "Mozilla/5.0 (iPhone; iPhone OS 3.1.3; ac16d9f2b05e6ae955291c016e25bc2540aadfd4) phizuu:connect"
62.201.142.28 - - [17/Mar/2010:13:20:36 -0700] "GET /static-api/10/music/ HTTP/1.1" 200 330 "-" "Mozilla/5.0 (iPhone; iPhone OS 3.1.3; ac16d9f2b05e6ae955291c016e25bc2540aadfd4) phizuu:connect"
62.201.142.29 - - [17/Mar/2010:13:21:07 -0700] "GET /static-api/10/images/ HTTP/1.1" 200 909 "-" "Mozilla/5.0 (iPhone; iPhone OS 3.1.3; ac16d9f2b05e6ae955291c016e25bc2540aadfd4) phizuu:connect"
62.201.142.27 - - [17/Mar/2010:13:21:10 -0700] "GET /static-api/10/videos/ HTTP/1.1" 200 527 "-" "Mozilla/5.0 (iPhone; iPhone OS 3.1.3; ac16d9f2b05e6ae955291c016e25bc2540aadfd4) phizuu:connect"
24.227.217.180 - - [17/Mar/2010:13:21:33 -0700] "GET /static-api/19/ HTTP/1.1" 200 188 "-" "Mozilla/5.0 (iPhone; iPhone OS 3.1.3; d5fc4e4f5291b304f322d1f264724d2c56af064b) phizuu:connect"
24.227.217.180 - - [17/Mar/2010:13:21:34 -0700] "GET /static-api/19/music/ HTTP/1.1" 200 743 "-" "Mozilla/5.0 (iPhone; iPhone OS 3.1.3; d5fc4e4f5291b304f322d1f264724d2c56af064b) phizuu:connect"
198.214.235.51 - - [17/Mar/2010:13:21:36 -0700] "GET /static-api/19/images/ HTTP/1.1" 200 643 "-" "Mozilla/5.0 (iPhone; iPhone OS 3.1.3; d5fc4e4f5291b304f322d1f264724d2c56af064b) phizuu:connect"
198.214.235.51 - - [17/Mar/2010:13:21:37 -0700] "GET /static-api/19/videos/ HTTP/1.1" 200 1248 "-" "Mozilla/5.0 (iPhone; iPhone OS 3.1.3; d5fc4e4f5291b304f322d1f264724d2c56af064b) phizuu:connect"
198.214.235.51 - - [17/Mar/2010:13:21:40 -0700] "GET /static-api/19/events/ HTTP/1.1" 200 315 "-" "Mozilla/5.0 (iPhone; iPhone OS 3.1.3; d5fc4e4f5291b304f322d1f264724d2c56af064b) phizuu:connect"
198.214.235.51 - - [17/Mar/2010:13:24:25 -0700] "POST /client/13/updates HTTP/1.1" 200 134 "-" "Template/1.0 CFNetwork/459 Darwin/10.0.0d3"
10.112.61.195 - - [17/Mar/2010:13:24:25 -0700] "GET /static-api/13 HTTP/1.0" 301 362 "-" "-"
10.112.61.195 - - [17/Mar/2010:13:24:25 -0700] "GET /static-api/13/ HTTP/1.0" 200 386 "-" "-"
198.214.235.51 - - [17/Mar/2010:13:24:25 -0700] "GET /client/13/ HTTP/1.1" 200 256 "-" "Mozilla/5.0 (iPhone; iPhone OS 3.1.3; d5fc4e4f5291b304f322d1f264724d2c56af064b) phizuu:connect"
198.214.235.51 - - [17/Mar/2010:13:24:26 -0700] "POST /client/13/updates HTTP/1.1" 200 134 "-" "Template/1.0 CFNetwork/459 Darwin/10.0.0d3"
198.214.235.51 - - [17/Mar/2010:13:24:28 -0700] "POST /client/13/updates HTTP/1.1" 200 134 "-" "Template/1.0 CFNetwork/459 Darwin/10.0.0d3"
10.112.61.195 - - [17/Mar/2010:13:24:29 -0700] "GET /static-api/13/music HTTP/1.0" 301 368 "-" "-"
10.112.61.195 - - [17/Mar/2010:13:24:29 -0700] "GET /static-api/13/music/ HTTP/1.0" 200 6399 "-" "-"
198.214.235.51 - - [17/Mar/2010:13:24:29 -0700] "GET /client/13/music/ HTTP/1.1" 200 1324 "-" "Mozilla/5.0 (iPhone; iPhone OS 3.1.3; d5fc4e4f5291b304f322d1f264724d2c56af064b) phizuu:connect"
75.83.100.58 - - [17/Mar/2010:13:24:34 -0700] "GET /static-api/18/ HTTP/1.1" 200 184 "-" "Mozilla/5.0 (iPhone; iPhone OS 3.1.3; 677459c18d86c335e78126a3033680bef4e96cce) phizuu:connect"
10.112.61.195 - - [17/Mar/2010:13:24:41 -0700] "GET /static-api/13/videos HTTP/1.0" 301 369 "-" "-"
