75.37.9.17 - - [17/Mar/2010:14:43:36 -0700] "GET /client/13/testmusic HTTP/1.1" 200 20 "-" "Mozilla/5.0 (Windows; U; Windows NT 6.1; en-US; rv:1.9.1.8) Gecko/20100202 Firefox/3.5.8"
75.37.9.17 - - [17/Mar/2010:14:43:40 -0700] "GET /client/13/testmusic HTTP/1.1" 200 20 "-" "Mozilla/5.0 (Windows; U; Windows NT 6.1; en-US; rv:1.9.1.8) Gecko/20100202 Firefox/3.5.8"
80.251.207.73 - - [17/Mar/2010:14:44:02 -0700] "GET /static-api/18/ HTTP/1.1" 200 184 "-" "Mozilla/5.0 (iPhone; iPhone OS 3.1.3; d1c86f421cc35d699c43a3af6fa90275204c201a) phizuu:connect"
75.37.9.17 - - [17/Mar/2010:14:44:04 -0700] "GET /client/13/testmusic HTTP/1.1" 200 20 "-" "Mozilla/5.0 (Windows; U; Windows NT 6.1; en-US; rv:1.9.1.8) Gecko/20100202 Firefox/3.5.8"
80.251.207.73 - - [17/Mar/2010:14:44:18 -0700] "GET /static-api/18/music/ HTTP/1.1" 200 2038 "-" "Mozilla/5.0 (iPhone; iPhone OS 3.1.3; d1c86f421cc35d699c43a3af6fa90275204c201a) phizuu:connect"
75.37.9.17 - - [17/Mar/2010:14:44:22 -0700] "GET /client/13/testmusic HTTP/1.1" 200 20 "-" "Mozilla/5.0 (Windows; U; Windows NT 6.1; en-US; rv:1.9.1.8) Gecko/20100202 Firefox/3.5.8"
10.112.61.195 - - [17/Mar/2010:14:45:02 -0700] "GET /static-api/13/music HTTP/1.0" 301 368 "-" "-"
10.112.61.195 - - [17/Mar/2010:14:45:02 -0700] "GET /static-api/13/music/ HTTP/1.0" 200 6399 "-" "-"
75.37.9.17 - - [17/Mar/2010:14:45:02 -0700] "GET /client/13/music HTTP/1.1" 200 1324 "-" "Mozilla/5.0 (Windows; U; Windows NT 6.1; en-US; rv:1.9.1.8) Gecko/20100202 Firefox/3.5.8"
166.205.14.251 - - [17/Mar/2010:14:45:50 -0700] "GET /client/13/events HTTP/1.1" 200 832 "-" "Mozilla/5.0 (iPhone; U; CPU iPhone OS 3_1_3 like Mac OS X; en-us) AppleWebKit/528.18 (KHTML, like Gecko) Version/4.0 Mobile/7E18 Safari/528.16"
75.37.9.17 - - [17/Mar/2010:14:46:06 -0700] "GET /favicon.ico HTTP/1.1" 404 270 "-" "Mozilla/5.0 (Windows; U; Windows NT 6.1; en-US; rv:1.9.1.8) Gecko/20100202 Firefox/3.5.8"
10.112.61.195 - - [17/Mar/2010:14:46:36 -0700] "GET /static-api/13 HTTP/1.0" 301 362 "-" "-"
10.112.61.195 - - [17/Mar/2010:14:46:36 -0700] "GET /static-api/13/ HTTP/1.0" 200 386 "-" "-"
166.205.14.251 - - [17/Mar/2010:14:46:36 -0700] "GET /client/13/ HTTP/1.1" 200 256 "-" "Mozilla/5.0 (iPhone; iPhone OS 3.1.3; 0a220c7fd88b4730c6e0e24d6870921ae5f3c020) phizuu:connect"
166.205.14.251 - - [17/Mar/2010:14:46:36 -0700] "POST /client/13/updates HTTP/1.1" 200 133 "-" "Markus_Schulz/1.0 CFNetwork/459 Darwin/10.0.0d3"
10.112.61.195 - - [17/Mar/2010:14:46:54 -0700] "GET /static-api/13 HTTP/1.0" 301 362 "-" "-"
10.112.61.195 - - [17/Mar/2010:14:46:54 -0700] "GET /static-api/13/ HTTP/1.0" 200 386 "-" "-"
75.37.9.17 - - [17/Mar/2010:14:46:54 -0700] "GET /client/13 HTTP/1.1" 200 256 "-" "Mozilla/5.0 (Macintosh; U; Intel Mac OS X 10.6; en-US; rv:1.9.2) Gecko/20100115 Firefox/3.6"
166.205.14.251 - - [17/Mar/2010:14:46:55 -0700] "POST /client/13/updates HTTP/1.1" 200 133 "-" "Markus_Schulz/1.0 CFNetwork/459 Darwin/10.0.0d3"
166.205.14.251 - - [17/Mar/2010:14:46:40 -0700] "GET /client/13/events/ HTTP/1.1" 200 232 "-" "Mozilla/5.0 (iPhone; iPhone OS 3.1.3; 0a220c7fd88b4730c6e0e24d6870921ae5f3c020) phizuu:connect"
166.205.14.251 - - [17/Mar/2010:14:47:05 -0700] "POST /client/13/updates HTTP/1.1" 200 133 "-" "Markus_Schulz/1.0 CFNetwork/459 Darwin/10.0.0d3"
166.205.14.251 - - [17/Mar/2010:14:47:08 -0700] "POST /client/13/updates HTTP/1.1" 200 133 "-" "Markus_Schulz/1.0 CFNetwork/459 Darwin/10.0.0d3"
166.205.14.251 - - [17/Mar/2010:14:47:14 -0700] "POST /client/13/updates HTTP/1.1" 200 133 "-" "Markus_Schulz/1.0 CFNetwork/459 Darwin/10.0.0d3"
10.112.61.195 - - [17/Mar/2010:14:47:31 -0700] "GET /static-api/13 HTTP/1.0" 301 362 "-" "-"
10.112.61.195 - - [17/Mar/2010:14:47:31 -0700] "GET /static-api/13/ HTTP/1.0" 200 386 "-" "-"
198.214.235.51 - - [17/Mar/2010:14:47:31 -0700] "GET /client/13/ HTTP/1.1" 200 256 "-" "Mozilla/5.0 (iPhone; iPhone OS 3.1.3; d5fc4e4f5291b304f322d1f264724d2c56af064b) phizuu:connect"
198.214.235.51 - - [17/Mar/2010:14:47:31 -0700] "POST /client/13/updates HTTP/1.1" 200 133 "-" "Markus_Schulz/1.0 CFNetwork/459 Darwin/10.0.0d3"
198.214.235.51 - - [17/Mar/2010:14:47:31 -0700] "POST /client/13/updates HTTP/1.1" 200 133 "-" "Markus_Schulz/1.0 CFNetwork/459 Darwin/10.0.0d3"
10.112.61.195 - - [17/Mar/2010:14:47:32 -0700] "GET /static-api/13/music HTTP/1.0" 301 368 "-" "-"
10.112.61.195 - - [17/Mar/2010:14:47:32 -0700] "GET /static-api/13/music/ HTTP/1.0" 200 6399 "-" "-"
198.214.235.51 - - [17/Mar/2010:14:47:32 -0700] "GET /client/13/music/ HTTP/1.1" 200 1324 "-" "Mozilla/5.0 (iPhone; iPhone OS 3.1.3; d5fc4e4f5291b304f322d1f264724d2c56af064b) phizuu:connect"
10.112.61.195 - - [17/Mar/2010:14:47:38 -0700] "GET /static-api/13/videos HTTP/1.0" 301 369 "-" "-"
10.112.61.195 - - [17/Mar/2010:14:47:38 -0700] "GET /static-api/13/videos/ HTTP/1.0" 200 13845 "-" "-"
198.214.235.51 - - [17/Mar/2010:14:47:38 -0700] "GET /client/13/videos/ HTTP/1.1" 200 4883 "-" "Mozilla/5.0 (iPhone; iPhone OS 3.1.3; d5fc4e4f5291b304f322d1f264724d2c56af064b) phizuu:connect"
75.37.9.17 - - [17/Mar/2010:14:47:12 -0700] "GET /client/13/events HTTP/1.1" 200 832 "-" "Mozilla/5.0 (Macintosh; U; Intel Mac OS X 10.6; en-US; rv:1.9.2) Gecko/20100115 Firefox/3.6"
10.112.61.195 - - [17/Mar/2010:14:47:41 -0700] "GET /static-api/13/images HTTP/1.0" 301 369 "-" "-"
10.112.61.195 - - [17/Mar/2010:14:47:41 -0700] "GET /static-api/13/images/ HTTP/1.0" 200 6883 "-" "-"
198.214.235.51 - - [17/Mar/2010:14:47:41 -0700] "GET /client/13/images/ HTTP/1.1" 200 1126 "-" "Mozilla/5.0 (iPhone; iPhone OS 3.1.3; d5fc4e4f5291b304f322d1f264724d2c56af064b) phizuu:connect"
166.205.14.251 - - [17/Mar/2010:14:47:58 -0700] "POST /client/13/updates HTTP/1.1" 200 133 "-" "Markus_Schulz/1.0 CFNetwork/459 Darwin/10.0.0d3"
198.214.235.51 - - [17/Mar/2010:14:47:35 -0700] "GET /client/13/events/ HTTP/1.1" 200 832 "-" "Mozilla/5.0 (iPhone; iPhone OS 3.1.3; d5fc4e4f5291b304f322d1f264724d2c56af064b) phizuu:connect"
80.251.207.73 - - [17/Mar/2010:14:48:35 -0700] "GET /static-api/18/ HTTP/1.1" 200 184 "-" "Mozilla/5.0 (iPhone; iPhone OS 3.1.3; d1c86f421cc35d699c43a3af6fa90275204c201a) phizuu:connect"
80.251.207.73 - - [17/Mar/2010:14:48:38 -0700] "GET /static-api/18/music/ HTTP/1.1" 200 2038 "-" "Mozilla/5.0 (iPhone; iPhone OS 3.1.3; d1c86f421cc35d699c43a3af6fa90275204c201a) phizuu:connect"
166.205.14.251 - - [17/Mar/2010:14:49:18 -0700] "POST /client/13/updates HTTP/1.1" 200 133 "-" "Markus_Schulz/1.0 CFNetwork/459 Darwin/10.0.0d3"
166.205.14.251 - - [17/Mar/2010:14:49:18 -0700] "POST /client/13/updates HTTP/1.1" 200 133 "-" "Markus_Schulz/1.0 CFNetwork/459 Darwin/10.0.0d3"
166.205.14.251 - - [17/Mar/2010:14:49:20 -0700] "POST /client/13/updates HTTP/1.1" 200 133 "-" "Markus_Schulz/1.0 CFNetwork/459 Darwin/10.0.0d3"
10.112.61.195 - - [17/Mar/2010:14:49:20 -0700] "GET /static-api/13 HTTP/1.0" 301 362 "-" "-"
10.112.61.195 - - [17/Mar/2010:14:49:20 -0700] "GET /static-api/13/ HTTP/1.0" 200 386 "-" "-"
166.205.14.251 - - [17/Mar/2010:14:49:20 -0700] "GET /client/13/ HTTP/1.1" 200 256 "-" "Mozilla/5.0 (iPhone; iPhone OS 3.1.3; 0a220c7fd88b4730c6e0e24d6870921ae5f3c020) phizuu:connect"
166.205.14.251 - - [17/Mar/2010:14:49:20 -0700] "POST /client/13/updates HTTP/1.1" 200 133 "-" "Markus_Schulz/1.0 CFNetwork/459 Darwin/10.0.0d3"
24.60.30.231 - - [17/Mar/2010:14:49:22 -0700] "GET /static-api/19/ HTTP/1.1" 200 188 "-" "Mozilla/5.0 (iPhone; iPhone OS 3.1.3; 42d8359b9990912bc0cc2da34a72bd4a5c2aa93f) phizuu:connect"
24.60.30.231 - - [17/Mar/2010:14:49:41 -0700] "GET /static-api/19/music/ HTTP/1.1" 200 743 "-" "Mozilla/5.0 (iPhone; iPhone OS 3.1.3; 42d8359b9990912bc0cc2da34a72bd4a5c2aa93f) phizuu:connect"
198.214.235.51 - - [17/Mar/2010:14:49:52 -0700] "POST /client/13/updates HTTP/1.1" 200 133 "-" "Markus_Schulz/1.0 CFNetwork/459 Darwin/10.0.0d3"
198.214.235.51 - - [17/Mar/2010:14:50:59 -0700] "POST /client/13/updates HTTP/1.1" 200 133 "-" "Markus_Schulz/1.0 CFNetwork/459 Darwin/10.0.0d3"
75.37.9.17 - - [17/Mar/2010:14:51:31 -0700] "GET /client/13/events HTTP/1.1" 200 213 "-" "Mozilla/5.0 (Macintosh; U; Intel Mac OS X 10.6; en-US; rv:1.9.2) Gecko/20100115 Firefox/3.6"
94.71.133.9 - - [17/Mar/2010:14:51:47 -0700] "GET /static-api/13/ HTTP/1.1" 200 237 "-" "Mozilla/5.0 (iPod touch; iPhone OS 3.1.3; 754fce57730044de8d358d5dfc5e3b8cb14d535e) PhizuuConnect"
94.71.133.9 - - [17/Mar/2010:14:51:58 -0700] "GET /static-api/13/music/ HTTP/1.1" 200 1324 "-" "Mozilla/5.0 (iPod touch; iPhone OS 3.1.3; 754fce57730044de8d358d5dfc5e3b8cb14d535e) PhizuuConnect"
213.55.131.84 - - [17/Mar/2010:14:52:42 -0700] "GET /static-api/10/ HTTP/1.1" 200 235 "-" "Mozilla/5.0 (iPhone; iPhone OS 3.1.3; c66e29db9cb08448f8746ee3df9272c650eaa88b) phizuu:connect"
213.55.131.84 - - [17/Mar/2010:14:53:01 -0700] "GET /static-api/10/events/ HTTP/1.1" 200 791 "-" "Mozilla/5.0 (iPhone; iPhone OS 3.1.3; c66e29db9cb08448f8746ee3df9272c650eaa88b) phizuu:connect"
10.112.61.195 - - [17/Mar/2010:14:53:40 -0700] "GET /static-api/13 HTTP/1.0" 301 362 "-" "-"
10.112.61.195 - - [17/Mar/2010:14:53:40 -0700] "GET /static-api/13/ HTTP/1.0" 200 386 "-" "-"
75.37.9.17 - - [17/Mar/2010:14:53:40 -0700] "GET /client/13 HTTP/1.1" 200 256 "-" "Mozilla/5.0 (Macintosh; U; Intel Mac OS X 10.6; en-US; rv:1.9.2) Gecko/20100115 Firefox/3.6"
75.37.9.17 - - [17/Mar/2010:14:52:50 -0700] "GET /client/13/events HTTP/1.1" 200 211 "-" "Mozilla/5.0 (Macintosh; U; Intel Mac OS X 10.6; en-US; rv:1.9.2) Gecko/20100115 Firefox/3.6"
75.37.9.17 - - [17/Mar/2010:14:54:08 -0700] "GET /client/13/events HTTP/1.1" 200 832 "-" "Mozilla/5.0 (Macintosh; U; Intel Mac OS X 10.6; en-US; rv:1.9.2) Gecko/20100115 Firefox/3.6"
75.37.9.17 - - [17/Mar/2010:14:53:26 -0700] "GET /client/13/events HTTP/1.1" 200 211 "-" "Mozilla/5.0 (Macintosh; U; Intel Mac OS X 10.6; en-US; rv:1.9.2) Gecko/20100115 Firefox/3.6"
75.37.9.17 - - [17/Mar/2010:14:53:45 -0700] "GET /client/13/events HTTP/1.1" 200 211 "-" "Mozilla/5.0 (Macintosh; U; Intel Mac OS X 10.6; en-US; rv:1.9.2) Gecko/20100115 Firefox/3.6"
198.214.235.51 - - [17/Mar/2010:14:55:12 -0700] "POST /client/13/updates HTTP/1.1" 200 133 "-" "Markus_Schulz/1.0 CFNetwork/459 Darwin/10.0.0d3"
198.214.235.51 - - [17/Mar/2010:14:55:15 -0700] "GET /static-api/19/ HTTP/1.1" 200 188 "-" "Mozilla/5.0 (iPhone; iPhone OS 3.1.3; d5fc4e4f5291b304f322d1f264724d2c56af064b) phizuu:connect"
10.112.61.195 - - [17/Mar/2010:14:55:18 -0700] "GET /static-api/13 HTTP/1.0" 301 362 "-" "-"
10.112.61.195 - - [17/Mar/2010:14:55:18 -0700] "GET /static-api/13/ HTTP/1.0" 200 386 "-" "-"
75.37.9.17 - - [17/Mar/2010:14:55:18 -0700] "GET /client/13 HTTP/1.1" 200 256 "-" "Mozilla/5.0 (Macintosh; U; Intel Mac OS X 10.6; en-US; rv:1.9.2) Gecko/20100115 Firefox/3.6"
198.214.235.51 - - [17/Mar/2010:14:55:19 -0700] "GET /static-api/19/music/ HTTP/1.1" 200 743 "-" "Mozilla/5.0 (iPhone; iPhone OS 3.1.3; d5fc4e4f5291b304f322d1f264724d2c56af064b) phizuu:connect"
198.214.235.51 - - [17/Mar/2010:14:55:20 -0700] "GET /static-api/19/images/ HTTP/1.1" 200 643 "-" "Mozilla/5.0 (iPhone; iPhone OS 3.1.3; d5fc4e4f5291b304f322d1f264724d2c56af064b) phizuu:connect"
198.214.235.51 - - [17/Mar/2010:14:55:21 -0700] "GET /static-api/19/videos/ HTTP/1.1" 200 1248 "-" "Mozilla/5.0 (iPhone; iPhone OS 3.1.3; d5fc4e4f5291b304f322d1f264724d2c56af064b) phizuu:connect"
10.112.61.195 - - [17/Mar/2010:14:55:22 -0700] "GET /static-api/13/music HTTP/1.0" 301 368 "-" "-"
10.112.61.195 - - [17/Mar/2010:14:55:22 -0700] "GET /static-api/13/music/ HTTP/1.0" 200 6399 "-" "-"
75.37.9.17 - - [17/Mar/2010:14:55:22 -0700] "GET /client/13/music HTTP/1.1" 200 1324 "-" "Mozilla/5.0 (Macintosh; U; Intel Mac OS X 10.6; en-US; rv:1.9.2) Gecko/20100115 Firefox/3.6"
75.37.9.17 - - [17/Mar/2010:14:55:31 -0700] "GET /client/13/events HTTP/1.1" 200 832 "-" "Mozilla/5.0 (Macintosh; U; Intel Mac OS X 10.6; en-US; rv:1.9.2) Gecko/20100115 Firefox/3.6"
10.112.61.195 - - [17/Mar/2010:14:55:33 -0700] "GET /static-api/13 HTTP/1.0" 301 362 "-" "-"
10.112.61.195 - - [17/Mar/2010:14:55:33 -0700] "GET /static-api/13/ HTTP/1.0" 200 386 "-" "-"
198.214.235.51 - - [17/Mar/2010:14:55:33 -0700] "GET /client/13/ HTTP/1.1" 200 256 "-" "Mozilla/5.0 (iPhone; iPhone OS 3.1.3; d5fc4e4f5291b304f322d1f264724d2c56af064b) phizuu:connect"
198.214.235.51 - - [17/Mar/2010:14:55:33 -0700] "POST /client/13/updates HTTP/1.1" 200 133 "-" "Markus_Schulz/1.0 CFNetwork/459 Darwin/10.0.0d3"
198.214.235.51 - - [17/Mar/2010:14:55:33 -0700] "POST /client/13/updates HTTP/1.1" 200 133 "-" "Markus_Schulz/1.0 CFNetwork/459 Darwin/10.0.0d3"
166.205.14.251 - - [17/Mar/2010:14:55:45 -0700] "POST /client/13/updates HTTP/1.1" 200 133 "-" "Markus_Schulz/1.0 CFNetwork/459 Darwin/10.0.0d3"
10.112.61.195 - - [17/Mar/2010:14:55:45 -0700] "GET /static-api/13 HTTP/1.0" 301 362 "-" "-"
10.112.61.195 - - [17/Mar/2010:14:55:45 -0700] "GET /static-api/13/ HTTP/1.0" 200 386 "-" "-"
166.205.14.251 - - [17/Mar/2010:14:55:45 -0700] "GET /client/13/ HTTP/1.1" 200 256 "-" "Mozilla/5.0 (iPhone; iPhone OS 3.1.3; 0a220c7fd88b4730c6e0e24d6870921ae5f3c020) phizuu:connect"
166.205.14.251 - - [17/Mar/2010:14:55:45 -0700] "POST /client/13/updates HTTP/1.1" 200 133 "-" "Markus_Schulz/1.0 CFNetwork/459 Darwin/10.0.0d3"
166.205.14.251 - - [17/Mar/2010:14:55:47 -0700] "POST /client/13/updates HTTP/1.1" 200 133 "-" "Markus_Schulz/1.0 CFNetwork/459 Darwin/10.0.0d3"
10.112.61.195 - - [17/Mar/2010:14:55:49 -0700] "GET /static-api/13/music HTTP/1.0" 301 368 "-" "-"
10.112.61.195 - - [17/Mar/2010:14:55:49 -0700] "GET /static-api/13/music/ HTTP/1.0" 200 6399 "-" "-"
198.214.235.51 - - [17/Mar/2010:14:55:49 -0700] "GET /client/13/music/ HTTP/1.1" 200 1324 "-" "Mozilla/5.0 (iPhone; iPhone OS 3.1.3; d5fc4e4f5291b304f322d1f264724d2c56af064b) phizuu:connect"
166.205.14.251 - - [17/Mar/2010:14:55:49 -0700] "GET /client/13/events/ HTTP/1.1" 200 832 "-" "Mozilla/5.0 (iPhone; iPhone OS 3.1.3; 0a220c7fd88b4730c6e0e24d6870921ae5f3c020) phizuu:connect"
75.37.9.17 - - [17/Mar/2010:14:56:30 -0700] "GET /client/13/events HTTP/1.1" 200 832 "-" "Mozilla/5.0 (Macintosh; U; Intel Mac OS X 10.6; en-US; rv:1.9.2) Gecko/20100115 Firefox/3.6"
10.112.61.195 - - [17/Mar/2010:14:57:13 -0700] "GET /static-api/13 HTTP/1.0" 301 362 "-" "-"
10.112.61.195 - - [17/Mar/2010:14:57:13 -0700] "GET /static-api/13/ HTTP/1.0" 200 386 "-" "-"
166.205.14.251 - - [17/Mar/2010:14:57:13 -0700] "GET /client/13/ HTTP/1.1" 200 256 "-" "Mozilla/5.0 (iPhone; iPhone OS 3.1.3; 0a220c7fd88b4730c6e0e24d6870921ae5f3c020) phizuu:connect"
166.205.14.251 - - [17/Mar/2010:14:57:13 -0700] "POST /client/13/updates HTTP/1.1" 200 133 "-" "Markus_Schulz/1.0 CFNetwork/459 Darwin/10.0.0d3"
166.205.14.251 - - [17/Mar/2010:14:57:14 -0700] "POST /client/13/updates HTTP/1.1" 200 133 "-" "Markus_Schulz/1.0 CFNetwork/459 Darwin/10.0.0d3"
166.205.14.251 - - [17/Mar/2010:14:57:19 -0700] "GET /client/13/events/ HTTP/1.1" 200 832 "-" "Mozilla/5.0 (iPhone; iPhone OS 3.1.3; 0a220c7fd88b4730c6e0e24d6870921ae5f3c020) phizuu:connect"
166.205.14.251 - - [17/Mar/2010:14:57:24 -0700] "POST /client/13/updates HTTP/1.1" 200 133 "-" "Markus_Schulz/1.0 CFNetwork/459 Darwin/10.0.0d3"
166.205.14.251 - - [17/Mar/2010:14:57:25 -0700] "POST /client/13/updates HTTP/1.1" 200 133 "-" "Markus_Schulz/1.0 CFNetwork/459 Darwin/10.0.0d3"
166.205.14.251 - - [17/Mar/2010:14:57:35 -0700] "POST /client/13/updates HTTP/1.1" 200 133 "-" "Markus_Schulz/1.0 CFNetwork/459 Darwin/10.0.0d3"
217.203.145.12 - - [17/Mar/2010:14:57:40 -0700] "GET /static-api/4/ HTTP/1.1" 200 188 "-" "Mozilla/5.0 (iPhone; iPhone OS 3.1.3; 4606a6f06dc41a4a93ec39c3746ae76db8bcca20) phizuu:connect"
217.203.145.12 - - [17/Mar/2010:14:57:47 -0700] "GET /static-api/4/images/ HTTP/1.1" 200 1131 "-" "Mozilla/5.0 (iPhone; iPhone OS 3.1.3; 4606a6f06dc41a4a93ec39c3746ae76db8bcca20) phizuu:connect"
198.49.125.26 - - [17/Mar/2010:15:01:53 -0700] "GET /static-api/13/ HTTP/1.0" 200 237 "-" "Mozilla/5.0 (iPhone; iPhone OS 3.0.1; 49f58d023a473edbe82909b2ecc50b6b0e4c1830) PhizuuConnect"
80.251.207.73 - - [17/Mar/2010:15:01:54 -0700] "GET /static-api/18/ HTTP/1.1" 200 184 "-" "Mozilla/5.0 (iPhone; iPhone OS 3.1.3; d1c86f421cc35d699c43a3af6fa90275204c201a) phizuu:connect"
80.251.207.73 - - [17/Mar/2010:15:02:00 -0700] "GET /static-api/18/music/ HTTP/1.1" 200 2038 "-" "Mozilla/5.0 (iPhone; iPhone OS 3.1.3; d1c86f421cc35d699c43a3af6fa90275204c201a) phizuu:connect"
10.112.61.195 - - [17/Mar/2010:15:02:02 -0700] "GET /static-api/13 HTTP/1.0" 301 362 "-" "-"
10.112.61.195 - - [17/Mar/2010:15:02:02 -0700] "GET /static-api/13/ HTTP/1.0" 200 386 "-" "-"
198.214.235.51 - - [17/Mar/2010:15:02:02 -0700] "GET /client/13/ HTTP/1.1" 200 256 "-" "Mozilla/5.0 (iPhone; iPhone OS 3.1.3; d5fc4e4f5291b304f322d1f264724d2c56af064b) phizuu:connect"
198.214.235.51 - - [17/Mar/2010:15:02:02 -0700] "POST /client/13/updates HTTP/1.1" 200 133 "-" "Markus_Schulz/1.0 CFNetwork/459 Darwin/10.0.0d3"
198.214.235.51 - - [17/Mar/2010:15:02:02 -0700] "POST /client/13/updates HTTP/1.1" 200 133 "-" "Markus_Schulz/1.0 CFNetwork/459 Darwin/10.0.0d3"
198.214.235.51 - - [17/Mar/2010:15:02:03 -0700] "POST /client/13/updates HTTP/1.1" 200 133 "-" "Markus_Schulz/1.0 CFNetwork/459 Darwin/10.0.0d3"
198.214.235.51 - - [17/Mar/2010:15:02:05 -0700] "GET /client/13/events/ HTTP/1.1" 200 832 "-" "Mozilla/5.0 (iPhone; iPhone OS 3.1.3; d5fc4e4f5291b304f322d1f264724d2c56af064b) phizuu:connect"
80.251.207.73 - - [17/Mar/2010:15:02:11 -0700] "GET /static-api/18/ HTTP/1.1" 200 184 "-" "Mozilla/5.0 (iPhone; iPhone OS 3.1.3; d1c86f421cc35d699c43a3af6fa90275204c201a) phizuu:connect"
198.49.125.26 - - [17/Mar/2010:15:02:12 -0700] "GET /static-api/13/events/ HTTP/1.0" 200 554 "-" "Mozilla/5.0 (iPhone; iPhone OS 3.0.1; 49f58d023a473edbe82909b2ecc50b6b0e4c1830) PhizuuConnect"
80.251.207.73 - - [17/Mar/2010:15:02:15 -0700] "GET /static-api/18/music/ HTTP/1.1" 200 2038 "-" "Mozilla/5.0 (iPhone; iPhone OS 3.1.3; d1c86f421cc35d699c43a3af6fa90275204c201a) phizuu:connect"
201.50.144.37 - - [17/Mar/2010:15:03:30 -0700] "GET /static-api/10/ HTTP/1.1" 200 235 "-" "Mozilla/5.0 (iPod touch; iPhone OS 3.1.2; 83fbf31e66f4c8c15523815ddf3c7a7b7f6cd541) phizuu:connect"
201.50.144.37 - - [17/Mar/2010:15:03:58 -0700] "GET /static-api/10/music/ HTTP/1.1" 200 330 "-" "Mozilla/5.0 (iPod touch; iPhone OS 3.1.2; 83fbf31e66f4c8c15523815ddf3c7a7b7f6cd541) phizuu:connect"
201.50.144.37 - - [17/Mar/2010:15:04:21 -0700] "GET /static-api/10/images/ HTTP/1.1" 200 909 "-" "Mozilla/5.0 (iPod touch; iPhone OS 3.1.2; 83fbf31e66f4c8c15523815ddf3c7a7b7f6cd541) phizuu:connect"
201.50.144.37 - - [17/Mar/2010:15:04:58 -0700] "GET /static-api/10/videos/ HTTP/1.1" 200 527 "-" "Mozilla/5.0 (iPod touch; iPhone OS 3.1.2; 83fbf31e66f4c8c15523815ddf3c7a7b7f6cd541) phizuu:connect"
166.205.14.20 - - [17/Mar/2010:15:05:56 -0700] "GET /static-api/4/ HTTP/1.1" 200 188 "-" "Mozilla/5.0 (iPhone; iPhone OS 3.1.3; 82e9b3828fb06f5b8d4e6d589f33225bc747568d) phizuu:connect"
166.205.14.20 - - [17/Mar/2010:15:06:00 -0700] "GET /static-api/4/music/ HTTP/1.1" 200 1026 "-" "Mozilla/5.0 (iPhone; iPhone OS 3.1.3; 82e9b3828fb06f5b8d4e6d589f33225bc747568d) phizuu:connect"
166.205.14.20 - - [17/Mar/2010:15:06:10 -0700] "GET /static-api/4/ HTTP/1.1" 200 188 "-" "Mozilla/5.0 (iPhone; iPhone OS 3.1.3; 82e9b3828fb06f5b8d4e6d589f33225bc747568d) phizuu:connect"
166.205.14.20 - - [17/Mar/2010:15:06:12 -0700] "GET /static-api/4/music/ HTTP/1.1" 200 1026 "-" "Mozilla/5.0 (iPhone; iPhone OS 3.1.3; 82e9b3828fb06f5b8d4e6d589f33225bc747568d) phizuu:connect"
201.50.144.37 - - [17/Mar/2010:15:09:51 -0700] "GET /static-api/18/ HTTP/1.1" 200 184 "-" "Mozilla/5.0 (iPod touch; iPhone OS 3.1.2; 83fbf31e66f4c8c15523815ddf3c7a7b7f6cd541) phizuu:connect"
201.50.144.37 - - [17/Mar/2010:15:09:57 -0700] "GET /static-api/18/music/ HTTP/1.1" 200 2038 "-" "Mozilla/5.0 (iPod touch; iPhone OS 3.1.2; 83fbf31e66f4c8c15523815ddf3c7a7b7f6cd541) phizuu:connect"
94.195.102.121 - - [17/Mar/2010:15:10:25 -0700] "GET /static-api/10/ HTTP/1.1" 200 235 "-" "Mozilla/5.0 (iPhone; iPhone OS 3.1.3; 4ad4b086c198a5bdac7129bdce124fc1984e3b88) phizuu:connect"
94.195.102.121 - - [17/Mar/2010:15:11:27 -0700] "GET /static-api/18/ HTTP/1.1" 200 184 "-" "Mozilla/5.0 (iPhone; iPhone OS 3.1.3; 4ad4b086c198a5bdac7129bdce124fc1984e3b88) phizuu:connect"
10.112.61.195 - - [17/Mar/2010:15:17:16 -0700] "GET /static-api/13 HTTP/1.0" 301 362 "-" "-"
10.112.61.195 - - [17/Mar/2010:15:17:16 -0700] "GET /static-api/13/ HTTP/1.0" 200 386 "-" "-"
198.214.235.51 - - [17/Mar/2010:15:17:16 -0700] "GET /client/13/ HTTP/1.1" 200 256 "-" "Mozilla/5.0 (iPhone; iPhone OS 3.1.3; d5fc4e4f5291b304f322d1f264724d2c56af064b) phizuu:connect"
198.214.235.51 - - [17/Mar/2010:15:17:16 -0700] "POST /client/13/updates HTTP/1.1" 200 133 "-" "Markus_Schulz/1.0 CFNetwork/459 Darwin/10.0.0d3"
198.214.235.51 - - [17/Mar/2010:15:17:17 -0700] "POST /client/13/updates HTTP/1.1" 200 133 "-" "Markus_Schulz/1.0 CFNetwork/459 Darwin/10.0.0d3"
10.112.61.195 - - [17/Mar/2010:15:17:17 -0700] "GET /static-api/13/music HTTP/1.0" 301 368 "-" "-"
10.112.61.195 - - [17/Mar/2010:15:17:17 -0700] "GET /static-api/13/music/ HTTP/1.0" 200 6399 "-" "-"
198.214.235.51 - - [17/Mar/2010:15:17:17 -0700] "GET /client/13/music/ HTTP/1.1" 200 1324 "-" "Mozilla/5.0 (iPhone; iPhone OS 3.1.3; d5fc4e4f5291b304f322d1f264724d2c56af064b) phizuu:connect"
198.214.235.51 - - [17/Mar/2010:15:17:17 -0700] "POST /client/13/updates HTTP/1.1" 200 133 "-" "Markus_Schulz/1.0 CFNetwork/459 Darwin/10.0.0d3"
10.112.61.195 - - [17/Mar/2010:15:17:30 -0700] "GET /static-api/13/videos HTTP/1.0" 301 369 "-" "-"
10.112.61.195 - - [17/Mar/2010:15:17:30 -0700] "GET /static-api/13/videos/ HTTP/1.0" 200 13845 "-" "-"
198.214.235.51 - - [17/Mar/2010:15:17:30 -0700] "GET /client/13/videos/ HTTP/1.1" 200 4883 "-" "Mozilla/5.0 (iPhone; iPhone OS 3.1.3; d5fc4e4f5291b304f322d1f264724d2c56af064b) phizuu:connect"
198.214.235.51 - - [17/Mar/2010:15:17:27 -0700] "GET /client/13/events/ HTTP/1.1" 200 832 "-" "Mozilla/5.0 (iPhone; iPhone OS 3.1.3; d5fc4e4f5291b304f322d1f264724d2c56af064b) phizuu:connect"
10.112.61.195 - - [17/Mar/2010:15:18:56 -0700] "GET /static-api/13 HTTP/1.0" 301 362 "-" "-"
10.112.61.195 - - [17/Mar/2010:15:18:56 -0700] "GET /static-api/13/ HTTP/1.0" 200 386 "-" "-"
166.205.14.251 - - [17/Mar/2010:15:18:56 -0700] "GET /client/13/ HTTP/1.1" 200 256 "-" "Mozilla/5.0 (iPhone; iPhone OS 3.1.3; 0a220c7fd88b4730c6e0e24d6870921ae5f3c020) phizuu:connect"
166.205.14.251 - - [17/Mar/2010:15:18:56 -0700] "POST /client/13/updates HTTP/1.1" 200 133 "-" "Markus_Schulz/1.0 CFNetwork/459 Darwin/10.0.0d3"
166.205.14.251 - - [17/Mar/2010:15:18:56 -0700] "POST /client/13/updates HTTP/1.1" 200 133 "-" "Markus_Schulz/1.0 CFNetwork/459 Darwin/10.0.0d3"
166.205.14.251 - - [17/Mar/2010:15:18:58 -0700] "GET /client/13/events/ HTTP/1.1" 200 832 "-" "Mozilla/5.0 (iPhone; iPhone OS 3.1.3; 0a220c7fd88b4730c6e0e24d6870921ae5f3c020) phizuu:connect"
166.205.14.251 - - [17/Mar/2010:15:19:03 -0700] "POST /client/13/updates HTTP/1.1" 200 133 "-" "Markus_Schulz/1.0 CFNetwork/459 Darwin/10.0.0d3"
10.112.61.195 - - [17/Mar/2010:15:19:23 -0700] "GET /static-api/13 HTTP/1.0" 301 362 "-" "-"
198.214.235.51 - - [17/Mar/2010:15:19:23 -0700] "POST /client/13/updates HTTP/1.1" 200 133 "-" "Markus_Schulz/1.0 CFNetwork/459 Darwin/10.0.0d3"
10.112.61.195 - - [17/Mar/2010:15:19:23 -0700] "GET /static-api/13/ HTTP/1.0" 200 386 "-" "-"
198.214.235.51 - - [17/Mar/2010:15:19:23 -0700] "GET /client/13/ HTTP/1.1" 200 256 "-" "Mozilla/5.0 (iPhone; iPhone OS 3.1.3; d5fc4e4f5291b304f322d1f264724d2c56af064b) phizuu:connect"
198.214.235.51 - - [17/Mar/2010:15:19:23 -0700] "POST /client/13/updates HTTP/1.1" 200 133 "-" "Markus_Schulz/1.0 CFNetwork/459 Darwin/10.0.0d3"
198.214.235.51 - - [17/Mar/2010:15:19:23 -0700] "POST /client/13/updates HTTP/1.1" 200 133 "-" "Markus_Schulz/1.0 CFNetwork/459 Darwin/10.0.0d3"
10.112.61.195 - - [17/Mar/2010:15:19:24 -0700] "GET /static-api/13/music HTTP/1.0" 301 368 "-" "-"
10.112.61.195 - - [17/Mar/2010:15:19:24 -0700] "GET /static-api/13/music/ HTTP/1.0" 200 6399 "-" "-"
198.214.235.51 - - [17/Mar/2010:15:19:24 -0700] "GET /client/13/music/ HTTP/1.1" 200 1324 "-" "Mozilla/5.0 (iPhone; iPhone OS 3.1.3; d5fc4e4f5291b304f322d1f264724d2c56af064b) phizuu:connect"
10.112.61.195 - - [17/Mar/2010:15:19:30 -0700] "GET /static-api/13/videos HTTP/1.0" 301 369 "-" "-"
10.112.61.195 - - [17/Mar/2010:15:19:30 -0700] "GET /static-api/13/videos/ HTTP/1.0" 200 13845 "-" "-"
198.214.235.51 - - [17/Mar/2010:15:19:30 -0700] "GET /client/13/videos/ HTTP/1.1" 200 4883 "-" "Mozilla/5.0 (iPhone; iPhone OS 3.1.3; d5fc4e4f5291b304f322d1f264724d2c56af064b) phizuu:connect"
198.214.235.51 - - [17/Mar/2010:15:19:26 -0700] "GET /client/13/events/ HTTP/1.1" 200 832 "-" "Mozilla/5.0 (iPhone; iPhone OS 3.1.3; d5fc4e4f5291b304f322d1f264724d2c56af064b) phizuu:connect"
166.137.9.90 - - [17/Mar/2010:15:22:21 -0700] "GET /static-api/18/ HTTP/1.1" 200 184 "-" "Mozilla/5.0 (iPhone; iPhone OS 3.1.3; ebceba4cf76194f63c4d41b8bfe25c3168038d72) phizuu:connect"
166.137.9.90 - - [17/Mar/2010:15:22:22 -0700] "GET /static-api/18/music/ HTTP/1.1" 200 2038 "-" "Mozilla/5.0 (iPhone; iPhone OS 3.1.3; ebceba4cf76194f63c4d41b8bfe25c3168038d72) phizuu:connect"
166.137.9.90 - - [17/Mar/2010:15:22:22 -0700] "GET /static-api/18/images/ HTTP/1.1" 200 859 "-" "Mozilla/5.0 (iPhone; iPhone OS 3.1.3; ebceba4cf76194f63c4d41b8bfe25c3168038d72) phizuu:connect"
10.112.61.195 - - [17/Mar/2010:15:22:23 -0700] "GET /static-api/13 HTTP/1.0" 301 362 "-" "-"
10.112.61.195 - - [17/Mar/2010:15:22:23 -0700] "GET /static-api/13/ HTTP/1.0" 200 386 "-" "-"
198.214.235.51 - - [17/Mar/2010:15:22:23 -0700] "GET /client/13/ HTTP/1.1" 200 256 "-" "Mozilla/5.0 (iPhone; iPhone OS 3.1.3; d5fc4e4f5291b304f322d1f264724d2c56af064b) phizuu:connect"
198.214.235.51 - - [17/Mar/2010:15:22:23 -0700] "POST /client/13/updates HTTP/1.1" 200 133 "-" "Markus_Schulz/1.0 CFNetwork/459 Darwin/10.0.0d3"
198.214.235.51 - - [17/Mar/2010:15:22:24 -0700] "POST /client/13/updates HTTP/1.1" 200 133 "-" "Markus_Schulz/1.0 CFNetwork/459 Darwin/10.0.0d3"
10.112.61.195 - - [17/Mar/2010:15:22:24 -0700] "GET /static-api/13/music HTTP/1.0" 301 368 "-" "-"
10.112.61.195 - - [17/Mar/2010:15:22:24 -0700] "GET /static-api/13/music/ HTTP/1.0" 200 6399 "-" "-"
198.214.235.51 - - [17/Mar/2010:15:22:24 -0700] "GET /client/13/music/ HTTP/1.1" 200 1324 "-" "Mozilla/5.0 (iPhone; iPhone OS 3.1.3; d5fc4e4f5291b304f322d1f264724d2c56af064b) phizuu:connect"
198.214.235.51 - - [17/Mar/2010:15:22:25 -0700] "POST /client/13/updates HTTP/1.1" 200 133 "-" "Markus_Schulz/1.0 CFNetwork/459 Darwin/10.0.0d3"
193.35.132.151 - - [17/Mar/2010:15:22:33 -0700] "GET /static-api/10/ HTTP/1.1" 200 235 "-" "Mozilla/5.0 (iPhone; iPhone OS 3.1.2; bf7f365a8a301ac32703751f13d38afcdd173fb4) phizuu:connect"
10.112.61.195 - - [17/Mar/2010:15:22:35 -0700] "GET /static-api/13/videos HTTP/1.0" 301 369 "-" "-"
10.112.61.195 - - [17/Mar/2010:15:22:35 -0700] "GET /static-api/13/videos/ HTTP/1.0" 200 13845 "-" "-"
198.214.235.51 - - [17/Mar/2010:15:22:35 -0700] "GET /client/13/videos/ HTTP/1.1" 200 4883 "-" "Mozilla/5.0 (iPhone; iPhone OS 3.1.3; d5fc4e4f5291b304f322d1f264724d2c56af064b) phizuu:connect"
198.214.235.51 - - [17/Mar/2010:15:22:32 -0700] "GET /client/13/events/ HTTP/1.1" 200 832 "-" "Mozilla/5.0 (iPhone; iPhone OS 3.1.3; d5fc4e4f5291b304f322d1f264724d2c56af064b) phizuu:connect"
193.35.132.151 - - [17/Mar/2010:15:22:53 -0700] "GET /static-api/4/ HTTP/1.1" 200 188 "-" "Mozilla/5.0 (iPhone; iPhone OS 3.1.2; bf7f365a8a301ac32703751f13d38afcdd173fb4) phizuu:connect"
10.112.61.195 - - [17/Mar/2010:15:23:09 -0700] "GET /static-api/13 HTTP/1.0" 301 362 "-" "-"
10.112.61.195 - - [17/Mar/2010:15:23:09 -0700] "GET /static-api/13/ HTTP/1.0" 200 386 "-" "-"
166.205.14.251 - - [17/Mar/2010:15:23:09 -0700] "GET /client/13/ HTTP/1.1" 200 256 "-" "Mozilla/5.0 (iPhone; iPhone OS 3.1.3; 0a220c7fd88b4730c6e0e24d6870921ae5f3c020) phizuu:connect"
166.205.14.251 - - [17/Mar/2010:15:23:10 -0700] "POST /client/13/updates HTTP/1.1" 200 133 "-" "Markus_Schulz/1.0 CFNetwork/459 Darwin/10.0.0d3"
166.205.14.251 - - [17/Mar/2010:15:23:11 -0700] "POST /client/13/updates HTTP/1.1" 200 133 "-" "Markus_Schulz/1.0 CFNetwork/459 Darwin/10.0.0d3"
166.205.14.251 - - [17/Mar/2010:15:23:12 -0700] "POST /client/13/updates HTTP/1.1" 200 133 "-" "Markus_Schulz/1.0 CFNetwork/459 Darwin/10.0.0d3"
166.205.14.251 - - [17/Mar/2010:15:23:19 -0700] "POST /client/13/updates HTTP/1.1" 200 133 "-" "Markus_Schulz/1.0 CFNetwork/459 Darwin/10.0.0d3"
193.35.132.149 - - [17/Mar/2010:15:23:19 -0700] "GET /static-api/18/ HTTP/1.1" 200 184 "-" "Mozilla/5.0 (iPhone; iPhone OS 3.1.2; bf7f365a8a301ac32703751f13d38afcdd173fb4) phizuu:connect"
166.205.14.251 - - [17/Mar/2010:15:23:20 -0700] "POST /client/13/updates HTTP/1.1" 200 133 "-" "Markus_Schulz/1.0 CFNetwork/459 Darwin/10.0.0d3"
166.205.14.251 - - [17/Mar/2010:15:23:12 -0700] "GET /client/13/events/ HTTP/1.1" 200 832 "-" "Mozilla/5.0 (iPhone; iPhone OS 3.1.3; 0a220c7fd88b4730c6e0e24d6870921ae5f3c020) phizuu:connect"
166.137.9.90 - - [17/Mar/2010:15:23:33 -0700] "GET /static-api/18/ HTTP/1.1" 200 184 "-" "Mozilla/5.0 (iPhone; iPhone OS 3.1.3; ebceba4cf76194f63c4d41b8bfe25c3168038d72) phizuu:connect"
166.137.9.90 - - [17/Mar/2010:15:23:35 -0700] "GET /static-api/18/videos/ HTTP/1.1" 200 2272 "-" "Mozilla/5.0 (iPhone; iPhone OS 3.1.3; ebceba4cf76194f63c4d41b8bfe25c3168038d72) phizuu:connect"
166.137.9.90 - - [17/Mar/2010:15:23:46 -0700] "GET /static-api/18/images/ HTTP/1.1" 200 859 "-" "Mozilla/5.0 (iPhone; iPhone OS 3.1.3; ebceba4cf76194f63c4d41b8bfe25c3168038d72) phizuu:connect"
166.137.9.90 - - [17/Mar/2010:15:24:30 -0700] "GET /static-api/18/ HTTP/1.1" 200 184 "-" "Mozilla/5.0 (iPhone; iPhone OS 3.1.3; ebceba4cf76194f63c4d41b8bfe25c3168038d72) phizuu:connect"
166.137.9.90 - - [17/Mar/2010:15:24:39 -0700] "GET /static-api/18/images/ HTTP/1.1" 200 859 "-" "Mozilla/5.0 (iPhone; iPhone OS 3.1.3; ebceba4cf76194f63c4d41b8bfe25c3168038d72) phizuu:connect"
10.112.61.195 - - [17/Mar/2010:15:26:45 -0700] "GET /static-api/13 HTTP/1.0" 301 362 "-" "-"
10.112.61.195 - - [17/Mar/2010:15:26:45 -0700] "GET /static-api/13/ HTTP/1.0" 200 386 "-" "-"
166.205.14.251 - - [17/Mar/2010:15:26:45 -0700] "GET /client/13/ HTTP/1.1" 200 256 "-" "Mozilla/5.0 (iPhone; iPhone OS 3.1.3; 0a220c7fd88b4730c6e0e24d6870921ae5f3c020) phizuu:connect"
166.205.14.251 - - [17/Mar/2010:15:26:46 -0700] "POST /client/13/updates HTTP/1.1" 200 133 "-" "Markus_Schulz/1.0 CFNetwork/459 Darwin/10.0.0d3"
166.205.14.251 - - [17/Mar/2010:15:26:47 -0700] "POST /client/13/updates HTTP/1.1" 200 133 "-" "Markus_Schulz/1.0 CFNetwork/459 Darwin/10.0.0d3"
166.205.14.251 - - [17/Mar/2010:15:26:48 -0700] "GET /client/13/events/ HTTP/1.1" 200 832 "-" "Mozilla/5.0 (iPhone; iPhone OS 3.1.3; 0a220c7fd88b4730c6e0e24d6870921ae5f3c020) phizuu:connect"
166.137.9.90 - - [17/Mar/2010:15:27:22 -0700] "GET /static-api/18/ HTTP/1.1" 200 184 "-" "Mozilla/5.0 (iPhone; iPhone OS 3.1.3; ebceba4cf76194f63c4d41b8bfe25c3168038d72) phizuu:connect"
166.137.9.90 - - [17/Mar/2010:15:27:24 -0700] "GET /static-api/18/music/ HTTP/1.1" 200 2038 "-" "Mozilla/5.0 (iPhone; iPhone OS 3.1.3; ebceba4cf76194f63c4d41b8bfe25c3168038d72) phizuu:connect"
166.137.9.90 - - [17/Mar/2010:15:28:48 -0700] "GET /static-api/18/events/ HTTP/1.1" 200 600 "-" "Mozilla/5.0 (iPhone; iPhone OS 3.1.3; ebceba4cf76194f63c4d41b8bfe25c3168038d72) phizuu:connect"
166.137.9.90 - - [17/Mar/2010:15:29:59 -0700] "GET /static-api/18/images/ HTTP/1.1" 200 859 "-" "Mozilla/5.0 (iPhone; iPhone OS 3.1.3; ebceba4cf76194f63c4d41b8bfe25c3168038d72) phizuu:connect"
10.112.61.195 - - [17/Mar/2010:15:30:56 -0700] "GET /static-api/13 HTTP/1.0" 301 362 "-" "-"
10.112.61.195 - - [17/Mar/2010:15:30:56 -0700] "GET /static-api/13/ HTTP/1.0" 200 386 "-" "-"
198.214.235.51 - - [17/Mar/2010:15:30:56 -0700] "GET /client/13/ HTTP/1.1" 200 256 "-" "Mozilla/5.0 (iPhone; iPhone OS 3.1.3; d5fc4e4f5291b304f322d1f264724d2c56af064b) phizuu:connect"
198.214.235.51 - - [17/Mar/2010:15:30:56 -0700] "POST /client/13/updates HTTP/1.1" 200 133 "-" "Markus_Schulz/1.0 CFNetwork/459 Darwin/10.0.0d3"
198.214.235.51 - - [17/Mar/2010:15:30:57 -0700] "POST /client/13/updates HTTP/1.1" 200 133 "-" "Markus_Schulz/1.0 CFNetwork/459 Darwin/10.0.0d3"
198.214.235.51 - - [17/Mar/2010:15:30:57 -0700] "POST /client/13/updates HTTP/1.1" 200 133 "-" "Markus_Schulz/1.0 CFNetwork/459 Darwin/10.0.0d3"
10.112.61.195 - - [17/Mar/2010:15:30:58 -0700] "GET /static-api/13/music HTTP/1.0" 301 368 "-" "-"
10.112.61.195 - - [17/Mar/2010:15:30:58 -0700] "GET /static-api/13/music/ HTTP/1.0" 200 6399 "-" "-"
198.214.235.51 - - [17/Mar/2010:15:30:58 -0700] "GET /client/13/music/ HTTP/1.1" 200 1324 "-" "Mozilla/5.0 (iPhone; iPhone OS 3.1.3; d5fc4e4f5291b304f322d1f264724d2c56af064b) phizuu:connect"
10.112.61.195 - - [17/Mar/2010:15:31:01 -0700] "GET /static-api/13/videos HTTP/1.0" 301 369 "-" "-"
10.112.61.195 - - [17/Mar/2010:15:31:01 -0700] "GET /static-api/13/videos/ HTTP/1.0" 200 13845 "-" "-"
198.214.235.51 - - [17/Mar/2010:15:31:01 -0700] "GET /client/13/videos/ HTTP/1.1" 200 4883 "-" "Mozilla/5.0 (iPhone; iPhone OS 3.1.3; d5fc4e4f5291b304f322d1f264724d2c56af064b) phizuu:connect"
198.214.235.51 - - [17/Mar/2010:15:30:59 -0700] "GET /client/13/events/ HTTP/1.1" 200 832 "-" "Mozilla/5.0 (iPhone; iPhone OS 3.1.3; d5fc4e4f5291b304f322d1f264724d2c56af064b) phizuu:connect"
88.212.137.235 - - [17/Mar/2010:15:41:29 -0700] "GET /static-api/18/ HTTP/1.1" 200 184 "-" "Mozilla/5.0 (iPhone; iPhone OS 3.1.3; 59ea1008edf9c806ff8da6e3d2fbdaf91a705449) phizuu:connect"
88.212.137.235 - - [17/Mar/2010:15:41:34 -0700] "GET /static-api/18/ HTTP/1.1" 200 184 "-" "Mozilla/5.0 (iPhone; iPhone OS 3.1.3; 59ea1008edf9c806ff8da6e3d2fbdaf91a705449) phizuu:connect"
82.132.139.199 - - [17/Mar/2010:15:45:12 -0700] "GET /static-api/13/ HTTP/1.1" 200 237 "-" "Mozilla/5.0 (iPhone; iPhone OS 3.0; d8e2863720eaeac9ef1886648238ce57e0797a3c) PhizuuConnect"
82.132.139.199 - - [17/Mar/2010:15:45:24 -0700] "GET /static-api/13/events/ HTTP/1.1" 200 554 "-" "Mozilla/5.0 (iPhone; iPhone OS 3.0; d8e2863720eaeac9ef1886648238ce57e0797a3c) PhizuuConnect"
82.132.139.199 - - [17/Mar/2010:15:45:46 -0700] "GET /static-api/13/music/ HTTP/1.1" 200 1324 "-" "Mozilla/5.0 (iPhone; iPhone OS 3.0; d8e2863720eaeac9ef1886648238ce57e0797a3c) PhizuuConnect"
82.132.139.199 - - [17/Mar/2010:15:46:44 -0700] "GET /static-api/13/videos/ HTTP/1.1" 200 4883 "-" "Mozilla/5.0 (iPhone; iPhone OS 3.0; d8e2863720eaeac9ef1886648238ce57e0797a3c) PhizuuConnect"
91.89.153.204 - - [17/Mar/2010:15:47:39 -0700] "GET /static-api/10/ HTTP/1.1" 200 235 "-" "Mozilla/5.0 (iPhone; iPhone OS 3.1.3; 44e0bfcf7247d188648e29a3ab3f83b9abf9b7cc) phizuu:connect"
91.89.153.204 - - [17/Mar/2010:15:47:40 -0700] "GET /static-api/10/music/ HTTP/1.1" 200 330 "-" "Mozilla/5.0 (iPhone; iPhone OS 3.1.3; 44e0bfcf7247d188648e29a3ab3f83b9abf9b7cc) phizuu:connect"
91.89.153.204 - - [17/Mar/2010:15:47:46 -0700] "GET /static-api/10/images/ HTTP/1.1" 200 909 "-" "Mozilla/5.0 (iPhone; iPhone OS 3.1.3; 44e0bfcf7247d188648e29a3ab3f83b9abf9b7cc) phizuu:connect"
91.89.153.204 - - [17/Mar/2010:15:47:50 -0700] "GET /static-api/10/videos/ HTTP/1.1" 200 527 "-" "Mozilla/5.0 (iPhone; iPhone OS 3.1.3; 44e0bfcf7247d188648e29a3ab3f83b9abf9b7cc) phizuu:connect"
71.108.133.50 - - [17/Mar/2010:15:50:10 -0700] "GET /static-api/10/ HTTP/1.1" 200 235 "-" "Mozilla/5.0 (iPhone; iPhone OS 3.1.3; d79e58801bcf72cfea015d3f2b7f37c0dc56d345) phizuu:connect"
71.108.133.50 - - [17/Mar/2010:15:50:17 -0700] "GET /static-api/10/events/ HTTP/1.1" 200 791 "-" "Mozilla/5.0 (iPhone; iPhone OS 3.1.3; d79e58801bcf72cfea015d3f2b7f37c0dc56d345) phizuu:connect"
202.124.72.134 - - [17/Mar/2010:15:52:08 -0700] "GET /static-api/19/ HTTP/1.1" 200 188 "-" "Mozilla/5.0 (iPhone; iPhone OS 3.1.2; bfdc769360f96c0b84b83b44299fccc9888cccde) phizuu:connect"
78.150.87.199 - - [17/Mar/2010:15:52:22 -0700] "GET /static-api/18/ HTTP/1.1" 200 184 "-" "Mozilla/5.0 (iPhone; iPhone OS 3.1.3; 12c8dae419c050ec9e088a0025ab2e8ad18bb74c) phizuu:connect"
78.150.87.199 - - [17/Mar/2010:15:52:51 -0700] "GET /static-api/18/music/ HTTP/1.1" 200 2038 "-" "Mozilla/5.0 (iPhone; iPhone OS 3.1.3; 12c8dae419c050ec9e088a0025ab2e8ad18bb74c) phizuu:connect"
78.150.87.199 - - [17/Mar/2010:15:53:12 -0700] "GET /static-api/18/ HTTP/1.1" 200 184 "-" "Mozilla/5.0 (iPhone; iPhone OS 3.1.3; 12c8dae419c050ec9e088a0025ab2e8ad18bb74c) phizuu:connect"
78.150.87.199 - - [17/Mar/2010:15:53:13 -0700] "GET /static-api/18/music/ HTTP/1.1" 200 2038 "-" "Mozilla/5.0 (iPhone; iPhone OS 3.1.3; 12c8dae419c050ec9e088a0025ab2e8ad18bb74c) phizuu:connect"
78.150.87.199 - - [17/Mar/2010:15:53:23 -0700] "GET /static-api/18/ HTTP/1.1" 200 184 "-" "Mozilla/5.0 (iPhone; iPhone OS 3.1.3; 12c8dae419c050ec9e088a0025ab2e8ad18bb74c) phizuu:connect"
78.150.87.199 - - [17/Mar/2010:15:53:24 -0700] "GET /static-api/18/music/ HTTP/1.1" 200 2038 "-" "Mozilla/5.0 (iPhone; iPhone OS 3.1.3; 12c8dae419c050ec9e088a0025ab2e8ad18bb74c) phizuu:connect"
78.150.87.199 - - [17/Mar/2010:15:53:26 -0700] "GET /static-api/18/images/ HTTP/1.1" 200 859 "-" "Mozilla/5.0 (iPhone; iPhone OS 3.1.3; 12c8dae419c050ec9e088a0025ab2e8ad18bb74c) phizuu:connect"
78.150.87.199 - - [17/Mar/2010:15:53:27 -0700] "GET /static-api/18/videos/ HTTP/1.1" 200 2272 "-" "Mozilla/5.0 (iPhone; iPhone OS 3.1.3; 12c8dae419c050ec9e088a0025ab2e8ad18bb74c) phizuu:connect"
78.150.87.199 - - [17/Mar/2010:15:53:40 -0700] "GET /static-api/18/flyers/ HTTP/1.1" 200 640 "-" "Mozilla/5.0 (iPhone; iPhone OS 3.1.3; 12c8dae419c050ec9e088a0025ab2e8ad18bb74c) phizuu:connect"
78.150.87.199 - - [17/Mar/2010:15:54:12 -0700] "GET /static-api/18/ HTTP/1.1" 200 184 "-" "Mozilla/5.0 (iPhone; iPhone OS 3.1.3; 12c8dae419c050ec9e088a0025ab2e8ad18bb74c) phizuu:connect"
78.150.87.199 - - [17/Mar/2010:15:54:14 -0700] "GET /static-api/18/music/ HTTP/1.1" 200 2038 "-" "Mozilla/5.0 (iPhone; iPhone OS 3.1.3; 12c8dae419c050ec9e088a0025ab2e8ad18bb74c) phizuu:connect"
78.150.87.199 - - [17/Mar/2010:15:54:21 -0700] "GET /static-api/18/ HTTP/1.1" 200 184 "-" "Mozilla/5.0 (iPhone; iPhone OS 3.1.3; 12c8dae419c050ec9e088a0025ab2e8ad18bb74c) phizuu:connect"
78.150.87.199 - - [17/Mar/2010:15:54:22 -0700] "GET /static-api/18/music/ HTTP/1.1" 200 2038 "-" "Mozilla/5.0 (iPhone; iPhone OS 3.1.3; 12c8dae419c050ec9e088a0025ab2e8ad18bb74c) phizuu:connect"
78.150.87.199 - - [17/Mar/2010:15:54:27 -0700] "GET /static-api/18/ HTTP/1.1" 200 184 "-" "Mozilla/5.0 (iPhone; iPhone OS 3.1.3; 12c8dae419c050ec9e088a0025ab2e8ad18bb74c) phizuu:connect"
78.150.87.199 - - [17/Mar/2010:15:54:29 -0700] "GET /static-api/18/music/ HTTP/1.1" 200 2038 "-" "Mozilla/5.0 (iPhone; iPhone OS 3.1.3; 12c8dae419c050ec9e088a0025ab2e8ad18bb74c) phizuu:connect"
75.37.9.17 - - [17/Mar/2010:15:55:23 -0700] "GET /client HTTP/1.1" - 62 "-" "Mozilla/5.0 (Macintosh; U; Intel Mac OS X 10.6; en-US; rv:1.9.2) Gecko/20100115 Firefox/3.6"
10.112.61.195 - - [17/Mar/2010:15:55:27 -0700] "GET /static-api/13 HTTP/1.0" 301 362 "-" "-"
10.112.61.195 - - [17/Mar/2010:15:55:27 -0700] "GET /static-api/13/ HTTP/1.0" 200 386 "-" "-"
75.37.9.17 - - [17/Mar/2010:15:55:27 -0700] "GET /client/13 HTTP/1.1" 200 256 "-" "Mozilla/5.0 (Macintosh; U; Intel Mac OS X 10.6; en-US; rv:1.9.2) Gecko/20100115 Firefox/3.6"
90.224.57.84 - - [17/Mar/2010:15:55:33 -0700] "GET /static-api/18/ HTTP/1.1" 200 184 "-" "Mozilla/5.0 (iPod touch; iPhone OS 3.1.2; 8e18e58b2440bf70ba7fd8b21b9daa469fc8c4cf) phizuu:connect"
10.112.61.195 - - [17/Mar/2010:15:55:34 -0700] "GET /static-api/13/images HTTP/1.0" 301 369 "-" "-"
10.112.61.195 - - [17/Mar/2010:15:55:34 -0700] "GET /static-api/13/images/ HTTP/1.0" 200 6883 "-" "-"
75.37.9.17 - - [17/Mar/2010:15:55:34 -0700] "GET /client/13/images HTTP/1.1" 200 1126 "-" "Mozilla/5.0 (Macintosh; U; Intel Mac OS X 10.6; en-US; rv:1.9.2) Gecko/20100115 Firefox/3.6"
75.37.9.17 - - [17/Mar/2010:15:55:58 -0700] "GET /client/13/tours HTTP/1.1" - 62 "-" "Mozilla/5.0 (Macintosh; U; Intel Mac OS X 10.6; en-US; rv:1.9.2) Gecko/20100115 Firefox/3.6"
95.98.110.100 - - [17/Mar/2010:15:56:04 -0700] "GET /static-api/13/ HTTP/1.1" 200 237 "-" "Mozilla/5.0 (iPhone; iPhone OS 3.1.3; 11e11283d81c4a408902c72b49aa82f8d67713ef) PhizuuConnect"
90.224.57.84 - - [17/Mar/2010:15:56:05 -0700] "GET /static-api/18/images/ HTTP/1.1" 200 859 "-" "Mozilla/5.0 (iPod touch; iPhone OS 3.1.2; 8e18e58b2440bf70ba7fd8b21b9daa469fc8c4cf) phizuu:connect"
75.37.9.17 - - [17/Mar/2010:15:56:07 -0700] "GET /client/13/events HTTP/1.1" 200 832 "-" "Mozilla/5.0 (Macintosh; U; Intel Mac OS X 10.6; en-US; rv:1.9.2) Gecko/20100115 Firefox/3.6"
90.224.57.84 - - [17/Mar/2010:15:56:20 -0700] "GET /static-api/18/music/ HTTP/1.1" 200 2038 "-" "Mozilla/5.0 (iPod touch; iPhone OS 3.1.2; 8e18e58b2440bf70ba7fd8b21b9daa469fc8c4cf) phizuu:connect"
10.112.61.195 - - [17/Mar/2010:15:58:33 -0700] "GET /static-api/13 HTTP/1.0" 301 362 "-" "-"
10.112.61.195 - - [17/Mar/2010:15:58:33 -0700] "GET /static-api/13/ HTTP/1.0" 200 386 "-" "-"
198.214.235.51 - - [17/Mar/2010:15:58:33 -0700] "GET /client/13/ HTTP/1.1" 200 256 "-" "Mozilla/5.0 (iPhone; iPhone OS 3.1.3; d5fc4e4f5291b304f322d1f264724d2c56af064b) phizuu:connect"
198.214.235.51 - - [17/Mar/2010:15:58:33 -0700] "POST /client/13/updates HTTP/1.1" 200 133 "-" "Markus_Schulz/1.0 CFNetwork/459 Darwin/10.0.0d3"
198.214.235.51 - - [17/Mar/2010:15:58:34 -0700] "POST /client/13/updates HTTP/1.1" 200 133 "-" "Markus_Schulz/1.0 CFNetwork/459 Darwin/10.0.0d3"
10.112.61.195 - - [17/Mar/2010:15:58:36 -0700] "GET /static-api/13/music HTTP/1.0" 301 368 "-" "-"
10.112.61.195 - - [17/Mar/2010:15:58:36 -0700] "GET /static-api/13/music/ HTTP/1.0" 200 6399 "-" "-"
198.214.235.51 - - [17/Mar/2010:15:58:36 -0700] "GET /client/13/music/ HTTP/1.1" 200 1324 "-" "Mozilla/5.0 (iPhone; iPhone OS 3.1.3; d5fc4e4f5291b304f322d1f264724d2c56af064b) phizuu:connect"
198.214.235.51 - - [17/Mar/2010:15:58:40 -0700] "GET /client/13/events/ HTTP/1.1" 200 832 "-" "Mozilla/5.0 (iPhone; iPhone OS 3.1.3; d5fc4e4f5291b304f322d1f264724d2c56af064b) phizuu:connect"
10.112.61.195 - - [17/Mar/2010:15:59:06 -0700] "GET /static-api/13/videos HTTP/1.0" 301 369 "-" "-"
10.112.61.195 - - [17/Mar/2010:15:59:06 -0700] "GET /static-api/13/videos/ HTTP/1.0" 200 13845 "-" "-"
198.214.235.51 - - [17/Mar/2010:15:59:06 -0700] "GET /client/13/videos/ HTTP/1.1" 200 4883 "-" "Mozilla/5.0 (iPhone; iPhone OS 3.1.3; d5fc4e4f5291b304f322d1f264724d2c56af064b) phizuu:connect"
10.112.61.195 - - [17/Mar/2010:15:59:16 -0700] "GET /static-api/13/images HTTP/1.0" 301 369 "-" "-"
10.112.61.195 - - [17/Mar/2010:15:59:16 -0700] "GET /static-api/13/images/ HTTP/1.0" 200 6883 "-" "-"
198.214.235.51 - - [17/Mar/2010:15:59:16 -0700] "GET /client/13/images/ HTTP/1.1" 200 1126 "-" "Mozilla/5.0 (iPhone; iPhone OS 3.1.3; d5fc4e4f5291b304f322d1f264724d2c56af064b) phizuu:connect"
10.112.61.195 - - [17/Mar/2010:15:59:31 -0700] "GET /static-api/13 HTTP/1.0" 301 362 "-" "-"
10.112.61.195 - - [17/Mar/2010:15:59:31 -0700] "GET /static-api/13/ HTTP/1.0" 200 386 "-" "-"
198.214.235.51 - - [17/Mar/2010:15:59:31 -0700] "GET /client/13/ HTTP/1.1" 200 256 "-" "Mozilla/5.0 (iPhone; iPhone OS 3.1.3; d5fc4e4f5291b304f322d1f264724d2c56af064b) phizuu:connect"
198.214.235.51 - - [17/Mar/2010:15:59:31 -0700] "POST /client/13/updates HTTP/1.1" 200 133 "-" "Markus_Schulz/1.0 CFNetwork/459 Darwin/10.0.0d3"
198.214.235.51 - - [17/Mar/2010:15:59:31 -0700] "POST /client/13/updates HTTP/1.1" 200 133 "-" "Markus_Schulz/1.0 CFNetwork/459 Darwin/10.0.0d3"
10.112.61.195 - - [17/Mar/2010:15:59:37 -0700] "GET /static-api/13/music HTTP/1.0" 301 368 "-" "-"
10.112.61.195 - - [17/Mar/2010:15:59:37 -0700] "GET /static-api/13/music/ HTTP/1.0" 200 6399 "-" "-"
198.214.235.51 - - [17/Mar/2010:15:59:37 -0700] "GET /client/13/music/ HTTP/1.1" 200 1324 "-" "Mozilla/5.0 (iPhone; iPhone OS 3.1.3; d5fc4e4f5291b304f322d1f264724d2c56af064b) phizuu:connect"
75.37.9.17 - - [17/Mar/2010:16:02:27 -0700] "GET /client/13/events HTTP/1.1" 200 832 "-" "Mozilla/5.0 (Macintosh; U; Intel Mac OS X 10.6; en-US; rv:1.9.2) Gecko/20100115 Firefox/3.6"
10.112.61.195 - - [17/Mar/2010:16:02:36 -0700] "GET /static-api/13/videos HTTP/1.0" 301 369 "-" "-"
10.112.61.195 - - [17/Mar/2010:16:02:36 -0700] "GET /static-api/13/videos/ HTTP/1.0" 200 13845 "-" "-"
75.37.9.17 - - [17/Mar/2010:16:02:36 -0700] "GET /client/13/videos HTTP/1.1" 200 4883 "-" "Mozilla/5.0 (Macintosh; U; Intel Mac OS X 10.6; en-US; rv:1.9.2) Gecko/20100115 Firefox/3.6"
10.112.61.195 - - [17/Mar/2010:16:02:56 -0700] "GET /static-api/13 HTTP/1.0" 301 362 "-" "-"
10.112.61.195 - - [17/Mar/2010:16:02:56 -0700] "GET /static-api/13/ HTTP/1.0" 200 386 "-" "-"
166.205.14.251 - - [17/Mar/2010:16:02:56 -0700] "GET /client/13/ HTTP/1.1" 200 256 "-" "Mozilla/5.0 (iPhone; iPhone OS 3.1.3; 0a220c7fd88b4730c6e0e24d6870921ae5f3c020) phizuu:connect"
166.205.14.251 - - [17/Mar/2010:16:02:56 -0700] "POST /client/13/updates HTTP/1.1" 200 133 "-" "Markus_Schulz/1.0 CFNetwork/459 Darwin/10.0.0d3"
166.205.14.251 - - [17/Mar/2010:16:02:58 -0700] "POST /client/13/updates HTTP/1.1" 200 133 "-" "Markus_Schulz/1.0 CFNetwork/459 Darwin/10.0.0d3"
166.205.14.251 - - [17/Mar/2010:16:02:58 -0700] "GET /client/13/events/ HTTP/1.1" 200 832 "-" "Mozilla/5.0 (iPhone; iPhone OS 3.1.3; 0a220c7fd88b4730c6e0e24d6870921ae5f3c020) phizuu:connect"
166.205.14.251 - - [17/Mar/2010:16:03:24 -0700] "POST /client/13/updates HTTP/1.1" 200 133 "-" "Markus_Schulz/1.0 CFNetwork/459 Darwin/10.0.0d3"
64.125.181.72 - - [17/Mar/2010:16:04:06 -0700] "GET /13 HTTP/1.1" 404 265 "-" "Mozilla/5.0 (Macintosh; U; Intel Mac OS X 10_6_2; en-us) AppleWebKit/531.22.7 (KHTML, like Gecko) Version/4.0.5 Safari/531.22.7"
64.125.181.72 - - [17/Mar/2010:16:04:06 -0700] "GET /favicon.ico HTTP/1.1" 404 270 "http://connect.phizuu.com/13" "Mozilla/5.0 (Macintosh; U; Intel Mac OS X 10_6_2; en-us) AppleWebKit/531.22.7 (KHTML, like Gecko) Version/4.0.5 Safari/531.22.7"
10.112.61.195 - - [17/Mar/2010:16:04:14 -0700] "GET /static-api/13 HTTP/1.0" 301 362 "-" "-"
10.112.61.195 - - [17/Mar/2010:16:04:14 -0700] "GET /static-api/13/ HTTP/1.0" 200 386 "-" "-"
64.125.181.72 - - [17/Mar/2010:16:04:14 -0700] "GET /client/13 HTTP/1.1" 200 256 "-" "Mozilla/5.0 (Macintosh; U; Intel Mac OS X 10_6_2; en-us) AppleWebKit/531.22.7 (KHTML, like Gecko) Version/4.0.5 Safari/531.22.7"
64.125.181.72 - - [17/Mar/2010:16:04:18 -0700] "GET /client/13/events HTTP/1.1" 200 832 "-" "Mozilla/5.0 (Macintosh; U; Intel Mac OS X 10_6_2; en-us) AppleWebKit/531.22.7 (KHTML, like Gecko) Version/4.0.5 Safari/531.22.7"
64.125.181.72 - - [17/Mar/2010:16:04:27 -0700] "GET /client/13/events/167 HTTP/1.1" - 62 "-" "Mozilla/5.0 (Macintosh; U; Intel Mac OS X 10_6_2; en-us) AppleWebKit/531.22.7 (KHTML, like Gecko) Version/4.0.5 Safari/531.22.7"
80.133.214.219 - - [17/Mar/2010:16:06:01 -0700] "GET /static-api/18/ HTTP/1.1" 200 184 "-" "Mozilla/5.0 (iPod touch; iPhone OS 3.1.2; ca9d98fbc995de92e42bb873e854159a7fb78381) phizuu:connect"
80.133.214.219 - - [17/Mar/2010:16:06:35 -0700] "GET /static-api/18/music/ HTTP/1.1" 200 2038 "-" "Mozilla/5.0 (iPod touch; iPhone OS 3.1.2; ca9d98fbc995de92e42bb873e854159a7fb78381) phizuu:connect"
95.239.210.217 - - [17/Mar/2010:16:06:39 -0700] "GET /static-api/10/ HTTP/1.1" 200 235 "-" "Mozilla/5.0 (iPhone; iPhone OS 3.1.3; 37d2a846e1fb8091276f6353a390484b7cc4c4b6) phizuu:connect"
95.239.210.217 - - [17/Mar/2010:16:06:45 -0700] "GET /static-api/10/flyers/ HTTP/1.1" 200 296 "-" "Mozilla/5.0 (iPhone; iPhone OS 3.1.3; 37d2a846e1fb8091276f6353a390484b7cc4c4b6) phizuu:connect"
99.237.131.173 - - [17/Mar/2010:16:07:57 -0700] "GET /static-api/13/ HTTP/1.1" 200 237 "-" "Mozilla/5.0 (iPod touch; iPhone OS 2.2.1; 87bed94a46b40b7720a8714ed437d420f0071934) PhizuuConnect"
99.237.131.173 - - [17/Mar/2010:16:07:59 -0700] "GET /static-api/13/music/ HTTP/1.1" 200 1324 "-" "Mozilla/5.0 (iPod touch; iPhone OS 2.2.1; 87bed94a46b40b7720a8714ed437d420f0071934) PhizuuConnect"
95.239.210.217 - - [17/Mar/2010:16:07:59 -0700] "GET /static-api/10/events/ HTTP/1.1" 200 791 "-" "Mozilla/5.0 (iPhone; iPhone OS 3.1.3; 37d2a846e1fb8091276f6353a390484b7cc4c4b6) phizuu:connect"
95.239.210.217 - - [17/Mar/2010:16:08:02 -0700] "GET /static-api/10/images/ HTTP/1.1" 200 909 "-" "Mozilla/5.0 (iPhone; iPhone OS 3.1.3; 37d2a846e1fb8091276f6353a390484b7cc4c4b6) phizuu:connect"
99.237.131.173 - - [17/Mar/2010:16:08:13 -0700] "GET /static-api/13/videos/ HTTP/1.1" 200 4883 "-" "Mozilla/5.0 (iPod touch; iPhone OS 2.2.1; 87bed94a46b40b7720a8714ed437d420f0071934) PhizuuConnect"
99.237.131.173 - - [17/Mar/2010:16:08:18 -0700] "GET /static-api/13/events/ HTTP/1.1" 200 554 "-" "Mozilla/5.0 (iPod touch; iPhone OS 2.2.1; 87bed94a46b40b7720a8714ed437d420f0071934) PhizuuConnect"
147.126.46.145 - - [17/Mar/2010:16:11:14 -0700] "GET /static-api/13/ HTTP/1.0" 200 237 "-" "Mozilla/5.0 (iPod touch; iPhone OS 3.0; 06b8fce0c38679c827c979549e7cf81ca6fd6520) PhizuuConnect"
147.126.46.145 - - [17/Mar/2010:16:11:22 -0700] "GET /static-api/13/music/ HTTP/1.0" 200 1324 "-" "Mozilla/5.0 (iPod touch; iPhone OS 3.0; 06b8fce0c38679c827c979549e7cf81ca6fd6520) PhizuuConnect"
147.126.46.145 - - [17/Mar/2010:16:11:25 -0700] "GET /static-api/13/events/ HTTP/1.0" 200 554 "-" "Mozilla/5.0 (iPod touch; iPhone OS 3.0; 06b8fce0c38679c827c979549e7cf81ca6fd6520) PhizuuConnect"
147.126.46.145 - - [17/Mar/2010:16:11:36 -0700] "GET /static-api/13/videos/ HTTP/1.0" 200 4883 "-" "Mozilla/5.0 (iPod touch; iPhone OS 3.0; 06b8fce0c38679c827c979549e7cf81ca6fd6520) PhizuuConnect"
147.126.46.145 - - [17/Mar/2010:16:12:40 -0700] "GET /static-api/13/flyers/ HTTP/1.0" 200 33 "-" "Mozilla/5.0 (iPod touch; iPhone OS 3.0; 06b8fce0c38679c827c979549e7cf81ca6fd6520) PhizuuConnect"
95.239.210.217 - - [17/Mar/2010:16:13:54 -0700] "GET /static-api/18/ HTTP/1.1" 200 184 "-" "Mozilla/5.0 (iPhone; iPhone OS 3.1.3; 37d2a846e1fb8091276f6353a390484b7cc4c4b6) phizuu:connect"
95.239.210.217 - - [17/Mar/2010:16:13:57 -0700] "GET /static-api/18/flyers/ HTTP/1.1" 200 640 "-" "Mozilla/5.0 (iPhone; iPhone OS 3.1.3; 37d2a846e1fb8091276f6353a390484b7cc4c4b6) phizuu:connect"
